[BEGIN] 2026/09/09 22:44:01
[2026/09/09 22:44:01] [0;31m[ERROR] dataindex_dtbo_overlay:644: [0m[DATAINDEX DTBO LOAD][start:3373][end:3479][total time:106]
[2026/09/09 22:44:01] [0;31m[ERROR] standby_mode_enter_qhb:250: [0mThis PID   unsupport  TCL QHB !!!
[2026/09/09 22:44:01] [AutoTest][mboot][start kernel][3543]
[2026/09/09 22:44:01] Starting kernel ...
[2026/09/09 22:44:01] kfault io buf 0x5bdf5610, size 0x28, pos 0x400, is_read 1, ret 0
[2026/09/09 22:44:01] last status:0x0
[2026/09/09 22:44:01] MMC write: dev # 0, block # 1480632, count 7 ... 7 blocks written: OK
[2026/09/09 22:44:01] MMC write: dev # 0, block # 1480639, count 1 ... 1 blocks written: OK
[2026/09/09 22:44:01] kfault io buf 0x5bdec620, size 0xeb6, pos 0x37f7000, is_read 0, ret 0
[2026/09/09 22:44:01] MMC write: dev # 0, block # 1366018, count 1 ... 1 blocks written: OK
[2026/09/09 22:44:01] kfault io buf 0x5bd7ad50, size 0x28, pos 0x400, is_read 0, ret 0
[2026/09/09 22:44:01] WARNING: Unimplemented Standard Service Call: 0x84000050
[2026/09/09 22:44:02] [    0.322260][    T1] clk_mt5896: we have : PM
[2026/09/09 22:44:02] [    0.322283][    T1] clk_mt5896: we have : NONPM
[2026/09/09 22:44:02] [Ramlog] tee_config_dyn_ramlog_by_cookie is success
[2026/09/09 22:44:02] [    0.471594][    T1] [K][EFUSE]mtk_efuse_init() ----- START
[2026/09/09 22:44:02] [    0.477251][    T1] [K][EFUSE]mtk_efuse_init() ----> OK
[2026/09/09 22:44:02] [    0.489702][    T1] ir set ir_arm_en to 1.
[2026/09/09 22:44:02] [    0.493908][    T1] ir get boot status 2.
[2026/09/09 22:44:02] [    0.497934][    T1] ir set boot status to 3.
[2026/09/09 22:44:02] [    0.502261][    T1] ir get key 65535.
[2026/09/09 22:44:02] [    0.505932][    T1] mtk-ir 1c080000.ir_in: ir probe done.
[2026/09/09 22:44:02] [    0.517674][    T1] [0][0][0]
[2026/09/09 22:44:02] [    0.528576][    T1] add null memory dma_heap with name mtk_nullmem_1
[2026/09/09 22:44:02] [    0.534984][    T1]     range from 0x3000000 to 0x13000000
[2026/09/09 22:44:02] [    0.534984][    T1]
[2026/09/09 22:44:02] [    0.534984][    T1]
[2026/09/09 22:44:02] [    0.567659][    T1] we have : seal
[2026/09/09 22:44:02] [    0.595237][   T67] mtk_mci 1c660000.mtk-mmc-fcie: [ mtk_fcie_set_ios() Ln.4351 ]
[2026/09/09 22:44:02] [    0.602871][   T67] mtk_mci 1c660000.mtk-mmc-fcie: Ld HS400ES
[2026/09/09 22:44:02] [    0.610803][   T67] mtk_mci 1c660000.mtk-mmc-fcie: eMMC: HS400 5.1 200MHz
[2026/09/09 22:44:02] [    0.617944][   T67] mtk_mci 1c660000.mtk-mmc-fcie: eMMC: HS400 5.1 200MHz
[2026/09/09 22:44:02] [    0.676475][    T1] [Alg Debug] MApi_PQ_CLI_CFD_Init sucess!!
[2026/09/09 22:44:02] [    0.686027][    T1] lizw pp 1
[2026/09/09 22:44:02] [    0.691402][    T1] tcl_action_monitor: kfault kernel timeout init
[2026/09/09 22:44:03] [    1.665363][  T124] tcl_action_moni
[2026/09/09 22:44:03] tor: kfault stop kernel init timeout
[2026/09/09 22:44:04] console:/ $
[2026/09/09 22:44:04] [    2.875868][  T124] tcl_action_monitor: kfault stop kernel init timeout
[2026/09/09 22:44:04] [    2.884763][  T124] tcl_action_monitor: kfault stop kernel init timeout
[2026/09/09 22:44:04] [    2.895698][  T124] tcl_action_monitor: kfault stop kernel init timeout
[2026/09/09 22:44:05] [0;32;31m [ramlog] tee_get_ramlog_config 586 [m
[2026/09/09 22:44:05] [ramlog] Chip ID: 48 e2 a3 c5 22 31 98 47 98 04 00 00
[2026/09/09 22:44:05] [ramlog] TEE log is not enabled (I2C mode:1)
[2026/09/09 22:44:07] [    4.997660]
[2026/09/09 22:44:07] [  T315] mtk_and: line 0: glide-disk-cach%com.google.android.apps.tv.launcherx=S:N-20
[2026/09/09 22:44:07] [    5.006503][  T315] mtk_and: line 1: animation%com.netflix.ninja=S:N-10
[2026/09/09 22:44:07] [    5.013575][  T315] mtk_and: line 2: CastV2_Signing_%com.google.android.apps.mediashell=S:N-10
[2026/09/09 22:44:07] [    5.022199][  T315] mtk_and: line 3: Thread-17%com.amazon.amazonvideo.livingroom=S:R1
[2026/09/09 22:44:07] [    5.030029][  T315] mtk_and: line 4: Thread-18%com.amazon.amazonvideo.livingroom=S:R1
[2026/09/09 22:44:07] [    5.349394][  T124] mtu3 1c7a3e00.usb: ssusb clock enable
[2026/09/09 22:44:07] [
[2026/09/09 22:44:07] 5.369617][  T124] mtu3 1c1b3e00.usb: ssusb clock enable
[2026/09/09 22:44:07] Info: get MI da
[2026/09/09 22:44:07] emon priority before System Init: [-20]
[2026/09/09 22:44:07] [mi_daemon]!!!Enter MI daemon prcoess!! start time =5463
[2026/09/09 22:44:07] [mi_daemon][HASHKEY]{_Bin_Hashkey_Init,692} ----- START not bGingaSupported
[2026/09/09 22:44:07] [mi_daemon][HASHKEY]{_Bin_Hashkey_Init,697} ----- START
[2026/09/09 22:44:07] [mi_daemon][HASHKEY]{_getPathFromDataIndex,620} pszFilePath:/tclconfig/hardware/param/soc/dataIndex_00_WW_4K60_VbyOne.ini
[2026/09/09 22:44:07] Cannot get key 'HASHKEY:hashkey_file' in dataIndex file /tclconfig/hardware/param/soc/dataIndex_00_WW_4K60_VbyOne.ini
[2026/09/09 22:44:07] [IPAUTH][HASHKEY]{MApi_IPAUTH_Init_by_bin,580} (iBinSize:306)
[2026/09/09 22:44:07] [IPAUTH]{_IPAUTH_ReadDebugFile,308} ----- START
[2026/09/09 22:44:07] [IPAUTH]{_IPAUTH_ReadDebugFile,317} Debug file is not exist~(/data/vendor/ipauth_debug.txt)
[2026/09/09 22:44:07] [IPAUTH][HASHKEY]{MApi_IPAUTH_Init_by_bin,631} u16CustomerId:0x19
[2026/09/09 22:44:07] [IPAUTH][HASHKEY]{MApi_IPAUTH_Init_by_bin,693} u16HashkeyChipId:0x10D
[2026/09/09 22:44:07] [IPAUTH][HASHKEY]{_IPAUTH_HASHKEY_Verify,406} call HASHKEY_Verify()
[2026/09/09 22:44:07] [IPAUTH][HASHKEY]{_IPAUTH_HASHKEY_Verify,408} HASHKEY_Verify() return 0
[2026/09/09 22:44:07] [IPAUTH][HASHKEY]{MApi_IPAUTH_Init_by_bin,750} set _u8_hashkey_verify_result=OK
[2026/09/09 22:44:07] [IPAUTH][HASHKEY]{_IPAUTH_HASHKEY_set_BinDataToKernel,503} (u32Para1:1, pu8BinBuf:0xFF86A980, u32BufSize:306)
[2026/09/09 22:44:07] [IPAUTH][HASHKEY]{_IPAUTH_HASHKEY_set_BinDataToKernel,523} cmd:0x8791, u32_para_1:0x1, u32BufSize_in:306
[2026/09/09 22:44:07] [mi_daemon]!!!Enter MI daemon flow time=5463!!
[2026/09/09 22:44:07] [mi_daemon]{_MI_SYS_Init,809} _MI_SYS_Init() ----- START
[2026/09/09 22:44:07] !!!MI daemon prcoess start! MI daemon cost time=105!!!
[2026/09/09 22:44:07] Info: get MI daemon priority after Module Init: [0]
[2026/09/09 22:44:08] [    6.174191][  T124] realtime_framework_init is invoked
[2026/09/09 22:44:08] [    6.179419][  T124] realtime_module_init [538], REALTIME_UID=2941
[2026/09/09 22:44:08] [    6.195691][  T397] tcl_vdf: vdf_send_task run..
[2026/09/09 22:44:08] [    6.341973][  T403] [austi
[2026/09/09 22:44:08] n_demod_dd][demod_probe] name = [austin_demod]
[2026/09/09 22:44:08] [    6.348969][  T403] [demod_probe][120] austin_dev->client->addr = 0x79
[2026/09/09 22:44:08] modprobe: alias lines in modules.alias must have 3 entries, not 5
[2026/09/09 22:44:08] modprobe: alias lines in modules.alias must have 3 entries, not 5
[2026/09/09 22:44:08] modprobe: alias lines in modules.alias must have 3 entries, not 4
[2026/09/09 22:44:08] modprob[    6.384241][  T403] [austin_chk_exist][74] ret -121, --- 0 9 3 2
[2026/09/09 22:44:08] e: alias lines in modules.alias must have 3 entries, not 7
[2026/09/09 22:44:08] modprobe: alias lines in modules.alias must have 3 entries, not 5
[2026/09/09 22:44:08] modprobe: alias lines in modules.alias must have 3 entries, not 4
[2026/09/09 22:44:08] modprobe: alias lines in modules.alias must have 3 entries, not 4
[2026/09/09 22:44:08] modprobe: alias lines in modules.alias must have 3 entries, not 6
[2026/09/09 22:44:08] modprobe: alias lines in modules.alias must have 3 entries, not 5
[2026/09/09 22:44:08] modprobe: alias lines in modules.alias must have 3 entries, not 5
[2026/09/09 22:44:08] modprobe: alias lines in modules.alias must have 3[    6.433818][  T403] [mdbgin_merak_demod_dd][mtk_demod_custom_file_open][2503] __entry__
[2026/09/09 22:44:08] entries, not 4[    6.443079][  T403] [mtk_demod_custom_file_open][2542] CUSTOM_EQ_TYPE7
[2026/09/09 22:44:08] [    6.451374][  T403] [mtk_demod_custom_file_open][2554] custom file open fail !
[2026/09/09 22:44:08] modprobe: alias[    6.459041][  T403] 1ce00000.mtk-demod is already registered, pass it
[2026/09/09 22:44:08] lines in modules.alias must have 3 entries, not 5
[2026/09/09 22:44:08] modprobe: alias lines in modules.alias must [    6.474332][  T402] of_node: mtk,apusys not found
[2026/09/09 22:44:08] have 3 entries, not 5
[2026/09/09 22:44:08] modprobe: alias lines in modules.alias must have 3 entries, not 5
[2026/09/09 22:44:08] modprobe: alias lines in modules.alias must have 3 entries, not 6
[2026/09/09 22:44:08] modprobe: alias lines in modules.alias must have 3 entries, not 5
[2026/09/09 22:44:08] modprobe: alias lines in modules.alias must have 3 entries, not 4
[2026/09/09 22:44:08] Loading module /vendor/lib/modules/spi-mtkdtv-ci.ko with args ''
[2026/09/09 22:44:08] Loaded kernel module /vendor/lib/modules/spi-mtkdtv-ci.ko
[2026/09/09 22:44:08] [    6.643227][  T401] drv_hwreg_srccap_hdmirx_attach b_attach = 1
[2026/09/09 22:44:08] [    6.643229][  T401] drv_hwreg_srccap_hdmirx_attach size = 1
[2026/09/09 22:44:08] [    6.649204][  T401] hal_hwreg_srccap_hdmirx_ops_array[0].hw_version = 6
[2026/09/09 22:44:08] [    6.664389][  T401] u32_addr_min = eb00
[2026/09/09 22:44:08] [    6.668429][  T401] u32_addr_max = ebf0
[2026/09/09 22:44:09] modprobe: alias lines in modules.alias must have 3 entries, not 5
[2026/09/09 22:44:09] modprobe: alias lines in modules.alias must have 3 entries, not 5
[2026/09/09 22:44:09] modprobe: alias lines in modules.alias must have 3 entries, not 4
[2026/09/09 22:44:09] modprobe: alias lines in modules.alias must have 3 entries, not 7
[2026/09/09 22:44:09] modprobe: alias lines in modules.alias must have 3 entries, not 5
[2026/09/09 22:44:09] m[    6.943564][  T124] kallsyms_lookup_name with kp ffffffc00822d210,ret=0
[2026/09/09 22:44:09] odprobe: alias l[    6.950928][  T124] stall_debug: chip id 0
[2026/09/09 22:44:09] ines in modules.alias must have 3 entries, not 4[    6.959762][  T165] current tty: ttyS0, irq: 22
[2026/09/09 22:44:09] modprobe: alia[    6.959771][  T124] stall_debug: hook sysrq-c OK
[2026/09/09 22:44:09] s lines in modul[    6.972130][  T124] stall_debug: alloc 1000 memory ok
[2026/09/09 22:44:09] es.alias must have 3 entries, not 4
[2026/09/09 22:44:09] modprobe: alias lines in modules.alias must have 3 entries, not 6
[2026/09/09 22:44:09] modprobe: alias lines in modules.alias must have 3 entries, not 5
[2026/09/09 22:44:09] modprobe: alias lines in modules.alias must have 3 entries, not 5
[2026/09/09 22:44:09] modprobe: alias lines in modules.alias must have 3[    7.001454][  T124] kallsyms_lookup_name with kp ffffffc00822d210,ret=0
[2026/09/09 22:44:09] entries, not 4
[2026/09/09 22:44:09] modprobe: alias lines in modules.alias must have 3 entries, not 5
[2026/09/09 22:44:09] modprobe: alias lines in mod[    7.017649][  T466] stall_debug: rd_pid_max is 32768
[2026/09/09 22:44:09] ules.alias must [    7.023892][  T466] stall_debug: ptr_task_scs=ffffffc00d005000,size=40000
[2026/09/09 22:44:09] have 3 entries, not 5
[2026/09/09 22:44:09] modprobe: alias lines in modules.alias must have 3 entrie[    7.038203][  T124] kallsyms_lookup_name with kp ffffffc00822d210,ret=0
[2026/09/09 22:44:09] s, not 5
[2026/09/09 22:44:09] modprobe: alias lines [    7.047168][  T124] die_helper: log_buf is from ffffffc00a8f0060,len 20000
[2026/09/09 22:44:09] in modules.alias[    7.055478][  T124] die_helper: log_buf pa is from 0x00000000288f0060,len 20000
[2026/09/09 22:44:09] must have 3 entries, not 6
[2026/09/09 22:44:09] modprobe: alias lines in modules.alias must have 3 entries, not 5
[2026/09/09 22:44:09] modprobe: alias lines in modules.alias must have 3 entries, not 4
[2026/09/09 22:44:09] Loading module /vendor/lib/modules/mtktv-regulator-mt5876.ko with args ''
[2026/09/09 22:44:09] Loaded kernel module /vendor/lib/modules/mtktv-regulator-mt5876.ko
[2026/09/09 22:44:09] Loading module /vendor/lib/modules/mtktv-thermal.ko with args ''
[2026/09/09 22:44:09] Loading module /vendor/lib/modules/mtktv-cpufreq-ca.ko with args ''
[2026/09/09 22:44:09] Loaded kernel module /vendor/lib/modules/mtktv-cpufreq-ca.ko
[2026/09/09 22:44:09] Loading module /vendor/lib/modules/mtktv-cpufreq.ko with args ''
[2026/09/09 22:44:09] Loaded kernel module /vendor/lib/modules/mtktv-cpufreq.ko
[2026/09/09 22:44:09] Loading module /vendor/lib/modules/mtk-dramc[    7.064902][  T165] current tty: ttyS0, irq: 22
[2026/09/09 22:44:09] .ko with args ''[    7.120993][  T466] stall_debug: enable ip record by scs OK
[2026/09/09 22:44:09] Loading module /vendor/lib/modules/mtk-mediator.ko with args ''
[2026/09/09 22:44:09] Loading module /vendor/lib/modules/cpu-freq-adapter.ko with args ''
[2026/09/09 22:44:09] Loaded kernel module /vendor/lib/modules/cpu-freq-adapter.ko
[2026/09/09 22:44:09] Loading module /vendor/lib/modules/mtktv-gpu-thermal.ko with args ''
[2026/09/09 22:44:09] Loaded kernel module /vendor/lib/modules/mtktv-gpu-thermal.ko
[2026/09/09 22:44:10] [    8.092213][  T572] [UserWrittenI2CWrite]: [IIC] TUNER WRITE : NG, aSlaveAddr=0x7b
[2026/09/09 22:44:10] [
[2026/09/09 22:44:10] 8.192680][  T572] [R842_I2C_Check][10202] NG!!
[2026/09/09 22:44:10] [    8.264939][  T572] [UserWrittenI2CWrite]: [IIC] TUNER WRITE : NG, aSlaveAddr=0x7b
[2026/09/09 22:44:10] [    8.277949][  T124] tcl_action_monitor: kfault stop kernel init timeout
[2026/09/09 22:44:10] [    8.290243][  T572] [R842_InitReg][3250] NG!!
[2026/09/09 22:44:10] [    8.294755][  T572] [R842_Init][3063] NG!!
[2026/09/09 22:44:10] [    8.305848][  T572] [R842_tuner_init] fail
[2026/09/09 22:44:10] [    8.481253][  T611] watchdog: watchdog0: watchdog did not stop!
[2026/09/09 22:44:10] [    8.694075][  T658] watchdog: watchdog0: watchdog did not stop!
[2026/09/09 22:44:10] CPU_AUDIO is running!
[2026/09/09 22:44:11] [8992820][_cpuAudio_ALSA_Driver_GetCardInfo][198]to open /proc/asound/cards
[2026/09/09 22:44:11] [8993311][_cpuAudio_ALSA_Driver_GetCardInfo][225]Available Sound Cards:[
[2026/09/09 22:44:11] 0 [mtktvsndcard   ]: mtk-tvsnd-card - mtk-tvsnd-card
[2026/09/09 22:44:11] MTK-TV-SOUND-ASOC-AUDIO-DRV
[2026/09/09 22:44:11] 1 [Loopback       ]: Loopback - Loopback
[2026/09/09 22:44:11] Loopback 1
[2026/09/09 22:44:11] 2 [mtkaloopsndcard]: mtkaloopsndcard - mtkaloopsndcard
[2026/09/09 22:44:11] mtkaloopsndcard 1
[2026/09/09 22:44:11] 3 [vocsndcard     ]: vocsndcard - vocsndcard
[2026/09/09 22:44:11] vocsndcard 1
[2026/09/09 22:44:11] ]
[2026/09/09 22:44:11] [8993360][_cpuAudio_ALSA_Driver_GetCardInfo][239]index of mtktvsndcard : 0
[2026/09/09 22:44:11] [8993368][_cpuAudio_ALSA_Driver_GetCardInfo][254]mtktvsndcard : /dev/snd/controlC0
[2026/09/09 22:44:11] [8993388][_cpuAudio_ALSA_Driver_GetCardInfo][273]close /proc/asound/cards done
[2026/09/09 22:44:11] [8993499][_cpuAudio_ALSA_Driver_GetKcontolId][400]pKControl:Utopia controls,fd:3,elist.count:42
[2026/09/09 22:44:11] [8993510][_cpuAudio_ALSA_Driver_GetKcontolId][403]MM RATE
[2026/09/09 22:44:11] [8993516][_cpuAudio_ALSA_Driver_GetKcontolId][403]MM GET PB BUF LEVEL
[2026/09/09 22:44:11] [8993[    9.079200][  T716] [mzc] init done
[2026/09/09 22:44:11] 522][_cpuAudio_ALSA_Driver_GetKcontolId][403]MM GET CAP BUF LEVEL
[2026/09/09 22:44:11] [8993527][_cpuAudio_ALSA_Driver_GetKcontolId][403]Duplex mm controls
[2026/09/09 22:44:11] [8993532][_cpuAudio_ALSA_Driver_GetKcontolId][403]Capture MUTE EVENT
[2026/09/09 22:44:11] [8993536][_cpuAudio_ALSA_Driver_GetKcontolId][403]Capture NONPCM EVENT
[2026/09/09 22:44:11] [8993541][_cpuAudio_ALSA_Driver_GetKcontolId][403]Capture NONPCM FLAG
[2026/09/09 22:44:11] [8993546][_cpuAudio_ALSA_Driver_GetKcontolId][403]Capture FASTLOCK MODE
[2026/09/09 22:44:11] [8993551][_cpuAudio_ALSA_Driver_GetKcontolId][403]Capture TIMESTAMP
[2026/09/09 22:44:11] [8993556][_cpuAudio_ALSA_Driver_GetKcontolId][403]Capture controls
[2026/09/09 22:44:11] [8993561][_cpuAudio_ALSA_Driver_GetKcontolId][403]DSP Reload
[2026/09/09 22:44:11] [8993565][_cpuAudio_ALSA_Driver_GetKcontolId][403]Utopia controls
[2026/09/09 22:44:11] [8993571][_cpuAudio_ALSA_Driver_GetKcontolId][407]got Kcontrol[Utopia controls] at id[12]
[2026/09/09 22:44:11] [8993626][cpuAudio_ALSA_Driver_Init][690]Audio memory size(0x2E57000) phyAudioBase(0x200000) busAudioBase(0x20200000)
[2026/09/09 22:44:11] [8993638][_cpuAudio_ALSA_Driver_InitPcmDevice][301]Opening PCM device node=0/2, period=11863/1024, format=2/48000/0
[2026/09/09 22:44:11] [8994244][cpuAudio_ALSA_Driver_Init][701]phyAudioBase(0x200000) => UserVirtualAddr(0xe47a9000)
[2026/09/09 22:44:11] [9004359][cpuAudio_getInfo][562][1;35m cpuAudio[Info](thread-name:)(pid:0)(tid:0) [0m
[2026/09/09 22:44:11] [9004414][cpuAudio_getInfo][566][1;35m cpuAudio[decR2:0x2396,sndR2:0xd263][Version](0x20) [0m
[2026/09/09 22:44:11] [cpuAudio_postprocess_init][16] dec_base(e47a9000) DEC_R2_SHM_DDR_OFFSET(0x1911000) snd_base(e5969000) SND_R2_SHM_DDR_OFFSET(0x753000) p_decR2_shm(0xe60ba000) p_sndR2_shm(0xe60bc000)
[2026/09/09 22:44:11] [1;35m [cpuAudioPostProcess_main][327]Enter while(1) loop. [0m
[2026/09/09 22:44:11] [cpuAudio_createPostprocessMonitorThread][370]armAudio_postprocessrMonitor_ver: 0xff20 thread created successfully
[2026/09/09 22:44:11] [    9.820908][  T447] ir set boot status to 5.
[2026/09/09 22:44:12] [   10.527400][  T510] PowerHAL: [AT][AN][DC finish boot]
[2026/09/09 22:44:17] [armAudio_postprocess_allocate][63] allocate arm AudioPo
[2026/09/09 22:44:17] stProcess (type=0xff01)
[2026/09/09 22:44:17] [armAudio_postprocess_allocate][82] 1906464 bytes is needed by AudioPostProcess (type=0xff01)
[2026/09/09 22:44:17] [armAudio_postprocess_allocate][97] AudioPostProcess (type=0xff01) allocate 0x1d1720 bytes ok!!,va(0xe41688e0) ok
[2026/09/09 22:44:17] [armAudio_postprocess_allocate][105] AudioPostProcess (type=0xff01) hook
[2026/09/09 22:44:19] [   17.356923][  T124] [AT][AN][finis
[2026/09/09 22:44:19] h boot]
[2026/09/09 22:44:20] insmod: /vendor/lib/modules/mtk-pmu-keypad.ko: No such file or directory
[2026/09/09 22:44:20] insmod: /vendor/lib/modules/mtk-smi-tv.ko: No such file or directory
[2026/09/09 22:44:20] insmod: /vendor/lib/modules/test_power.ko: No such fi
[2026/09/09 22:44:20] le or directory
[2026/09/09 22:44:32] 发送(hex): 7072696e74656e762074636c5f6c6f676f5f70617468
[2026/09/09 22:44:32] printenv tcl_logo_path

[END] 2026/09/09 22:44:39
