[BEGIN] 2026/09/16 21:50:54
[2026/09/16 21:50:58] 发送(hex): 0d
[2026/09/16 21:50:58] 发送(hex): 03
[2026/09/16 21:50:58] 发送(hex): 0d
[2026/09/16 21:50:58] 发送(hex): 03
[2026/09/16 21:50:58] 发送(hex): 0d
[2026/09/16 21:50:58] 发送(hex): 03
[2026/09/16 21:50:58] 发送(hex): 0d
[2026/09/16 21:50:58] 发送(hex): 03
[2026/09/16 21:50:58] 发送(hex): 0d
[2026/09/16 21:50:58] 发送(hex): 03
[2026/09/16 21:50:58] 发送(hex): 0d
[2026/09/16 21:50:58] 发送(hex): 03
[2026/09/16 21:50:58] 发送(hex): 0d
[2026/09/16 21:50:58] 发送(hex): 03
[2026/09/16 21:50:58] 发送(hex): 0d
[2026/09/16 21:50:58] 发送(hex): 03
[2026/09/16 21:50:58] 发送(hex): 0d
[2026/09/16 21:50:58] 发送(hex): 03
[2026/09/16 21:50:58] 发送(hex): 0d
[2026/09/16 21:50:58] 发送(hex): 03
[2026/09/16 21:50:58] 发送(hex): 0d
[2026/09/16 21:50:58] 发送(hex): 03
[2026/09/16 21:50:58] 发送(hex): 0d
[2026/09/16 21:50:58] 发送(hex): 03
[2026/09/16 21:50:58] 发送(hex): 0d
[2026/09/16 21:50:58] 发送(hex): 03
[2026/09/16 21:50:58] 发送(hex): 0d
[2026/09/16 21:50:58] 发送(hex): 03
[2026/09/16 21:50:58] 发送(hex): 0d
[2026/09/16 21:50:58] 发送(hex): 03
[2026/09/16 21:50:58] 发送(hex): 0d
[2026/09/16 21:50:58] 发送(hex): 03
[2026/09/16 21:50:58] 发送(hex): 0d
[2026/09/16 21:50:58] 发送(hex): 03
[2026/09/16 21:50:58] 发送(hex): 0d
[2026/09/16 21:50:58] 发送(hex): 03
[2026/09/16 21:50:58] 发送(hex): 0d
[2026/09/16 21:50:58] 发送(hex): 03
[2026/09/16 21:50:58] 发送(hex): 0d
[2026/09/16 21:50:58] 发送(hex): 03
[2026/09/16 21:50:58] 发送(hex): 0d
[2026/09/16 21:50:58] 发送(hex): 03
[2026/09/16 21:50:58] 发送(hex): 0d
[2026/09/16 21:50:58] 发送(hex): 03
[2026/09/16 21:50:58] 发送(hex): 0d
[2026/09/16 21:50:58] 发送(hex): 03
[2026/09/16 21:50:58] 发送(hex): 0d
[2026/09/16 21:50:58] 发送(hex): 03
[2026/09/16 21:50:58] 发送(hex): 0d
[2026/09/16 21:50:58] 发送(hex): 03
[2026/09/16 21:50:58] 发送(hex): 0d
[2026/09/16 21:50:58] 发送(hex): 03
[2026/09/16 21:50:58] 发送(hex): 0d
[2026/09/16 21:50:58] $
[2026/09/16 21:50:58] Post romcode git ver:42df880604ac78a3 (Aug 28 2026 21:41:35)
[2026/09/16 21:50:58] $
[2026/09/16 21:50:58] Hello world, RTD2875P_CN2_TV030!
[2026/09/16 21:50:58] set_wifi_reset
[2026/09/16 21:50:58] 发送(hex): 03
[2026/09/16 21:50:58] 发送(hex): 0d
[2026/09/16 21:50:58] Auxcode git ver:3a4deb9ea300359e (Aug 28 2026 21:41:29)
[2026/09/16 21:50:58] flash_type = 2, secure_type = 2
[2026/09/16 21:50:58] b8062204=0
[2026/09/16 21:50:58] 发送(hex): 03
[2026/09/16 21:50:58] 发送(hex): 0d
[2026/09/16 21:50:58] slot info 0 0x0 info 1 0x0
[2026/09/16 21:50:58] invalid reg slot status 0x
[2026/09/16 21:50:58] 发送(hex): 03
[2026/09/16 21:50:58] 发送(hex): 0d
[2026/09/16 21:50:58] 发送(hex): 03
[2026/09/16 21:50:58] 发送(hex): 0d
[2026/09/16 21:50:58] 发送(hex): 03
[2026/09/16 21:50:58] 发送(hex): 0d
[2026/09/16 21:50:58] 发送(hex): 03
[2026/09/16 21:50:58] 发送(hex): 0d
[2026/09/16 21:50:58] 0,get slot info from flash!
[2026/09/16 21:50:58] g_gpt_blk_start 0x1  g_offline_gpt 0x0 last_usable_lba 0x1cd2032 num_partition_entries 0x32
[2026/09/16 21:50:58] start 0x2e600000 clt_blk 0x1973004 ctrl size 0x20
[2026/09/16 21:50:58] choose active index 0
[2026/09/16 21:50:58] part name bootloader ative_slot _a real part name bootloader_a
[2026/09/16 21:50:58] part name hwsetting start 0x100000 size 0x33600
[2026/09/16 21:50:58] part name ext_fw start 0x133600 size 0x10400
[2026/09/16 21:50:58] part name kboot start 0x143a00 size 0x16e00
[2026/09/16 21:50:58] part name uboot start 0x15a800 size 0x120400
[2026/09/16 21:50:58] ls4 2 1 = 800040ab 8000207f 80001000
[2026/09/16 21:50:58] fNewHWsettingArch = 2
[2026/09/16 21:50:58] 1.lsadcidx = 2, brand =3, offset = 0
[2026/09/16 21:50:58] 1.lsadcidx = 2, brand =3, offset = 17800
[2026/09/16 21:50:58] hwsetting from mmc
[2026/09/16 21:50:58] AC on HW offset 0x809 start 0x800 reg 0x8090800
[2026/09/16 21:50:58] total = 2f00
[2026/09/16 21:50:58] 发送(hex): 03
[2026/09/16 21:50:58] 发送(hex): 0d
[2026/09/16 21:50:58] 发送(hex): 03
[2026/09/16 21:50:58] 发送(hex): 0d
[2026/09/16 21:50:58] A
[2026/09/16 21:50:58] 发送(hex): 03
[2026/09/16 21:50:58] 发送(hex): 0d
[2026/09/16 21:50:58] A
[2026/09/16 21:50:58] 发送(hex): 03
[2026/09/16 21:50:58] A
[2026/09/16 21:50:58] A
[2026/09/16 21:50:58] 发送(hex): 0d
[2026/09/16 21:50:58] 发送(hex): 03
[2026/09/16 21:50:58] A
[2026/09/16 21:50:58] 发送(hex): 0d
[2026/09/16 21:50:58] 发送(hex): 03
[2026/09/16 21:50:58] {12 14}
[2026/09/16 21:50:58] ffeeddffeeddddr ver: 62c63180
[2026/09/16 21:50:58] ori DQS0~7 {03 04 1a 1c 00 01 00 00}
[2026/09/16 21:50:58] 发送(hex): 0d
[2026/09/16 21:50:58] 发送(hex): 03
[2026/09/16 21:50:58] 发送(hex): 0d
[2026/09/16 21:50:58] 发送(hex): 03
[2026/09/16 21:50:58] 发送(hex): 0d
[2026/09/16 21:50:58] 发送(hex): 03
[2026/09/16 21:50:58] 发送(hex): 0d
[2026/09/16 21:50:58] 发送(hex): 03
[2026/09/16 21:50:58] {01 03 19 1b 00 01 00 00} {08 09 06 09 06 06 00 00}
[2026/09/16 21:50:58] r.y.0
[2026/09/16 21:50:58] 发送(hex): 0d
[2026/09/16 21:50:58] r.y.0 SCPU BISR status: Done
[2026/09/16 21:50:58] 发送(hex): 03
[2026/09/16 21:50:58] 发送(hex): 0d
[2026/09/16 21:50:58] [
[2026/09/16 21:50:59] 发送(hex): 03
[2026/09/16 21:50:59] 发送(hex): 0d
[2026/09/16 21:50:59] 发送(hex): 03
[2026/09/16 21:50:59] go kb]
[2026/09/16 21:50:59] pass bootcode info to kboot
[2026/09/16 21:50:59] num=1100
[2026/09/16 21:50:59] boot_magic=40042000
[2026/09/16 21:50:59] ---DEBUG kboot 21:41:14 Aug 28 2026 ---
[2026/09/16 21:50:59] [Kboot]eMMC(mid-15) MMC_HS50 (50000000Mhz)[8bit].
[2026/09/16 21:50:59] block info 0x1cd2032 0x3a3e000.
[2026/09/16 21:50:59] [MMC] 32 -----------> 16GB.
[2026/09/16 21:50:59] 发送(hex): 0d
[2026/09/16 21:50:59] 发送(hex): 03
[2026/09/16 21:50:59] (00000000) (1) bufsize=(null)
[2026/09/16 21:50:59] 发送(hex): 0d
[2026/09/16 21:50:59] 发送(hex): 03
[2026/09/16 21:50:59] 发送(hex): 0d
[2026/09/16 21:50:59] uboot start 0x15a800 si
[2026/09/16 21:50:59] 发送(hex): 03
[2026/09/16 21:50:59] ze 0x120400
[2026/09/16 21:50:59] 发送(hex): 0d
[2026/09/16 21:50:59] 发送(hex): 03
[2026/09/16 21:50:59] 发送(hex): 0d
[2026/09/16 21:50:59] board_version: ls1 = 0, ver: 0
[2026/09/16 21:50:59] [0;31mapp_main 325 board_version=0[0m
[2026/09/16 21:50:59] 发送(hex): 03
[2026/09/16 21:50:59] 发送(hex): 0d
[2026/09/16 21:50:59] 发送(hex): 03
[2026/09/16 21:50:59] 发送(hex): 0d
[2026/09/16 21:50:59] 发送(hex): 03
[2026/09/16 21:50:59] 发送(hex): 0d
[2026/09/16 21:50:59] get FW_TZFW flash start 0xf100200 ddr buf start 0x180000 image size 010c2e3 ok!
[2026/09/16 21:50:59] [INFO]RPMB auth key not written !
[2026/09/16 21:50:59] [INFO]RPMB auth key not written !
[2026/09/16 21:50:59] Current board is not frist boot.
[2026/09/16 21:50:59] ALL zero, reserved_3 has removed.
[2026/09/16 21:50:59] Current board remove reserved_3 done.
[2026/09/16 21:50:59] 发送(hex): 03
[2026/09/16 21:50:59] 发送(hex): 0d
[2026/09/16 21:50:59] 发送(hex): 03
[2026/09/16 21:50:59] 发送(hex): 0d
[2026/09/16 21:50:59] 发送(hex): 03
[2026/09/16 21:50:59] 发送(hex): 0d
[2026/09/16 21:50:59] 发送(hex): 03
[2026/09/16 21:50:59] 发送(hex): 0d
[2026/09/16 21:50:59] 发送(hex): 03
[2026/09/16 21:50:59] 发送(hex): 0d
[2026/09/16 21:50:59] 发送(hex): 03
[2026/09/16 21:50:59] 发送(hex): 0d
[2026/09/16 21:50:59] 发送(hex): 03
[2026/09/16 21:50:59] 发送(hex): 0d
[2026/09/16 21:50:59] 发送(hex): 03
[2026/09/16 21:50:59] 发送(hex): 0d
[2026/09/16 21:50:59] 发送(hex): 03
[2026/09/16 21:50:59] 发送(hex): 0d
[2026/09/16 21:50:59] get FW_VKERNEL flash sta
[2026/09/16 21:50:59] 发送(hex): 03
[2026/09/16 21:50:59] 发送(hex): 0d
[2026/09/16 21:50:59] rt 0xc100200 ddr buf start 0x1a900000 image size 05f0300 ok!
[2026/09/16 21:50:59] 发送(hex): 03
[2026/09/16 21:50:59] 发送(hex): 0d
[2026/09/16 21:50:59] 发送(hex): 03
[2026/09/16 21:50:59] 发送(hex): 0d
[2026/09/16 21:50:59] get FW_VKERNEL2 flash start 0xd900200 ddr buf start 0x1af00000 image size 0f4920 ok!
[2026/09/16 21:50:59] 发送(hex): 03
[2026/09/16 21:50:59] 发送(hex): 0d
[2026/09/16 21:50:59] 发送(hex): 03
[2026/09/16 21:50:59] 发送(hex): 0d
[2026/09/16 21:50:59] 发送(hex): 03
[2026/09/16 21:50:59] 发送(hex): 0d
[2026/09/16 21:50:59] 发送(hex): 03
[2026/09/16 21:50:59] 发送(hex): 0d
[2026/09/16 21:50:59] 发送(hex): 03
[2026/09/16 21:50:59] 发送(hex): 0d
[2026/09/16 21:50:59] 发送(hex): 03
[2026/09/16 21:50:59] 发送(hex): 0d
[2026/09/16 21:50:59] 发送(hex): 03
[2026/09/16 21:50:59] 发送(hex): 0d
[2026/09/16 21:50:59] 发送(hex): 03
[2026/09/16 21:50:59] 发送(hex): 0d
[2026/09/16 21:50:59] 发送(hex): 03
[2026/09/16 21:50:59] 发送(hex): 0d
[2026/09/16 21:50:59] 发送(hex): 03
[2026/09/16 21:50:59] 发送(hex): 0d
[2026/09/16 21:50:59] 发送(hex): 03
[2026/09/16 21:50:59] 发送(hex): 0d
[2026/09/16 21:50:59] 发送(hex): 03
[2026/09/16 21:50:59] 发送(hex): 0d
[2026/09/16 21:50:59] 发送(hex): 03
[2026/09/16 21:50:59] 发送(hex): 0d
[2026/09/16 21:50:59] get FW_AKERNEL flash start 0xa900200 ddr buf start 0x1b200000 image size 07fbf7c ok!
[2026/09/16 21:50:59] 发送(hex): 03
[2026/09/16 21:50:59] 发送(hex): 0d
[2026/09/16 21:50:59] 发送(hex): 03
[2026/09/16 21:50:59] 发送(hex): 0d
[2026/09/16 21:50:59] 发送(hex): 03
[2026/09/16 21:50:59] 发送(hex): 0d
[2026/09/16 21:50:59] 发送(hex): 03
[2026/09/16 21:50:59] 发送(hex): 0d
[2026/09/16 21:50:59] 发送(hex): 03
[2026/09/16 21:50:59] 发送(hex): 0d
[2026/09/16 21:50:59] 发送(hex): 03
[2026/09/16 21:50:59] ATFATFATF:0 1 NOTICE: kill CPU(2)...
[2026/09/16 21:50:59] ATF:0 1 NOTICE: kill (2) : PACTIVE:0
[2026/09/16 21:50:59] ATF:0 1 NOTICE:  CPU(2) kill done, pstate(0x0)
[2026/09/16 21:50:59] 发送(hex): 0d
[2026/09/16 21:50:59] U
[2026/09/16 21:50:59] 发送(hex): 03
[2026/09/16 21:50:59] 发送(hex): 0d
[2026/09/16 21:50:59] 发送(hex): 03
[2026/09/16 21:50:59] 发送(hex): 0d
[2026/09/16 21:50:59] 发送(hex): 03
[2026/09/16 21:50:59] 发送(hex): 0d
[2026/09/16 21:50:59] 发送(hex): 03
[2026/09/16 21:50:59] 发送(hex): 0d
[2026/09/16 21:50:59] 发送(hex): 03
[2026/09/16 21:50:59] 发送(hex): 0d
[2026/09/16 21:50:59] 发送(hex): 03
[2026/09/16 21:50:59] 发送(hex): 0d
[2026/09/16 21:50:59] fixup_node_name 555. set /reserved-memo
[2026/09/16 21:50:59] 发送(hex): 03
[2026/09/16 21:50:59] 发送(hex): 0d
[2026/09/16 21:51:00] 发送(hex): 03
[2026/09/16 21:51:00] 发送(hex): 0d
[2026/09/16 21:51:00] ry@5 to /reserved-memory
[2026/09/16 21:51:00] fixup_node_name 555. set /rtk_cma@5 to /rtk_cma
[2026/09/16 21:51:00] ### [1;31mERROR[0m ### get_movablecore 613. Can't find dtb node /reserved-memory/cma2_memory/reg
[2026/09/16 21:51:00] reinit_mem_info 1049  ddr_size 80000000
[2026/09/16 21:51:00] 发送(hex): 03
[2026/09/16 21:51:00] 发送(hex): 0d
[2026/09/16 21:51:00] booting, boot_led_type: 0x00000000, led on[1]
[2026/09/16 21:51:00] set share register: 0x99100000
[2026/09/16 21:51:00] boot_power_on_mode=1
[2026/09/16 21:51:00] [get_layout:1264]!
[2026/09/16 21:51:00] 发送(hex): 03
[2026/09/16 21:51:00] 发送(hex): 0d
[2026/09/16 21:51:00] 发送(hex): 03
[2026/09/16 21:51:00] 发送(hex): 0d
[2026/09/16 21:51:00] 发送(hex): 03
[2026/09/16 21:51:00] 发送(hex): 0d
[2026/09/16 21:51:00] 发送(hex): 03
[2026/09/16 21:51:00] 发送(hex): 0d
[2026/09/16 21:51:00] boot_part value = 0 boot_tag value = 21
[2026/09/16 21:51:00] [get_oemkey] 1397: get oem.key = ATV00107525
[2026/09/16 21:51:00] Factory_RO: [EXT4] factory_ro_buffer:0a800000, factory_ro_buffer size:0x1000000!
[2026/09/16 21:51:00] Partiton factory_ro_a located at 0:6
[2026/09/16 21:51:00] factory_ro_a partition can not find /.000@bk@***!
[2026/09/16 21:51:00] Factory RO no need recovery!
[2026/09/16 21:51:00] Get tvconfigs_a partition block device index fail!
[2026/09/16 21:51:00] read customer.ini file fail!
[2026/09/16 21:51:00] parse SYS_INI path fail
[2026/09/16 21:51:00] Not support board ini mechansim!
[2026/09/16 21:51:00] Get tvconfigs_a partition block device index fail!
[2026/09/16 21:51:00] read customer.ini file fail!
[2026/09/16 21:51:00] parse SYS_INI path fail
[2026/09/16 21:51:00] load model ini file fail
[2026/09/16 21:51:00] cannot find PcbPath from ini file
[2026/09/16 21:51:00] no pcb.config in tvconfigs
[2026/09/16 21:51:00] no mnt/vendor/factorypcb.config
[2026/09/16 21:51:00] 发送(hex): 03
[2026/09/16 21:51:00] 发送(hex): 0d
[2026/09/16 21:51:00] 发送(hex): 03
[2026/09/16 21:51:00] 发送(hex): 0d
[2026/09/16 21:51:00] 发送(hex): 03
[2026/09/16 21:51:00] 发送(hex): 0d
[2026/09/16 21:51:00] 发送(hex): 03
[2026/09/16 21:51:00] 发送(hex): 0d
[2026/09/16 21:51:00] 发送(hex): 03
[2026/09/16 21:51:00] 发送(hex): 0d
[2026/09/16 21:51:00] 发送(hex): 03
[2026/09/16 21:51:00] 发送(hex): 0d
[2026/09/16 21:51:00] 发送(hex): 03
[2026/09/16 21:51:00] 发送(hex): 0d
[2026/09/16 21:51:00] 发送(hex): 03
[2026/09/16 21:51:00] 发送(hex): 0d
[2026/09/16 21:51:00] 发送(hex): 03
[2026/09/16 21:51:00] 发送(hex): 0d
[2026/09/16 21:51:00] 发送(hex): 03
[2026/09/16 21:51:00] 发送(hex): 0d
[2026/09/16 21:51:00] 发送(hex): 03
[2026/09/16 21:51:00] 发送(hex): 0d
[2026/09/16 21:51:00] 发送(hex): 03
[2026/09/16 21:51:00] 发送(hex): 0d
[2026/09/16 21:51:00] 发送(hex): 03
[2026/09/16 21:51:00] 发送(hex): 0d
[2026/09/16 21:51:00] 发送(hex): 03
[2026/09/16 21:51:00] 发送(hex): 0d
[2026/09/16 21:51:00] 发送(hex): 03
[2026/09/16 21:51:00] 发送(hex): 0d
[2026/09/16 21:51:00] 发送(hex): 03
[2026/09/16 21:51:00] 发送(hex): 0d
[2026/09/16 21:51:00] 发送(hex): 03
[2026/09/16 21:51:00] 发送(hex): 0d
[2026/09/16 21:51:00] 发送(hex): 03
[2026/09/16 21:51:00] 发送(hex): 0d
[2026/09/16 21:51:00] 发送(hex): 03
[2026/09/16 21:51:00] 发送(hex): 0d
[2026/09/16 21:51:00] 发送(hex): 03
[2026/09/16 21:51:00] 发送(hex): 0d
[2026/09/16 21:51:00] 发送(hex): 03
[2026/09/16 21:51:00] 发送(hex): 0d
[2026/09/16 21:51:00] 发送(hex): 03
[2026/09/16 21:51:00] 发送(hex): 0d
[2026/09/16 21:51:00] 发送(hex): 03
[2026/09/16 21:51:00] 发送(hex): 0d
[2026/09/16 21:51:00] 发送(hex): 03
[2026/09/16 21:51:00] 发送(hex): 0d
[2026/09/16 21:51:00] 发送(hex): 03
[2026/09/16 21:51:00] 发送(hex): 0d
[2026/09/16 21:51:00] 发送(hex): 03
[2026/09/16 21:51:00] 发送(hex): 0d
[2026/09/16 21:51:00] 发送(hex): 03
[2026/09/16 21:51:00] 发送(hex): 0d
[2026/09/16 21:51:00] 发送(hex): 03
[2026/09/16 21:51:00] 发送(hex): 0d
[2026/09/16 21:51:00] 发送(hex): 03
[2026/09/16 21:51:00] 发送(hex): 0d
[2026/09/16 21:51:00] 发送(hex): 03
[2026/09/16 21:51:00] 发送(hex): 0d
[2026/09/16 21:51:00] 发送(hex): 03
[2026/09/16 21:51:00] 发送(hex): 0d
[2026/09/16 21:51:00] 发送(hex): 03
[2026/09/16 21:51:00] 发送(hex): 0d
[2026/09/16 21:51:00] 发送(hex): 03
[2026/09/16 21:51:00] 发送(hex): 0d
[2026/09/16 21:51:00] 发送(hex): 03
[2026/09/16 21:51:00] 发送(hex): 0d
[2026/09/16 21:51:00] 发送(hex): 03
[2026/09/16 21:51:00] 发送(hex): 0d
[2026/09/16 21:51:00] 发送(hex): 03
[2026/09/16 21:51:00] 发送(hex): 0d
[2026/09/16 21:51:00] 发送(hex): 03
[2026/09/16 21:51:00] 发送(hex): 0d
[2026/09/16 21:51:00] 发送(hex): 03
[2026/09/16 21:51:00] 发送(hex): 0d
[2026/09/16 21:51:00] 发送(hex): 03
[2026/09/16 21:51:00] 发送(hex): 0d
[2026/09/16 21:51:00] 发送(hex): 03
[2026/09/16 21:51:00] 发送(hex): 0d
[2026/09/16 21:51:00] 发送(hex): 03
[2026/09/16 21:51:00] 发送(hex): 0d
[2026/09/16 21:51:01] 发送(hex): 03
[2026/09/16 21:51:01] 发送(hex): 0d
[2026/09/16 21:51:01] 发送(hex): 03
[2026/09/16 21:51:01] 发送(hex): 0d
[2026/09/16 21:51:01] 发送(hex): 03
[2026/09/16 21:51:01] 发送(hex): 0d
[2026/09/16 21:51:01] 发送(hex): 03
[2026/09/16 21:51:01] 发送(hex): 0d
[2026/09/16 21:51:01] 发送(hex): 03
[2026/09/16 21:51:01] 发送(hex): 0d
[2026/09/16 21:51:01] 发送(hex): 03
[2026/09/16 21:51:01] 发送(hex): 0d
[2026/09/16 21:51:01] 发送(hex): 03
[2026/09/16 21:51:01] 发送(hex): 0d
[2026/09/16 21:51:01] 发送(hex): 03
[2026/09/16 21:51:01] 发送(hex): 0d
[2026/09/16 21:51:01] 发送(hex): 03
[2026/09/16 21:51:01] 发送(hex): 0d
[2026/09/16 21:51:01] 发送(hex): 03
[2026/09/16 21:51:01] 发送(hex): 0d
[2026/09/16 21:51:01] 发送(hex): 03
[2026/09/16 21:51:01] 发送(hex): 0d
[2026/09/16 21:51:01] 发送(hex): 03
[2026/09/16 21:51:01] 发送(hex): 0d
[2026/09/16 21:51:01] 发送(hex): 03
[2026/09/16 21:51:01] 发送(hex): 0d
[2026/09/16 21:51:01] 发送(hex): 03
[2026/09/16 21:51:01] 发送(hex): 0d
[2026/09/16 21:51:01] 发送(hex): 03
[2026/09/16 21:51:01] 发送(hex): 0d
[2026/09/16 21:51:01] 发送(hex): 03
[2026/09/16 21:51:01] 发送(hex): 0d
[2026/09/16 21:51:01] 发送(hex): 03
[2026/09/16 21:51:01] 发送(hex): 0d
[2026/09/16 21:51:01] 发送(hex): 03
[2026/09/16 21:51:01] 发送(hex): 0d
[2026/09/16 21:51:01] 发送(hex): 03
[2026/09/16 21:51:01] 发送(hex): 0d
[2026/09/16 21:51:01] 发送(hex): 03
[2026/09/16 21:51:01] 发送(hex): 0d
[2026/09/16 21:51:01] 发送(hex): 03
[2026/09/16 21:51:01] 发送(hex): 0d
[2026/09/16 21:51:01] 发送(hex): 03
[2026/09/16 21:51:01] 发送(hex): 0d
[2026/09/16 21:51:01] 发送(hex): 03
[2026/09/16 21:51:01] 发送(hex): 0d
[2026/09/16 21:51:01] 发送(hex): 03
[2026/09/16 21:51:01] 发送(hex): 0d
[2026/09/16 21:51:01] 发送(hex): 03
[2026/09/16 21:51:01] 发送(hex): 0d
[2026/09/16 21:51:01] 发送(hex): 03
[2026/09/16 21:51:01] 发送(hex): 0d
[2026/09/16 21:51:01] 发送(hex): 03
[2026/09/16 21:51:01] 发送(hex): 0d
[2026/09/16 21:51:01] 发送(hex): 03
[2026/09/16 21:51:01] 发送(hex): 0d
[2026/09/16 21:51:01] 发送(hex): 03
[2026/09/16 21:51:01] 发送(hex): 0d
[2026/09/16 21:51:01] 发送(hex): 03
[2026/09/16 21:51:01] 发送(hex): 0d
[2026/09/16 21:51:01] 发送(hex): 03
[2026/09/16 21:51:01] 发送(hex): 0d
[2026/09/16 21:51:01] 发送(hex): 03
[2026/09/16 21:51:01] Vwait V1go
[2026/09/16 21:51:01] 发送(hex): 0d
[2026/09/16 21:51:01] Vwait V2go
[2026/09/16 21:51:01] 发送(hex): 03
[2026/09/16 21:51:01] 发送(hex): 0d
[2026/09/16 21:51:01] 发送(hex): 03
[2026/09/16 21:51:01] 发送(hex): 0d
[2026/09/16 21:51:01] 发送(hex): 03
[2026/09/16 21:51:01] 发送(hex): 0d
[2026/09/16 21:51:01] 发送(hex): 03
[2026/09/16 21:51:01] 发送(hex): 0d
[2026/09/16 21:51:01] 发送(hex): 03
[2026/09/16 21:51:01] 发送(hex): 0d
[2026/09/16 21:51:01] 发送(hex): 03
[2026/09/16 21:51:01] 发送(hex): 0d
[2026/09/16 21:51:01] DEMOD BISR check Pass and disable demod CLK!!
[2026/09/16 21:51:01] [0;31mboard_version=0 sz=18M[0m
[2026/09/16 21:51:01] ATF:0 1 NOTICE: atf enter time:1187ms, current time:3194ms
[2026/09/16 21:51:01] ATF:0 1 NOTICE: 1st boot elapsed 3200ms
[2026/09/16 21:51:01] 发送(hex): 03
[2026/09/16 21:51:01] 发送(hex): 0d
[2026/09/16 21:51:01] 发送(hex): 03
[2026/09/16 21:51:01] 发送(hex): 0d
[2026/09/16 21:51:01] 发送(hex): 03
[2026/09/16 21:51:01] 发送(hex): 0d
[2026/09/16 21:51:01] 发送(hex): 03
[2026/09/16 21:51:01] 发送(hex): 0d
[2026/09/16 21:51:01] 发送(hex): 03
[2026/09/16 21:51:01] 发送(hex): 0d
[2026/09/16 21:51:01] 发送(hex): 03
[2026/09/16 21:51:01] 发送(hex): 0d
[2026/09/16 21:51:01] 发送(hex): 03
[2026/09/16 21:51:01] 发送(hex): 0d
[2026/09/16 21:51:01] 发送(hex): 03
[2026/09/16 21:51:02] 发送(hex): 0d
[2026/09/16 21:51:02] 发送(hex): 03
[2026/09/16 21:51:02] 发送(hex): 0d
[2026/09/16 21:51:02] 发送(hex): 03
[2026/09/16 21:51:02] 发送(hex): 0d
[2026/09/16 21:51:02] 发送(hex): 03
[2026/09/16 21:51:02] 发送(hex): 0d
[2026/09/16 21:51:02] 发送(hex): 03
[2026/09/16 21:51:02] 发送(hex): 0d
[2026/09/16 21:51:02] 发送(hex): 03
[2026/09/16 21:51:02] 发送(hex): 0d
[2026/09/16 21:51:02] 发送(hex): 03
[2026/09/16 21:51:02] 发送(hex): 0d
[2026/09/16 21:51:02] 发送(hex): 03
[2026/09/16 21:51:02] 发送(hex): 0d
[2026/09/16 21:51:02] 发送(hex): 03
[2026/09/16 21:51:02] 发送(hex): 0d
[2026/09/16 21:51:02] 发送(hex): 03
[2026/09/16 21:51:02] 发送(hex): 0d
[2026/09/16 21:51:02] 发送(hex): 03
[2026/09/16 21:51:02] 发送(hex): 0d
[2026/09/16 21:51:02] 发送(hex): 03
[2026/09/16 21:51:02] 发送(hex): 0d
[2026/09/16 21:51:02] 发送(hex): 03
[2026/09/16 21:51:02] 发送(hex): 0d
[2026/09/16 21:51:02] 发送(hex): 03
[2026/09/16 21:51:02] 发送(hex): 0d
[2026/09/16 21:51:02] 发送(hex): 03
[2026/09/16 21:51:02] 发送(hex): 0d
[2026/09/16 21:51:02] 发送(hex): 03
[2026/09/16 21:51:02] 发送(hex): 0d
[2026/09/16 21:51:02] 发送(hex): 03
[2026/09/16 21:51:02] 发送(hex): 0d
[2026/09/16 21:51:02] 发送(hex): 03
[2026/09/16 21:51:02] 发送(hex): 0d
[2026/09/16 21:51:02] 发送(hex): 03
[2026/09/16 21:51:02] 发送(hex): 0d
[2026/09/16 21:51:02] 发送(hex): 03
[2026/09/16 21:51:02] 发送(hex): 0d
[2026/09/16 21:51:02] 发送(hex): 03
[2026/09/16 21:51:02] 发送(hex): 0d
[2026/09/16 21:51:02] 发送(hex): 03
[2026/09/16 21:51:02] 发送(hex): 0d
[2026/09/16 21:51:02] 发送(hex): 03
[2026/09/16 21:51:02] 发送(hex): 0d
[2026/09/16 21:51:02] 发送(hex): 03
[2026/09/16 21:51:02] 发送(hex): 0d
[2026/09/16 21:51:02] 发送(hex): 03
[2026/09/16 21:51:02] 发送(hex): 0d
[2026/09/16 21:51:02] 发送(hex): 03
[2026/09/16 21:51:02] 发送(hex): 0d
[2026/09/16 21:51:02] 发送(hex): 03
[2026/09/16 21:51:02] 发送(hex): 0d
[2026/09/16 21:51:02] 发送(hex): 03
[2026/09/16 21:51:02] 发送(hex): 0d
[2026/09/16 21:51:02] 发送(hex): 03
[2026/09/16 21:51:02] 发送(hex): 0d
[2026/09/16 21:51:02] 发送(hex): 03
[2026/09/16 21:51:02] 发送(hex): 0d
[2026/09/16 21:51:02] 发送(hex): 03
[2026/09/16 21:51:02] 发送(hex): 0d
[2026/09/16 21:51:02] 发送(hex): 03
[2026/09/16 21:51:02] 发送(hex): 0d
[2026/09/16 21:51:02] 发送(hex): 03
[2026/09/16 21:51:02] 发送(hex): 0d
[2026/09/16 21:51:02] 发送(hex): 03
[2026/09/16 21:51:02] 发送(hex): 0d
[2026/09/16 21:51:02] 发送(hex): 03
[2026/09/16 21:51:02] 发送(hex): 0d
[2026/09/16 21:51:02] 发送(hex): 03
[2026/09/16 21:51:02] 发送(hex): 0d
[2026/09/16 21:51:02] 发送(hex): 03
[2026/09/16 21:51:02] 发送(hex): 0d
[2026/09/16 21:51:02] 发送(hex): 03
[2026/09/16 21:51:02] 发送(hex): 0d
[2026/09/16 21:51:02] 发送(hex): 03
[2026/09/16 21:51:02] 发送(hex): 0d
[2026/09/16 21:51:02] 发送(hex): 03
[2026/09/16 21:51:02] 发送(hex): 0d
[2026/09/16 21:51:02] 发送(hex): 03
[2026/09/16 21:51:02] 发送(hex): 0d
[2026/09/16 21:51:02] 发送(hex): 03
[2026/09/16 21:51:02] 发送(hex): 0d
[2026/09/16 21:51:02] 发送(hex): 03
[2026/09/16 21:51:02] 发送(hex): 0d
[2026/09/16 21:51:02] 发送(hex): 03
[2026/09/16 21:51:02] 发送(hex): 0d
[2026/09/16 21:51:02] 发送(hex): 03
[2026/09/16 21:51:02] 发送(hex): 0d
[2026/09/16 21:51:02] 发送(hex): 03
[2026/09/16 21:51:02] 发送(hex): 0d
[2026/09/16 21:51:02] 发送(hex): 03
[2026/09/16 21:51:02] 发送(hex): 0d
[2026/09/16 21:51:02] 发送(hex): 03
[2026/09/16 21:51:03] 发送(hex): 0d
[2026/09/16 21:51:03] 发送(hex): 03
[2026/09/16 21:51:03] 发送(hex): 0d
[2026/09/16 21:51:03] 发送(hex): 03
[2026/09/16 21:51:03] 发送(hex): 0d
[2026/09/16 21:51:03] 发送(hex): 03
[2026/09/16 21:51:03] 发送(hex): 0d
[2026/09/16 21:51:03] 发送(hex): 03
[2026/09/16 21:51:03] 发送(hex): 0d
[2026/09/16 21:51:03] 发送(hex): 03
[2026/09/16 21:51:03] 发送(hex): 0d
[2026/09/16 21:51:03] 发送(hex): 03
[2026/09/16 21:51:03] 发送(hex): 0d
[2026/09/16 21:51:03] 发送(hex): 03
[2026/09/16 21:51:03] 发送(hex): 0d
[2026/09/16 21:51:03] 发送(hex): 03
[2026/09/16 21:51:03] 发送(hex): 0d
[2026/09/16 21:51:03] 发送(hex): 03
[2026/09/16 21:51:03] 发送(hex): 0d
[2026/09/16 21:51:03] 发送(hex): 03
[2026/09/16 21:51:03] 发送(hex): 0d
[2026/09/16 21:51:03] 发送(hex): 03
[2026/09/16 21:51:03] 发送(hex): 0d
[2026/09/16 21:51:03] 发送(hex): 03
[2026/09/16 21:51:03] 发送(hex): 0d
[2026/09/16 21:51:03] 发送(hex): 03
[2026/09/16 21:51:03] 发送(hex): 0d
[2026/09/16 21:51:03] 发送(hex): 03
[2026/09/16 21:51:03] 发送(hex): 0d
[2026/09/16 21:51:03] 发送(hex): 03
[2026/09/16 21:51:03] 发送(hex): 0d
[2026/09/16 21:51:03] 发送(hex): 03
[2026/09/16 21:51:03] 发送(hex): 0d
[2026/09/16 21:51:03] 发送(hex): 03
[2026/09/16 21:51:03] 发送(hex): 0d
[2026/09/16 21:51:03] 发送(hex): 03
[2026/09/16 21:51:03] 发送(hex): 0d
[2026/09/16 21:51:03] 发送(hex): 03
[2026/09/16 21:51:03] 发送(hex): 0d
[2026/09/16 21:51:03] 发送(hex): 03
[2026/09/16 21:51:03] 发送(hex): 0d
[2026/09/16 21:51:03] 发送(hex): 03
[2026/09/16 21:51:03] 发送(hex): 0d
[2026/09/16 21:51:03] 发送(hex): 03
[2026/09/16 21:51:03] 发送(hex): 0d
[2026/09/16 21:51:03] 发送(hex): 03
[2026/09/16 21:51:03] 发送(hex): 0d
[2026/09/16 21:51:03] 发送(hex): 03
[2026/09/16 21:51:03] 发送(hex): 0d
[2026/09/16 21:51:03] 发送(hex): 03
[2026/09/16 21:51:03] 发送(hex): 0d
[2026/09/16 21:51:03] 发送(hex): 03
[2026/09/16 21:51:03] 发送(hex): 0d
[2026/09/16 21:51:03] 发送(hex): 03
[2026/09/16 21:51:03] 发送(hex): 0d
[2026/09/16 21:51:03] 发送(hex): 03
[2026/09/16 21:51:03] 发送(hex): 0d
[2026/09/16 21:51:03] 发送(hex): 03
[2026/09/16 21:51:03] 发送(hex): 0d
[2026/09/16 21:51:03] 发送(hex): 03
[2026/09/16 21:51:03] 发送(hex): 0d
[2026/09/16 21:51:03] 发送(hex): 03
[2026/09/16 21:51:03] 发送(hex): 0d
[2026/09/16 21:51:03] 发送(hex): 03
[2026/09/16 21:51:03] 发送(hex): 0d
[2026/09/16 21:51:03] 发送(hex): 03
[2026/09/16 21:51:03] 发送(hex): 0d
[2026/09/16 21:51:03] 发送(hex): 03
[2026/09/16 21:51:03] 发送(hex): 0d
[2026/09/16 21:51:03] 发送(hex): 03
[2026/09/16 21:51:03] 发送(hex): 0d
[2026/09/16 21:51:03] 发送(hex): 03
[2026/09/16 21:51:03] 发送(hex): 0d
[2026/09/16 21:51:03] 发送(hex): 03
[2026/09/16 21:51:03] 发送(hex): 0d
[2026/09/16 21:51:03] 发送(hex): 03
[2026/09/16 21:51:03] 发送(hex): 0d
[2026/09/16 21:51:03] 发送(hex): 03
[2026/09/16 21:51:03] 发送(hex): 0d
[2026/09/16 21:51:03] 发送(hex): 03
[2026/09/16 21:51:03] 发送(hex): 0d
[2026/09/16 21:51:03] 发送(hex): 03
[2026/09/16 21:51:03] 发送(hex): 0d
[2026/09/16 21:51:03] 发送(hex): 03
[2026/09/16 21:51:03] 发送(hex): 0d
[2026/09/16 21:51:03] 发送(hex): 03
[2026/09/16 21:51:03] 发送(hex): 0d
[2026/09/16 21:51:03] 发送(hex): 03
[2026/09/16 21:51:03] 发送(hex): 0d
[2026/09/16 21:51:03] 发送(hex): 03
[2026/09/16 21:51:03] 发送(hex): 0d
[2026/09/16 21:51:03] 发送(hex): 03
[2026/09/16 21:51:03] ^C
[2026/09/16 21:51:03] 发送(hex): 0d
[2026/09/16 21:51:04] 发送(hex): 03
[2026/09/16 21:51:04] 发送(hex): 0d
[2026/09/16 21:51:04] 发送(hex): 03
[2026/09/16 21:51:04] 发送(hex): 0d
[2026/09/16 21:51:04] 发送(hex): 03
[2026/09/16 21:51:04] ^C
[2026/09/16 21:51:04] 发送(hex): 0d
[2026/09/16 21:51:04] 发送(hex): 03
[2026/09/16 21:51:04] 发送(hex): 0d
[2026/09/16 21:51:04] 发送(hex): 03
[2026/09/16 21:51:04] 发送(hex): 0d
[2026/09/16 21:51:04] 发送(hex): 03
[2026/09/16 21:51:04] 发送(hex): 0d
[2026/09/16 21:51:04] 发送(hex): 03
[2026/09/16 21:51:04] 发送(hex): 0d
[2026/09/16 21:51:04] 发送(hex): 03
[2026/09/16 21:51:04] 发送(hex): 0d
[2026/09/16 21:51:04] 发送(hex): 03
[2026/09/16 21:51:04] 发送(hex): 0d
[2026/09/16 21:51:04] 发送(hex): 03
[2026/09/16 21:51:04] 发送(hex): 0d
[2026/09/16 21:51:04] 发送(hex): 03
[2026/09/16 21:51:04] 发送(hex): 0d
[2026/09/16 21:51:04] 发送(hex): 03
[2026/09/16 21:51:04] 发送(hex): 0d
[2026/09/16 21:51:04] 发送(hex): 03
[2026/09/16 21:51:04] 发送(hex): 0d
[2026/09/16 21:51:04] 发送(hex): 03
[2026/09/16 21:51:04] 发送(hex): 0d
[2026/09/16 21:51:04] 发送(hex): 03
[2026/09/16 21:51:04] 发送(hex): 0d
[2026/09/16 21:51:04] 发送(hex): 03
[2026/09/16 21:51:04] 发送(hex): 0d
[2026/09/16 21:51:04] 发送(hex): 03
[2026/09/16 21:51:04] 发送(hex): 0d
[2026/09/16 21:51:04] 发送(hex): 03
[2026/09/16 21:51:04] 发送(hex): 0d
[2026/09/16 21:51:04] 发送(hex): 03
[2026/09/16 21:51:04] 发送(hex): 0d
[2026/09/16 21:51:04] 发送(hex): 03
[2026/09/16 21:51:04] 发送(hex): 0d
[2026/09/16 21:51:04] 发送(hex): 03
[2026/09/16 21:51:04] 发送(hex): 0d
[2026/09/16 21:51:04] 发送(hex): 03
[2026/09/16 21:51:04] 发送(hex): 0d
[2026/09/16 21:51:04] 发送(hex): 03
[2026/09/16 21:51:04] 发送(hex): 0d
[2026/09/16 21:51:04] 发送(hex): 03
[2026/09/16 21:51:04] 发送(hex): 0d
[2026/09/16 21:51:04] 发送(hex): 03
[2026/09/16 21:51:04] 发送(hex): 0d
[2026/09/16 21:51:04] 发送(hex): 03
[2026/09/16 21:51:04] 发送(hex): 0d
[2026/09/16 21:51:04] 发送(hex): 03
[2026/09/16 21:51:04] 发送(hex): 0d
[2026/09/16 21:51:04] 发送(hex): 03
[2026/09/16 21:51:04] 发送(hex): 0d
[2026/09/16 21:51:04] 发送(hex): 03
[2026/09/16 21:51:04] 发送(hex): 0d
[2026/09/16 21:51:04] 发送(hex): 03
[2026/09/16 21:51:04] 发送(hex): 0d
[2026/09/16 21:51:04] 发送(hex): 03
[2026/09/16 21:51:04] 发送(hex): 0d
[2026/09/16 21:51:04] 发送(hex): 03
[2026/09/16 21:51:04] 发送(hex): 0d
[2026/09/16 21:51:04] 发送(hex): 03
[2026/09/16 21:51:04] 发送(hex): 0d
[2026/09/16 21:51:04] 发送(hex): 03
[2026/09/16 21:51:04] 发送(hex): 0d
[2026/09/16 21:51:04] 发送(hex): 03
[2026/09/16 21:51:04] 发送(hex): 0d
[2026/09/16 21:51:04] 发送(hex): 03
[2026/09/16 21:51:04] 发送(hex): 0d
[2026/09/16 21:51:04] 发送(hex): 03
[2026/09/16 21:51:04] 发送(hex): 0d
[2026/09/16 21:51:04] 发送(hex): 03
[2026/09/16 21:51:04] 发送(hex): 0d
[2026/09/16 21:51:04] 发送(hex): 03
[2026/09/16 21:51:04] 发送(hex): 0d
[2026/09/16 21:51:04] 发送(hex): 03
[2026/09/16 21:51:04] 发送(hex): 0d
[2026/09/16 21:51:04] 发送(hex): 03
[2026/09/16 21:51:04] 发送(hex): 0d
[2026/09/16 21:51:04] 发送(hex): 03
[2026/09/16 21:51:04] 发送(hex): 0d
[2026/09/16 21:51:04] 发送(hex): 03
[2026/09/16 21:51:04] 发送(hex): 0d
[2026/09/16 21:51:04] 发送(hex): 03
[2026/09/16 21:51:04] 发送(hex): 0d
[2026/09/16 21:51:04] 发送(hex): 03
[2026/09/16 21:51:04] 发送(hex): 0d
[2026/09/16 21:51:04] 发送(hex): 03
[2026/09/16 21:51:04] 发送(hex): 0d
[2026/09/16 21:51:04] 发送(hex): 03
[2026/09/16 21:51:04] 发送(hex): 0d
[2026/09/16 21:51:05] 发送(hex): 03
[2026/09/16 21:51:05] 发送(hex): 0d
[2026/09/16 21:51:05] 发送(hex): 03
[2026/09/16 21:51:05] 发送(hex): 0d
[2026/09/16 21:51:05] 发送(hex): 03
[2026/09/16 21:51:05] 发送(hex): 0d
[2026/09/16 21:51:05] 发送(hex): 03
[2026/09/16 21:51:05] 发送(hex): 0d
[2026/09/16 21:51:05] 发送(hex): 03
[2026/09/16 21:51:05] 发送(hex): 0d
[2026/09/16 21:51:05] 发送(hex): 03
[2026/09/16 21:51:05] 发送(hex): 0d
[2026/09/16 21:51:05] 发送(hex): 03
[2026/09/16 21:51:05] 发送(hex): 0d
[2026/09/16 21:51:05] 发送(hex): 03
[2026/09/16 21:51:05] 发送(hex): 0d
[2026/09/16 21:51:05] 发送(hex): 03
[2026/09/16 21:51:05] 发送(hex): 0d
[2026/09/16 21:51:05] 发送(hex): 03
[2026/09/16 21:51:05] 发送(hex): 0d
[2026/09/16 21:51:05] 发送(hex): 03
[2026/09/16 21:51:05] 发送(hex): 0d
[2026/09/16 21:51:05] 发送(hex): 03
[2026/09/16 21:51:05] 发送(hex): 0d
[2026/09/16 21:51:05] 发送(hex): 03
[2026/09/16 21:51:05] 发送(hex): 0d
[2026/09/16 21:51:05] 发送(hex): 03
[2026/09/16 21:51:05] 发送(hex): 0d
[2026/09/16 21:51:05] 发送(hex): 03
[2026/09/16 21:51:05] 发送(hex): 0d
[2026/09/16 21:51:05] 发送(hex): 03
[2026/09/16 21:51:05] 发送(hex): 0d
[2026/09/16 21:51:05] 发送(hex): 03
[2026/09/16 21:51:05] 发送(hex): 0d
[2026/09/16 21:51:05] 发送(hex): 03
[2026/09/16 21:51:05] 发送(hex): 0d
[2026/09/16 21:51:05] 发送(hex): 03
[2026/09/16 21:51:05] 发送(hex): 0d
[2026/09/16 21:51:05] 发送(hex): 03
[2026/09/16 21:51:05] 发送(hex): 0d
[2026/09/16 21:51:05] 发送(hex): 03
[2026/09/16 21:51:05] 发送(hex): 0d
[2026/09/16 21:51:05] 发送(hex): 03
[2026/09/16 21:51:05] 发送(hex): 0d
[2026/09/16 21:51:05] 发送(hex): 03
[2026/09/16 21:51:05] 发送(hex): 0d
[2026/09/16 21:51:05] 发送(hex): 03
[2026/09/16 21:51:05] 发送(hex): 0d
[2026/09/16 21:51:05] 发送(hex): 03
[2026/09/16 21:51:05] 发送(hex): 0d
[2026/09/16 21:51:05] 发送(hex): 03
[2026/09/16 21:51:05] 发送(hex): 0d
[2026/09/16 21:51:05] 发送(hex): 03
[2026/09/16 21:51:05] 发送(hex): 0d
[2026/09/16 21:51:05] 发送(hex): 03
[2026/09/16 21:51:05] 发送(hex): 0d
[2026/09/16 21:51:05] 发送(hex): 03
[2026/09/16 21:51:05] 发送(hex): 0d
[2026/09/16 21:51:05] 发送(hex): 03
[2026/09/16 21:51:05] 发送(hex): 0d
[2026/09/16 21:51:05] 发送(hex): 03
[2026/09/16 21:51:05] 发送(hex): 0d
[2026/09/16 21:51:05] 发送(hex): 03
[2026/09/16 21:51:05] 发送(hex): 0d
[2026/09/16 21:51:05] 发送(hex): 03
[2026/09/16 21:51:05] 发送(hex): 0d
[2026/09/16 21:51:05] 发送(hex): 03
[2026/09/16 21:51:05] 发送(hex): 0d
[2026/09/16 21:51:05] 发送(hex): 03
[2026/09/16 21:51:05] 发送(hex): 0d
[2026/09/16 21:51:05] 发送(hex): 03
[2026/09/16 21:51:05] 发送(hex): 0d
[2026/09/16 21:51:05] 发送(hex): 03
[2026/09/16 21:51:05] 发送(hex): 0d
[2026/09/16 21:51:05] 发送(hex): 03
[2026/09/16 21:51:05] 发送(hex): 0d
[2026/09/16 21:51:05] 发送(hex): 03
[2026/09/16 21:51:05] 发送(hex): 0d
[2026/09/16 21:51:05] 发送(hex): 03
[2026/09/16 21:51:05] 发送(hex): 0d
[2026/09/16 21:51:05] 发送(hex): 03
[2026/09/16 21:51:05] 发送(hex): 0d
[2026/09/16 21:51:05] 发送(hex): 03
[2026/09/16 21:51:05] 发送(hex): 0d
[2026/09/16 21:51:05] 发送(hex): 03
[2026/09/16 21:51:05] 发送(hex): 0d
[2026/09/16 21:51:05] 发送(hex): 03
[2026/09/16 21:51:05] 发送(hex): 0d
[2026/09/16 21:51:05] 发送(hex): 03
[2026/09/16 21:51:05] 发送(hex): 0d
[2026/09/16 21:51:05] 发送(hex): 03
[2026/09/16 21:51:05] 发送(hex): 0d
[2026/09/16 21:51:05] 发送(hex): 03
[2026/09/16 21:51:05] 发送(hex): 0d
[2026/09/16 21:51:06] 发送(hex): 03
[2026/09/16 21:51:06] 发送(hex): 0d
[2026/09/16 21:51:06] 发送(hex): 03
[2026/09/16 21:51:06] 发送(hex): 0d
[2026/09/16 21:51:06] 发送(hex): 03
[2026/09/16 21:51:06] 发送(hex): 0d
[2026/09/16 21:51:06] 发送(hex): 03
[2026/09/16 21:51:06] 发送(hex): 0d
[2026/09/16 21:51:06] 发送(hex): 03
[2026/09/16 21:51:06] 发送(hex): 0d
[2026/09/16 21:51:06] 发送(hex): 03
[2026/09/16 21:51:06] 发送(hex): 0d
[2026/09/16 21:51:06] 发送(hex): 03
[2026/09/16 21:51:06] 发送(hex): 0d
[2026/09/16 21:51:06] 发送(hex): 03
[2026/09/16 21:51:06] 发送(hex): 0d
[2026/09/16 21:51:06] 发送(hex): 03
[2026/09/16 21:51:06] 发送(hex): 0d
[2026/09/16 21:51:06] 发送(hex): 03
[2026/09/16 21:51:06] 发送(hex): 0d
[2026/09/16 21:51:06] 发送(hex): 03
[2026/09/16 21:51:06] 发送(hex): 0d
[2026/09/16 21:51:06] 发送(hex): 03
[2026/09/16 21:51:06] 发送(hex): 0d
[2026/09/16 21:51:06] 发送(hex): 03
[2026/09/16 21:51:06] 发送(hex): 0d
[2026/09/16 21:51:06] 发送(hex): 03
[2026/09/16 21:51:06] 发送(hex): 0d
[2026/09/16 21:51:06] 发送(hex): 03
[2026/09/16 21:51:06] 发送(hex): 0d
[2026/09/16 21:51:06] 发送(hex): 03
[2026/09/16 21:51:06] 发送(hex): 0d
[2026/09/16 21:51:06] 发送(hex): 03
[2026/09/16 21:51:06] 发送(hex): 0d
[2026/09/16 21:51:06] 发送(hex): 03
[2026/09/16 21:51:06] 发送(hex): 0d
[2026/09/16 21:51:06] 发送(hex): 03
[2026/09/16 21:51:06] 发送(hex): 0d
[2026/09/16 21:51:06] 发送(hex): 03
[2026/09/16 21:51:06] 发送(hex): 0d
[2026/09/16 21:51:06] 发送(hex): 03
[2026/09/16 21:51:06] 发送(hex): 0d
[2026/09/16 21:51:06] 发送(hex): 03
[2026/09/16 21:51:06] 发送(hex): 0d
[2026/09/16 21:51:06] 发送(hex): 03
[2026/09/16 21:51:06] 发送(hex): 0d
[2026/09/16 21:51:06] 发送(hex): 03
[2026/09/16 21:51:06] 发送(hex): 0d
[2026/09/16 21:51:06] 发送(hex): 03
[2026/09/16 21:51:06] 发送(hex): 0d
[2026/09/16 21:51:06] 发送(hex): 03
[2026/09/16 21:51:06] 发送(hex): 0d
[2026/09/16 21:51:06] 发送(hex): 03
[2026/09/16 21:51:06] 发送(hex): 0d
[2026/09/16 21:51:06] 发送(hex): 03
[2026/09/16 21:51:06] 发送(hex): 0d
[2026/09/16 21:51:06] 发送(hex): 03
[2026/09/16 21:51:06] 发送(hex): 0d
[2026/09/16 21:51:06] 发送(hex): 03
[2026/09/16 21:51:06] 发送(hex): 0d
[2026/09/16 21:51:06] 发送(hex): 03
[2026/09/16 21:51:06] 发送(hex): 0d
[2026/09/16 21:51:06] 发送(hex): 03
[2026/09/16 21:51:06] 发送(hex): 0d
[2026/09/16 21:51:06] 发送(hex): 03
[2026/09/16 21:51:06] 发送(hex): 0d
[2026/09/16 21:51:06] 发送(hex): 03
[2026/09/16 21:51:06] 发送(hex): 0d
[2026/09/16 21:51:06] 发送(hex): 03
[2026/09/16 21:51:06] 发送(hex): 0d
[2026/09/16 21:51:06] 发送(hex): 03
[2026/09/16 21:51:06] 发送(hex): 0d
[2026/09/16 21:51:06] 发送(hex): 03
[2026/09/16 21:51:06] 发送(hex): 0d
[2026/09/16 21:51:06] 发送(hex): 03
[2026/09/16 21:51:06] 发送(hex): 0d
[2026/09/16 21:51:06] 发送(hex): 03
[2026/09/16 21:51:06] 发送(hex): 0d
[2026/09/16 21:51:06] 发送(hex): 03
[2026/09/16 21:51:06] 发送(hex): 0d
[2026/09/16 21:51:06] 发送(hex): 03
[2026/09/16 21:51:06] 发送(hex): 0d
[2026/09/16 21:51:06] 发送(hex): 03
[2026/09/16 21:51:06] 发送(hex): 0d
[2026/09/16 21:51:06] 发送(hex): 03
[2026/09/16 21:51:06] 发送(hex): 0d
[2026/09/16 21:51:06] 发送(hex): 03
[2026/09/16 21:51:06] 发送(hex): 0d
[2026/09/16 21:51:06] 发送(hex): 03
[2026/09/16 21:51:07] 发送(hex): 0d
[2026/09/16 21:51:07] 发送(hex): 03
[2026/09/16 21:51:07] 发送(hex): 0d
[2026/09/16 21:51:07] 发送(hex): 03
[2026/09/16 21:51:07] 发送(hex): 0d
[2026/09/16 21:51:07] 发送(hex): 03
[2026/09/16 21:51:07] 发送(hex): 0d
[2026/09/16 21:51:07] 发送(hex): 03
[2026/09/16 21:51:07] 发送(hex): 0d
[2026/09/16 21:51:07] 发送(hex): 03
[2026/09/16 21:51:07] 发送(hex): 0d
[2026/09/16 21:51:07] 发送(hex): 03
[2026/09/16 21:51:07] 发送(hex): 0d
[2026/09/16 21:51:07] 发送(hex): 03
[2026/09/16 21:51:07] 发送(hex): 0d
[2026/09/16 21:51:07] 发送(hex): 03
[2026/09/16 21:51:07] 发送(hex): 0d
[2026/09/16 21:51:07] 发送(hex): 03
[2026/09/16 21:51:07] 发送(hex): 0d
[2026/09/16 21:51:07] 发送(hex): 03
[2026/09/16 21:51:07] 发送(hex): 0d
[2026/09/16 21:51:07] 发送(hex): 03
[2026/09/16 21:51:07] 发送(hex): 0d
[2026/09/16 21:51:07] 发送(hex): 03
[2026/09/16 21:51:07] 发送(hex): 0d
[2026/09/16 21:51:07] 发送(hex): 03
[2026/09/16 21:51:07] 发送(hex): 0d
[2026/09/16 21:51:07] 发送(hex): 03
[2026/09/16 21:51:07] 发送(hex): 0d
[2026/09/16 21:51:07] 发送(hex): 03
[2026/09/16 21:51:07] 发送(hex): 0d
[2026/09/16 21:51:07] 发送(hex): 03
[2026/09/16 21:51:07] 发送(hex): 0d
[2026/09/16 21:51:07] 发送(hex): 03
[2026/09/16 21:51:07] 发送(hex): 0d
[2026/09/16 21:51:07] 发送(hex): 03
[2026/09/16 21:51:07] 发送(hex): 0d
[2026/09/16 21:51:07] 发送(hex): 03
[2026/09/16 21:51:07] 发送(hex): 0d
[2026/09/16 21:51:07] 发送(hex): 03
[2026/09/16 21:51:07] 发送(hex): 0d
[2026/09/16 21:51:07] 发送(hex): 03
[2026/09/16 21:51:07] 发送(hex): 0d
[2026/09/16 21:51:07] 发送(hex): 03
[2026/09/16 21:51:07] 发送(hex): 0d
[2026/09/16 21:51:07] 发送(hex): 03
[2026/09/16 21:51:07] 发送(hex): 0d
[2026/09/16 21:51:07] 发送(hex): 03
[2026/09/16 21:51:07] 发送(hex): 0d
[2026/09/16 21:51:07] 发送(hex): 03
[2026/09/16 21:51:07] 发送(hex): 0d
[2026/09/16 21:51:07] 发送(hex): 03
[2026/09/16 21:51:07] 发送(hex): 0d
[2026/09/16 21:51:07] 发送(hex): 03
[2026/09/16 21:51:07] 发送(hex): 0d
[2026/09/16 21:51:07] 发送(hex): 03
[2026/09/16 21:51:07] 发送(hex): 0d
[2026/09/16 21:51:07] 发送(hex): 03
[2026/09/16 21:51:07] 发送(hex): 0d
[2026/09/16 21:51:07] 发送(hex): 03
[2026/09/16 21:51:07] 发送(hex): 0d
[2026/09/16 21:51:07] 发送(hex): 03
[2026/09/16 21:51:07] 发送(hex): 0d
[2026/09/16 21:51:07] 发送(hex): 03
[2026/09/16 21:51:07] 发送(hex): 0d
[2026/09/16 21:51:07] 发送(hex): 03
[2026/09/16 21:51:07] 发送(hex): 0d
[2026/09/16 21:51:07] 发送(hex): 03
[2026/09/16 21:51:07] 发送(hex): 0d
[2026/09/16 21:51:07] 发送(hex): 03
[2026/09/16 21:51:07] 发送(hex): 0d
[2026/09/16 21:51:07] 发送(hex): 03
[2026/09/16 21:51:07] 发送(hex): 0d
[2026/09/16 21:51:07] 发送(hex): 03
[2026/09/16 21:51:07] 发送(hex): 0d
[2026/09/16 21:51:07] 发送(hex): 03
[2026/09/16 21:51:07] 发送(hex): 0d
[2026/09/16 21:51:07] 发送(hex): 03
[2026/09/16 21:51:07] 发送(hex): 0d
[2026/09/16 21:51:07] 发送(hex): 03
[2026/09/16 21:51:07] 发送(hex): 0d
[2026/09/16 21:51:07] 发送(hex): 03
[2026/09/16 21:51:07] 发送(hex): 0d
[2026/09/16 21:51:07] 发送(hex): 03
[2026/09/16 21:51:07] 发送(hex): 0d
[2026/09/16 21:51:07] 发送(hex): 03
[2026/09/16 21:51:07] 发送(hex): 0d
[2026/09/16 21:51:07] 发送(hex): 03
[2026/09/16 21:51:07] ^C
[2026/09/16 21:51:07] 发送(hex): 0d
[2026/09/16 21:51:07] 发送(hex): 03
[2026/09/16 21:51:07] 发送(hex): 0d
[2026/09/16 21:51:07] 发送(hex): 03
[2026/09/16 21:51:07] 发送(hex): 0d
[2026/09/16 21:51:08] 发送(hex): 03
[2026/09/16 21:51:08] 发送(hex): 0d
[2026/09/16 21:51:08] 发送(hex): 03
[2026/09/16 21:51:08] 发送(hex): 0d
[2026/09/16 21:51:08] 发送(hex): 03
[2026/09/16 21:51:08] 发送(hex): 0d
[2026/09/16 21:51:08] 发送(hex): 03
[2026/09/16 21:51:08] 发送(hex): 0d
[2026/09/16 21:51:08] 发送(hex): 03
[2026/09/16 21:51:08] 发送(hex): 0d
[2026/09/16 21:51:08] 发送(hex): 03
[2026/09/16 21:51:08] 发送(hex): 0d
[2026/09/16 21:51:08] 发送(hex): 03
[2026/09/16 21:51:08] 发送(hex): 0d
[2026/09/16 21:51:08] 发送(hex): 03
[2026/09/16 21:51:08] 发送(hex): 0d
[2026/09/16 21:51:08] 发送(hex): 03
[2026/09/16 21:51:08] 发送(hex): 0d
[2026/09/16 21:51:08] 发送(hex): 03
[2026/09/16 21:51:08] 发送(hex): 0d
[2026/09/16 21:51:08] 发送(hex): 03
[2026/09/16 21:51:08] 发送(hex): 0d
[2026/09/16 21:51:08] 发送(hex): 03
[2026/09/16 21:51:08] 发送(hex): 0d
[2026/09/16 21:51:08] 发送(hex): 03
[2026/09/16 21:51:08] 发送(hex): 0d
[2026/09/16 21:51:08] 发送(hex): 03
[2026/09/16 21:51:08] 发送(hex): 0d
[2026/09/16 21:51:08] 发送(hex): 03
[2026/09/16 21:51:08] 发送(hex): 0d
[2026/09/16 21:51:08] 发送(hex): 03
[2026/09/16 21:51:08] 发送(hex): 0d
[2026/09/16 21:51:08] 发送(hex): 03
[2026/09/16 21:51:08] 发送(hex): 0d
[2026/09/16 21:51:08] 发送(hex): 03
[2026/09/16 21:51:08] 发送(hex): 0d
[2026/09/16 21:51:08] 发送(hex): 03
[2026/09/16 21:51:08] 发送(hex): 0d
[2026/09/16 21:51:08] 发送(hex): 03
[2026/09/16 21:51:08] 发送(hex): 0d
[2026/09/16 21:51:08] 发送(hex): 03
[2026/09/16 21:51:08] 发送(hex): 0d
[2026/09/16 21:51:08] 发送(hex): 03
[2026/09/16 21:51:08] 发送(hex): 0d
[2026/09/16 21:51:08] 发送(hex): 03
[2026/09/16 21:51:08] 发送(hex): 0d
[2026/09/16 21:51:08] 发送(hex): 03
[2026/09/16 21:51:08] 发送(hex): 0d
[2026/09/16 21:51:08] 发送(hex): 03
[2026/09/16 21:51:08] 发送(hex): 0d
[2026/09/16 21:51:08] 发送(hex): 03
[2026/09/16 21:51:08] 发送(hex): 0d
[2026/09/16 21:51:08] 发送(hex): 03
[2026/09/16 21:51:08] 发送(hex): 0d
[2026/09/16 21:51:08] 发送(hex): 03
[2026/09/16 21:51:08] 发送(hex): 0d
[2026/09/16 21:51:08] 发送(hex): 03
[2026/09/16 21:51:08] 发送(hex): 0d
[2026/09/16 21:51:08] 发送(hex): 03
[2026/09/16 21:51:08] 发送(hex): 0d
[2026/09/16 21:51:08] 发送(hex): 03
[2026/09/16 21:51:08] 发送(hex): 0d
[2026/09/16 21:51:08] 发送(hex): 03
[2026/09/16 21:51:08] 发送(hex): 0d
[2026/09/16 21:51:08] 发送(hex): 03
[2026/09/16 21:51:08] 发送(hex): 0d
[2026/09/16 21:51:08] 发送(hex): 03
[2026/09/16 21:51:08] 发送(hex): 0d
[2026/09/16 21:51:08] 发送(hex): 03
[2026/09/16 21:51:08] 发送(hex): 0d
[2026/09/16 21:51:08] 发送(hex): 03
[2026/09/16 21:51:08] 发送(hex): 0d
[2026/09/16 21:51:08] 发送(hex): 03
[2026/09/16 21:51:08] 发送(hex): 0d
[2026/09/16 21:51:08] 发送(hex): 03
[2026/09/16 21:51:08] 发送(hex): 0d
[2026/09/16 21:51:08] 发送(hex): 03
[2026/09/16 21:51:08] 发送(hex): 0d
[2026/09/16 21:51:08] 发送(hex): 03
[2026/09/16 21:51:08] 发送(hex): 0d
[2026/09/16 21:51:08] 发送(hex): 03
[2026/09/16 21:51:08] 发送(hex): 0d
[2026/09/16 21:51:08] 发送(hex): 03
[2026/09/16 21:51:08] 发送(hex): 0d
[2026/09/16 21:51:08] 发送(hex): 03
[2026/09/16 21:51:08] 发送(hex): 0d
[2026/09/16 21:51:08] 发送(hex): 03
[2026/09/16 21:51:08] 发送(hex): 0d
[2026/09/16 21:51:08] 发送(hex): 03
[2026/09/16 21:51:08] 发送(hex): 0d
[2026/09/16 21:51:08] 发送(hex): 03
[2026/09/16 21:51:08] 发送(hex): 0d
[2026/09/16 21:51:08] 发送(hex): 03
[2026/09/16 21:51:08] 发送(hex): 0d
[2026/09/16 21:51:08] 发送(hex): 03
[2026/09/16 21:51:09] 发送(hex): 0d
[2026/09/16 21:51:09] 发送(hex): 03
[2026/09/16 21:51:09] 发送(hex): 0d
[2026/09/16 21:51:09] 发送(hex): 03
[2026/09/16 21:51:09] 发送(hex): 0d
[2026/09/16 21:51:09] 发送(hex): 03
[2026/09/16 21:51:09] 发送(hex): 0d
[2026/09/16 21:51:09] 发送(hex): 03
[2026/09/16 21:51:09] 发送(hex): 0d
[2026/09/16 21:51:09] 发送(hex): 03
[2026/09/16 21:51:09] 发送(hex): 0d
[2026/09/16 21:51:09] 发送(hex): 03
[2026/09/16 21:51:09] 发送(hex): 0d
[2026/09/16 21:51:09] 发送(hex): 03
[2026/09/16 21:51:09] 发送(hex): 0d
[2026/09/16 21:51:09] 发送(hex): 03
[2026/09/16 21:51:09] 发送(hex): 0d
[2026/09/16 21:51:09] 发送(hex): 03
[2026/09/16 21:51:09] 发送(hex): 0d
[2026/09/16 21:51:09] 发送(hex): 03
[2026/09/16 21:51:09] 发送(hex): 0d
[2026/09/16 21:51:09] 发送(hex): 03
[2026/09/16 21:51:09] 发送(hex): 0d
[2026/09/16 21:51:09] 发送(hex): 03
[2026/09/16 21:51:09] 发送(hex): 0d
[2026/09/16 21:51:09] 发送(hex): 03
[2026/09/16 21:51:09] 发送(hex): 0d
[2026/09/16 21:51:09] 发送(hex): 03
[2026/09/16 21:51:09] 发送(hex): 0d
[2026/09/16 21:51:09] 发送(hex): 03
[2026/09/16 21:51:09] 发送(hex): 0d
[2026/09/16 21:51:09] 发送(hex): 03
[2026/09/16 21:51:09] 发送(hex): 0d
[2026/09/16 21:51:09] 发送(hex): 03
[2026/09/16 21:51:09] 发送(hex): 0d
[2026/09/16 21:51:09] 发送(hex): 03
[2026/09/16 21:51:09] 发送(hex): 0d
[2026/09/16 21:51:09] 发送(hex): 03
[2026/09/16 21:51:09] 发送(hex): 0d
[2026/09/16 21:51:09] 发送(hex): 03
[2026/09/16 21:51:09] 发送(hex): 0d
[2026/09/16 21:51:09] 发送(hex): 03
[2026/09/16 21:51:09] 发送(hex): 0d
[2026/09/16 21:51:09] 发送(hex): 03
[2026/09/16 21:51:09] 发送(hex): 0d
[2026/09/16 21:51:09] 发送(hex): 03
[2026/09/16 21:51:09] 发送(hex): 0d
[2026/09/16 21:51:09] 发送(hex): 03
[2026/09/16 21:51:09] 发送(hex): 0d
[2026/09/16 21:51:09] 发送(hex): 03
[2026/09/16 21:51:09] 发送(hex): 0d
[2026/09/16 21:51:09] 发送(hex): 03
[2026/09/16 21:51:09] 发送(hex): 0d
[2026/09/16 21:51:09] 发送(hex): 03
[2026/09/16 21:51:09] 发送(hex): 0d
[2026/09/16 21:51:09] 发送(hex): 03
[2026/09/16 21:51:09] 发送(hex): 0d
[2026/09/16 21:51:09] 发送(hex): 03
[2026/09/16 21:51:09] 发送(hex): 0d
[2026/09/16 21:51:09] 发送(hex): 03
[2026/09/16 21:51:09] 发送(hex): 0d
[2026/09/16 21:51:09] 发送(hex): 03
[2026/09/16 21:51:09] 发送(hex): 0d
[2026/09/16 21:51:09] 发送(hex): 03
[2026/09/16 21:51:09] 发送(hex): 0d
[2026/09/16 21:51:09] 发送(hex): 03
[2026/09/16 21:51:09] 发送(hex): 0d
[2026/09/16 21:51:09] 发送(hex): 03
[2026/09/16 21:51:09] 发送(hex): 0d
[2026/09/16 21:51:09] 发送(hex): 03
[2026/09/16 21:51:09] 发送(hex): 0d
[2026/09/16 21:51:09] 发送(hex): 03
[2026/09/16 21:51:09] 发送(hex): 0d
[2026/09/16 21:51:09] 发送(hex): 03
[2026/09/16 21:51:09] 发送(hex): 0d
[2026/09/16 21:51:09] 发送(hex): 03
[2026/09/16 21:51:09] 发送(hex): 0d
[2026/09/16 21:51:09] 发送(hex): 03
[2026/09/16 21:51:09] 发送(hex): 0d
[2026/09/16 21:51:09] 发送(hex): 03
[2026/09/16 21:51:09] 发送(hex): 0d
[2026/09/16 21:51:09] 发送(hex): 03
[2026/09/16 21:51:09] 发送(hex): 0d
[2026/09/16 21:51:09] 发送(hex): 03
[2026/09/16 21:51:09] 发送(hex): 0d
[2026/09/16 21:51:09] 发送(hex): 03
[2026/09/16 21:51:09] 发送(hex): 0d
[2026/09/16 21:51:09] 发送(hex): 03
[2026/09/16 21:51:09] 发送(hex): 0d
[2026/09/16 21:51:09] 发送(hex): 03
[2026/09/16 21:51:09] 发送(hex): 0d
[2026/09/16 21:51:09] 发送(hex): 03
[2026/09/16 21:51:09] 发送(hex): 0d
[2026/09/16 21:51:09] 发送(hex): 03
[2026/09/16 21:51:10] 发送(hex): 0d
[2026/09/16 21:51:10] 发送(hex): 03
[2026/09/16 21:51:10] 发送(hex): 0d
[2026/09/16 21:51:10] 发送(hex): 03
[2026/09/16 21:51:10] 发送(hex): 0d
[2026/09/16 21:51:10] 发送(hex): 03
[2026/09/16 21:51:10] 发送(hex): 0d
[2026/09/16 21:51:10] 发送(hex): 03
[2026/09/16 21:51:10] 发送(hex): 0d
[2026/09/16 21:51:10] 发送(hex): 03
[2026/09/16 21:51:10] 发送(hex): 0d
[2026/09/16 21:51:10] 发送(hex): 03
[2026/09/16 21:51:10] 发送(hex): 0d
[2026/09/16 21:51:10] 发送(hex): 03
[2026/09/16 21:51:10] 发送(hex): 0d
[2026/09/16 21:51:10] 发送(hex): 03
[2026/09/16 21:51:10] 发送(hex): 0d
[2026/09/16 21:51:10] 发送(hex): 03
[2026/09/16 21:51:10] 发送(hex): 0d
[2026/09/16 21:51:10] 发送(hex): 03
[2026/09/16 21:51:10] 发送(hex): 0d
[2026/09/16 21:51:10] 发送(hex): 03
[2026/09/16 21:51:10] 发送(hex): 0d
[2026/09/16 21:51:10] 发送(hex): 03
[2026/09/16 21:51:10] 发送(hex): 0d
[2026/09/16 21:51:10] 发送(hex): 03
[2026/09/16 21:51:10] 发送(hex): 0d
[2026/09/16 21:51:10] 发送(hex): 03
[2026/09/16 21:51:10] 发送(hex): 0d
[2026/09/16 21:51:10] 发送(hex): 03
[2026/09/16 21:51:10] 发送(hex): 0d
[2026/09/16 21:51:10] 发送(hex): 03
[2026/09/16 21:51:10] 发送(hex): 0d
[2026/09/16 21:51:10] 发送(hex): 03
[2026/09/16 21:51:10] 发送(hex): 0d
[2026/09/16 21:51:10] 发送(hex): 03
[2026/09/16 21:51:10] 发送(hex): 0d
[2026/09/16 21:51:10] 发送(hex): 03
[2026/09/16 21:51:10] 发送(hex): 0d
[2026/09/16 21:51:10] 发送(hex): 03
[2026/09/16 21:51:10] 发送(hex): 0d
[2026/09/16 21:51:10] 发送(hex): 03
[2026/09/16 21:51:10] 发送(hex): 0d
[2026/09/16 21:51:10] 发送(hex): 03
[2026/09/16 21:51:10] 发送(hex): 0d
[2026/09/16 21:51:10] 发送(hex): 03
[2026/09/16 21:51:10] 发送(hex): 0d
[2026/09/16 21:51:10] 发送(hex): 03
[2026/09/16 21:51:10] 发送(hex): 0d
[2026/09/16 21:51:10] 发送(hex): 03
[2026/09/16 21:51:10] 发送(hex): 0d
[2026/09/16 21:51:10] 发送(hex): 03
[2026/09/16 21:51:10] 发送(hex): 0d
[2026/09/16 21:51:10] 发送(hex): 03
[2026/09/16 21:51:10] 发送(hex): 0d
[2026/09/16 21:51:10] 发送(hex): 03
[2026/09/16 21:51:10] 发送(hex): 0d
[2026/09/16 21:51:10] 发送(hex): 03
[2026/09/16 21:51:10] 发送(hex): 0d
[2026/09/16 21:51:10] 发送(hex): 03
[2026/09/16 21:51:10] 发送(hex): 0d
[2026/09/16 21:51:10] 发送(hex): 03
[2026/09/16 21:51:10] 发送(hex): 0d
[2026/09/16 21:51:10] 发送(hex): 03
[2026/09/16 21:51:10] 发送(hex): 0d
[2026/09/16 21:51:10] 发送(hex): 03
[2026/09/16 21:51:10] 发送(hex): 0d
[2026/09/16 21:51:10] 发送(hex): 03
[2026/09/16 21:51:10] 发送(hex): 0d
[2026/09/16 21:51:10] 发送(hex): 03
[2026/09/16 21:51:10] 发送(hex): 0d
[2026/09/16 21:51:10] 发送(hex): 03
[2026/09/16 21:51:10] 发送(hex): 0d
[2026/09/16 21:51:10] 发送(hex): 03
[2026/09/16 21:51:10] 发送(hex): 0d
[2026/09/16 21:51:10] 发送(hex): 03
[2026/09/16 21:51:10] 发送(hex): 0d
[2026/09/16 21:51:10] 发送(hex): 03
[2026/09/16 21:51:10] 发送(hex): 0d
[2026/09/16 21:51:10] 发送(hex): 03
[2026/09/16 21:51:10] 发送(hex): 0d
[2026/09/16 21:51:10] 发送(hex): 03
[2026/09/16 21:51:10] 发送(hex): 0d
[2026/09/16 21:51:10] 发送(hex): 03
[2026/09/16 21:51:10] 发送(hex): 0d
[2026/09/16 21:51:10] 发送(hex): 03
[2026/09/16 21:51:10] 发送(hex): 0d
[2026/09/16 21:51:10] 发送(hex): 03
[2026/09/16 21:51:10] 发送(hex): 0d
[2026/09/16 21:51:10] 发送(hex): 03
[2026/09/16 21:51:10] 发送(hex): 0d
[2026/09/16 21:51:10] 发送(hex): 03
[2026/09/16 21:51:10] 发送(hex): 0d
[2026/09/16 21:51:10] 发送(hex): 03
[2026/09/16 21:51:10] 发送(hex): 0d
[2026/09/16 21:51:11] 发送(hex): 03
[2026/09/16 21:51:11] 发送(hex): 0d
[2026/09/16 21:51:11] 发送(hex): 03
[2026/09/16 21:51:11] 发送(hex): 0d
[2026/09/16 21:51:11] 发送(hex): 03
[2026/09/16 21:51:11] 发送(hex): 0d
[2026/09/16 21:51:11] 发送(hex): 03
[2026/09/16 21:51:11] 发送(hex): 0d
[2026/09/16 21:51:11] 发送(hex): 03
[2026/09/16 21:51:11] 发送(hex): 0d
[2026/09/16 21:51:11] 发送(hex): 03
[2026/09/16 21:51:11] 发送(hex): 0d
[2026/09/16 21:51:11] 发送(hex): 03
[2026/09/16 21:51:11] 发送(hex): 0d
[2026/09/16 21:51:11] 发送(hex): 03
[2026/09/16 21:51:11] 发送(hex): 0d
[2026/09/16 21:51:11] 发送(hex): 03
[2026/09/16 21:51:11] 发送(hex): 0d
[2026/09/16 21:51:11] 发送(hex): 03
[2026/09/16 21:51:11] 发送(hex): 0d
[2026/09/16 21:51:11] 发送(hex): 03
[2026/09/16 21:51:11] 发送(hex): 0d
[2026/09/16 21:51:11] 发送(hex): 03
[2026/09/16 21:51:11] 发送(hex): 0d
[2026/09/16 21:51:11] 发送(hex): 03
[2026/09/16 21:51:11] 发送(hex): 0d
[2026/09/16 21:51:11] 发送(hex): 03
[2026/09/16 21:51:11] 发送(hex): 0d
[2026/09/16 21:51:11] 发送(hex): 03
[2026/09/16 21:51:11] 发送(hex): 0d
[2026/09/16 21:51:11] 发送(hex): 03
[2026/09/16 21:51:11] 发送(hex): 0d
[2026/09/16 21:51:11] 发送(hex): 03
[2026/09/16 21:51:11] 发送(hex): 0d
[2026/09/16 21:51:11] 发送(hex): 03
[2026/09/16 21:51:11] 发送(hex): 0d
[2026/09/16 21:51:11] 发送(hex): 03
[2026/09/16 21:51:11] 发送(hex): 0d
[2026/09/16 21:51:11] 发送(hex): 03
[2026/09/16 21:51:11] 发送(hex): 0d
[2026/09/16 21:51:11] 发送(hex): 03
[2026/09/16 21:51:11] 发送(hex): 0d
[2026/09/16 21:51:11] 发送(hex): 03
[2026/09/16 21:51:11] 发送(hex): 0d
[2026/09/16 21:51:11] 发送(hex): 03
[2026/09/16 21:51:11] 发送(hex): 0d
[2026/09/16 21:51:11] 发送(hex): 03
[2026/09/16 21:51:11] 发送(hex): 0d
[2026/09/16 21:51:11] 发送(hex): 03
[2026/09/16 21:51:11] 发送(hex): 0d
[2026/09/16 21:51:11] 发送(hex): 03
[2026/09/16 21:51:11] 发送(hex): 0d
[2026/09/16 21:51:11] 发送(hex): 03
[2026/09/16 21:51:11] 发送(hex): 0d
[2026/09/16 21:51:11] 发送(hex): 03
[2026/09/16 21:51:11] 发送(hex): 0d
[2026/09/16 21:51:11] 发送(hex): 03
[2026/09/16 21:51:11] 发送(hex): 0d
[2026/09/16 21:51:11] 发送(hex): 03
[2026/09/16 21:51:11] 发送(hex): 0d
[2026/09/16 21:51:11] 发送(hex): 03
[2026/09/16 21:51:11] 发送(hex): 0d
[2026/09/16 21:51:11] 发送(hex): 03
[2026/09/16 21:51:11] 发送(hex): 0d
[2026/09/16 21:51:11] 发送(hex): 03
[2026/09/16 21:51:11] 发送(hex): 0d
[2026/09/16 21:51:11] 发送(hex): 03
[2026/09/16 21:51:11] 发送(hex): 0d
[2026/09/16 21:51:11] 发送(hex): 03
[2026/09/16 21:51:11] 发送(hex): 0d
[2026/09/16 21:51:11] 发送(hex): 03
[2026/09/16 21:51:11] 发送(hex): 0d
[2026/09/16 21:51:11] 发送(hex): 03
[2026/09/16 21:51:11] 发送(hex): 0d
[2026/09/16 21:51:11] 发送(hex): 03
[2026/09/16 21:51:11] 发送(hex): 0d
[2026/09/16 21:51:11] 发送(hex): 03
[2026/09/16 21:51:11] 发送(hex): 0d
[2026/09/16 21:51:11] 发送(hex): 03
[2026/09/16 21:51:11] 发送(hex): 0d
[2026/09/16 21:51:11] 发送(hex): 03
[2026/09/16 21:51:11] 发送(hex): 0d
[2026/09/16 21:51:11] 发送(hex): 03
[2026/09/16 21:51:11] 发送(hex): 0d
[2026/09/16 21:51:11] 发送(hex): 03
[2026/09/16 21:51:11] 发送(hex): 0d
[2026/09/16 21:51:11] 发送(hex): 03
[2026/09/16 21:51:11] 发送(hex): 0d
[2026/09/16 21:51:11] 发送(hex): 03
[2026/09/16 21:51:11] 发送(hex): 0d
[2026/09/16 21:51:11] 发送(hex): 03
[2026/09/16 21:51:11] 发送(hex): 0d
[2026/09/16 21:51:11] 发送(hex): 03
[2026/09/16 21:51:11] 发送(hex): 0d
[2026/09/16 21:51:12] 发送(hex): 03
[2026/09/16 21:51:12] 发送(hex): 0d
[2026/09/16 21:51:12] 发送(hex): 03
[2026/09/16 21:51:12] 发送(hex): 0d
[2026/09/16 21:51:12] 发送(hex): 03
[2026/09/16 21:51:12] 发送(hex): 0d
[2026/09/16 21:51:12] 发送(hex): 03
[2026/09/16 21:51:12] 发送(hex): 0d
[2026/09/16 21:51:12] 发送(hex): 03
[2026/09/16 21:51:12] 发送(hex): 0d
[2026/09/16 21:51:12] 发送(hex): 03
[2026/09/16 21:51:12] 发送(hex): 0d
[2026/09/16 21:51:12] 发送(hex): 03
[2026/09/16 21:51:12] 发送(hex): 0d
[2026/09/16 21:51:12] 发送(hex): 03
[2026/09/16 21:51:12] 发送(hex): 0d
[2026/09/16 21:51:12] 发送(hex): 03
[2026/09/16 21:51:12] 发送(hex): 0d
[2026/09/16 21:51:12] 发送(hex): 03
[2026/09/16 21:51:12] 发送(hex): 0d
[2026/09/16 21:51:12] 发送(hex): 03
[2026/09/16 21:51:12] 发送(hex): 0d
[2026/09/16 21:51:12] 发送(hex): 03
[2026/09/16 21:51:12] 发送(hex): 0d
[2026/09/16 21:51:12] 发送(hex): 03
[2026/09/16 21:51:12] 发送(hex): 0d
[2026/09/16 21:51:12] 发送(hex): 03
[2026/09/16 21:51:12] 发送(hex): 0d
[2026/09/16 21:51:12] 发送(hex): 03
[2026/09/16 21:51:12] 发送(hex): 0d
[2026/09/16 21:51:12] 发送(hex): 03
[2026/09/16 21:51:12] 发送(hex): 0d
[2026/09/16 21:51:12] 发送(hex): 03
[2026/09/16 21:51:12] 发送(hex): 0d
[2026/09/16 21:51:12] 发送(hex): 03
[2026/09/16 21:51:12] 发送(hex): 0d
[2026/09/16 21:51:12] 发送(hex): 03
[2026/09/16 21:51:12] 发送(hex): 0d
[2026/09/16 21:51:12] 发送(hex): 03
[2026/09/16 21:51:12] 发送(hex): 0d
[2026/09/16 21:51:12] 发送(hex): 03
[2026/09/16 21:51:12] 发送(hex): 0d
[2026/09/16 21:51:12] 发送(hex): 03
[2026/09/16 21:51:12] 发送(hex): 0d
[2026/09/16 21:51:12] 发送(hex): 03
[2026/09/16 21:51:12] 发送(hex): 0d
[2026/09/16 21:51:12] 发送(hex): 03
[2026/09/16 21:51:12] 发送(hex): 0d
[2026/09/16 21:51:12] 发送(hex): 03
[2026/09/16 21:51:12] 发送(hex): 0d
[2026/09/16 21:51:12] 发送(hex): 03
[2026/09/16 21:51:12] 发送(hex): 0d
[2026/09/16 21:51:12] 发送(hex): 03
[2026/09/16 21:51:12] 发送(hex): 0d
[2026/09/16 21:51:12] 发送(hex): 03
[2026/09/16 21:51:12] 发送(hex): 0d
[2026/09/16 21:51:12] 发送(hex): 03
[2026/09/16 21:51:12] 发送(hex): 0d
[2026/09/16 21:51:12] 发送(hex): 03
[2026/09/16 21:51:12] 发送(hex): 0d
[2026/09/16 21:51:12] 发送(hex): 03
[2026/09/16 21:51:12] 发送(hex): 0d
[2026/09/16 21:51:12] 发送(hex): 03
[2026/09/16 21:51:12] 发送(hex): 0d
[2026/09/16 21:51:12] 发送(hex): 03
[2026/09/16 21:51:12] 发送(hex): 0d
[2026/09/16 21:51:12] 发送(hex): 03
[2026/09/16 21:51:12] 发送(hex): 0d
[2026/09/16 21:51:12] 发送(hex): 03
[2026/09/16 21:51:12] 发送(hex): 0d
[2026/09/16 21:51:12] 发送(hex): 03
[2026/09/16 21:51:12] 发送(hex): 0d
[2026/09/16 21:51:12] 发送(hex): 03
[2026/09/16 21:51:12] 发送(hex): 0d
[2026/09/16 21:51:12] 发送(hex): 03
[2026/09/16 21:51:12] 发送(hex): 0d
[2026/09/16 21:51:12] 发送(hex): 03
[2026/09/16 21:51:12] 发送(hex): 0d
[2026/09/16 21:51:12] 发送(hex): 03
[2026/09/16 21:51:12] 发送(hex): 0d
[2026/09/16 21:51:12] ^C
[2026/09/16 21:51:12] 发送(hex): 03
[2026/09/16 21:51:12] 发送(hex): 0d
[2026/09/16 21:51:12] 发送(hex): 03
[2026/09/16 21:51:12] 发送(hex): 0d
[2026/09/16 21:51:12] 发送(hex): 03
[2026/09/16 21:51:12] 发送(hex): 0d
[2026/09/16 21:51:12] 发送(hex): 03
[2026/09/16 21:51:12] 发送(hex): 0d
[2026/09/16 21:51:12] 发送(hex): 03
[2026/09/16 21:51:12] 发送(hex): 0d
[2026/09/16 21:51:12] 发送(hex): 03
[2026/09/16 21:51:12] 发送(hex): 0d
[2026/09/16 21:51:12] 发送(hex): 03
[2026/09/16 21:51:12] 发送(hex): 0d
[2026/09/16 21:51:13] 发送(hex): 03
[2026/09/16 21:51:13] 发送(hex): 0d
[2026/09/16 21:51:13] 发送(hex): 03
[2026/09/16 21:51:13] 发送(hex): 0d
[2026/09/16 21:51:13] 发送(hex): 03
[2026/09/16 21:51:13] 发送(hex): 0d
[2026/09/16 21:51:13] 发送(hex): 03
[2026/09/16 21:51:13] 发送(hex): 0d
[2026/09/16 21:51:13] 发送(hex): 03
[2026/09/16 21:51:13] 发送(hex): 0d
[2026/09/16 21:51:13] 发送(hex): 03
[2026/09/16 21:51:13] 发送(hex): 0d
[2026/09/16 21:51:13] 发送(hex): 03
[2026/09/16 21:51:13] 发送(hex): 0d
[2026/09/16 21:51:13] 发送(hex): 03
[2026/09/16 21:51:13] 发送(hex): 0d
[2026/09/16 21:51:13] 发送(hex): 03
[2026/09/16 21:51:13] 发送(hex): 0d
[2026/09/16 21:51:13] 发送(hex): 03
[2026/09/16 21:51:13] 发送(hex): 0d
[2026/09/16 21:51:13] 发送(hex): 03
[2026/09/16 21:51:13] 发送(hex): 0d
[2026/09/16 21:51:13] 发送(hex): 03
[2026/09/16 21:51:13] 发送(hex): 0d
[2026/09/16 21:51:13] 发送(hex): 03
[2026/09/16 21:51:13] 发送(hex): 0d
[2026/09/16 21:51:13] 发送(hex): 03
[2026/09/16 21:51:13] 发送(hex): 0d
[2026/09/16 21:51:13] 发送(hex): 03
[2026/09/16 21:51:13] 发送(hex): 0d
[2026/09/16 21:51:13] 发送(hex): 03
[2026/09/16 21:51:13] 发送(hex): 0d
[2026/09/16 21:51:13] 发送(hex): 03
[2026/09/16 21:51:13] 发送(hex): 0d
[2026/09/16 21:51:13] 发送(hex): 03
[2026/09/16 21:51:13] 发送(hex): 0d
[2026/09/16 21:51:13] 发送(hex): 03
[2026/09/16 21:51:13] 发送(hex): 0d
[2026/09/16 21:51:13] 发送(hex): 03
[2026/09/16 21:51:13] 发送(hex): 0d
[2026/09/16 21:51:13] 发送(hex): 03
[2026/09/16 21:51:13] 发送(hex): 0d
[2026/09/16 21:51:13] 发送(hex): 03
[2026/09/16 21:51:13] 发送(hex): 0d
[2026/09/16 21:51:13] 发送(hex): 03
[2026/09/16 21:51:13] 发送(hex): 0d
[2026/09/16 21:51:13] 发送(hex): 03
[2026/09/16 21:51:13] 发送(hex): 0d
[2026/09/16 21:51:13] 发送(hex): 03
[2026/09/16 21:51:13] 发送(hex): 0d
[2026/09/16 21:51:13] 发送(hex): 03
[2026/09/16 21:51:13] 发送(hex): 0d
[2026/09/16 21:51:13] 发送(hex): 03
[2026/09/16 21:51:13] 发送(hex): 0d
[2026/09/16 21:51:13] 发送(hex): 03
[2026/09/16 21:51:13] 发送(hex): 0d
[2026/09/16 21:51:13] 发送(hex): 03
[2026/09/16 21:51:13] 发送(hex): 0d
[2026/09/16 21:51:13] 发送(hex): 03
[2026/09/16 21:51:13] 发送(hex): 0d
[2026/09/16 21:51:13] 发送(hex): 03
[2026/09/16 21:51:13] 发送(hex): 0d
[2026/09/16 21:51:13] 发送(hex): 03
[2026/09/16 21:51:13] 发送(hex): 0d
[2026/09/16 21:51:13] 发送(hex): 03
[2026/09/16 21:51:13] 发送(hex): 0d
[2026/09/16 21:51:13] 发送(hex): 03
[2026/09/16 21:51:13] 发送(hex): 0d
[2026/09/16 21:51:13] 发送(hex): 03
[2026/09/16 21:51:13] 发送(hex): 0d
[2026/09/16 21:51:13] 发送(hex): 03
[2026/09/16 21:51:13] 发送(hex): 0d
[2026/09/16 21:51:13] 发送(hex): 03
[2026/09/16 21:51:13] 发送(hex): 0d
[2026/09/16 21:51:13] 发送(hex): 03
[2026/09/16 21:51:13] 发送(hex): 0d
[2026/09/16 21:51:13] 发送(hex): 03
[2026/09/16 21:51:13] 发送(hex): 0d
[2026/09/16 21:51:13] 发送(hex): 03
[2026/09/16 21:51:13] 发送(hex): 0d
[2026/09/16 21:51:13] 发送(hex): 03
[2026/09/16 21:51:13] 发送(hex): 0d
[2026/09/16 21:51:13] 发送(hex): 03
[2026/09/16 21:51:13] 发送(hex): 0d
[2026/09/16 21:51:13] 发送(hex): 03
[2026/09/16 21:51:13] 发送(hex): 0d
[2026/09/16 21:51:13] 发送(hex): 03
[2026/09/16 21:51:13] 发送(hex): 0d
[2026/09/16 21:51:13] 发送(hex): 03
[2026/09/16 21:51:13] 发送(hex): 0d
[2026/09/16 21:51:13] 发送(hex): 03
[2026/09/16 21:51:13] 发送(hex): 0d
[2026/09/16 21:51:13] 发送(hex): 03
[2026/09/16 21:51:13] 发送(hex): 0d
[2026/09/16 21:51:13] 发送(hex): 03
[2026/09/16 21:51:14] 发送(hex): 0d
[2026/09/16 21:51:14] 发送(hex): 03
[2026/09/16 21:51:14] 发送(hex): 0d
[2026/09/16 21:51:14] 发送(hex): 03
[2026/09/16 21:51:14] 发送(hex): 0d
[2026/09/16 21:51:14] 发送(hex): 03
[2026/09/16 21:51:14] 发送(hex): 0d
[2026/09/16 21:51:14] 发送(hex): 03
[2026/09/16 21:51:14] 发送(hex): 0d
[2026/09/16 21:51:14] 发送(hex): 03
[2026/09/16 21:51:14] 发送(hex): 0d
[2026/09/16 21:51:14] 发送(hex): 03
[2026/09/16 21:51:14] 发送(hex): 0d
[2026/09/16 21:51:14] 发送(hex): 03
[2026/09/16 21:51:14] 发送(hex): 0d
[2026/09/16 21:51:14] 发送(hex): 03
[2026/09/16 21:51:14] 发送(hex): 0d
[2026/09/16 21:51:14] 发送(hex): 03
[2026/09/16 21:51:14] 发送(hex): 0d
[2026/09/16 21:51:14] 发送(hex): 03
[2026/09/16 21:51:14] 发送(hex): 0d
[2026/09/16 21:51:14] 发送(hex): 03
[2026/09/16 21:51:14] 发送(hex): 0d
[2026/09/16 21:51:14] 发送(hex): 03
[2026/09/16 21:51:14] 发送(hex): 0d
[2026/09/16 21:51:14] 发送(hex): 03
[2026/09/16 21:51:14] 发送(hex): 0d
[2026/09/16 21:51:14] 发送(hex): 03
[2026/09/16 21:51:14] 发送(hex): 0d
[2026/09/16 21:51:14] 发送(hex): 03
[2026/09/16 21:51:14] 发送(hex): 0d
[2026/09/16 21:51:14] 发送(hex): 03
[2026/09/16 21:51:14] 发送(hex): 0d
[2026/09/16 21:51:14] 发送(hex): 03
[2026/09/16 21:51:14] 发送(hex): 0d
[2026/09/16 21:51:14] 发送(hex): 03
[2026/09/16 21:51:14] 发送(hex): 0d
[2026/09/16 21:51:14] 发送(hex): 03
[2026/09/16 21:51:14] 发送(hex): 0d
[2026/09/16 21:51:14] 发送(hex): 03
[2026/09/16 21:51:14] 发送(hex): 0d
[2026/09/16 21:51:14] 发送(hex): 03
[2026/09/16 21:51:14] 发送(hex): 0d
[2026/09/16 21:51:14] 发送(hex): 03
[2026/09/16 21:51:14] 发送(hex): 0d
[2026/09/16 21:51:14] 发送(hex): 03
[2026/09/16 21:51:14] 发送(hex): 0d
[2026/09/16 21:51:14] 发送(hex): 03
[2026/09/16 21:51:14] 发送(hex): 0d
[2026/09/16 21:51:14] 发送(hex): 03
[2026/09/16 21:51:14] 发送(hex): 0d
[2026/09/16 21:51:14] 发送(hex): 03
[2026/09/16 21:51:14] 发送(hex): 0d
[2026/09/16 21:51:14] 发送(hex): 03
[2026/09/16 21:51:14] 发送(hex): 0d
[2026/09/16 21:51:14] 发送(hex): 03
[2026/09/16 21:51:14] 发送(hex): 0d
[2026/09/16 21:51:14] 发送(hex): 03
[2026/09/16 21:51:14] 发送(hex): 0d
[2026/09/16 21:51:14] 发送(hex): 03
[2026/09/16 21:51:14] 发送(hex): 0d
[2026/09/16 21:51:14] 发送(hex): 03
[2026/09/16 21:51:14] 发送(hex): 0d
[2026/09/16 21:51:14] 发送(hex): 03
[2026/09/16 21:51:14] 发送(hex): 0d
[2026/09/16 21:51:14] 发送(hex): 03
[2026/09/16 21:51:14] 发送(hex): 0d
[2026/09/16 21:51:14] 发送(hex): 03
[2026/09/16 21:51:14] 发送(hex): 0d
[2026/09/16 21:51:14] 发送(hex): 03
[2026/09/16 21:51:14] 发送(hex): 0d
[2026/09/16 21:51:14] 发送(hex): 03
[2026/09/16 21:51:14] 发送(hex): 0d
[2026/09/16 21:51:14] 发送(hex): 03
[2026/09/16 21:51:14] 发送(hex): 0d
[2026/09/16 21:51:14] 发送(hex): 03
[2026/09/16 21:51:14] 发送(hex): 0d
[2026/09/16 21:51:14] 发送(hex): 03
[2026/09/16 21:51:14] 发送(hex): 0d
[2026/09/16 21:51:14] 发送(hex): 03
[2026/09/16 21:51:14] 发送(hex): 0d
[2026/09/16 21:51:14] 发送(hex): 03
[2026/09/16 21:51:14] 发送(hex): 0d
[2026/09/16 21:51:14] 发送(hex): 03
[2026/09/16 21:51:14] 发送(hex): 0d
[2026/09/16 21:51:14] 发送(hex): 03
[2026/09/16 21:51:14] 发送(hex): 0d
[2026/09/16 21:51:14] 发送(hex): 03
[2026/09/16 21:51:14] 发送(hex): 0d
[2026/09/16 21:51:14] 发送(hex): 03
[2026/09/16 21:51:14] 发送(hex): 0d
[2026/09/16 21:51:14] 发送(hex): 03
[2026/09/16 21:51:14] 发送(hex): 0d
[2026/09/16 21:51:14] 发送(hex): 03
[2026/09/16 21:51:15] 发送(hex): 0d
[2026/09/16 21:51:15] 发送(hex): 03
[2026/09/16 21:51:15] 发送(hex): 0d
[2026/09/16 21:51:15] 发送(hex): 03
[2026/09/16 21:51:15] 发送(hex): 0d
[2026/09/16 21:51:15] 发送(hex): 03
[2026/09/16 21:51:15] 发送(hex): 0d
[2026/09/16 21:51:15] 发送(hex): 03
[2026/09/16 21:51:15] 发送(hex): 0d
[2026/09/16 21:51:15] 发送(hex): 03
[2026/09/16 21:51:15] 发送(hex): 0d
[2026/09/16 21:51:15] 发送(hex): 03
[2026/09/16 21:51:15] 发送(hex): 0d
[2026/09/16 21:51:15] 发送(hex): 03
[2026/09/16 21:51:15] 发送(hex): 0d
[2026/09/16 21:51:15] 发送(hex): 03
[2026/09/16 21:51:15] 发送(hex): 0d
[2026/09/16 21:51:15] 发送(hex): 03
[2026/09/16 21:51:15] 发送(hex): 0d
[2026/09/16 21:51:15] 发送(hex): 03
[2026/09/16 21:51:15] 发送(hex): 0d
[2026/09/16 21:51:15] 发送(hex): 03
[2026/09/16 21:51:15] 发送(hex): 0d
[2026/09/16 21:51:15] 发送(hex): 03
[2026/09/16 21:51:15] 发送(hex): 0d
[2026/09/16 21:51:15] 发送(hex): 03
[2026/09/16 21:51:15] 发送(hex): 0d
[2026/09/16 21:51:15] 发送(hex): 03
[2026/09/16 21:51:15] 发送(hex): 0d
[2026/09/16 21:51:15] 发送(hex): 03
[2026/09/16 21:51:15] 发送(hex): 0d
[2026/09/16 21:51:15] 发送(hex): 03
[2026/09/16 21:51:15] 发送(hex): 0d
[2026/09/16 21:51:15] 发送(hex): 03
[2026/09/16 21:51:15] 发送(hex): 0d
[2026/09/16 21:51:15] 发送(hex): 03
[2026/09/16 21:51:15] 发送(hex): 0d
[2026/09/16 21:51:15] 发送(hex): 03
[2026/09/16 21:51:15] 发送(hex): 0d
[2026/09/16 21:51:15] 发送(hex): 03
[2026/09/16 21:51:15] 发送(hex): 0d
[2026/09/16 21:51:15] 发送(hex): 03
[2026/09/16 21:51:15] 发送(hex): 0d
[2026/09/16 21:51:15] 发送(hex): 03
[2026/09/16 21:51:15] 发送(hex): 0d
[2026/09/16 21:51:15] 发送(hex): 03
[2026/09/16 21:51:15] 发送(hex): 0d
[2026/09/16 21:51:15] 发送(hex): 03
[2026/09/16 21:51:15] 发送(hex): 0d
[2026/09/16 21:51:15] 发送(hex): 03
[2026/09/16 21:51:15] 发送(hex): 0d
[2026/09/16 21:51:15] 发送(hex): 03
[2026/09/16 21:51:15] 发送(hex): 0d
[2026/09/16 21:51:15] 发送(hex): 03
[2026/09/16 21:51:15] 发送(hex): 0d
[2026/09/16 21:51:15] 发送(hex): 03
[2026/09/16 21:51:15] 发送(hex): 0d
[2026/09/16 21:51:15] 发送(hex): 03
[2026/09/16 21:51:15] 发送(hex): 0d
[2026/09/16 21:51:15] 发送(hex): 03
[2026/09/16 21:51:15] 发送(hex): 0d
[2026/09/16 21:51:15] 发送(hex): 03
[2026/09/16 21:51:15] 发送(hex): 0d
[2026/09/16 21:51:15] 发送(hex): 03
[2026/09/16 21:51:15] 发送(hex): 0d
[2026/09/16 21:51:15] 发送(hex): 03
[2026/09/16 21:51:15] 发送(hex): 0d
[2026/09/16 21:51:15] 发送(hex): 03
[2026/09/16 21:51:15] 发送(hex): 0d
[2026/09/16 21:51:15] 发送(hex): 03
[2026/09/16 21:51:15] 发送(hex): 0d
[2026/09/16 21:51:15] 发送(hex): 03
[2026/09/16 21:51:15] 发送(hex): 0d
[2026/09/16 21:51:15] 发送(hex): 03
[2026/09/16 21:51:15] 发送(hex): 0d
[2026/09/16 21:51:15] 发送(hex): 03
[2026/09/16 21:51:15] 发送(hex): 0d
[2026/09/16 21:51:15] 发送(hex): 03
[2026/09/16 21:51:15] 发送(hex): 0d
[2026/09/16 21:51:15] 发送(hex): 03
[2026/09/16 21:51:15] 发送(hex): 0d
[2026/09/16 21:51:15] 发送(hex): 03
[2026/09/16 21:51:15] 发送(hex): 0d
[2026/09/16 21:51:15] 发送(hex): 03
[2026/09/16 21:51:15] 发送(hex): 0d
[2026/09/16 21:51:15] 发送(hex): 03
[2026/09/16 21:51:15] 发送(hex): 0d
[2026/09/16 21:51:15] 发送(hex): 03
[2026/09/16 21:51:15] 发送(hex): 0d
[2026/09/16 21:51:15] 发送(hex): 03
[2026/09/16 21:51:15] 发送(hex): 0d
[2026/09/16 21:51:15] 发送(hex): 03
[2026/09/16 21:51:15] 发送(hex): 0d
[2026/09/16 21:51:15] 发送(hex): 03
[2026/09/16 21:51:16] 发送(hex): 0d
[2026/09/16 21:51:16] 发送(hex): 03
[2026/09/16 21:51:16] 发送(hex): 0d
[2026/09/16 21:51:16] 发送(hex): 03
[2026/09/16 21:51:16] 发送(hex): 0d
[2026/09/16 21:51:16] 发送(hex): 03
[2026/09/16 21:51:16] 发送(hex): 0d
[2026/09/16 21:51:16] 发送(hex): 03
[2026/09/16 21:51:16] 发送(hex): 0d
[2026/09/16 21:51:16] 发送(hex): 03
[2026/09/16 21:51:16] 发送(hex): 0d
[2026/09/16 21:51:16] 发送(hex): 03
[2026/09/16 21:51:16] 发送(hex): 0d
[2026/09/16 21:51:16] 发送(hex): 03
[2026/09/16 21:51:16] 发送(hex): 0d
[2026/09/16 21:51:16] 发送(hex): 03
[2026/09/16 21:51:16] 发送(hex): 0d
[2026/09/16 21:51:16] 发送(hex): 03
[2026/09/16 21:51:16] 发送(hex): 0d
[2026/09/16 21:51:16] 发送(hex): 03
[2026/09/16 21:51:16] 发送(hex): 0d
[2026/09/16 21:51:16] 发送(hex): 03
[2026/09/16 21:51:16] 发送(hex): 0d
[2026/09/16 21:51:16] 发送(hex): 03
[2026/09/16 21:51:16] 发送(hex): 0d
[2026/09/16 21:51:16] 发送(hex): 03
[2026/09/16 21:51:16] 发送(hex): 0d
[2026/09/16 21:51:16] 发送(hex): 03
[2026/09/16 21:51:16] 发送(hex): 0d
[2026/09/16 21:51:16] 发送(hex): 03
[2026/09/16 21:51:16] 发送(hex): 0d
[2026/09/16 21:51:16] 发送(hex): 03
[2026/09/16 21:51:16] 发送(hex): 0d
[2026/09/16 21:51:16] 发送(hex): 03
[2026/09/16 21:51:16] 发送(hex): 0d
[2026/09/16 21:51:16] 发送(hex): 03
[2026/09/16 21:51:16] 发送(hex): 0d
[2026/09/16 21:51:16] 发送(hex): 03
[2026/09/16 21:51:16] 发送(hex): 0d
[2026/09/16 21:51:16] 发送(hex): 03
[2026/09/16 21:51:16] 发送(hex): 0d
[2026/09/16 21:51:16] 发送(hex): 03
[2026/09/16 21:51:16] 发送(hex): 0d
[2026/09/16 21:51:16] 发送(hex): 03
[2026/09/16 21:51:16] 发送(hex): 0d
[2026/09/16 21:51:16] 发送(hex): 03
[2026/09/16 21:51:16] 发送(hex): 0d
[2026/09/16 21:51:16] 发送(hex): 03
[2026/09/16 21:51:16] 发送(hex): 0d
[2026/09/16 21:51:16] 发送(hex): 03
[2026/09/16 21:51:16] 发送(hex): 0d
[2026/09/16 21:51:16] 发送(hex): 03
[2026/09/16 21:51:16] 发送(hex): 0d
[2026/09/16 21:51:16] 发送(hex): 03
[2026/09/16 21:51:16] 发送(hex): 0d
[2026/09/16 21:51:16] 发送(hex): 03
[2026/09/16 21:51:16] 发送(hex): 0d
[2026/09/16 21:51:16] 发送(hex): 03
[2026/09/16 21:51:16] 发送(hex): 0d
[2026/09/16 21:51:16] 发送(hex): 03
[2026/09/16 21:51:16] 发送(hex): 0d
[2026/09/16 21:51:16] 发送(hex): 03
[2026/09/16 21:51:16] 发送(hex): 0d
[2026/09/16 21:51:16] 发送(hex): 03
[2026/09/16 21:51:16] 发送(hex): 0d
[2026/09/16 21:51:16] 发送(hex): 03
[2026/09/16 21:51:16] 发送(hex): 0d
[2026/09/16 21:51:16] 发送(hex): 03
[2026/09/16 21:51:16] 发送(hex): 0d
[2026/09/16 21:51:16] 发送(hex): 03
[2026/09/16 21:51:16] 发送(hex): 0d
[2026/09/16 21:51:16] 发送(hex): 03
[2026/09/16 21:51:16] 发送(hex): 0d
[2026/09/16 21:51:16] 发送(hex): 03
[2026/09/16 21:51:16] 发送(hex): 0d
[2026/09/16 21:51:16] 发送(hex): 03
[2026/09/16 21:51:16] 发送(hex): 0d
[2026/09/16 21:51:16] 发送(hex): 03
[2026/09/16 21:51:16] 发送(hex): 0d
[2026/09/16 21:51:16] 发送(hex): 03
[2026/09/16 21:51:16] 发送(hex): 0d
[2026/09/16 21:51:16] 发送(hex): 03
[2026/09/16 21:51:16] 发送(hex): 0d
[2026/09/16 21:51:16] 发送(hex): 03
[2026/09/16 21:51:16] 发送(hex): 0d
[2026/09/16 21:51:16] 发送(hex): 03
[2026/09/16 21:51:16] 发送(hex): 0d
[2026/09/16 21:51:16] 发送(hex): 03
[2026/09/16 21:51:16] 发送(hex): 0d
[2026/09/16 21:51:16] 发送(hex): 03
[2026/09/16 21:51:16] 发送(hex): 0d
[2026/09/16 21:51:16] 发送(hex): 03
[2026/09/16 21:51:16] 发送(hex): 0d
[2026/09/16 21:51:16] 发送(hex): 03
[2026/09/16 21:51:16] 发送(hex): 0d
[2026/09/16 21:51:17] 发送(hex): 03
[2026/09/16 21:51:17] 发送(hex): 0d
[2026/09/16 21:51:17] 发送(hex): 03
[2026/09/16 21:51:17] 发送(hex): 0d
[2026/09/16 21:51:17] 发送(hex): 03
[2026/09/16 21:51:17] 发送(hex): 0d
[2026/09/16 21:51:17] 发送(hex): 03
[2026/09/16 21:51:17] 发送(hex): 0d
[2026/09/16 21:51:17] 发送(hex): 03
[2026/09/16 21:51:17] 发送(hex): 0d
[2026/09/16 21:51:17] 发送(hex): 03
[2026/09/16 21:51:17] 发送(hex): 0d
[2026/09/16 21:51:17] 发送(hex): 03
[2026/09/16 21:51:17] 发送(hex): 0d
[2026/09/16 21:51:17] 发送(hex): 03
[2026/09/16 21:51:17] 发送(hex): 0d
[2026/09/16 21:51:17] 发送(hex): 03
[2026/09/16 21:51:17] 发送(hex): 0d
[2026/09/16 21:51:17] 发送(hex): 03
[2026/09/16 21:51:17] 发送(hex): 0d
[2026/09/16 21:51:17] 发送(hex): 03
[2026/09/16 21:51:17] 发送(hex): 0d
[2026/09/16 21:51:17] 发送(hex): 03
[2026/09/16 21:51:17] 发送(hex): 0d
[2026/09/16 21:51:17] 发送(hex): 03
[2026/09/16 21:51:17] 发送(hex): 0d
[2026/09/16 21:51:17] 发送(hex): 03
[2026/09/16 21:51:17] 发送(hex): 0d
[2026/09/16 21:51:17] 发送(hex): 03
[2026/09/16 21:51:17] 发送(hex): 0d
[2026/09/16 21:51:17] 发送(hex): 03
[2026/09/16 21:51:17] 发送(hex): 0d
[2026/09/16 21:51:17] 发送(hex): 03
[2026/09/16 21:51:17] 发送(hex): 0d
[2026/09/16 21:51:17] 发送(hex): 03
[2026/09/16 21:51:17] 发送(hex): 0d
[2026/09/16 21:51:17] 发送(hex): 03
[2026/09/16 21:51:17] console:/ $
[2026/09/16 21:51:18] 发送(hex): 0d
[2026/09/16 21:51:18] 发送(hex): 0d
[2026/09/16 21:51:18] 发送(hex): 0d
[2026/09/16 21:51:18] 发送(hex): 0d
[2026/09/16 21:51:18] console:/ $
[2026/09/16 21:51:18] 发送(hex): 0d
[2026/09/16 21:51:18] console:/ $
[2026/09/16 21:51:18] console:/ $
[2026/09/16 21:51:18] console:/ $
[2026/09/16 21:51:18] console:/ $
