[BEGIN] 2026/09/14 20:53:08
[2026/09/14 20:53:12] 发送(hex): 20
[2026/09/14 20:53:12] 发送(hex): 20
[2026/09/14 20:53:12] 发送(hex): 20
[2026/09/14 20:53:12] 发送(hex): 20
[2026/09/14 20:53:12] 发送(hex): 20
[2026/09/14 20:53:12] 发送(hex): 20
[2026/09/14 20:53:12] 发送(hex): 20
[2026/09/14 20:53:12] 发送(hex): 20
[2026/09/14 20:53:12] 发送(hex): 20
[2026/09/14 20:53:12] 发送(hex): 20
[2026/09/14 20:53:12] 发送(hex): 20
[2026/09/14 20:53:12] 发送(hex): 20
[2026/09/14 20:53:12] 发送(hex): 20
[2026/09/14 20:53:12] 发送(hex): 20
[2026/09/14 20:53:12] 发送(hex): 20
[2026/09/14 20:53:12] 发送(hex): 20
[2026/09/14 20:53:12] 发送(hex): 20
[2026/09/14 20:53:12] 发送(hex): 20
[2026/09/14 20:53:12] 发送(hex): 20
[2026/09/14 20:53:12] 发送(hex): 20
[2026/09/14 20:53:13] 发送(hex): 20
[2026/09/14 20:53:13] 发送(hex): 20
[2026/09/14 20:53:13] 发送(hex): 20
[2026/09/14 20:53:13] 发送(hex): 20
[2026/09/14 20:53:13] 发送(hex): 20
[2026/09/14 20:53:13] 发送(hex): 20
[2026/09/14 20:53:13] 发送(hex): 20
[2026/09/14 20:53:13] 发送(hex): 20
[2026/09/14 20:53:13] 发送(hex): 20
[2026/09/14 20:53:13] 发送(hex): 20
[2026/09/14 20:53:13] 发送(hex): 20
[2026/09/14 20:53:13] 发送(hex): 20
[2026/09/14 20:53:13] 发送(hex): 20
[2026/09/14 20:53:13] 发送(hex): 20
[2026/09/14 20:53:13] 发送(hex): 20
[2026/09/14 20:53:13] 发送(hex): 20
[2026/09/14 20:53:13] 发送(hex): 20
[2026/09/14 20:53:13] 发送(hex): 20
[2026/09/14 20:53:13] 发送(hex): 20
[2026/09/14 20:53:13] 发送(hex): 20
[2026/09/14 20:53:13] 发送(hex): 20
[2026/09/14 20:53:13] 发送(hex): 20
[2026/09/14 20:53:13] 发送(hex): 20
[2026/09/14 20:53:13] 发送(hex): 20
[2026/09/14 20:53:13] 发送(hex): 20
[2026/09/14 20:53:13] 发送(hex): 20
[2026/09/14 20:53:13] 发送(hex): 20
[2026/09/14 20:53:13] 发送(hex): 20
[2026/09/14 20:53:13] 发送(hex): 20
[2026/09/14 20:53:13] 发送(hex): 20
[2026/09/14 20:53:13] 发送(hex): 20
[2026/09/14 20:53:13] 发送(hex): 20
[2026/09/14 20:53:13] 发送(hex): 20
[2026/09/14 20:53:13] 发送(hex): 20
[2026/09/14 20:53:13] 发送(hex): 20
[2026/09/14 20:53:13] $
[2026/09/14 20:53:13] Post romcode git ver:42df880604ac78a3 (Aug 28 2026 21:41:35)
[2026/09/14 20:53:13] $
[2026/09/14 20:53:13] Hello world, RTD2875P_CN2_TV030!
[2026/09/14 20:53:13] set_wifi_reset
[2026/09/14 20:53:13] Auxcode git ver:3a4deb9ea300359e (Aug 28 2026 21:41:29)
[2026/09/14 20:53:13] flash_type = 2, secure_type = 2
[2026/09/14 20:53:13] b8062204=0
[2026/09/14 20:53:13] 发送(hex): 20
[2026/09/14 20:53:13] 发送(hex): 20
[2026/09/14 20:53:13] slot info 0 0x0 info 1 0x0
[2026/09/14 20:53:13] invalid reg slot status 0x0,
[2026/09/14 20:53:13] 发送(hex): 20
[2026/09/14 20:53:13] 发送(hex): 20
[2026/09/14 20:53:13] 发送(hex): 20
[2026/09/14 20:53:13] 发送(hex): 20
[2026/09/14 20:53:13] 发送(hex): 20
[2026/09/14 20:53:13] 发送(hex): 20
[2026/09/14 20:53:13] 发送(hex): 20
[2026/09/14 20:53:13] 发送(hex): 20
[2026/09/14 20:53:13] get slot info from flash!
[2026/09/14 20:53:13] g_gpt_blk_start 0x1  g_offline_gpt 0x0 last_usable_lba 0x1cd2032 num_partition_entries 0x32
[2026/09/14 20:53:13] start 0x2e600000 clt_blk 0x1973004 ctrl size 0x20
[2026/09/14 20:53:13] choose active index 0
[2026/09/14 20:53:13] part name bootloader ative_slot _a real part name bootloader_a
[2026/09/14 20:53:13] part name hwsetting start 0x100000 size 0x33600
[2026/09/14 20:53:13] part name ext_fw start 0x133600 size 0x10400
[2026/09/14 20:53:13] part name kboot start 0x143a00 size 0x16e00
[2026/09/14 20:53:13] part name uboot start 0x15a800 size 0x120400
[2026/09/14 20:53:13] ls4 2 1 = 800040aa 8000207f 80001000
[2026/09/14 20:53:13] fNewHWsettingArch = 2
[2026/09/14 20:53:13] 1.lsadcidx = 2, brand =3, offset = 0
[2026/09/14 20:53:13] 1.lsadcidx = 2, brand =3, offset = 17800
[2026/09/14 20:53:13] hwsetting from mmc
[2026/09/14 20:53:13] AC on HW offset 0x809 start 0x800 reg 0x8090800
[2026/09/14 20:53:13] total = 2f00
[2026/09/14 20:53:13] 发送(hex): 20
[2026/09/14 20:53:13] 发送(hex): 20
[2026/09/14 20:53:13] 发送(hex): 20
[2026/09/14 20:53:13] 发送(hex): 20
[2026/09/14 20:53:13] A
[2026/09/14 20:53:13] 发送(hex): 20
[2026/09/14 20:53:13] 发送(hex): 20
[2026/09/14 20:53:13] A
[2026/09/14 20:53:13] 发送(hex): 20
[2026/09/14 20:53:13] A
[2026/09/14 20:53:13] A
[2026/09/14 20:53:13] 发送(hex): 20
[2026/09/14 20:53:13] 发送(hex): 20
[2026/09/14 20:53:13] A
[2026/09/14 20:53:13] 发送(hex): 20
[2026/09/14 20:53:13] 发送(hex): 20
[2026/09/14 20:53:13] {12 14}
[2026/09/14 20:53:13] ffeeddffeeddddr ver: 62c63180
[2026/09/14 20:53:13] ori DQS0~7 {03 04 1a 1c 00 01 00 00}
[2026/09/14 20:53:13] 发送(hex): 20
[2026/09/14 20:53:13] 发送(hex): 20
[2026/09/14 20:53:13] 发送(hex): 20
[2026/09/14 20:53:13] 发送(hex): 20
[2026/09/14 20:53:13] 发送(hex): 20
[2026/09/14 20:53:13] 发送(hex): 20
[2026/09/14 20:53:13] 发送(hex): 20
[2026/09/14 20:53:13] {01 03 19 1b 00 01 00 00} {08 09 06 09 06 06 00 00}
[2026/09/14 20:53:13] r.y.0
[2026/09/14 20:53:13] 发送(hex): 20
[2026/09/14 20:53:13] 发送(hex): 20
[2026/09/14 20:53:13] r.y.0 SCPU BISR status: Done
[2026/09/14 20:53:13] 发送(hex): 20
[2026/09/14 20:53:13] [go kb]
[2026/09/14 20:53:13] 发送(hex): 20
[2026/09/14 20:53:13] 发送(hex): 20
[2026/09/14 20:53:13] 发送(hex): 20
[2026/09/14 20:53:13] 发送(hex): 20
[2026/09/14 20:53:13] pass bootcode info to kboot
[2026/09/14 20:53:13] num=1100
[2026/09/14 20:53:13] boot_magic=0Í
[2026/09/14 20:53:13] ---DEBUG kboot 21:41:14 Aug 28 2026 ---
[2026/09/14 20:53:13] [Kboot]eMMC(mid-15) MMC_HS50 (50000000Mhz)[8bit].
[2026/09/14 20:53:13] block info 0x1cd2032 0x3a3e000.
[2026/09/14 20:53:13] [MMC] 32 -----------> 16GB.
[2026/09/14 20:53:13] 发送(hex): 20
[2026/09/14 20:53:13] (00000000) (0) bufsize=(null)
[2026/09/14 20:53:13] 发送(hex): 20
[2026/09/14 20:53:13] 发送(hex): 20
[2026/09/14 20:53:13] 发送(hex): 20
[2026/09/14 20:53:13] uboot start 0x15a800 size 0x120400
[2026/09/14 20:53:13] 发送(hex): 20
[2026/09/14 20:53:13] 发送(hex): 20
[2026/09/14 20:53:13] board_vers
[2026/09/14 20:53:13] 发送(hex): 20
[2026/09/14 20:53:13] 发送(hex): 20
[2026/09/14 20:53:13] ion: ls1 = 0, ver: 0
[2026/09/14 20:53:13] [0;31mapp_main 325 board_version=0[0m
[2026/09/14 20:53:13] 发送(hex): 20
[2026/09/14 20:53:13] 发送(hex): 20
[2026/09/14 20:53:13] 发送(hex): 20
[2026/09/14 20:53:13] 发送(hex): 20
[2026/09/14 20:53:13] 发送(hex): 20
[2026/09/14 20:53:13] 发送(hex): 20
[2026/09/14 20:53:13] get FW_TZFW flash start 0xf100200 ddr buf start 0x180000 image size 010c2e3 ok!
[2026/09/14 20:53:13] [INFO]RPMB auth key not written !
[2026/09/14 20:53:13] [INFO]RPMB auth key not written !
[2026/09/14 20:53:13] Current board is not frist boot.
[2026/09/14 20:53:13] ALL zero, reserved_3 has removed.
[2026/09/14 20:53:13] Current board remove reserved_3 done.
[2026/09/14 20:53:13] 发送(hex): 20
[2026/09/14 20:53:13] 发送(hex): 20
[2026/09/14 20:53:13] 发送(hex): 20
[2026/09/14 20:53:13] 发送(hex): 20
[2026/09/14 20:53:13] 发送(hex): 20
[2026/09/14 20:53:13] 发送(hex): 20
[2026/09/14 20:53:13] 发送(hex): 20
[2026/09/14 20:53:13] 发送(hex): 20
[2026/09/14 20:53:13] 发送(hex): 20
[2026/09/14 20:53:14] 发送(hex): 20
[2026/09/14 20:53:14] 发送(hex): 20
[2026/09/14 20:53:14] 发送(hex): 20
[2026/09/14 20:53:14] 发送(hex): 20
[2026/09/14 20:53:14] 发送(hex): 20
[2026/09/14 20:53:14] 发送(hex): 20
[2026/09/14 20:53:14] 发送(hex): 20
[2026/09/14 20:53:14] 发送(hex): 20
[2026/09/14 20:53:14] 发送(hex): 20
[2026/09/14 20:53:14] get FW_VKERNEL flash s
[2026/09/14 20:53:14] 发送(hex): 20
[2026/09/14 20:53:14] 发送(hex): 20
[2026/09/14 20:53:14] tart 0xc100200 ddr buf start 0x1a900000 image size 05f0300 ok!
[2026/09/14 20:53:14] 发送(hex): 20
[2026/09/14 20:53:14] 发送(hex): 20
[2026/09/14 20:53:14] 发送(hex): 20
[2026/09/14 20:53:14] 发送(hex): 20
[2026/09/14 20:53:14] get FW_VKERNEL2 flash start 0xd900200 ddr buf start 0x1af00000 image size 0f4920 ok!
[2026/09/14 20:53:14] 发送(hex): 20
[2026/09/14 20:53:14] 发送(hex): 20
[2026/09/14 20:53:14] 发送(hex): 20
[2026/09/14 20:53:14] 发送(hex): 20
[2026/09/14 20:53:14] 发送(hex): 20
[2026/09/14 20:53:14] 发送(hex): 20
[2026/09/14 20:53:14] 发送(hex): 20
[2026/09/14 20:53:14] 发送(hex): 20
[2026/09/14 20:53:14] 发送(hex): 20
[2026/09/14 20:53:14] 发送(hex): 20
[2026/09/14 20:53:14] 发送(hex): 20
[2026/09/14 20:53:14] 发送(hex): 20
[2026/09/14 20:53:14] 发送(hex): 20
[2026/09/14 20:53:14] 发送(hex): 20
[2026/09/14 20:53:14] 发送(hex): 20
[2026/09/14 20:53:14] 发送(hex): 20
[2026/09/14 20:53:14] 发送(hex): 20
[2026/09/14 20:53:14] 发送(hex): 20
[2026/09/14 20:53:14] 发送(hex): 20
[2026/09/14 20:53:14] 发送(hex): 20
[2026/09/14 20:53:14] 发送(hex): 20
[2026/09/14 20:53:14] 发送(hex): 20
[2026/09/14 20:53:14] 发送(hex): 20
[2026/09/14 20:53:14] 发送(hex): 20
[2026/09/14 20:53:14] 发送(hex): 20
[2026/09/14 20:53:14] 发送(hex): 20
[2026/09/14 20:53:14] get FW_AKERNEL flash start 0xa900200 ddr buf start 0x1b200000 image size 07fbf7c ok!
[2026/09/14 20:53:14] 发送(hex): 20
[2026/09/14 20:53:14] 发送(hex): 20
[2026/09/14 20:53:14] 发送(hex): 20
[2026/09/14 20:53:14] 发送(hex): 20
[2026/09/14 20:53:14] 发送(hex): 20
[2026/09/14 20:53:14] 发送(hex): 20
[2026/09/14 20:53:14] 发送(hex): 20
[2026/09/14 20:53:14] 发送(hex): 20
[2026/09/14 20:53:14] 发送(hex): 20
[2026/09/14 20:53:14] 发送(hex): 20
[2026/09/14 20:53:14] 发送(hex): 20
[2026/09/14 20:53:14] ATFATFATF:0 1 NOTICE: kill CPU(2)...
[2026/09/14 20:53:14] ATF:0 1 NOTICE: kill (2) : PACTIVE:0
[2026/09/14 20:53:14] ATF:0 1 NOTICE:  CPU(2) kill done, pstate(0x0)
[2026/09/14 20:53:14] 发送(hex): 20
[2026/09/14 20:53:14] U
[2026/09/14 20:53:14] 发送(hex): 20
[2026/09/14 20:53:14] 发送(hex): 20
[2026/09/14 20:53:14] 发送(hex): 20
[2026/09/14 20:53:14] 发送(hex): 20
[2026/09/14 20:53:14] 发送(hex): 20
[2026/09/14 20:53:14] 发送(hex): 20
[2026/09/14 20:53:14] 发送(hex): 20
[2026/09/14 20:53:14] 发送(hex): 20
[2026/09/14 20:53:14] 发送(hex): 20
[2026/09/14 20:53:14] 发送(hex): 20
[2026/09/14 20:53:14] 发送(hex): 20
[2026/09/14 20:53:14] 发送(hex): 20
[2026/09/14 20:53:14] 发送(hex): 20
[2026/09/14 20:53:14] 发送(hex): 20
[2026/09/14 20:53:14] 发送(hex): 20
[2026/09/14 20:53:14] 发送(hex): 20
[2026/09/14 20:53:14] 发送(hex): 20
[2026/09/14 20:53:14] fixup_node_name 555. set /reserved-memory@5 to /reserved-memory
[2026/09/14 20:53:14] fixup_node_name 555. set /rtk_cma@5 to /rtk_cma
[2026/09/14 20:53:14] ### [1;31mERROR[0m ### get_movablecore 613. Can't find dtb node /reserved-memory/cma2_memory/reg
[2026/09/14 20:53:14] reinit_mem_info 1049  ddr_size 80000000
[2026/09/14 20:53:14] 发送(hex): 20
[2026/09/14 20:53:14] 发送(hex): 20
[2026/09/14 20:53:14] booting, boot_led_type: 0x00000000, led on[1]
[2026/09/14 20:53:14] set share register: 0x99100000
[2026/09/14 20:53:14] boot_power_on_mode=1
[2026/09/14 20:53:14] [get_layout:1264]!
[2026/09/14 20:53:14] 发送(hex): 20
[2026/09/14 20:53:14] 发送(hex): 20
[2026/09/14 20:53:14] 发送(hex): 20
[2026/09/14 20:53:14] 发送(hex): 20
[2026/09/14 20:53:14] 发送(hex): 20
[2026/09/14 20:53:14] 发送(hex): 20
[2026/09/14 20:53:14] 发送(hex): 20
[2026/09/14 20:53:14] boot_part value = 0 boot_tag value = 21
[2026/09/14 20:53:14] [get_oemkey] 1397: get oem.key = ATV00107525
[2026/09/14 20:53:14] Factory_RO: [EXT4] factory_ro_buffer:0a800000, factory_ro_buffer size:0x1000000!
[2026/09/14 20:53:14] Partiton factory_ro_a located at 0:6
[2026/09/14 20:53:14] factory_ro_a partition can not find /.000@bk@***!
[2026/09/14 20:53:14] Factory RO no need recovery!
[2026/09/14 20:53:14] Get tvconfigs_a partition block device index fail!
[2026/09/14 20:53:14] read customer.ini file fail!
[2026/09/14 20:53:14] parse SYS_INI path fail
[2026/09/14 20:53:14] Not support board ini mechansim!
[2026/09/14 20:53:14] Get tvconfigs_a partition block device index fail!
[2026/09/14 20:53:14] read customer.ini file fail!
[2026/09/14 20:53:14] parse SYS_INI path fail
[2026/09/14 20:53:14] load model ini file fail
[2026/09/14 20:53:14] cannot find PcbPath from ini file
[2026/09/14 20:53:14] no pcb.config in tvconfigs
[2026/09/14 20:53:14] no mnt/vendor/factorypcb.config
[2026/09/14 20:53:14] 发送(hex): 20
[2026/09/14 20:53:14] 发送(hex): 20
[2026/09/14 20:53:14] 发送(hex): 20
[2026/09/14 20:53:14] 发送(hex): 20
[2026/09/14 20:53:14] 发送(hex): 20
[2026/09/14 20:53:14] 发送(hex): 20
[2026/09/14 20:53:14] 发送(hex): 20
[2026/09/14 20:53:14] 发送(hex): 20
[2026/09/14 20:53:14] 发送(hex): 20
[2026/09/14 20:53:14] 发送(hex): 20
[2026/09/14 20:53:14] 发送(hex): 20
[2026/09/14 20:53:14] 发送(hex): 20
[2026/09/14 20:53:14] 发送(hex): 20
[2026/09/14 20:53:14] 发送(hex): 20
[2026/09/14 20:53:14] 发送(hex): 20
[2026/09/14 20:53:15] 发送(hex): 20
[2026/09/14 20:53:15] 发送(hex): 20
[2026/09/14 20:53:15] 发送(hex): 20
[2026/09/14 20:53:15] 发送(hex): 20
[2026/09/14 20:53:15] 发送(hex): 20
[2026/09/14 20:53:15] 发送(hex): 20
[2026/09/14 20:53:15] 发送(hex): 20
[2026/09/14 20:53:15] 发送(hex): 20
[2026/09/14 20:53:15] 发送(hex): 20
[2026/09/14 20:53:15] 发送(hex): 20
[2026/09/14 20:53:15] 发送(hex): 20
[2026/09/14 20:53:15] 发送(hex): 20
[2026/09/14 20:53:15] 发送(hex): 20
[2026/09/14 20:53:15] 发送(hex): 20
[2026/09/14 20:53:15] 发送(hex): 20
[2026/09/14 20:53:15] 发送(hex): 20
[2026/09/14 20:53:15] 发送(hex): 20
[2026/09/14 20:53:15] 发送(hex): 20
[2026/09/14 20:53:15] 发送(hex): 20
[2026/09/14 20:53:15] 发送(hex): 20
[2026/09/14 20:53:15] 发送(hex): 20
[2026/09/14 20:53:15] 发送(hex): 20
[2026/09/14 20:53:15] 发送(hex): 20
[2026/09/14 20:53:15] 发送(hex): 20
[2026/09/14 20:53:15] 发送(hex): 20
[2026/09/14 20:53:15] 发送(hex): 20
[2026/09/14 20:53:15] 发送(hex): 20
[2026/09/14 20:53:15] 发送(hex): 20
[2026/09/14 20:53:15] 发送(hex): 20
[2026/09/14 20:53:15] 发送(hex): 20
[2026/09/14 20:53:15] 发送(hex): 20
[2026/09/14 20:53:15] 发送(hex): 20
[2026/09/14 20:53:15] 发送(hex): 20
[2026/09/14 20:53:15] 发送(hex): 20
[2026/09/14 20:53:15] 发送(hex): 20
[2026/09/14 20:53:15] 发送(hex): 20
[2026/09/14 20:53:15] 发送(hex): 20
[2026/09/14 20:53:15] 发送(hex): 20
[2026/09/14 20:53:15] 发送(hex): 20
[2026/09/14 20:53:15] 发送(hex): 20
[2026/09/14 20:53:15] 发送(hex): 20
[2026/09/14 20:53:15] 发送(hex): 20
[2026/09/14 20:53:15] 发送(hex): 20
[2026/09/14 20:53:15] 发送(hex): 20
[2026/09/14 20:53:15] 发送(hex): 20
[2026/09/14 20:53:15] 发送(hex): 20
[2026/09/14 20:53:15] 发送(hex): 20
[2026/09/14 20:53:15] 发送(hex): 20
[2026/09/14 20:53:15] 发送(hex): 20
[2026/09/14 20:53:15] 发送(hex): 20
[2026/09/14 20:53:15] 发送(hex): 20
[2026/09/14 20:53:15] 发送(hex): 20
[2026/09/14 20:53:15] 发送(hex): 20
[2026/09/14 20:53:15] 发送(hex): 20
[2026/09/14 20:53:15] 发送(hex): 20
[2026/09/14 20:53:15] 发送(hex): 20
[2026/09/14 20:53:15] 发送(hex): 20
[2026/09/14 20:53:15] 发送(hex): 20
[2026/09/14 20:53:15] 发送(hex): 20
[2026/09/14 20:53:15] 发送(hex): 20
[2026/09/14 20:53:15] 发送(hex): 20
[2026/09/14 20:53:15] 发送(hex): 20
[2026/09/14 20:53:15] 发送(hex): 20
[2026/09/14 20:53:15] 发送(hex): 20
[2026/09/14 20:53:15] 发送(hex): 20
[2026/09/14 20:53:15] 发送(hex): 20
[2026/09/14 20:53:15] 发送(hex): 20
[2026/09/14 20:53:15] 发送(hex): 20
[2026/09/14 20:53:15] 发送(hex): 20
[2026/09/14 20:53:15] 发送(hex): 20
[2026/09/14 20:53:15] 发送(hex): 20
[2026/09/14 20:53:15] 发送(hex): 20
[2026/09/14 20:53:15] 发送(hex): 20
[2026/09/14 20:53:15] 发送(hex): 20
[2026/09/14 20:53:15] 发送(hex): 20
[2026/09/14 20:53:15] 发送(hex): 20
[2026/09/14 20:53:15] 发送(hex): 20
[2026/09/14 20:53:15] 发送(hex): 20
[2026/09/14 20:53:15] 发送(hex): 20
[2026/09/14 20:53:15] 发送(hex): 20
[2026/09/14 20:53:15] 发送(hex): 20
[2026/09/14 20:53:15] 发送(hex): 20
[2026/09/14 20:53:15] 发送(hex): 20
[2026/09/14 20:53:15] 发送(hex): 20
[2026/09/14 20:53:15] 发送(hex): 20
[2026/09/14 20:53:15] 发送(hex): 20
[2026/09/14 20:53:15] 发送(hex): 20
[2026/09/14 20:53:15] 发送(hex): 20
[2026/09/14 20:53:15] 发送(hex): 20
[2026/09/14 20:53:15] 发送(hex): 20
[2026/09/14 20:53:15] 发送(hex): 20
[2026/09/14 20:53:15] 发送(hex): 20
[2026/09/14 20:53:15] 发送(hex): 20
[2026/09/14 20:53:15] 发送(hex): 20
[2026/09/14 20:53:16] 发送(hex): 20
[2026/09/14 20:53:16] 发送(hex): 20
[2026/09/14 20:53:16] 发送(hex): 20
[2026/09/14 20:53:16] 发送(hex): 20
[2026/09/14 20:53:16] 发送(hex): 20
[2026/09/14 20:53:16] 发送(hex): 20
[2026/09/14 20:53:16] 发送(hex): 20
[2026/09/14 20:53:16] 发送(hex): 20
[2026/09/14 20:53:16] 发送(hex): 20
[2026/09/14 20:53:16] 发送(hex): 20
[2026/09/14 20:53:16] 发送(hex): 20
[2026/09/14 20:53:16] 发送(hex): 20
[2026/09/14 20:53:16] 发送(hex): 20
[2026/09/14 20:53:16] 发送(hex): 20
[2026/09/14 20:53:16] 发送(hex): 20
[2026/09/14 20:53:16] 发送(hex): 20
[2026/09/14 20:53:16] 发送(hex): 20
[2026/09/14 20:53:16] 发送(hex): 20
[2026/09/14 20:53:16] 发送(hex): 20
[2026/09/14 20:53:16] 发送(hex): 20
[2026/09/14 20:53:16] 发送(hex): 20
[2026/09/14 20:53:16] 发送(hex): 20
[2026/09/14 20:53:16] 发送(hex): 20
[2026/09/14 20:53:16] 发送(hex): 20
[2026/09/14 20:53:16] 发送(hex): 20
[2026/09/14 20:53:16] 发送(hex): 20
[2026/09/14 20:53:16] 发送(hex): 20
[2026/09/14 20:53:16] 发送(hex): 20
[2026/09/14 20:53:16] 发送(hex): 20
[2026/09/14 20:53:16] 发送(hex): 20
[2026/09/14 20:53:16] 发送(hex): 20
[2026/09/14 20:53:16] 发送(hex): 20
[2026/09/14 20:53:16] 发送(hex): 20
[2026/09/14 20:53:16] 发送(hex): 20
[2026/09/14 20:53:16] 发送(hex): 20
[2026/09/14 20:53:16] 发送(hex): 20
[2026/09/14 20:53:16] 发送(hex): 20
[2026/09/14 20:53:16] 发送(hex): 20
[2026/09/14 20:53:16] 发送(hex): 20
[2026/09/14 20:53:16] 发送(hex): 20
[2026/09/14 20:53:16] 发送(hex): 20
[2026/09/14 20:53:16] 发送(hex): 20
[2026/09/14 20:53:16] 发送(hex): 20
[2026/09/14 20:53:16] 发送(hex): 20
[2026/09/14 20:53:16] 发送(hex): 20
[2026/09/14 20:53:16] 发送(hex): 20
[2026/09/14 20:53:16] 发送(hex): 20
[2026/09/14 20:53:16] 发送(hex): 20
[2026/09/14 20:53:16] 发送(hex): 20
[2026/09/14 20:53:16] 发送(hex): 20
[2026/09/14 20:53:16] 发送(hex): 20
[2026/09/14 20:53:16] 发送(hex): 20
[2026/09/14 20:53:16] 发送(hex): 20
[2026/09/14 20:53:16] 发送(hex): 20
[2026/09/14 20:53:16] 发送(hex): 20
[2026/09/14 20:53:16] 发送(hex): 20
[2026/09/14 20:53:16] 发送(hex): 20
[2026/09/14 20:53:16] 发送(hex): 20
[2026/09/14 20:53:16] 发送(hex): 20
[2026/09/14 20:53:16] 发送(hex): 20
[2026/09/14 20:53:16] 发送(hex): 20
[2026/09/14 20:53:16] 发送(hex): 20
[2026/09/14 20:53:16] 发送(hex): 20
[2026/09/14 20:53:16] 发送(hex): 20
[2026/09/14 20:53:16] 发送(hex): 20
[2026/09/14 20:53:16] delay:427
[2026/09/14 20:53:16] 发送(hex): 20
[2026/09/14 20:53:16] 发送(hex): 20
[2026/09/14 20:53:16] 发送(hex): 20
[2026/09/14 20:53:16] 发送(hex): 20
[2026/09/14 20:53:16] 发送(hex): 20
[2026/09/14 20:53:16] 发送(hex): 20
[2026/09/14 20:53:16] 发送(hex): 20
[2026/09/14 20:53:16] 发送(hex): 20
[2026/09/14 20:53:16] 发送(hex): 20
[2026/09/14 20:53:16] 发送(hex): 20
[2026/09/14 20:53:16] 发送(hex): 20
[2026/09/14 20:53:16] 发送(hex): 20
[2026/09/14 20:53:16] 发送(hex): 20
[2026/09/14 20:53:16] 发送(hex): 20
[2026/09/14 20:53:16] 发送(hex): 20
[2026/09/14 20:53:16] 发送(hex): 20
[2026/09/14 20:53:16] 发送(hex): 20
[2026/09/14 20:53:16] 发送(hex): 20
[2026/09/14 20:53:16] 发送(hex): 20
[2026/09/14 20:53:16] 发送(hex): 20
[2026/09/14 20:53:16] 发送(hex): 20
[2026/09/14 20:53:16] 发送(hex): 20
[2026/09/14 20:53:16] 发送(hex): 20
[2026/09/14 20:53:16] 发送(hex): 20
[2026/09/14 20:53:16] 发送(hex): 20
[2026/09/14 20:53:16] 发送(hex): 20
[2026/09/14 20:53:16] 发送(hex): 20
[2026/09/14 20:53:16] 发送(hex): 20
[2026/09/14 20:53:17] 发送(hex): 20
[2026/09/14 20:53:17] 发送(hex): 20
[2026/09/14 20:53:17] 发送(hex): 20
[2026/09/14 20:53:17] 发送(hex): 20
[2026/09/14 20:53:17] 发送(hex): 20
[2026/09/14 20:53:17] Net:   r8168: REALTE
[2026/09/14 20:53:17] 发送(hex): 20
[2026/09/14 20:53:17] 发送(hex): 20
[2026/09/14 20:53:17] K RTL8168 @0x18016000
[2026/09/14 20:53:17] 发送(hex): 20
[2026/09/14 20:53:17] Start Boot Setup ...
[2026/09/14 20:53:17] (power
[2026/09/14 20:53:17] 发送(hex): 20
[2026/09/14 20:53:17] 发送(hex): 20
[2026/09/14 20:53:17] Mgr_get_wakeup_source)2012/05/30 19:50
[2026/09/14 20:53:17] wakeup source : AC
[2026/09/14 20:53:17] 发送(hex): 20
[2026/09/14 20:53:17] 发送(hex): 20
[2026/09/14 20:53:17] 发送(hex): 20
[2026/09/14 20:53:17] (powerMgr_get_wakeup_source)2012/05/30 19:50
[2026/09/14 20:53:17] wakeup source : AC
[2026/09/14 20:53:17] wakeup_src=0, boot_logo_enable=1, bgm_boot_type=0, POWER_ON_MODE_SILEN=0.
[2026/09/14 20:53:17] 发送(hex): 20
[2026/09/14 20:53:17] 发送(hex): 20
[2026/09/14 20:53:17] GDMA module_init finish
[2026/09/14 20:53:17] [GDMA] OSD siz
[2026/09/14 20:53:17] 发送(hex): 20
[2026/09/14 20:53:17] 发送(hex): 20
[2026/09/14 20:53:17] e[3840,2160]
[2026/09/14 20:53:17] [GDMA] gdma_showlogo gdma show logo 3820
[2026/09/14 20:53:17] Net:   r8168: REALTEK RTL8168 @0x18016000
[2026/09/14 20:53:17] 发送(hex): 20
[2026/09/14 20:53:17] ## Android
[2026/09/14 20:53:17] 发送(hex): 20
[2026/09/14 20:53:17] 发送(hex): 20
[2026/09/14 20:53:17] Verified Boot 2.0 version 1.1.0
[2026/09/14 20:53:17] 发送(hex): 20
[2026/09/14 20:53:17] 发送(hex): 20
[2026/09/14 20:53:17] 发送(hex): 20
[2026/09/14 20:53:17] 发送(hex): 20
[2026/09/14 20:53:17] 发送(hex): 20
[2026/09/14 20:53:17] 发送(hex): 20
[2026/09/14 20:53:17] 发送(hex): 20
[2026/09/14 20:53:17] 发送(hex): 20
[2026/09/14 20:53:17] 发送(hex): 20
[2026/09/14 20:53:17] 发送(hex): 20
[2026/09/14 20:53:17] 发送(hex): 20
[2026/09/14 20:53:17] 发送(hex): 20
[2026/09/14 20:53:17] 发送(hex): 20
[2026/09/14 20:53:17] 发送(hex): 20
[2026/09/14 20:53:17] 发送(hex): 20
[2026/09/14 20:53:17] 发送(hex): 20
[2026/09/14 20:53:17] 发送(hex): 20
[2026/09/14 20:53:17] 发送(hex): 20
[2026/09/14 20:53:17] 发送(hex): 20
[2026/09/14 20:53:17] 发送(hex): 20
[2026/09/14 20:53:17] 发送(hex): 20
[2026/09/14 20:53:17] 发送(hex): 20
[2026/09/14 20:53:17] 发送(hex): 20
[2026/09/14 20:53:17] 发送(hex): 20
[2026/09/14 20:53:17] 发送(hex): 20
[2026/09/14 20:53:17] 发送(hex): 20
[2026/09/14 20:53:17] 发送(hex): 20
[2026/09/14 20:53:17] 发送(hex): 20
[2026/09/14 20:53:17] 发送(hex): 20
[2026/09/14 20:53:17] 发送(hex): 20
[2026/09/14 20:53:17] 发送(hex): 20
[2026/09/14 20:53:17] 发送(hex): 20
[2026/09/14 20:53:17] 发送(hex): 20
[2026/09/14 20:53:17] 发送(hex): 20
[2026/09/14 20:53:17] 发送(hex): 20
[2026/09/14 20:53:17] 发送(hex): 20
[2026/09/14 20:53:17] 发送(hex): 20
[2026/09/14 20:53:17] 发送(hex): 20
[2026/09/14 20:53:17] 发送(hex): 20
[2026/09/14 20:53:17] 发送(hex): 20
[2026/09/14 20:53:17] 发送(hex): 20
[2026/09/14 20:53:17] 发送(hex): 20
[2026/09/14 20:53:17] 发送(hex): 20
[2026/09/14 20:53:17] 发送(hex): 20
[2026/09/14 20:53:17] 发送(hex): 20
[2026/09/14 20:53:17] 发送(hex): 20
[2026/09/14 20:53:17] 发送(hex): 20
[2026/09/14 20:53:17] Verification passed successfully
[2026/09/14 20:53:17] [Skip A] boot manual mode
[2026/09/14 20:53:17] [Skip V] boot manual mode
[2026/09/14 20:53:17] is_avb_verify_hash_partition 164 find avb verify part_name boot img_buf 0x66400000 size 0x307a000
[2026/09/14 20:53:17] boot header version : 4
[2026/09/14 20:53:17] is_avb_verify_hash_partition 164 find avb verify part_name vendor_boot img_buf 0x6bc00000 size 0x10a3000
[2026/09/14 20:53:17] get_partition_content_by_name 11954 get gpt_name init_boot_a err,try part name init_boot!
[2026/09/14 20:53:17] get_partition_content_by_name 11956 get part name init_boot err!
[2026/09/14 20:53:17] 发送(hex): 20
[2026/09/14 20:53:17] 发送(hex): 20
[2026/09/14 20:53:17] 发送(hex): 20
[2026/09/14 20:53:17] 发送(hex): 20
[2026/09/14 20:53:17] 发送(hex): 20
[2026/09/14 20:53:17] 发送(hex): 20
[2026/09/14 20:53:17] 发送(hex): 20
[2026/09/14 20:53:17] 发送(hex): 20
[2026/09/14 20:53:17] get_merge_ramdisk 11932 cur_ramdisk_size 0xf3096 real_cur_ramdisk_size 0xf3096
[2026/09/14 20:53:17] get_merge_ramdisk 11932 cur_ramdisk_size 0x2019e5 real_cur_ramdisk_size 0x2019e5
[2026/09/14 20:53:17] is_avb_verify_hash_partition 164 find avb verify part_name dtbo img_buf 0x6fc00000 size 0x1186
[2026/09/14 20:53:17] Net:   r8168: REALTEK RTL8168 @0x18016000
[2026/09/14 20:53:17] 发送(hex): 20
[2026/09/14 20:53:17] 发送(hex): 20
[2026/09/14 20:53:17] 发送(hex): 20
[2026/09/14 20:53:17] 发送(hex): 20
[2026/09/14 20:53:17] [Skip K] boot manual mode (execute "go all")
[2026/09/14 20:53:17] Enter console mode, disable watchdog ...
[2026/09/14 20:53:17] Realtek>
[2026/09/14 20:53:17] 发送(hex): 20
[2026/09/14 20:53:17] 发送(hex): 20
[2026/09/14 20:53:17] 发送(hex): 20
[2026/09/14 20:53:17] 发送(hex): 20
[2026/09/14 20:53:17] 发送(hex): 20
[2026/09/14 20:53:17] 发送(hex): 20
[2026/09/14 20:53:17] 发送(hex): 20
[2026/09/14 20:53:17] 发送(hex): 20
[2026/09/14 20:53:17] 发送(hex): 20
[2026/09/14 20:53:17] 发送(hex): 20
[2026/09/14 20:53:17] 发送(hex): 20
[2026/09/14 20:53:17] 发送(hex): 20
[2026/09/14 20:53:17] 发送(hex): 20
[2026/09/14 20:53:17] 发送(hex): 20
[2026/09/14 20:53:17] 发送(hex): 20
[2026/09/14 20:53:18] 发送(hex): 20
[2026/09/14 20:53:18] 发送(hex): 20
[2026/09/14 20:53:18] 发送(hex): 20
[2026/09/14 20:53:18] 发送(hex): 20
[2026/09/14 20:53:18] 发送(hex): 20
[2026/09/14 20:53:18] 发送(hex): 20
[2026/09/14 20:53:18] 发送(hex): 20
[2026/09/14 20:53:18] 发送(hex): 20
[2026/09/14 20:53:18] 发送(hex): 20
[2026/09/14 20:53:18] 发送(hex): 20
[2026/09/14 20:53:18] 发送(hex): 20
[2026/09/14 20:53:18] 发送(hex): 20
[2026/09/14 20:53:18] 发送(hex): 20
[2026/09/14 20:53:18] 发送(hex): 20
[2026/09/14 20:53:18] 发送(hex): 20
[2026/09/14 20:53:18] 发送(hex): 20
[2026/09/14 20:53:18] 发送(hex): 20
[2026/09/14 20:53:18] 发送(hex): 20
[2026/09/14 20:53:18] 发送(hex): 20
[2026/09/14 20:53:18] 发送(hex): 20
[2026/09/14 20:53:18] 发送(hex): 20
[2026/09/14 20:53:18] 发送(hex): 20
[2026/09/14 20:53:18] 发送(hex): 20
[2026/09/14 20:53:18] 发送(hex): 20
[2026/09/14 20:53:18] 发送(hex): 20
[2026/09/14 20:53:18] 发送(hex): 20
[2026/09/14 20:53:18] 发送(hex): 20
[2026/09/14 20:53:18] 发送(hex): 20
[2026/09/14 20:53:18] 发送(hex): 20
[2026/09/14 20:53:18] 发送(hex): 20
[2026/09/14 20:53:18] 发送(hex): 20
[2026/09/14 20:53:18] 发送(hex): 20
[2026/09/14 20:53:18] 发送(hex): 20
[2026/09/14 20:53:18] 发送(hex): 20
[2026/09/14 20:53:18] 发送(hex): 20
[2026/09/14 20:53:18] 发送(hex): 20
[2026/09/14 20:53:18] 发送(hex): 20
[2026/09/14 20:53:18] 发送(hex): 20
[2026/09/14 20:53:18] 发送(hex): 20
[2026/09/14 20:53:18] 发送(hex): 20
[2026/09/14 20:53:18] 发送(hex): 20
[2026/09/14 20:53:18] 发送(hex): 20
[2026/09/14 20:53:18] 发送(hex): 20
[2026/09/14 20:53:18] 发送(hex): 20
[2026/09/14 20:53:18] 发送(hex): 20
[2026/09/14 20:53:18] 发送(hex): 20
[2026/09/14 20:53:18] 发送(hex): 20
[2026/09/14 20:53:18] 发送(hex): 20
[2026/09/14 20:53:18] 发送(hex): 20
[2026/09/14 20:53:18] 发送(hex): 20
[2026/09/14 20:53:18] 发送(hex): 20
[2026/09/14 20:53:18] 发送(hex): 20
[2026/09/14 20:53:18] 发送(hex): 20
[2026/09/14 20:53:18] 发送(hex): 20
[2026/09/14 20:53:18] 发送(hex): 20
[2026/09/14 20:53:18] 发送(hex): 20
[2026/09/14 20:53:18] 发送(hex): 20
[2026/09/14 20:53:18] 发送(hex): 20
[2026/09/14 20:53:18] 发送(hex): 20
[2026/09/14 20:53:18] 发送(hex): 20
[2026/09/14 20:53:18] 发送(hex): 20
[2026/09/14 20:53:18] 发送(hex): 20
[2026/09/14 20:53:18] 发送(hex): 20
[2026/09/14 20:53:18] 发送(hex): 20
[2026/09/14 20:53:18] 发送(hex): 20
[2026/09/14 20:53:18] 发送(hex): 20
[2026/09/14 20:53:18] 发送(hex): 20
[2026/09/14 20:53:18] 发送(hex): 20
[2026/09/14 20:53:18] 发送(hex): 20
[2026/09/14 20:53:18] 发送(hex): 20
[2026/09/14 20:53:18] 发送(hex): 20
[2026/09/14 20:53:18] 发送(hex): 20
[2026/09/14 20:53:18] 发送(hex): 20
[2026/09/14 20:53:18] 发送(hex): 20
[2026/09/14 20:53:18] 发送(hex): 20
[2026/09/14 20:53:18] 发送(hex): 20
[2026/09/14 20:53:18] 发送(hex): 20
[2026/09/14 20:53:18] 发送(hex): 20
[2026/09/14 20:53:18] 发送(hex): 20
[2026/09/14 20:53:18] 发送(hex): 20
[2026/09/14 20:53:18] 发送(hex): 20
[2026/09/14 20:53:18] 发送(hex): 20
[2026/09/14 20:53:18] 发送(hex): 20
[2026/09/14 20:53:18] 发送(hex): 20
[2026/09/14 20:53:18] 发送(hex): 20
[2026/09/14 20:53:18] 发送(hex): 20
[2026/09/14 20:53:18] 发送(hex): 20
[2026/09/14 20:53:18] 发送(hex): 20
[2026/09/14 20:53:18] 发送(hex): 20
[2026/09/14 20:53:18] 发送(hex): 20
[2026/09/14 20:53:18] 发送(hex): 20
[2026/09/14 20:53:18] 发送(hex): 20
[2026/09/14 20:53:18] 发送(hex): 20
[2026/09/14 20:53:18] 发送(hex): 20
[2026/09/14 20:53:19] 发送(hex): 20
[2026/09/14 20:53:19] 发送(hex): 20
[2026/09/14 20:53:19] 发送(hex): 20
[2026/09/14 20:53:19] 发送(hex): 20
[2026/09/14 20:53:19] 发送(hex): 20
[2026/09/14 20:53:19] 发送(hex): 20
[2026/09/14 20:53:19] 发送(hex): 20
[2026/09/14 20:53:19] 发送(hex): 20
[2026/09/14 20:53:19] 发送(hex): 20
[2026/09/14 20:53:19] 发送(hex): 20
[2026/09/14 20:53:19] 发送(hex): 20
[2026/09/14 20:53:19] 发送(hex): 20
[2026/09/14 20:53:19] 发送(hex): 20
[2026/09/14 20:53:19] 发送(hex): 20
[2026/09/14 20:53:19] 发送(hex): 20
[2026/09/14 20:53:19] 发送(hex): 20
[2026/09/14 20:53:19] 发送(hex): 20
[2026/09/14 20:53:19] 发送(hex): 20
[2026/09/14 20:53:19] 发送(hex): 20
[2026/09/14 20:53:19] 发送(hex): 20
[2026/09/14 20:53:19] 发送(hex): 20
[2026/09/14 20:53:19] 发送(hex): 20
[2026/09/14 20:53:19] 发送(hex): 20
[2026/09/14 20:53:19] 发送(hex): 20
[2026/09/14 20:53:19] 发送(hex): 20
[2026/09/14 20:53:19] 发送(hex): 20
[2026/09/14 20:53:19] 发送(hex): 20
[2026/09/14 20:53:19] 发送(hex): 20
[2026/09/14 20:53:19] 发送(hex): 20
[2026/09/14 20:53:19] 发送(hex): 20
[2026/09/14 20:53:19] 发送(hex): 20
[2026/09/14 20:53:19] 发送(hex): 20
[2026/09/14 20:53:19] 发送(hex): 20
[2026/09/14 20:53:19] 发送(hex): 20
[2026/09/14 20:53:19] 发送(hex): 20
[2026/09/14 20:53:19] 发送(hex): 20
[2026/09/14 20:53:19] 发送(hex): 20
[2026/09/14 20:53:19] 发送(hex): 20
[2026/09/14 20:53:19] 发送(hex): 20
[2026/09/14 20:53:19] 发送(hex): 20
[2026/09/14 20:53:19] 发送(hex): 20
[2026/09/14 20:53:19] 发送(hex): 20
[2026/09/14 20:53:19] 发送(hex): 20
[2026/09/14 20:53:19] 发送(hex): 20
[2026/09/14 20:53:19] 发送(hex): 20
[2026/09/14 20:53:19] 发送(hex): 20
[2026/09/14 20:53:19] 发送(hex): 20
[2026/09/14 20:53:19] 发送(hex): 20
[2026/09/14 20:53:19] 发送(hex): 20
[2026/09/14 20:53:19] 发送(hex): 20
[2026/09/14 20:53:19] 发送(hex): 20
[2026/09/14 20:53:19] 发送(hex): 20
[2026/09/14 20:53:19] 发送(hex): 20
[2026/09/14 20:53:19] 发送(hex): 20
[2026/09/14 20:53:19] 发送(hex): 20
[2026/09/14 20:53:19] 发送(hex): 20
[2026/09/14 20:53:19] 发送(hex): 20
[2026/09/14 20:53:19] 发送(hex): 20
[2026/09/14 20:53:19] 发送(hex): 20
[2026/09/14 20:53:19] 发送(hex): 20
[2026/09/14 20:53:19] 发送(hex): 20
[2026/09/14 20:53:19] 发送(hex): 20
[2026/09/14 20:53:19] 发送(hex): 20
[2026/09/14 20:53:19] 发送(hex): 20
[2026/09/14 20:53:19] 发送(hex): 20
[2026/09/14 20:53:19] 发送(hex): 20
[2026/09/14 20:53:19] 发送(hex): 20
[2026/09/14 20:53:19] 发送(hex): 20
[2026/09/14 20:53:19] 发送(hex): 20
[2026/09/14 20:53:19] 发送(hex): 20
[2026/09/14 20:53:19] 发送(hex): 20
[2026/09/14 20:53:19] 发送(hex): 20
[2026/09/14 20:53:19] 发送(hex): 20
[2026/09/14 20:53:19] 发送(hex): 20
[2026/09/14 20:53:19] 发送(hex): 20
[2026/09/14 20:53:19] 发送(hex): 20
[2026/09/14 20:53:19] 发送(hex): 20
[2026/09/14 20:53:19] 发送(hex): 20
[2026/09/14 20:53:19] 发送(hex): 20
[2026/09/14 20:53:19] 发送(hex): 20
[2026/09/14 20:53:19] 发送(hex): 20
[2026/09/14 20:53:19] 发送(hex): 20
[2026/09/14 20:53:19] 发送(hex): 20
[2026/09/14 20:53:19] 发送(hex): 20
[2026/09/14 20:53:19] 发送(hex): 20
[2026/09/14 20:53:19] 发送(hex): 20
[2026/09/14 20:53:19] 发送(hex): 20
[2026/09/14 20:53:19] 发送(hex): 20
[2026/09/14 20:53:19] 发送(hex): 20
[2026/09/14 20:53:19] 发送(hex): 20
[2026/09/14 20:53:19] 发送(hex): 20
[2026/09/14 20:53:19] 发送(hex): 20
[2026/09/14 20:53:19] 发送(hex): 20
[2026/09/14 20:53:20] 发送(hex): 20
[2026/09/14 20:53:20] 发送(hex): 20
[2026/09/14 20:53:20] 发送(hex): 20
[2026/09/14 20:53:20] 发送(hex): 20
[2026/09/14 20:53:20] 发送(hex): 20
[2026/09/14 20:53:20] 发送(hex): 20
[2026/09/14 20:53:20] 发送(hex): 20
[2026/09/14 20:53:20] 发送(hex): 20
[2026/09/14 20:53:20] 发送(hex): 20
[2026/09/14 20:53:20] 发送(hex): 20
[2026/09/14 20:53:20] 发送(hex): 20
[2026/09/14 20:53:20] 发送(hex): 20
[2026/09/14 20:53:20] 发送(hex): 20
[2026/09/14 20:53:20] 发送(hex): 20
[2026/09/14 20:53:20] 发送(hex): 20
[2026/09/14 20:53:20] 发送(hex): 20
[2026/09/14 20:53:20] 发送(hex): 20
[2026/09/14 20:53:20] 发送(hex): 20
[2026/09/14 20:53:20] 发送(hex): 20
[2026/09/14 20:53:20] 发送(hex): 20
[2026/09/14 20:53:20] 发送(hex): 20
[2026/09/14 20:53:20] 发送(hex): 20
[2026/09/14 20:53:20] 发送(hex): 20
[2026/09/14 20:53:20] 发送(hex): 20
[2026/09/14 20:53:20] 发送(hex): 20
[2026/09/14 20:53:20] 发送(hex): 20
[2026/09/14 20:53:20] 发送(hex): 20
[2026/09/14 20:53:20] 发送(hex): 20
[2026/09/14 20:53:20] 发送(hex): 20
[2026/09/14 20:53:20] 发送(hex): 20
[2026/09/14 20:53:20] 发送(hex): 20
[2026/09/14 20:53:20] 发送(hex): 20
[2026/09/14 20:53:20] 发送(hex): 20
[2026/09/14 20:53:20] 发送(hex): 20
[2026/09/14 20:53:20] 发送(hex): 20
[2026/09/14 20:53:20] 发送(hex): 20
[2026/09/14 20:53:20] 发送(hex): 20
[2026/09/14 20:53:20] 发送(hex): 20
[2026/09/14 20:53:20] 发送(hex): 20
[2026/09/14 20:53:20] 发送(hex): 20
[2026/09/14 20:53:20] 发送(hex): 20
[2026/09/14 20:53:20] 发送(hex): 20
[2026/09/14 20:53:20] 发送(hex): 20
[2026/09/14 20:53:20] 发送(hex): 20
[2026/09/14 20:53:20] 发送(hex): 20
[2026/09/14 20:53:20] 发送(hex): 20
[2026/09/14 20:53:20] 发送(hex): 20
[2026/09/14 20:53:20] 发送(hex): 20
[2026/09/14 20:53:20] 发送(hex): 20
[2026/09/14 20:53:20] 发送(hex): 20
[2026/09/14 20:53:20] 发送(hex): 20
[2026/09/14 20:53:20] 发送(hex): 20
[2026/09/14 20:53:20] 发送(hex): 20
[2026/09/14 20:53:20] 发送(hex): 20
[2026/09/14 20:53:20] 发送(hex): 20
[2026/09/14 20:53:20] 发送(hex): 20
[2026/09/14 20:53:20] 发送(hex): 20
[2026/09/14 20:53:20] 发送(hex): 20
[2026/09/14 20:53:20] 发送(hex): 20
[2026/09/14 20:53:20] 发送(hex): 20
[2026/09/14 20:53:20] 发送(hex): 20
[2026/09/14 20:53:20] 发送(hex): 20
[2026/09/14 20:53:20] 发送(hex): 20
[2026/09/14 20:53:20] 发送(hex): 20
[2026/09/14 20:53:20] 发送(hex): 20
[2026/09/14 20:53:20] 发送(hex): 20
[2026/09/14 20:53:20] 发送(hex): 20
[2026/09/14 20:53:20] 发送(hex): 20
[2026/09/14 20:53:20] 发送(hex): 20
[2026/09/14 20:53:20] 发送(hex): 20
[2026/09/14 20:53:20] 发送(hex): 20
[2026/09/14 20:53:20] 发送(hex): 20
[2026/09/14 20:53:20] 发送(hex): 20
[2026/09/14 20:53:20] 发送(hex): 20
[2026/09/14 20:53:20] 发送(hex): 20
[2026/09/14 20:53:20] 发送(hex): 20
[2026/09/14 20:53:20] 发送(hex): 20
[2026/09/14 20:53:20] 发送(hex): 20
[2026/09/14 20:53:20] 发送(hex): 20
[2026/09/14 20:53:20] 发送(hex): 20
[2026/09/14 20:53:20] 发送(hex): 20
[2026/09/14 20:53:20] 发送(hex): 20
[2026/09/14 20:53:20] 发送(hex): 20
[2026/09/14 20:53:20] 发送(hex): 20
[2026/09/14 20:53:20] 发送(hex): 20
[2026/09/14 20:53:20] 发送(hex): 20
[2026/09/14 20:53:20] 发送(hex): 20
[2026/09/14 20:53:20] 发送(hex): 20
[2026/09/14 20:53:20] 发送(hex): 20
[2026/09/14 20:53:20] 发送(hex): 20
[2026/09/14 20:53:20] 发送(hex): 20
[2026/09/14 20:53:20] 发送(hex): 20
[2026/09/14 20:53:20] 发送(hex): 20
[2026/09/14 20:53:21] 发送(hex): 20
[2026/09/14 20:53:21] 发送(hex): 20
[2026/09/14 20:53:21] 发送(hex): 20
[2026/09/14 20:53:21] 发送(hex): 20
[2026/09/14 20:53:21] 发送(hex): 20
[2026/09/14 20:53:21] 发送(hex): 20
[2026/09/14 20:53:21] 发送(hex): 20
[2026/09/14 20:53:21] 发送(hex): 20
[2026/09/14 20:53:21] 发送(hex): 20
[2026/09/14 20:53:21] 发送(hex): 20
[2026/09/14 20:53:21] 发送(hex): 20
[2026/09/14 20:53:21] 发送(hex): 20
[2026/09/14 20:53:21] 发送(hex): 20
[2026/09/14 20:53:21] 发送(hex): 20
[2026/09/14 20:53:21] 发送(hex): 20
[2026/09/14 20:53:21] 发送(hex): 20
[2026/09/14 20:53:21] 发送(hex): 20
[2026/09/14 20:53:21] 发送(hex): 20
[2026/09/14 20:53:21] 发送(hex): 20
[2026/09/14 20:53:21] 发送(hex): 20
[2026/09/14 20:53:21] 发送(hex): 20
[2026/09/14 20:53:21] 发送(hex): 20
[2026/09/14 20:53:21] 发送(hex): 20
[2026/09/14 20:53:21] 发送(hex): 20
[2026/09/14 20:53:21] 发送(hex): 20
[2026/09/14 20:53:21] 发送(hex): 20
[2026/09/14 20:53:21] 发送(hex): 20
[2026/09/14 20:53:21] 发送(hex): 20
[2026/09/14 20:53:21] 发送(hex): 20
[2026/09/14 20:53:21] 发送(hex): 20
[2026/09/14 20:53:21] 发送(hex): 20
[2026/09/14 20:53:21] 发送(hex): 20
[2026/09/14 20:53:21] 发送(hex): 20
[2026/09/14 20:53:21] 发送(hex): 20
[2026/09/14 20:53:21] 发送(hex): 20
[2026/09/14 20:53:21] 发送(hex): 20
[2026/09/14 20:53:21] 发送(hex): 20
[2026/09/14 20:53:21] 发送(hex): 20
[2026/09/14 20:53:21] 发送(hex): 20
[2026/09/14 20:53:21] 发送(hex): 20
[2026/09/14 20:53:21] 发送(hex): 20
[2026/09/14 20:53:21] 发送(hex): 20
[2026/09/14 20:53:21] 发送(hex): 20
[2026/09/14 20:53:21] 发送(hex): 20
[2026/09/14 20:53:21] 发送(hex): 20
[2026/09/14 20:53:21] 发送(hex): 20
[2026/09/14 20:53:21] 发送(hex): 20
[2026/09/14 20:53:21] 发送(hex): 20
[2026/09/14 20:53:21] 发送(hex): 20
[2026/09/14 20:53:21] 发送(hex): 20
[2026/09/14 20:53:21] 发送(hex): 20
[2026/09/14 20:53:21] 发送(hex): 20
[2026/09/14 20:53:21] 发送(hex): 20
[2026/09/14 20:53:21] 发送(hex): 20
[2026/09/14 20:53:21] 发送(hex): 20
[2026/09/14 20:53:21] 发送(hex): 20
[2026/09/14 20:53:21] 发送(hex): 20
[2026/09/14 20:53:21] 发送(hex): 20
[2026/09/14 20:53:21] 发送(hex): 20
[2026/09/14 20:53:21] 发送(hex): 20
[2026/09/14 20:53:21] 发送(hex): 20
[2026/09/14 20:53:21] 发送(hex): 20
[2026/09/14 20:53:21] 发送(hex): 20
[2026/09/14 20:53:21] 发送(hex): 20
[2026/09/14 20:53:21] 发送(hex): 20
[2026/09/14 20:53:21] 发送(hex): 20
[2026/09/14 20:53:21] 发送(hex): 20
[2026/09/14 20:53:21] 发送(hex): 20
[2026/09/14 20:53:21] 发送(hex): 20
[2026/09/14 20:53:21] 发送(hex): 20
[2026/09/14 20:53:21] 发送(hex): 20
[2026/09/14 20:53:21] 发送(hex): 20
[2026/09/14 20:53:21] 发送(hex): 20
[2026/09/14 20:53:21] 发送(hex): 20
[2026/09/14 20:53:21] 发送(hex): 20
[2026/09/14 20:53:21] 发送(hex): 20
[2026/09/14 20:53:21] 发送(hex): 20
[2026/09/14 20:53:21] 发送(hex): 20
[2026/09/14 20:53:21] 发送(hex): 20
[2026/09/14 20:53:21] 发送(hex): 20
[2026/09/14 20:53:21] 发送(hex): 20
[2026/09/14 20:53:21] 发送(hex): 20
[2026/09/14 20:53:21] 发送(hex): 20
[2026/09/14 20:53:21] 发送(hex): 20
[2026/09/14 20:53:21] 发送(hex): 20
[2026/09/14 20:53:21] 发送(hex): 20
[2026/09/14 20:53:21] 发送(hex): 20
[2026/09/14 20:53:21] 发送(hex): 20
[2026/09/14 20:53:21] 发送(hex): 20
[2026/09/14 20:53:21] 发送(hex): 20
[2026/09/14 20:53:21] 发送(hex): 20
[2026/09/14 20:53:21] 发送(hex): 20
[2026/09/14 20:53:21] 发送(hex): 20
[2026/09/14 20:53:22] 发送(hex): 20
[2026/09/14 20:53:22] 发送(hex): 20
[2026/09/14 20:53:22] 发送(hex): 20
[2026/09/14 20:53:22] 发送(hex): 20
[2026/09/14 20:53:22] 发送(hex): 20
[2026/09/14 20:53:22] 发送(hex): 20
[2026/09/14 20:53:22] 发送(hex): 20
[2026/09/14 20:53:22] 发送(hex): 20
[2026/09/14 20:53:22] 发送(hex): 20
[2026/09/14 20:53:22] 发送(hex): 20
[2026/09/14 20:53:22] 发送(hex): 20
[2026/09/14 20:53:22] 发送(hex): 20
[2026/09/14 20:53:22] 发送(hex): 20
[2026/09/14 20:53:22] 发送(hex): 20
[2026/09/14 20:53:22] 发送(hex): 20
[2026/09/14 20:53:22] 发送(hex): 20
[2026/09/14 20:53:22] 发送(hex): 20
[2026/09/14 20:53:22] 发送(hex): 20
[2026/09/14 20:53:22] 发送(hex): 20
[2026/09/14 20:53:22] 发送(hex): 20
[2026/09/14 20:53:22] 发送(hex): 20
[2026/09/14 20:53:22] 发送(hex): 20
[2026/09/14 20:53:22] 发送(hex): 20
[2026/09/14 20:53:22] 发送(hex): 20
[2026/09/14 20:53:22] 发送(hex): 20
[2026/09/14 20:53:22] 发送(hex): 20
[2026/09/14 20:53:22] 发送(hex): 20
[2026/09/14 20:53:22] 发送(hex): 20
[2026/09/14 20:53:22] 发送(hex): 20
[2026/09/14 20:53:22] 发送(hex): 20
[2026/09/14 20:53:22] 发送(hex): 20
[2026/09/14 20:53:22] 发送(hex): 20
[2026/09/14 20:53:22] 发送(hex): 20
[2026/09/14 20:53:22] 发送(hex): 20
[2026/09/14 20:53:22] 发送(hex): 20
[2026/09/14 20:53:22] 发送(hex): 20
[2026/09/14 20:53:22] 发送(hex): 20
[2026/09/14 20:53:22] 发送(hex): 20
[2026/09/14 20:53:22] 发送(hex): 20
[2026/09/14 20:53:22] 发送(hex): 20
[2026/09/14 20:53:22] 发送(hex): 20
[2026/09/14 20:53:22] 发送(hex): 20
[2026/09/14 20:53:22] 发送(hex): 20
[2026/09/14 20:53:22] 发送(hex): 20
[2026/09/14 20:53:22] 发送(hex): 20
[2026/09/14 20:53:22] 发送(hex): 20
[2026/09/14 20:53:22] 发送(hex): 20
[2026/09/14 20:53:22] 发送(hex): 20
[2026/09/14 20:53:22] 发送(hex): 20
[2026/09/14 20:53:22] 发送(hex): 20
[2026/09/14 20:53:22] 发送(hex): 20
[2026/09/14 20:53:22] 发送(hex): 20
[2026/09/14 20:53:22] 发送(hex): 20
[2026/09/14 20:53:22] 发送(hex): 20
[2026/09/14 20:53:22] 发送(hex): 20
[2026/09/14 20:53:22] 发送(hex): 20
[2026/09/14 20:53:22] 发送(hex): 20
[2026/09/14 20:53:22] 发送(hex): 20
[2026/09/14 20:53:22] 发送(hex): 20
[2026/09/14 20:53:22] 发送(hex): 20
[2026/09/14 20:53:22] 发送(hex): 20
[2026/09/14 20:53:22] 发送(hex): 20
[2026/09/14 20:53:22] 发送(hex): 20
[2026/09/14 20:53:22] 发送(hex): 20
[2026/09/14 20:53:22] 发送(hex): 20
[2026/09/14 20:53:22] 发送(hex): 20
[2026/09/14 20:53:22] 发送(hex): 20
[2026/09/14 20:53:22] 发送(hex): 20
[2026/09/14 20:53:22] 发送(hex): 20
[2026/09/14 20:53:22] 发送(hex): 20
[2026/09/14 20:53:22] 发送(hex): 20
[2026/09/14 20:53:22] 发送(hex): 20
[2026/09/14 20:53:22] 发送(hex): 20
[2026/09/14 20:53:22] 发送(hex): 20
[2026/09/14 20:53:22] 发送(hex): 20
[2026/09/14 20:53:22] 发送(hex): 20
[2026/09/14 20:53:22] 发送(hex): 20
[2026/09/14 20:53:22] 发送(hex): 20
[2026/09/14 20:53:22] 发送(hex): 20
[2026/09/14 20:53:22] 发送(hex): 20
[2026/09/14 20:53:22] 发送(hex): 20
[2026/09/14 20:53:22] 发送(hex): 20
[2026/09/14 20:53:22] 发送(hex): 20
[2026/09/14 20:53:22] 发送(hex): 20
[2026/09/14 20:53:22] 发送(hex): 20
[2026/09/14 20:53:22] 发送(hex): 20
[2026/09/14 20:53:22] 发送(hex): 20
[2026/09/14 20:53:22] 发送(hex): 20
[2026/09/14 20:53:22] 发送(hex): 20
[2026/09/14 20:53:22] 发送(hex): 20
[2026/09/14 20:53:22] 发送(hex): 20
[2026/09/14 20:53:22] 发送(hex): 20
[2026/09/14 20:53:22] 发送(hex): 20
[2026/09/14 20:53:22] 发送(hex): 20
[2026/09/14 20:53:23] 发送(hex): 20
[2026/09/14 20:53:23] 发送(hex): 20
[2026/09/14 20:53:23] 发送(hex): 20
[2026/09/14 20:53:23] 发送(hex): 20
[2026/09/14 20:53:23] 发送(hex): 20
[2026/09/14 20:53:23] 发送(hex): 20
[2026/09/14 20:53:23] 发送(hex): 20
[2026/09/14 20:53:23] 发送(hex): 20
[2026/09/14 20:53:23] 发送(hex): 20
[2026/09/14 20:53:23] 发送(hex): 20
[2026/09/14 20:53:23] 发送(hex): 20
[2026/09/14 20:53:23] 发送(hex): 20
[2026/09/14 20:53:23] 发送(hex): 20
[2026/09/14 20:53:23] 发送(hex): 20
[2026/09/14 20:53:23] 发送(hex): 20
[2026/09/14 20:53:23] 发送(hex): 20
[2026/09/14 20:53:23] 发送(hex): 20
[2026/09/14 20:53:23] 发送(hex): 20
[2026/09/14 20:53:23] 发送(hex): 20
[2026/09/14 20:53:23] 发送(hex): 20
[2026/09/14 20:53:23] 发送(hex): 20
[2026/09/14 20:53:23] 发送(hex): 20
[2026/09/14 20:53:23] 发送(hex): 20
[2026/09/14 20:53:23] 发送(hex): 20
[2026/09/14 20:53:23] 发送(hex): 20
[2026/09/14 20:53:23] 发送(hex): 20
[2026/09/14 20:53:23] 发送(hex): 20
[2026/09/14 20:53:23] 发送(hex): 20
[2026/09/14 20:53:23] 发送(hex): 20
[2026/09/14 20:53:23] 发送(hex): 20
[2026/09/14 20:53:23] 发送(hex): 20
[2026/09/14 20:53:23] 发送(hex): 20
[2026/09/14 20:53:23] 发送(hex): 20
[2026/09/14 20:53:23] 发送(hex): 20
[2026/09/14 20:53:23] 发送(hex): 20
[2026/09/14 20:53:23] 发送(hex): 20
[2026/09/14 20:53:23] 发送(hex): 20
[2026/09/14 20:53:23] 发送(hex): 20
[2026/09/14 20:53:23] 发送(hex): 20
[2026/09/14 20:53:23] 发送(hex): 20
[2026/09/14 20:53:23] 发送(hex): 20
[2026/09/14 20:53:23] 发送(hex): 20
[2026/09/14 20:53:23] 发送(hex): 20
[2026/09/14 20:53:23] 发送(hex): 20
[2026/09/14 20:53:23] 发送(hex): 20
[2026/09/14 20:53:23] 发送(hex): 20
[2026/09/14 20:53:23] 发送(hex): 20
[2026/09/14 20:53:23] 发送(hex): 20
[2026/09/14 20:53:23] 发送(hex): 20
[2026/09/14 20:53:23] 发送(hex): 20
[2026/09/14 20:53:23] 发送(hex): 20
[2026/09/14 20:53:23] 发送(hex): 20
[2026/09/14 20:53:23] 发送(hex): 20
[2026/09/14 20:53:23] 发送(hex): 20
[2026/09/14 20:53:23] 发送(hex): 20
[2026/09/14 20:53:23] 发送(hex): 20
[2026/09/14 20:53:23] 发送(hex): 20
[2026/09/14 20:53:23] 发送(hex): 20
[2026/09/14 20:53:23] 发送(hex): 20
[2026/09/14 20:53:23] 发送(hex): 20
[2026/09/14 20:53:23] 发送(hex): 20
[2026/09/14 20:53:23] 发送(hex): 20
[2026/09/14 20:53:23] 发送(hex): 20
[2026/09/14 20:53:23] 发送(hex): 20
[2026/09/14 20:53:23] 发送(hex): 20
[2026/09/14 20:53:23] 发送(hex): 20
[2026/09/14 20:53:23] 发送(hex): 20
[2026/09/14 20:53:23] 发送(hex): 20
[2026/09/14 20:53:23] 发送(hex): 20
[2026/09/14 20:53:23] 发送(hex): 20
[2026/09/14 20:53:23] 发送(hex): 20
[2026/09/14 20:53:23] 发送(hex): 20
[2026/09/14 20:53:23] 发送(hex): 20
[2026/09/14 20:53:23] 发送(hex): 20
[2026/09/14 20:53:23] 发送(hex): 20
[2026/09/14 20:53:23] 发送(hex): 20
[2026/09/14 20:53:23] 发送(hex): 20
[2026/09/14 20:53:23] 发送(hex): 20
[2026/09/14 20:53:23] 发送(hex): 20
[2026/09/14 20:53:23] 发送(hex): 20
[2026/09/14 20:53:23] 发送(hex): 20
[2026/09/14 20:53:23] 发送(hex): 20
[2026/09/14 20:53:23] 发送(hex): 20
[2026/09/14 20:53:23] 发送(hex): 20
[2026/09/14 20:53:23] 发送(hex): 20
[2026/09/14 20:53:23] 发送(hex): 20
[2026/09/14 20:53:23] 发送(hex): 20
[2026/09/14 20:53:23] 发送(hex): 20
[2026/09/14 20:53:23] 发送(hex): 20
[2026/09/14 20:53:23] 发送(hex): 20
[2026/09/14 20:53:23] 发送(hex): 20
[2026/09/14 20:53:23] 发送(hex): 20
[2026/09/14 20:53:23] 发送(hex): 20
[2026/09/14 20:53:23] 发送(hex): 20
[2026/09/14 20:53:24] 发送(hex): 20
[2026/09/14 20:53:24] 发送(hex): 20
[2026/09/14 20:53:24] 发送(hex): 20
[2026/09/14 20:53:24] 发送(hex): 20
[2026/09/14 20:53:24] 发送(hex): 20
[2026/09/14 20:53:24] 发送(hex): 20
[2026/09/14 20:53:24] 发送(hex): 20
[2026/09/14 20:53:24] 发送(hex): 20
[2026/09/14 20:53:24] 发送(hex): 20
[2026/09/14 20:53:24] 发送(hex): 20
[2026/09/14 20:53:24] 发送(hex): 20
[2026/09/14 20:53:24] 发送(hex): 20
[2026/09/14 20:53:24] 发送(hex): 20
[2026/09/14 20:53:24] 发送(hex): 20
[2026/09/14 20:53:24] 发送(hex): 20
[2026/09/14 20:53:24] 发送(hex): 20
[2026/09/14 20:53:24] 发送(hex): 20
[2026/09/14 20:53:24] 发送(hex): 20
[2026/09/14 20:53:24] 发送(hex): 20
[2026/09/14 20:53:24] 发送(hex): 20
[2026/09/14 20:53:24] 发送(hex): 20
[2026/09/14 20:53:24] 发送(hex): 20
[2026/09/14 20:53:24] 发送(hex): 20
[2026/09/14 20:53:24] 发送(hex): 20
[2026/09/14 20:53:24] 发送(hex): 20
[2026/09/14 20:53:24] 发送(hex): 20
[2026/09/14 20:53:24] 发送(hex): 20
[2026/09/14 20:53:24] 发送(hex): 20
[2026/09/14 20:53:24] 发送(hex): 20
[2026/09/14 20:53:24] 发送(hex): 20
[2026/09/14 20:53:24] 发送(hex): 20
[2026/09/14 20:53:24] 发送(hex): 20
[2026/09/14 20:53:24] 发送(hex): 20
[2026/09/14 20:53:24] 发送(hex): 20
[2026/09/14 20:53:24] 发送(hex): 20
[2026/09/14 20:53:24] 发送(hex): 20
[2026/09/14 20:53:24] 发送(hex): 20
[2026/09/14 20:53:24] 发送(hex): 20
[2026/09/14 20:53:24] 发送(hex): 20
[2026/09/14 20:53:24] 发送(hex): 20
[2026/09/14 20:53:24] 发送(hex): 20
[2026/09/14 20:53:24] 发送(hex): 20
[2026/09/14 20:53:24] 发送(hex): 20
[2026/09/14 20:53:24] 发送(hex): 20
[2026/09/14 20:53:24] 发送(hex): 20
[2026/09/14 20:53:24] 发送(hex): 20
[2026/09/14 20:53:24] 发送(hex): 20
[2026/09/14 20:53:24] 发送(hex): 20
[2026/09/14 20:53:24] 发送(hex): 20
[2026/09/14 20:53:24] 发送(hex): 20
[2026/09/14 20:53:24] 发送(hex): 20
[2026/09/14 20:53:24] 发送(hex): 20
[2026/09/14 20:53:24] 发送(hex): 20
[2026/09/14 20:53:24] 发送(hex): 20
[2026/09/14 20:53:24] 发送(hex): 20
[2026/09/14 20:53:24] 发送(hex): 20
[2026/09/14 20:53:24] 发送(hex): 20
[2026/09/14 20:53:24] 发送(hex): 20
[2026/09/14 20:53:24] 发送(hex): 20
[2026/09/14 20:53:24] 发送(hex): 20
[2026/09/14 20:53:24] 发送(hex): 20
[2026/09/14 20:53:24] 发送(hex): 20
[2026/09/14 20:53:24] 发送(hex): 20
[2026/09/14 20:53:24] 发送(hex): 20
[2026/09/14 20:53:24] 发送(hex): 20
[2026/09/14 20:53:24] 发送(hex): 20
[2026/09/14 20:53:24] 发送(hex): 20
[2026/09/14 20:53:24] 发送(hex): 20
[2026/09/14 20:53:24] 发送(hex): 20
[2026/09/14 20:53:24] 发送(hex): 20
[2026/09/14 20:53:24] 发送(hex): 20
[2026/09/14 20:53:24] 发送(hex): 20
[2026/09/14 20:53:24] 发送(hex): 20
[2026/09/14 20:53:24] 发送(hex): 20
[2026/09/14 20:53:24] 发送(hex): 20
[2026/09/14 20:53:24] 发送(hex): 20
[2026/09/14 20:53:24] 发送(hex): 20
[2026/09/14 20:53:24] 发送(hex): 20
[2026/09/14 20:53:24] 发送(hex): 20
[2026/09/14 20:53:24] 发送(hex): 20
[2026/09/14 20:53:24] 发送(hex): 20
[2026/09/14 20:53:24] 发送(hex): 20
[2026/09/14 20:53:24] 发送(hex): 20
[2026/09/14 20:53:24] 发送(hex): 20
[2026/09/14 20:53:24] 发送(hex): 20
[2026/09/14 20:53:24] 发送(hex): 20
[2026/09/14 20:53:24] 发送(hex): 20
[2026/09/14 20:53:24] 发送(hex): 20
[2026/09/14 20:53:24] 发送(hex): 20
[2026/09/14 20:53:24] 发送(hex): 20
[2026/09/14 20:53:24] 发送(hex): 20
[2026/09/14 20:53:24] 发送(hex): 20
[2026/09/14 20:53:24] 发送(hex): 20
[2026/09/14 20:53:24] 发送(hex): 20
[2026/09/14 20:53:25] 发送(hex): 20
[2026/09/14 20:53:25] 发送(hex): 20
[2026/09/14 20:53:25] 发送(hex): 20
[2026/09/14 20:53:25] 发送(hex): 20
[2026/09/14 20:53:25] 发送(hex): 20
[2026/09/14 20:53:25] 发送(hex): 20
[2026/09/14 20:53:25] 发送(hex): 20
[2026/09/14 20:53:25] 发送(hex): 20
[2026/09/14 20:53:25] 发送(hex): 20
[2026/09/14 20:53:25] 发送(hex): 20
[2026/09/14 20:53:25] 发送(hex): 20
[2026/09/14 20:53:25] 发送(hex): 20
[2026/09/14 20:53:25] 发送(hex): 20
[2026/09/14 20:53:25] 发送(hex): 20
[2026/09/14 20:53:25] 发送(hex): 20
[2026/09/14 20:53:25] 发送(hex): 20
[2026/09/14 20:53:25] 发送(hex): 20
[2026/09/14 20:53:25] 发送(hex): 20
[2026/09/14 20:53:25] 发送(hex): 20
[2026/09/14 20:53:25] 发送(hex): 20
[2026/09/14 20:53:25] 发送(hex): 20
[2026/09/14 20:53:25] 发送(hex): 20
[2026/09/14 20:53:25] 发送(hex): 20
[2026/09/14 20:53:25] 发送(hex): 20
[2026/09/14 20:53:25] 发送(hex): 20
[2026/09/14 20:53:25] 发送(hex): 20
[2026/09/14 20:53:25] 发送(hex): 20
[2026/09/14 20:53:25] 发送(hex): 20
[2026/09/14 20:53:25] 发送(hex): 20
[2026/09/14 20:53:25] 发送(hex): 20
[2026/09/14 20:53:25] 发送(hex): 20
[2026/09/14 20:53:25] 发送(hex): 20
[2026/09/14 20:53:25] 发送(hex): 20
[2026/09/14 20:53:25] 发送(hex): 20
[2026/09/14 20:53:25] 发送(hex): 20
[2026/09/14 20:53:25] 发送(hex): 20
[2026/09/14 20:53:25] 发送(hex): 20
[2026/09/14 20:53:25] 发送(hex): 20
[2026/09/14 20:53:25] 发送(hex): 20
[2026/09/14 20:53:25] 发送(hex): 20
[2026/09/14 20:53:25] 发送(hex): 20
[2026/09/14 20:53:25] 发送(hex): 20
[2026/09/14 20:53:25] 发送(hex): 20
[2026/09/14 20:53:25] 发送(hex): 20
[2026/09/14 20:53:25] 发送(hex): 20
[2026/09/14 20:53:25] 发送(hex): 20
[2026/09/14 20:53:25] 发送(hex): 20
[2026/09/14 20:53:25] 发送(hex): 20
[2026/09/14 20:53:25] 发送(hex): 20
[2026/09/14 20:53:25] 发送(hex): 20
[2026/09/14 20:53:25] 发送(hex): 20
[2026/09/14 20:53:25] 发送(hex): 20
[2026/09/14 20:53:25] 发送(hex): 20
[2026/09/14 20:53:25] 发送(hex): 20
[2026/09/14 20:53:25] 发送(hex): 20
[2026/09/14 20:53:25] 发送(hex): 20
[2026/09/14 20:53:25] 发送(hex): 20
[2026/09/14 20:53:25] 发送(hex): 20
[2026/09/14 20:53:25] 发送(hex): 20
[2026/09/14 20:53:25] 发送(hex): 20
[2026/09/14 20:53:25] 发送(hex): 20
[2026/09/14 20:53:25] 发送(hex): 20
[2026/09/14 20:53:25] 发送(hex): 20
[2026/09/14 20:53:25] 发送(hex): 20
[2026/09/14 20:53:25] 发送(hex): 20
[2026/09/14 20:53:25] 发送(hex): 20
[2026/09/14 20:53:25] 发送(hex): 20
[2026/09/14 20:53:25] 发送(hex): 20
[2026/09/14 20:53:25] 发送(hex): 20
[2026/09/14 20:53:25] 发送(hex): 20
[2026/09/14 20:53:25] 发送(hex): 20
[2026/09/14 20:53:25] 发送(hex): 20
[2026/09/14 20:53:25] 发送(hex): 20
[2026/09/14 20:53:25] 发送(hex): 20
[2026/09/14 20:53:25] 发送(hex): 20
[2026/09/14 20:53:25] 发送(hex): 20
[2026/09/14 20:53:25] 发送(hex): 20
[2026/09/14 20:53:25] 发送(hex): 20
[2026/09/14 20:53:25] 发送(hex): 20
[2026/09/14 20:53:25] 发送(hex): 20
[2026/09/14 20:53:25] 发送(hex): 20
[2026/09/14 20:53:25] 发送(hex): 20
[2026/09/14 20:53:25] 发送(hex): 20
[2026/09/14 20:53:25] 发送(hex): 20
[2026/09/14 20:53:25] 发送(hex): 20
[2026/09/14 20:53:25] 发送(hex): 20
[2026/09/14 20:53:25] 发送(hex): 20
[2026/09/14 20:53:25] 发送(hex): 20
[2026/09/14 20:53:25] 发送(hex): 20
[2026/09/14 20:53:25] 发送(hex): 20
[2026/09/14 20:53:25] 发送(hex): 20
[2026/09/14 20:53:25] 发送(hex): 20
[2026/09/14 20:53:25] 发送(hex): 20
[2026/09/14 20:53:25] 发送(hex): 20
[2026/09/14 20:53:26] 发送(hex): 20
[2026/09/14 20:53:26] 发送(hex): 20
[2026/09/14 20:53:26] 发送(hex): 20
[2026/09/14 20:53:26] 发送(hex): 20
[2026/09/14 20:53:26] 发送(hex): 20
[2026/09/14 20:53:26] 发送(hex): 20
[2026/09/14 20:53:26] 发送(hex): 20
[2026/09/14 20:53:26] 发送(hex): 20
[2026/09/14 20:53:26] 发送(hex): 20
[2026/09/14 20:53:26] 发送(hex): 20
[2026/09/14 20:53:26] 发送(hex): 20
[2026/09/14 20:53:26] 发送(hex): 20
[2026/09/14 20:53:26] 发送(hex): 20
[2026/09/14 20:53:26] 发送(hex): 20
[2026/09/14 20:53:26] 发送(hex): 20
[2026/09/14 20:53:26] 发送(hex): 20
[2026/09/14 20:53:26] 发送(hex): 20
[2026/09/14 20:53:26] 发送(hex): 20
[2026/09/14 20:53:26] 发送(hex): 20
[2026/09/14 20:53:26] 发送(hex): 20
[2026/09/14 20:53:26] 发送(hex): 20
[2026/09/14 20:53:26] 发送(hex): 20
[2026/09/14 20:53:26] 发送(hex): 20
[2026/09/14 20:53:26] 发送(hex): 20
[2026/09/14 20:53:26] 发送(hex): 20
[2026/09/14 20:53:26] 发送(hex): 20
[2026/09/14 20:53:26] 发送(hex): 20
[2026/09/14 20:53:26] 发送(hex): 20
[2026/09/14 20:53:26] 发送(hex): 20
[2026/09/14 20:53:26] 发送(hex): 20
[2026/09/14 20:53:26] 发送(hex): 20
[2026/09/14 20:53:26] 发送(hex): 20
[2026/09/14 20:53:26] 发送(hex): 20
[2026/09/14 20:53:26] 发送(hex): 20
[2026/09/14 20:53:26] 发送(hex): 20
[2026/09/14 20:53:26] 发送(hex): 20
[2026/09/14 20:53:26] 发送(hex): 20
[2026/09/14 20:53:26] 发送(hex): 20
[2026/09/14 20:53:26] 发送(hex): 20
[2026/09/14 20:53:26] 发送(hex): 20
[2026/09/14 20:53:26] 发送(hex): 20
[2026/09/14 20:53:26] 发送(hex): 20
[2026/09/14 20:53:26] 发送(hex): 20
[2026/09/14 20:53:26] 发送(hex): 20
[2026/09/14 20:53:26] 发送(hex): 20
[2026/09/14 20:53:26] 发送(hex): 20
[2026/09/14 20:53:26] 发送(hex): 20
[2026/09/14 20:53:26] 发送(hex): 20
[2026/09/14 20:53:26] 发送(hex): 20
[2026/09/14 20:53:26] 发送(hex): 20
[2026/09/14 20:53:26] 发送(hex): 20
[2026/09/14 20:53:26] 发送(hex): 20
[2026/09/14 20:53:26] 发送(hex): 20
[2026/09/14 20:53:26] 发送(hex): 20
[2026/09/14 20:53:26] 发送(hex): 20
[2026/09/14 20:53:26] 发送(hex): 20
[2026/09/14 20:53:26] 发送(hex): 20
[2026/09/14 20:53:26] 发送(hex): 20
[2026/09/14 20:53:26] 发送(hex): 20
[2026/09/14 20:53:26] 发送(hex): 20
[2026/09/14 20:53:26] 发送(hex): 20
[2026/09/14 20:53:26] 发送(hex): 20
[2026/09/14 20:53:26] 发送(hex): 20
[2026/09/14 20:53:26] 发送(hex): 20
[2026/09/14 20:53:26] 发送(hex): 20
[2026/09/14 20:53:26] 发送(hex): 20
[2026/09/14 20:53:26] 发送(hex): 20
[2026/09/14 20:53:26] 发送(hex): 20
[2026/09/14 20:53:26] 发送(hex): 20
[2026/09/14 20:53:26] 发送(hex): 20
[2026/09/14 20:53:26] 发送(hex): 20
[2026/09/14 20:53:26] 发送(hex): 20
[2026/09/14 20:53:26] 发送(hex): 20
[2026/09/14 20:53:26] 发送(hex): 20
[2026/09/14 20:53:26] 发送(hex): 20
[2026/09/14 20:53:26] 发送(hex): 20
[2026/09/14 20:53:26] 发送(hex): 20
[2026/09/14 20:53:26] 发送(hex): 20
[2026/09/14 20:53:26] 发送(hex): 20
[2026/09/14 20:53:26] 发送(hex): 20
[2026/09/14 20:53:26] 发送(hex): 20
[2026/09/14 20:53:26] 发送(hex): 20
[2026/09/14 20:53:26] 发送(hex): 20
[2026/09/14 20:53:26] 发送(hex): 20
[2026/09/14 20:53:26] 发送(hex): 20
[2026/09/14 20:53:26] 发送(hex): 20
[2026/09/14 20:53:26] 发送(hex): 20
[2026/09/14 20:53:26] 发送(hex): 20
[2026/09/14 20:53:26] 发送(hex): 20
[2026/09/14 20:53:26] 发送(hex): 20
[2026/09/14 20:53:26] 发送(hex): 20
[2026/09/14 20:53:26] 发送(hex): 20
[2026/09/14 20:53:26] 发送(hex): 20
[2026/09/14 20:53:26] 发送(hex): 20
[2026/09/14 20:53:27] 发送(hex): 20
[2026/09/14 20:53:27] 发送(hex): 20
[2026/09/14 20:53:27] 发送(hex): 20
[2026/09/14 20:53:27] 发送(hex): 20
[2026/09/14 20:53:27] 发送(hex): 20
[2026/09/14 20:53:27] 发送(hex): 20
[2026/09/14 20:53:27] 发送(hex): 20
[2026/09/14 20:53:27] 发送(hex): 20
[2026/09/14 20:53:27] 发送(hex): 20
[2026/09/14 20:53:27] 发送(hex): 20
[2026/09/14 20:53:27] 发送(hex): 20
[2026/09/14 20:53:27] 发送(hex): 20
[2026/09/14 20:53:27] 发送(hex): 20
[2026/09/14 20:53:27] 发送(hex): 20
[2026/09/14 20:53:27] 发送(hex): 20
[2026/09/14 20:53:27] 发送(hex): 20
[2026/09/14 20:53:27] 发送(hex): 20
[2026/09/14 20:53:27] 发送(hex): 20
[2026/09/14 20:53:27] 发送(hex): 20
[2026/09/14 20:53:27] 发送(hex): 20
[2026/09/14 20:53:27] 发送(hex): 20
[2026/09/14 20:53:27] 发送(hex): 20
[2026/09/14 20:53:27] 发送(hex): 20
[2026/09/14 20:53:27] 发送(hex): 20
[2026/09/14 20:53:27] 发送(hex): 20
[2026/09/14 20:53:27] 发送(hex): 20
[2026/09/14 20:53:27] 发送(hex): 20
[2026/09/14 20:53:27] 发送(hex): 20
[2026/09/14 20:53:27] 发送(hex): 20
[2026/09/14 20:53:27] 发送(hex): 20
[2026/09/14 20:53:27] 发送(hex): 20
[2026/09/14 20:53:27] 发送(hex): 20
[2026/09/14 20:53:27] 发送(hex): 20
[2026/09/14 20:53:27] 发送(hex): 20
[2026/09/14 20:53:27] 发送(hex): 20
[2026/09/14 20:53:27] 发送(hex): 20
[2026/09/14 20:53:27] 发送(hex): 20
[2026/09/14 20:53:27] 发送(hex): 20
[2026/09/14 20:53:27] 发送(hex): 20
[2026/09/14 20:53:27] 发送(hex): 20
[2026/09/14 20:53:27] 发送(hex): 20
[2026/09/14 20:53:27] 发送(hex): 20
[2026/09/14 20:53:27] 发送(hex): 20
[2026/09/14 20:53:27] 发送(hex): 20
[2026/09/14 20:53:27] 发送(hex): 20
[2026/09/14 20:53:27] 发送(hex): 20
[2026/09/14 20:53:27] 发送(hex): 20
[2026/09/14 20:53:27] 发送(hex): 20
[2026/09/14 20:53:27] 发送(hex): 20
[2026/09/14 20:53:27] 发送(hex): 20
[2026/09/14 20:53:27] 发送(hex): 20
[2026/09/14 20:53:27] 发送(hex): 20
[2026/09/14 20:53:27] 发送(hex): 20
[2026/09/14 20:53:27] 发送(hex): 20
[2026/09/14 20:53:27] 发送(hex): 20
[2026/09/14 20:53:27] 发送(hex): 20
[2026/09/14 20:53:27] 发送(hex): 20
[2026/09/14 20:53:27] 发送(hex): 20
[2026/09/14 20:53:27] 发送(hex): 20
[2026/09/14 20:53:27] 发送(hex): 20
[2026/09/14 20:53:27] 发送(hex): 20
[2026/09/14 20:53:27] 发送(hex): 20
[2026/09/14 20:53:27] 发送(hex): 20
[2026/09/14 20:53:27] 发送(hex): 20
[2026/09/14 20:53:27] 发送(hex): 20
[2026/09/14 20:53:27] 发送(hex): 20
[2026/09/14 20:53:27] 发送(hex): 20
[2026/09/14 20:53:27] 发送(hex): 20
[2026/09/14 20:53:27] 发送(hex): 20
[2026/09/14 20:53:27] 发送(hex): 20
[2026/09/14 20:53:27] 发送(hex): 20
[2026/09/14 20:53:27] 发送(hex): 20
[2026/09/14 20:53:27] 发送(hex): 20
[2026/09/14 20:53:27] 发送(hex): 20
[2026/09/14 20:53:27] 发送(hex): 20
[2026/09/14 20:53:27] 发送(hex): 20
[2026/09/14 20:53:27] 发送(hex): 20
[2026/09/14 20:53:27] 发送(hex): 20
[2026/09/14 20:53:27] 发送(hex): 20
[2026/09/14 20:53:27] 发送(hex): 20
[2026/09/14 20:53:27] 发送(hex): 20
[2026/09/14 20:53:27] 发送(hex): 20
[2026/09/14 20:53:27] 发送(hex): 20
[2026/09/14 20:53:27] 发送(hex): 20
[2026/09/14 20:53:27] 发送(hex): 20
[2026/09/14 20:53:27] 发送(hex): 20
[2026/09/14 20:53:27] 发送(hex): 20
[2026/09/14 20:53:27] 发送(hex): 20
[2026/09/14 20:53:27] 发送(hex): 20
[2026/09/14 20:53:27] 发送(hex): 20
[2026/09/14 20:53:27] 发送(hex): 20
[2026/09/14 20:53:27] 发送(hex): 20
[2026/09/14 20:53:27] 发送(hex): 20
[2026/09/14 20:53:27] 发送(hex): 20
[2026/09/14 20:53:28] 发送(hex): 20
[2026/09/14 20:53:28] 发送(hex): 20
[2026/09/14 20:53:28] 发送(hex): 20
[2026/09/14 20:53:28] 发送(hex): 20
[2026/09/14 20:53:28] 发送(hex): 20
[2026/09/14 20:53:28] 发送(hex): 20
[2026/09/14 20:53:28] 发送(hex): 20
[2026/09/14 20:53:28] 发送(hex): 20
[2026/09/14 20:53:28] 发送(hex): 20
[2026/09/14 20:53:28] 发送(hex): 20
[2026/09/14 20:53:28] 发送(hex): 20
[2026/09/14 20:53:28] 发送(hex): 20
[2026/09/14 20:53:28] 发送(hex): 20
[2026/09/14 20:53:28] 发送(hex): 20
[2026/09/14 20:53:28] 发送(hex): 20
[2026/09/14 20:53:28] 发送(hex): 20
[2026/09/14 20:53:28] 发送(hex): 20
[2026/09/14 20:53:28] 发送(hex): 20
[2026/09/14 20:53:28] 发送(hex): 20
[2026/09/14 20:53:28] 发送(hex): 20
[2026/09/14 20:53:28] 发送(hex): 20
[2026/09/14 20:53:28] 发送(hex): 20
[2026/09/14 20:53:28] 发送(hex): 20
[2026/09/14 20:53:28] 发送(hex): 20
[2026/09/14 20:53:28] 发送(hex): 20
[2026/09/14 20:53:28] 发送(hex): 20
[2026/09/14 20:53:28] 发送(hex): 20
[2026/09/14 20:53:28] 发送(hex): 20
[2026/09/14 20:53:28] 发送(hex): 20
[2026/09/14 20:53:28] 发送(hex): 20
[2026/09/14 20:53:28] 发送(hex): 20
[2026/09/14 20:53:28] 发送(hex): 20
[2026/09/14 20:53:28] 发送(hex): 20
[2026/09/14 20:53:28] 发送(hex): 20
[2026/09/14 20:53:28] 发送(hex): 20
[2026/09/14 20:53:28] 发送(hex): 20
[2026/09/14 20:53:28] 发送(hex): 20
[2026/09/14 20:53:28] 发送(hex): 20
[2026/09/14 20:53:28] 发送(hex): 20
[2026/09/14 20:53:28] 发送(hex): 20
[2026/09/14 20:53:28] 发送(hex): 20
[2026/09/14 20:53:28] 发送(hex): 20
[2026/09/14 20:53:28] 发送(hex): 20
[2026/09/14 20:53:28] 发送(hex): 20
[2026/09/14 20:53:28] 发送(hex): 20
[2026/09/14 20:53:28] 发送(hex): 20
[2026/09/14 20:53:28] 发送(hex): 20
[2026/09/14 20:53:28] 发送(hex): 20
[2026/09/14 20:53:28] 发送(hex): 20
[2026/09/14 20:53:28] 发送(hex): 20
[2026/09/14 20:53:28] 发送(hex): 20
[2026/09/14 20:53:28] 发送(hex): 20
[2026/09/14 20:53:28] 发送(hex): 20
[2026/09/14 20:53:28] 发送(hex): 20
[2026/09/14 20:53:28] 发送(hex): 20
[2026/09/14 20:53:28] 发送(hex): 20
[2026/09/14 20:53:28] 发送(hex): 20
[2026/09/14 20:53:28] 发送(hex): 20
[2026/09/14 20:53:28] 发送(hex): 20
[2026/09/14 20:53:28] 发送(hex): 20
[2026/09/14 20:53:28] 发送(hex): 20
[2026/09/14 20:53:28] 发送(hex): 20
[2026/09/14 20:53:28] 发送(hex): 20
[2026/09/14 20:53:28] 发送(hex): 20
[2026/09/14 20:53:28] 发送(hex): 20
[2026/09/14 20:53:28] 发送(hex): 20
[2026/09/14 20:53:28] 发送(hex): 20
[2026/09/14 20:53:28] 发送(hex): 20
[2026/09/14 20:53:28] 发送(hex): 20
[2026/09/14 20:53:28] 发送(hex): 20
[2026/09/14 20:53:28] 发送(hex): 20
[2026/09/14 20:53:28] 发送(hex): 20
[2026/09/14 20:53:28] 发送(hex): 20
[2026/09/14 20:53:28] 发送(hex): 20
[2026/09/14 20:53:28] 发送(hex): 20
[2026/09/14 20:53:28] 发送(hex): 20
[2026/09/14 20:53:28] 发送(hex): 20
[2026/09/14 20:53:28] 发送(hex): 20
[2026/09/14 20:53:28] 发送(hex): 20
[2026/09/14 20:53:28] 发送(hex): 20
[2026/09/14 20:53:28] 发送(hex): 20
[2026/09/14 20:53:28] 发送(hex): 20
[2026/09/14 20:53:28] 发送(hex): 20
[2026/09/14 20:53:28] 发送(hex): 20
[2026/09/14 20:53:28] 发送(hex): 20
[2026/09/14 20:53:28] 发送(hex): 20
[2026/09/14 20:53:28] 发送(hex): 20
[2026/09/14 20:53:28] 发送(hex): 20
[2026/09/14 20:53:28] 发送(hex): 20
[2026/09/14 20:53:28] 发送(hex): 20
[2026/09/14 20:53:28] 发送(hex): 20
[2026/09/14 20:53:28] 发送(hex): 20
[2026/09/14 20:53:29] 发送(hex): 20
[2026/09/14 20:53:29] 发送(hex): 20
[2026/09/14 20:53:29] 发送(hex): 20
[2026/09/14 20:53:29] 发送(hex): 20
[2026/09/14 20:53:29] 发送(hex): 20
[2026/09/14 20:53:29] 发送(hex): 20
[2026/09/14 20:53:29] 发送(hex): 20
[2026/09/14 20:53:29] 发送(hex): 20
[2026/09/14 20:53:29] 发送(hex): 20
[2026/09/14 20:53:29] 发送(hex): 20
[2026/09/14 20:53:29] 发送(hex): 20
[2026/09/14 20:53:29] 发送(hex): 20
[2026/09/14 20:53:29] 发送(hex): 20
[2026/09/14 20:53:29] 发送(hex): 20
[2026/09/14 20:53:29] 发送(hex): 20
[2026/09/14 20:53:29] 发送(hex): 20
[2026/09/14 20:53:29] 发送(hex): 20
[2026/09/14 20:53:29] 发送(hex): 20
[2026/09/14 20:53:29] 发送(hex): 20
[2026/09/14 20:53:29] 发送(hex): 20
[2026/09/14 20:53:29] 发送(hex): 20
[2026/09/14 20:53:29] 发送(hex): 20
[2026/09/14 20:53:29] 发送(hex): 20
[2026/09/14 20:53:29] 发送(hex): 20
[2026/09/14 20:53:29] 发送(hex): 20
[2026/09/14 20:53:29] 发送(hex): 20
[2026/09/14 20:53:29] 发送(hex): 20
[2026/09/14 20:53:29] 发送(hex): 20
[2026/09/14 20:53:29] 发送(hex): 20
[2026/09/14 20:53:29] 发送(hex): 20
[2026/09/14 20:53:29] 发送(hex): 20
[2026/09/14 20:53:29] 发送(hex): 20
[2026/09/14 20:53:29] 发送(hex): 20
[2026/09/14 20:53:29] 发送(hex): 20
[2026/09/14 20:53:29] 发送(hex): 20
[2026/09/14 20:53:29] 发送(hex): 20
[2026/09/14 20:53:29] 发送(hex): 20
[2026/09/14 20:53:29] 发送(hex): 20
[2026/09/14 20:53:29] 发送(hex): 20
[2026/09/14 20:53:29] 发送(hex): 20
[2026/09/14 20:53:29] 发送(hex): 20
[2026/09/14 20:53:29] 发送(hex): 20
[2026/09/14 20:53:29] 发送(hex): 20
[2026/09/14 20:53:29] 发送(hex): 20
[2026/09/14 20:53:29] 发送(hex): 20
[2026/09/14 20:53:29] 发送(hex): 20
[2026/09/14 20:53:29] 发送(hex): 20
[2026/09/14 20:53:29] 发送(hex): 20
[2026/09/14 20:53:29] 发送(hex): 20
[2026/09/14 20:53:29] 发送(hex): 20
[2026/09/14 20:53:29] 发送(hex): 20
[2026/09/14 20:53:29] 发送(hex): 20
[2026/09/14 20:53:29] 发送(hex): 20
[2026/09/14 20:53:29] 发送(hex): 20
[2026/09/14 20:53:29] 发送(hex): 20
[2026/09/14 20:53:29] 发送(hex): 20
[2026/09/14 20:53:29] 发送(hex): 20
[2026/09/14 20:53:29] 发送(hex): 20
[2026/09/14 20:53:29] 发送(hex): 20
[2026/09/14 20:53:29] 发送(hex): 20
[2026/09/14 20:53:29] 发送(hex): 20
[2026/09/14 20:53:29] 发送(hex): 20
[2026/09/14 20:53:29] 发送(hex): 20
[2026/09/14 20:53:29] 发送(hex): 20
[2026/09/14 20:53:29] 发送(hex): 20
[2026/09/14 20:53:29] 发送(hex): 20
[2026/09/14 20:53:29] 发送(hex): 20
[2026/09/14 20:53:29] 发送(hex): 20
[2026/09/14 20:53:29] 发送(hex): 20
[2026/09/14 20:53:29] 发送(hex): 20
[2026/09/14 20:53:29] 发送(hex): 20
[2026/09/14 20:53:29] 发送(hex): 20
[2026/09/14 20:53:29] 发送(hex): 20
[2026/09/14 20:53:29] 发送(hex): 20
[2026/09/14 20:53:29] 发送(hex): 20
[2026/09/14 20:53:29] 发送(hex): 20
[2026/09/14 20:53:29] 发送(hex): 20
[2026/09/14 20:53:29] 发送(hex): 20
[2026/09/14 20:53:29] 发送(hex): 20
[2026/09/14 20:53:29] 发送(hex): 20
[2026/09/14 20:53:29] 发送(hex): 20
[2026/09/14 20:53:29] 发送(hex): 20
[2026/09/14 20:53:29] 发送(hex): 20
[2026/09/14 20:53:29] 发送(hex): 20
[2026/09/14 20:53:29] 发送(hex): 20
[2026/09/14 20:53:29] 发送(hex): 20
[2026/09/14 20:53:29] 发送(hex): 20
[2026/09/14 20:53:29] 发送(hex): 20
[2026/09/14 20:53:29] 发送(hex): 20
[2026/09/14 20:53:29] 发送(hex): 20
[2026/09/14 20:53:29] 发送(hex): 20
[2026/09/14 20:53:29] 发送(hex): 20
[2026/09/14 20:53:29] 发送(hex): 20
[2026/09/14 20:53:29] 发送(hex): 20
[2026/09/14 20:53:30] 发送(hex): 20
[2026/09/14 20:53:30] 发送(hex): 20
[2026/09/14 20:53:30] 发送(hex): 20
[2026/09/14 20:53:30] 发送(hex): 20
[2026/09/14 20:53:30] 发送(hex): 20
[2026/09/14 20:53:30] 发送(hex): 20
[2026/09/14 20:53:30] 发送(hex): 20
[2026/09/14 20:53:30] 发送(hex): 20
[2026/09/14 20:53:30] 发送(hex): 20
[2026/09/14 20:53:30] 发送(hex): 20
[2026/09/14 20:53:30] 发送(hex): 20
[2026/09/14 20:53:30] 发送(hex): 20
[2026/09/14 20:53:30] 发送(hex): 20
[2026/09/14 20:53:30] 发送(hex): 20
[2026/09/14 20:53:30] 发送(hex): 20
[2026/09/14 20:53:30] 发送(hex): 20
[2026/09/14 20:53:30] 发送(hex): 20
[2026/09/14 20:53:30] 发送(hex): 20
[2026/09/14 20:53:30] 发送(hex): 20
[2026/09/14 20:53:30] 发送(hex): 20
[2026/09/14 20:53:30] 发送(hex): 20
[2026/09/14 20:53:30] 发送(hex): 20
[2026/09/14 20:53:30] 发送(hex): 20
[2026/09/14 20:53:30] 发送(hex): 20
[2026/09/14 20:53:30] 发送(hex): 20
[2026/09/14 20:53:30] 发送(hex): 20
[2026/09/14 20:53:30] 发送(hex): 20
[2026/09/14 20:53:30] 发送(hex): 20
[2026/09/14 20:53:30] 发送(hex): 20
[2026/09/14 20:53:30] 发送(hex): 20
[2026/09/14 20:53:30] 发送(hex): 20
[2026/09/14 20:53:30] 发送(hex): 20
[2026/09/14 20:53:30] 发送(hex): 20
[2026/09/14 20:53:30] 发送(hex): 20
[2026/09/14 20:53:30] 发送(hex): 20
[2026/09/14 20:53:30] 发送(hex): 20
[2026/09/14 20:53:30] 发送(hex): 20
[2026/09/14 20:53:30] 发送(hex): 20
[2026/09/14 20:53:30] 发送(hex): 20
[2026/09/14 20:53:30] 发送(hex): 20
[2026/09/14 20:53:30] 发送(hex): 20
[2026/09/14 20:53:30] 发送(hex): 20
[2026/09/14 20:53:30] 发送(hex): 20
[2026/09/14 20:53:30] 发送(hex): 20
[2026/09/14 20:53:30] 发送(hex): 20
[2026/09/14 20:53:30] 发送(hex): 20
[2026/09/14 20:53:30] 发送(hex): 20
[2026/09/14 20:53:30] 发送(hex): 20
[2026/09/14 20:53:30] 发送(hex): 20
[2026/09/14 20:53:30] 发送(hex): 20
[2026/09/14 20:53:30] 发送(hex): 20
[2026/09/14 20:53:30] 发送(hex): 20
[2026/09/14 20:53:30] 发送(hex): 20
[2026/09/14 20:53:30] 发送(hex): 20
[2026/09/14 20:53:30] 发送(hex): 20
[2026/09/14 20:53:30] 发送(hex): 20
[2026/09/14 20:53:30] 发送(hex): 20
[2026/09/14 20:53:30] 发送(hex): 20
[2026/09/14 20:53:30] 发送(hex): 20
[2026/09/14 20:53:30] 发送(hex): 20
[2026/09/14 20:53:30] 发送(hex): 20
[2026/09/14 20:53:30] 发送(hex): 20
[2026/09/14 20:53:30] 发送(hex): 20
[2026/09/14 20:53:30] 发送(hex): 20
[2026/09/14 20:53:30] 发送(hex): 20
[2026/09/14 20:53:30] 发送(hex): 20
[2026/09/14 20:53:30] 发送(hex): 20
[2026/09/14 20:53:30] 发送(hex): 20
[2026/09/14 20:53:30] 发送(hex): 20
[2026/09/14 20:53:30] 发送(hex): 20
[2026/09/14 20:53:30] 发送(hex): 20
[2026/09/14 20:53:30] 发送(hex): 20
[2026/09/14 20:53:30] 发送(hex): 20
[2026/09/14 20:53:30] 发送(hex): 20
[2026/09/14 20:53:30] 发送(hex): 20
[2026/09/14 20:53:30] 发送(hex): 20
[2026/09/14 20:53:30] 发送(hex): 20
[2026/09/14 20:53:30] 发送(hex): 20
[2026/09/14 20:53:30] 发送(hex): 20
[2026/09/14 20:53:30] 发送(hex): 20
[2026/09/14 20:53:30] 发送(hex): 20
[2026/09/14 20:53:30] 发送(hex): 20
[2026/09/14 20:53:30] 发送(hex): 20
[2026/09/14 20:53:30] 发送(hex): 20
[2026/09/14 20:53:30] 发送(hex): 20
[2026/09/14 20:53:30] 发送(hex): 20
[2026/09/14 20:53:30] 发送(hex): 20
[2026/09/14 20:53:30] 发送(hex): 20
[2026/09/14 20:53:30] 发送(hex): 20
[2026/09/14 20:53:30] 发送(hex): 20
[2026/09/14 20:53:30] 发送(hex): 20
[2026/09/14 20:53:30] 发送(hex): 20
[2026/09/14 20:53:30] 发送(hex): 20
[2026/09/14 20:53:30] 发送(hex): 20
[2026/09/14 20:53:31] 发送(hex): 20
[2026/09/14 20:53:31] 发送(hex): 20
[2026/09/14 20:53:31] 发送(hex): 20
[2026/09/14 20:53:31] 发送(hex): 20
[2026/09/14 20:53:31] 发送(hex): 20
[2026/09/14 20:53:31] 发送(hex): 20
[2026/09/14 20:53:31] 发送(hex): 20
[2026/09/14 20:53:31] 发送(hex): 20
[2026/09/14 20:53:31] 发送(hex): 20
[2026/09/14 20:53:31] 发送(hex): 20
[2026/09/14 20:53:31] 发送(hex): 20
[2026/09/14 20:53:31] 发送(hex): 20
[2026/09/14 20:53:31] 发送(hex): 20
[2026/09/14 20:53:31] 发送(hex): 20
[2026/09/14 20:53:31] 发送(hex): 20
[2026/09/14 20:53:31] 发送(hex): 20
[2026/09/14 20:53:31] 发送(hex): 20
[2026/09/14 20:53:31] 发送(hex): 20
[2026/09/14 20:53:31] 发送(hex): 20
[2026/09/14 20:53:31] 发送(hex): 20
[2026/09/14 20:53:31] 发送(hex): 20
[2026/09/14 20:53:31] 发送(hex): 20
[2026/09/14 20:53:31] 发送(hex): 20
[2026/09/14 20:53:31] 发送(hex): 20
[2026/09/14 20:53:31] 发送(hex): 20
[2026/09/14 20:53:31] 发送(hex): 20
[2026/09/14 20:53:31] 发送(hex): 20
[2026/09/14 20:53:31] 发送(hex): 20
[2026/09/14 20:53:31] 发送(hex): 20
[2026/09/14 20:53:31] 发送(hex): 20
[2026/09/14 20:53:31] 发送(hex): 20
[2026/09/14 20:53:31] 发送(hex): 20
[2026/09/14 20:53:31] 发送(hex): 20
[2026/09/14 20:53:31] 发送(hex): 20
[2026/09/14 20:53:31] 发送(hex): 20
[2026/09/14 20:53:31] 发送(hex): 20
[2026/09/14 20:53:31] 发送(hex): 20
[2026/09/14 20:53:31] 发送(hex): 20
[2026/09/14 20:53:31] 发送(hex): 20
[2026/09/14 20:53:31] 发送(hex): 20
[2026/09/14 20:53:31] 发送(hex): 20
[2026/09/14 20:53:31] 发送(hex): 20
[2026/09/14 20:53:31] 发送(hex): 20
[2026/09/14 20:53:31] 发送(hex): 20
[2026/09/14 20:53:31] 发送(hex): 20
[2026/09/14 20:53:31] 发送(hex): 20
[2026/09/14 20:53:31] 发送(hex): 20
[2026/09/14 20:53:31] 发送(hex): 20
[2026/09/14 20:53:31] 发送(hex): 20
[2026/09/14 20:53:31] 发送(hex): 20
[2026/09/14 20:53:31] 发送(hex): 20
[2026/09/14 20:53:31] 发送(hex): 20
[2026/09/14 20:53:31] 发送(hex): 20
[2026/09/14 20:53:31] 发送(hex): 20
[2026/09/14 20:53:31] 发送(hex): 20
[2026/09/14 20:53:31] 发送(hex): 20
[2026/09/14 20:53:31] 发送(hex): 20
[2026/09/14 20:53:31] 发送(hex): 20
[2026/09/14 20:53:31] 发送(hex): 20
[2026/09/14 20:53:31] 发送(hex): 20
[2026/09/14 20:53:31] 发送(hex): 20
[2026/09/14 20:53:31] 发送(hex): 20
[2026/09/14 20:53:31] 发送(hex): 20
[2026/09/14 20:53:31] 发送(hex): 20
[2026/09/14 20:53:31] 发送(hex): 20
[2026/09/14 20:53:31] 发送(hex): 20
[2026/09/14 20:53:31] 发送(hex): 20
[2026/09/14 20:53:31] 发送(hex): 20
[2026/09/14 20:53:31] 发送(hex): 20
[2026/09/14 20:53:31] 发送(hex): 20
[2026/09/14 20:53:31] 发送(hex): 20
[2026/09/14 20:53:31] 发送(hex): 20
[2026/09/14 20:53:31] 发送(hex): 20
[2026/09/14 20:53:31] 发送(hex): 20
[2026/09/14 20:53:31] 发送(hex): 20
[2026/09/14 20:53:31] 发送(hex): 20
[2026/09/14 20:53:31] 发送(hex): 20
[2026/09/14 20:53:31] 发送(hex): 20
[2026/09/14 20:53:31] 发送(hex): 20
[2026/09/14 20:53:31] 发送(hex): 20
[2026/09/14 20:53:31] 发送(hex): 20
[2026/09/14 20:53:31] 发送(hex): 20
[2026/09/14 20:53:31] 发送(hex): 20
[2026/09/14 20:53:31] 发送(hex): 20
[2026/09/14 20:53:31] 发送(hex): 20
[2026/09/14 20:53:31] 发送(hex): 20
[2026/09/14 20:53:31] 发送(hex): 20
[2026/09/14 20:53:31] 发送(hex): 20
[2026/09/14 20:53:31] 发送(hex): 20
[2026/09/14 20:53:31] 发送(hex): 20
[2026/09/14 20:53:31] 发送(hex): 20
[2026/09/14 20:53:31] 发送(hex): 20
[2026/09/14 20:53:31] 发送(hex): 20
[2026/09/14 20:53:31] 发送(hex): 20
[2026/09/14 20:53:31] 发送(hex): 20
[2026/09/14 20:53:32] 发送(hex): 20
[2026/09/14 20:53:32] 发送(hex): 20
[2026/09/14 20:53:32] 发送(hex): 20
[2026/09/14 20:53:32] 发送(hex): 20
[2026/09/14 20:53:32] 发送(hex): 20
[2026/09/14 20:53:32] 发送(hex): 20
[2026/09/14 20:53:32] 发送(hex): 20
[2026/09/14 20:53:32] 发送(hex): 20
[2026/09/14 20:53:32] 发送(hex): 20
[2026/09/14 20:53:32] 发送(hex): 20
[2026/09/14 20:53:32] 发送(hex): 20
[2026/09/14 20:53:32] 发送(hex): 20
[2026/09/14 20:53:32] 发送(hex): 20
[2026/09/14 20:53:32] 发送(hex): 20
[2026/09/14 20:53:32] 发送(hex): 20
[2026/09/14 20:53:32] 发送(hex): 20
[2026/09/14 20:53:32] 发送(hex): 20
[2026/09/14 20:53:32] 发送(hex): 20
[2026/09/14 20:53:32] 发送(hex): 20
[2026/09/14 20:53:32] 发送(hex): 20
[2026/09/14 20:53:32] 发送(hex): 20
[2026/09/14 20:53:32] 发送(hex): 20
[2026/09/14 20:53:32] 发送(hex): 20
[2026/09/14 20:53:32] 发送(hex): 0d
[2026/09/14 20:53:32] 发送(hex): 0d
[2026/09/14 20:53:32] Realtek>
[2026/09/14 20:53:32] 发送(hex): 0d
[2026/09/14 20:53:32] 发送(hex): 0d
[2026/09/14 20:53:32] Realtek>
[2026/09/14 20:53:32] Realt
[2026/09/14 20:53:32] 发送(hex): 0d
[2026/09/14 20:53:32] ek>
[2026/09/14 20:53:32] Realtek>
[2026/09/14 20:53:32] Realtek>
[2026/09/14 20:53:37] 发送(hex): 706d6f646520656e61626c653b72650d
[2026/09/14 20:53:37] pmode enable;re
[2026/09/14 20:53:37] uboot command for pmode enable!
[2026/09/14 20:53:37] resetting ...
[2026/09/14 20:53:38] $
[2026/09/14 20:53:38] Post romcode git ver:42df880604ac78a3 (Aug
[2026/09/14 20:53:38] 28 2026 21:41:35)
[2026/09/14 20:53:38] $
[2026/09/14 20:53:38] Hello world, RTD2875P_CN2_TV030!
[2026/09/14 20:53:38] set_wifi_reset
[2026/09/14 20:53:38] Auxcode git ver:3a4deb9ea300359e (Aug 28 2026 21:41:29)
[2026/09/14 20:53:38] flash_type = 2, secure_type = 2
[2026/09/14 20:53:38] b8062204=20000
[2026/09/14 20:53:38] slot info 0 0x0 info 1 0x9021afbe
[2026/09/14 20:53:38] g_gpt_blk_start 0x1  g_offline_gpt 0x0 last_usable_lba 0x1cd2032 num_partition_entries 0x32
[2026/09/14 20:53:38] start 0x2e600000 clt_blk 0x1973004 ctrl size 0x20
[2026/09/14 20:53:38] choose active index 0
[2026/09/14 20:53:38] part name bootloader ative_slot _a real part name bootloader_a
[2026/09/14 20:53:38] part name hwsetting start 0x100000 size 0x33600
[2026/09/14 20:53:38] part name ext_fw start 0x133600 size 0x10400
[2026/09/14 20:53:38] part name kboot start 0x143a00 size 0x16e00
[2026/09/14 20:53:38] part name uboot start 0x15a800 size 0x120400
[2026/09/14 20:53:38] ls4 2 1 = 800040aa 8000207f 80001000
[2026/09/14 20:53:38] fNewHWsettingArch = 2
[2026/09/14 20:53:38] 1.lsadcidx = 2, brand =3, offset = 0
[2026/09/14 20:53:38] 1.lsadcidx = 2, brand =3, offset = 17800
[2026/09/14 20:53:38] hwsetting from mmc
[2026/09/14 20:53:38] AC on HW offset 0x809 start 0x800 reg 0x8090800
[2026/09/14 20:53:38] total = 2f00
[2026/09/14 20:53:38] A
[2026/09/14 20:53:38] A
[2026/09/14 20:53:38] A
[2026/09/14 20:53:38] A
[2026/09/14 20:53:38] A
[2026/09/14 20:53:38] {12 14}
[2026/09/14 20:53:38] ffee
[2026/09/14 20:53:38] ddffeeddddr ver: 62c63180
[2026/09/14 20:53:38] ori DQS0~7 {03 04 1a 1c 00 01 00 00}
[2026/09/14 20:53:38] {01 03 19 1b 00 01 00 00} {0a 09 07 09 06 05 00 00}
[2026/09/14 20:53:38] r.y.0
[2026/09/14 20:53:38] r.y.0 SCPU BISR status: Done
[2026/09/14 20:53:38] [go kb]
[2026/09/14 20:53:38] pass bo
[2026/09/14 20:53:38] otcode info to kboot
[2026/09/14 20:53:38] num=1056
[2026/09/14 20:53:38] boot_magic=20230423
[2026/09/14 20:53:38] ---DEBUG kboot 21:41:14 Aug 28 2026 ---
[2026/09/14 20:53:38] [Kboot]eMMC(mid-15) MMC_HS50 (50000000Mhz)[8bit].
[2026/09/14 20:53:38] block info 0x1cd2032 0x3a3e000.
[2026/09/14 20:53:38] [MMC] 32 -----------> 16GB.
[2026/09/14 20:53:38] (2379beef) (0) bufsize=(null)
[2026/09/14 20:53:38] uboot start 0x15a800 size 0x120400
[2026/09/14 20:53:38] board_version:
[2026/09/14 20:53:38] ls1 = 0, ver: 0
[2026/09/14 20:53:38] [0;31mapp_main 325 board_version=0[0m
[2026/09/14 20:53:38] get FW_TZFW flash start 0xf100200 ddr buf start
[2026/09/14 20:53:38] 0x180000 image size 010c2e3 ok!
[2026/09/14 20:53:38] [INFO]RPMB auth key not written !
[2026/09/14 20:53:38] [INFO]RPMB auth key not written !
[2026/09/14 20:53:38] Current board is not frist boot.
[2026/09/14 20:53:38] ALL zero, reserved_3 has removed.
[2026/09/14 20:53:38] Current board remove reserved_3 done.
[2026/09/14 20:53:38] get FW_VKE
[2026/09/14 20:53:38] RNEL flash start 0xc100200 ddr buf start 0x1a900000 image size 05f0300 ok!
[2026/09/14 20:53:38] get FW_VKERNEL2 flash start 0xd900200 ddr buf start 0x1af00000 image size 0f4920 ok!
[2026/09/14 20:53:39] get FW_AKERNEL flash start 0xa900200 ddr buf start 0x1b200000 image size 07fbf7c ok!
[2026/09/14 20:53:39] ATFATFATF:0 1 NOTICE: kill CPU(2)...
[2026/09/14 20:53:39] ATF:0 1 NOTICE: kill (2) : PACTIVE:0
[2026/09/14 20:53:39] ATF:0 1 NOTICE:  CPU(2) kill done, pstate(0x0)
[2026/09/14 20:53:39] U
[2026/09/14 20:53:39] fixup_node_name 555. set /reserved-memory@5 to /reserved-memory
[2026/09/14 20:53:39] fixup_node_name 555. set /rtk_cma@5 to /rtk_cma
[2026/09/14 20:53:39] ### [1;31mERROR[0m ### get_movablecore 613. Can't find dtb node /reserved-memory/cma2_memory/reg
[2026/09/14 20:53:39] reinit_mem_info 1049  ddr_size 80000000
[2026/09/14 20:53:39] booting, boot_led_type: 0x00000000, led on[1]
[2026/09/14 20:53:39] set share register: 0x99100000
[2026/09/14 20:53:39] boot_power_on_mode=1
[2026/09/14 20:53:39] [get_layout:1264]!
[2026/09/14 20:53:39] boot_part value = 0 boot_tag value = 21
[2026/09/14 20:53:39] [get_oemkey] 1397: get oem.key = ATV00107525
[2026/09/14 20:53:39] Factory_RO: [EXT4] factory_ro_buffer:0a800000, factory_ro_buffer size:0x1000000!
[2026/09/14 20:53:39] Partiton factory_ro_a located at 0:6
[2026/09/14 20:53:39] factory_ro_a partition can not find /.000@bk@***!
[2026/09/14 20:53:39] Factory RO no need recovery!
[2026/09/14 20:53:39] Get tvconfigs_a partition block device index fail!
[2026/09/14 20:53:39] read customer.ini file fail!
[2026/09/14 20:53:39] parse SYS_INI path fail
[2026/09/14 20:53:39] Not support board ini mechansim!
[2026/09/14 20:53:39] Get tvconfigs_a partition block device index fail!
[2026/09/14 20:53:39] read customer.ini file fail!
[2026/09/14 20:53:39] parse SYS_INI path fail
[2026/09/14 20:53:39] load model ini file fail
[2026/09/14 20:53:39] cannot find PcbPath from ini file
[2026/09/14 20:53:39] no pcb.config in tvconfigs
[2026/09/14 20:53:39] no mnt/vendor/factorypcb.config
[2026/09/14 20:53:41] delay:342
[2026/09/14 20:53:41] Vwait V1go
[2026/09/14 20:53:41] Vwait V2go
[2026/09/14 20:53:42] DEMOD BISR check Pass and disable demod CLK!!
[2026/09/14 20:53:42] [0;31mboard_version=0 sz=18M[0m
[2026/09/14 20:53:42] ATF:0 1 NOTICE: atf enter time:1182ms, current time:3991ms
[2026/09/14 20:53:42] ATF:0 1 NOTICE: 1st boot elapsed 3997ms
[2026/09/14 20:53:44] console:/ $
[2026/09/14 20:53:53] factory auto test loop start
[2026/09/14 20:53:53]  
[2026/09/14 20:54:02] 发送(hex): aa061001a7ef
[2026/09/14 20:54:02] «
[2026/09/14 20:54:02] ßN
[2026/09/14 20:54:03] 发送(hex): aa09700000000092eb
[2026/09/14 20:54:04] «
[2026/09/14 20:54:04] ßN
[2026/09/14 20:54:14] 发送(hex): aa06840063e1
[2026/09/14 20:54:14] «
[2026/09/14 20:54:14] ßN
[2026/09/14 20:54:14] « &d
[2026/09/14 20:54:15] 发送(hex): aa061001a7ef
[2026/09/14 20:54:15] «
[2026/09/14 20:54:15] ßN
[2026/09/14 20:54:16] 发送(hex): aa09700000000092eb
[2026/09/14 20:54:16] «
[2026/09/14 20:54:16] ßN
[2026/09/14 20:54:26] 发送(hex): aa06840063e1
[2026/09/14 20:54:26] «
[2026/09/14 20:54:26] ßN« &d
[2026/09/14 20:54:30] $
[2026/09/14 20:54:30] Post romcode git ver:42df880604ac78a3 (Aug 28 2026 21:41:35)
[2026/09/14 20:54:30] $
[2026/09/14 20:54:30] Hello world, RTD2875P_CN2_TV030!
[2026/09/14 20:54:30] set_wifi_reset
[2026/09/14 20:54:30] Auxcode git ver:3a4deb9ea300359e (Aug 28 2026 21:41:29)
[2026/09/14 20:54:30] flash_type = 2, secure_type = 2
[2026/09/14 20:54:30] b8062204=0
[2026/09/14 20:54:30] slot info 0 0x0 info 1 0x0
[2026/09/14 20:54:30] invalid reg slot status 0
[2026/09/14 20:54:30] x0,get slot info from flash!
[2026/09/14 20:54:30] g_gpt_blk_start 0x1  g_offline_gpt 0x0 last_usable_lba 0x1cd2032 num_partition_entries 0x32
[2026/09/14 20:54:30] start 0x2e600000 clt_blk 0x1973004 ctrl size 0x20
[2026/09/14 20:54:30] choose active index 0
[2026/09/14 20:54:30] part name bootloader ative_slot _a real part name bootloader_a
[2026/09/14 20:54:30] part name hwsetting start 0x100000 size 0x33600
[2026/09/14 20:54:30] part name ext_fw start 0x133600 size 0x10400
[2026/09/14 20:54:30] part name kboot start 0x143a00 size 0x16e00
[2026/09/14 20:54:30] part name uboot start 0x15a800 size 0x120400
[2026/09/14 20:54:30] ls4 2 1 = 800040ab 8000207f 80001000
[2026/09/14 20:54:30] fNewHWsettingArch = 2
[2026/09/14 20:54:30] 1.lsadcidx = 2, brand =3, offset = 0
[2026/09/14 20:54:30] 1.lsadcidx = 2, brand =3, offset = 17800
[2026/09/14 20:54:30] hwsetting from mmc
[2026/09/14 20:54:30] AC on HW offset 0x809 start 0x800 reg 0x8090800
[2026/09/14 20:54:30] total = 2f00
[2026/09/14 20:54:30] A
[2026/09/14 20:54:30] A
[2026/09/14 20:54:30] A
[2026/09/14 20:54:30] A
[2026/09/14 20:54:30] A
[2026/09/14 20:54:30] {12 14}
[2026/09/14 20:54:30] ffeeddffeeddddr ver: 62c63180
[2026/09/14 20:54:30] ori DQS0~7 {03 04 1a 1c 00 01 00 00}
[2026/09/14 20:54:30] {01 03 19 1b 00 01 00 00} {0a 09 07 09 06 05 00 00}
[2026/09/14 20:54:30] r.y.0
[2026/09/14 20:54:30] r.y.0 SCPU BISR status: Done
[2026/09/14 20:54:30] [go
[2026/09/14 20:54:30] kb]
[2026/09/14 20:54:30] pass bootcode info to kboot
[2026/09/14 20:54:30] num=1100
[2026/09/14 20:54:30] boot_magic=0Í
[2026/09/14 20:54:30] ---DEBUG kboot 21:41:14 Aug 28 2026 ---
[2026/09/14 20:54:30] [Kboot]eMMC(mid-15) MMC_HS50 (50000000Mhz)[8bit].
[2026/09/14 20:54:30] block info 0x1cd2032 0x3a3e000.
[2026/09/14 20:54:30] [MMC] 32 -----------> 16GB.
[2026/09/14 20:54:30] (00000000) (0) bufsize=(null)
[2026/09/14 20:54:30] uboot start 0x15a800 size 0x1204
[2026/09/14 20:54:30] 00
[2026/09/14 20:54:30] board_v
[2026/09/14 20:54:30] ersion: ls1 = 0, ver: 0
[2026/09/14 20:54:30] [0;31mapp_main 325 board_version=0[0m
[2026/09/14 20:54:30] get FW_TZFW flash start 0xf100200 ddr buf start 0x180000 image size 010c2e3 ok!
[2026/09/14 20:54:30] [INFO]RPMB auth key not written !
[2026/09/14 20:54:30] [INFO]RPMB auth key not written !
[2026/09/14 20:54:30] Current board is not frist boot.
[2026/09/14 20:54:30] ALL zero, reserved_3 has removed.
[2026/09/14 20:54:30] Current board remove reserved_3 done.
[2026/09/14 20:54:31] get FW_VKERNEL flash
[2026/09/14 20:54:31] start 0xc100200 ddr buf start 0x1a900000 image size 05f0300 ok!
[2026/09/14 20:54:31] get FW_VKERNEL2 flash start 0xd900200 ddr buf start 0x1af00000 image size 0f4920 ok!
[2026/09/14 20:54:31] get FW_AKERNEL flash start 0xa900200 ddr buf start 0x1b200000 image size 07fbf7c ok!
[2026/09/14 20:54:31] ATFATFATF:0 1 NOTICE: kill CPU(2)...
[2026/09/14 20:54:31] ATF:0 1 NOTICE: kill (2) : PACTIVE:0
[2026/09/14 20:54:31] ATF:0 1 NOTICE:  CPU(2) kill done, pstate(0x0)
[2026/09/14 20:54:31] U
[2026/09/14 20:54:31] fixup_node_name 555. set /reserved-memory@5 to /reserved-memory
[2026/09/14 20:54:31] fixup_node_name 555. set /rtk_cma@5 to /rtk_cma
[2026/09/14 20:54:31] ### [1;31mERROR[0m ### get_movablecore 613. Can't find dtb node /reserved-memory/cma2_memory/reg
[2026/09/14 20:54:31] reinit_mem_info 1049  ddr_size 80000000
[2026/09/14 20:54:31] booting, boot_led_type: 0x00000000, led on[1]
[2026/09/14 20:54:31] set share register: 0x99100000
[2026/09/14 20:54:31] boot_power_on_mode=1
[2026/09/14 20:54:31] [get_layout:1264]!
[2026/09/14 20:54:31] boot_part value = 0 boot_tag value = 21
[2026/09/14 20:54:31] [get_oemkey] 1397: get oem.key = ATV00107525
[2026/09/14 20:54:31] Factory_RO: [EXT4] factory_ro_buffer:0a800000, factory_ro_buffer size:0x1000000!
[2026/09/14 20:54:31] Partiton factory_ro_a located at 0:6
[2026/09/14 20:54:31] factory_ro_a partition can not find /.000@bk@***!
[2026/09/14 20:54:31] Factory RO no need recovery!
[2026/09/14 20:54:31] Get tvconfigs_a partition block device index fail!
[2026/09/14 20:54:31] read customer.ini file fail!
[2026/09/14 20:54:31] parse SYS_INI path fail
[2026/09/14 20:54:31] Not support board ini mechansim!
[2026/09/14 20:54:31] Get tvconfigs_a partition block device index fail!
[2026/09/14 20:54:31] read customer.ini file fail!
[2026/09/14 20:54:31] parse SYS_INI path fail
[2026/09/14 20:54:31] load model ini file fail
[2026/09/14 20:54:31] cannot find PcbPath from ini file
[2026/09/14 20:54:31] no pcb.config in tvconfigs
[2026/09/14 20:54:31] no mnt/vendor/factorypcb.config
[2026/09/14 20:54:33] delay:342
[2026/09/14 20:54:34] Vwait
[2026/09/14 20:54:34] V1go Vwait V2go
[2026/09/14 20:54:34] DEMOD BISR check Pass and disable demod CLK!!
[2026/09/14 20:54:34] [0;31mboard_version=0 sz=18M[0m
[2026/09/14 20:54:34] ATF:0 1 NOTICE: atf enter time:1185ms, current time:4022ms
[2026/09/14 20:54:34] ATF:0 1 NOTICE: 1st boot elapsed 4028ms
[2026/09/14 20:54:37] console:/ $
[2026/09/14 20:54:45] factory auto test loop start
[2026/09/14 20:54:45]  
[2026/09/14 20:54:55] 发送(hex): aa061001a7ef
[2026/09/14 20:54:55] «
[2026/09/14 20:54:55] ßN
[2026/09/14 20:54:56] 发送(hex): aa06110194de
[2026/09/14 20:54:56] «
[2026/09/14 20:54:56] ßN
[2026/09/14 20:55:15] 发送(hex): aa06840063e1
[2026/09/14 20:55:15] «
[2026/09/14 20:55:15] ßN« &d
[2026/09/14 20:55:16] 发送(hex): aa061001a7ef
[2026/09/14 20:55:16] «
[2026/09/14 20:55:16] ßN
[2026/09/14 20:55:17] 发送(hex): aa06110194de
[2026/09/14 20:55:17] «
[2026/09/14 20:55:17] ßN
[2026/09/14 20:55:36] 发送(hex): aa06840063e1
[2026/09/14 20:55:37] «
[2026/09/14 20:55:37] ßN« &d
[2026/09/14 20:55:40] $
[2026/09/14 20:55:40] Post romcode git ver:42df880604ac78a3 (Aug 28 2026 21:41:35)
[2026/09/14 20:55:40] $
[2026/09/14 20:55:40] Hello world, RTD2875P_CN2_TV030!
[2026/09/14 20:55:40] set_wifi_reset
[2026/09/14 20:55:40] Auxcode git ver:3a4deb9ea300359e (Aug 28 2026 21:41:29)
[2026/09/14 20:55:40] flash_type = 2, secure_type = 2
[2026/09/14 20:55:40] b8062204=0
[2026/09/14 20:55:40] slot info 0 0x0 info 1 0x0
[2026/09/14 20:55:40] invalid reg slot status 0x0
[2026/09/14 20:55:40] ,get slot info from flash!
[2026/09/14 20:55:40] g_gpt_blk_start 0x1  g_offline_gpt 0x0 last_usable_lba 0x1cd2032 num_partition_entries 0x32
[2026/09/14 20:55:40] start 0x2e600000 clt_blk 0x1973004 ctrl size 0x20
[2026/09/14 20:55:40] choose active index 0
[2026/09/14 20:55:40] part name bootloader ative_slot _a real part name bootloader_a
[2026/09/14 20:55:40] part name hwsetting start 0x100000 size 0x33600
[2026/09/14 20:55:40] part name ext_fw start 0x133600 size 0x10400
[2026/09/14 20:55:40] part name kboot start 0x143a00 size 0x16e00
[2026/09/14 20:55:40] part name uboot start 0x15a800 size 0x120400
[2026/09/14 20:55:40] ls4 2 1 = 800040ab 8000207f 80001000
[2026/09/14 20:55:40] fNewHWsettingArch = 2
[2026/09/14 20:55:40] 1.lsadcidx = 2, brand =3, offset = 0
[2026/09/14 20:55:40] 1.lsadcidx = 2, brand =3, offset = 17800
[2026/09/14 20:55:40] hwsetting from mmc
[2026/09/14 20:55:40] AC on HW offset 0x809 start 0x800 reg 0x8090800
[2026/09/14 20:55:40] total = 2f00
[2026/09/14 20:55:40] A
[2026/09/14 20:55:40] A
[2026/09/14 20:55:40] A
[2026/09/14 20:55:40] A
[2026/09/14 20:55:40] A
[2026/09/14 20:55:40] {12 14}
[2026/09/14 20:55:40] ffeeddffeeddddr ver: 62c63180
[2026/09/14 20:55:40] ori DQS0~7 {03 04 1a 1c 00 01 00 00}
[2026/09/14 20:55:40] {01 03 19 1b 00 01 00 00} {08 09 06 09 06 06 00 00}
[2026/09/14 20:55:40] r.y.0
[2026/09/14 20:55:40] r.y.0 SCPU BISR status: Done
[2026/09/14 20:55:40] [go kb
[2026/09/14 20:55:41] ]
[2026/09/14 20:55:41] pass bootcode info to kboot
[2026/09/14 20:55:41] num=1100
[2026/09/14 20:55:41] boot_magic=0Í
[2026/09/14 20:55:41] ---DEBUG kboot 21:41:14 Aug 28 2026 ---
[2026/09/14 20:55:41] [Kboot]eMMC(mid-15) MMC_HS50 (50000000Mhz)[8bit].
[2026/09/14 20:55:41] block info 0x1cd2032 0x3a3e000.
[2026/09/14 20:55:41] [MMC] 32 -----------> 16GB.
[2026/09/14 20:55:41] (00000000) (0) bufsize=(null)
[2026/09/14 20:55:41] uboot start 0x15a800 size 0x120400
[2026/09/14 20:55:41] board_vers
[2026/09/14 20:55:41] ion: ls1 = 0, ver: 0
[2026/09/14 20:55:41] [0;31mapp_main 325 board_version=0[0m
[2026/09/14 20:55:41] get FW_TZFW flash start 0xf100200 ddr buf start 0x180000 image size 010c2e3 ok!
[2026/09/14 20:55:41] [INFO]RPMB auth key not written !
[2026/09/14 20:55:41] [INFO]RPMB auth key not written !
[2026/09/14 20:55:41] Current board is not frist boot.
[2026/09/14 20:55:41] ALL zero, reserved_3 has removed.
[2026/09/14 20:55:41] Current board remove reserved_3 done.
[2026/09/14 20:55:41] get FW_VKERNEL flash start 0
[2026/09/14 20:55:41] xc100200 ddr buf start 0x1a900000 image size 05f0300 ok!
[2026/09/14 20:55:41] get FW_VKERNEL2 flash start 0xd900200 ddr buf start 0x1af00000 image size 0f4920 ok!
[2026/09/14 20:55:41] get FW_AKERNEL flash start 0xa900200 ddr buf start 0x1b200000 image size 07fbf7c ok!
[2026/09/14 20:55:41] ATFATFATF:0 1 NOTICE: kill CPU(2)...
[2026/09/14 20:55:41] ATF:0 1 NOTICE: kill (2) : PACTIVE:0
[2026/09/14 20:55:41] ATF:0 1 NOTICE:  CPU(2) kill done, pstate(0x0)
[2026/09/14 20:55:41] U
[2026/09/14 20:55:42] fixup_node_name 555. set /reserved-memory@5 to /reserved-memory
[2026/09/14 20:55:42] fixup_node_name 555. set /rtk_cma@5 to /rtk_cma
[2026/09/14 20:55:42] ### [1;31mERROR[0m ### get_movablecore 613. Can't find dtb node /reserved-memory/cma2_memory/reg
[2026/09/14 20:55:42] reinit_mem_info 1049  ddr_size 80000000
[2026/09/14 20:55:42] booting, boot_led_type: 0x00000000, led on[1]
[2026/09/14 20:55:42] set share register: 0x99100000
[2026/09/14 20:55:42] boot_power_on_mode=1
[2026/09/14 20:55:42] [get_layout:1264]!
[2026/09/14 20:55:42] boot_part value = 0 boot_tag value = 21
[2026/09/14 20:55:42] [get_oemkey] 1397: get oem.key = ATV00107525
[2026/09/14 20:55:42] Factory_RO: [EXT4] factory_ro_buffer:0a800000, factory_ro_buffer size:0x1000000!
[2026/09/14 20:55:42] Partiton factory_ro_a located at 0:6
[2026/09/14 20:55:42] factory_ro_a partition can not find /.000@bk@***!
[2026/09/14 20:55:42] Factory RO no need recovery!
[2026/09/14 20:55:42] Get tvconfigs_a partition block device index fail!
[2026/09/14 20:55:42] read customer.ini file fail!
[2026/09/14 20:55:42] parse SYS_INI path fail
[2026/09/14 20:55:42] Not support board ini mechansim!
[2026/09/14 20:55:42] Get tvconfigs_a partition block device index fail!
[2026/09/14 20:55:42] read customer.ini file fail!
[2026/09/14 20:55:42] parse SYS_INI path fail
[2026/09/14 20:55:42] load model ini file fail
[2026/09/14 20:55:42] cannot find PcbPath from ini file
[2026/09/14 20:55:42] no pcb.config in tvconfigs
[2026/09/14 20:55:42] no mnt/vendor/factorypcb.config
[2026/09/14 20:55:44] delay:342
[2026/09/14 20:55:44] Vwait
[2026/09/14 20:55:44] V1go Vwait V2go
[2026/09/14 20:55:44] DEMOD BISR che
[2026/09/14 20:55:44] ck Pass and disable demod CLK!!
[2026/09/14 20:55:44] [0;31mboard_version=0 sz=18M[0m
[2026/09/14 20:55:44] ATF:0 1 NOTICE: atf enter time:1184ms, current time:4019ms
[2026/09/14 20:55:44] ATF:0 1 NOTICE: 1st boot elapsed 4025ms
[2026/09/14 20:55:47] console:/ $
[2026/09/14 20:55:55] factory auto test loop start
[2026/09/14 20:55:55]  
[2026/09/14 20:56:21] $
[2026/09/14 20:56:21] Post romcode git ver:42df880604ac78a3 (Aug 28 2026 21:41:35)
[2026/09/14 20:56:21] $
[2026/09/14 20:56:21] Hello world, RTD2875P_CN2_TV030!
[2026/09/14 20:56:21] set_wifi_reset
[2026/09/14 20:56:21] Auxcode git ver:3a4deb9ea300359e (Aug 28 2026 21:41:29)
[2026/09/14 20:56:21] flash_type = 2, secure_type = 2
[2026/09/14 20:56:21] b8062204=0
[2026/09/14 20:56:21] slot info 0 0x0 info 1 0x0
[2026/09/14 20:56:21] invalid reg slot status 0x0,ge
[2026/09/14 20:56:21] t slot info from flash!
[2026/09/14 20:56:21] g_gpt_blk_start 0x1  g_offline_gpt 0x0 last_usable_lba 0x1cd2032 num_partition_entries 0x32
[2026/09/14 20:56:21] start 0x2e600000 clt_blk 0x1973004 ctrl size 0x20
[2026/09/14 20:56:21] choose active index 0
[2026/09/14 20:56:21] part name bootloader ative_slot _a real part name bootloader_a
[2026/09/14 20:56:21] part name hwsetting start 0x100000 size 0x33600
[2026/09/14 20:56:21] part name ext_fw start 0x133600 size 0x10400
[2026/09/14 20:56:21] part name kboot start 0x143a00 size 0x16e00
[2026/09/14 20:56:21] part name uboot start 0x15a800 size 0x120400
[2026/09/14 20:56:21] ls4 2 1 = 800040aa 8000207f 80001000
[2026/09/14 20:56:21] fNewHWsettingArch = 2
[2026/09/14 20:56:21] 1.lsadcidx = 2, brand =3, offset = 0
[2026/09/14 20:56:21] 1.lsadcidx = 2, brand =3, offset = 17800
[2026/09/14 20:56:21] hwsetting from mmc
[2026/09/14 20:56:21] AC on HW offset 0x809 start 0x800 reg 0x8090800
[2026/09/14 20:56:21] total = 2f00
[2026/09/14 20:56:21] A
[2026/09/14 20:56:21] A
[2026/09/14 20:56:21] A
[2026/09/14 20:56:21] A
[2026/09/14 20:56:21] A
[2026/09/14 20:56:22] {12 14}
[2026/09/14 20:56:22] ffeeddffeeddddr ver: 62c63180
[2026/09/14 20:56:22] ori DQS0~7 {03 04 1a 1c 00 01 00 00}
[2026/09/14 20:56:22] {01 03 19 1b 00 01 00 00} {08 09 06 09 06 05 00 00}
[2026/09/14 20:56:22] r.y.0
[2026/09/14 20:56:22] r.y.0 SCPU BISR status: Done
[2026/09/14 20:56:22] [go kb]
[2026/09/14 20:56:22] pass bootcode info to kboot
[2026/09/14 20:56:22] num=1100
[2026/09/14 20:56:22] boot_magic=0Í
[2026/09/14 20:56:22] ---DEBUG kboot 21:41:14 Aug 28 2026 ---
[2026/09/14 20:56:22] [Kboot]eMMC(mid-15) MMC_HS50 (50000000Mhz)[8bit].
[2026/09/14 20:56:22] block info 0x1cd2032 0x3a3e000.
[2026/09/14 20:56:22] [MMC] 32 -----------> 16GB.
[2026/09/14 20:56:22] (00000000) (0) bufsize=(null)
[2026/09/14 20:56:22] uboot start 0x15a800 size 0x
[2026/09/14 20:56:22] 120400
[2026/09/14 20:56:22] board_version: ls1 = 0, ver: 0
[2026/09/14 20:56:22] [0;31mapp_main 325 board_version=0[0m
[2026/09/14 20:56:22] get FW_TZFW flash start 0xf100200 ddr buf start 0x180000 image size 010c2e3 ok!
[2026/09/14 20:56:22] [INFO]RPMB auth key not written !
[2026/09/14 20:56:22] [INFO]RPMB auth key not written !
[2026/09/14 20:56:22] Current board is not frist boot.
[2026/09/14 20:56:22] ALL zero, reserved_3 has removed.
[2026/09/14 20:56:22] Current board remove reserved_3 done.
[2026/09/14 20:56:22] get FW_VKERNEL flash star
[2026/09/14 20:56:22] t 0xc100200 ddr buf start 0x1a900000 image size 05f0300 ok!
[2026/09/14 20:56:22] get FW_VKERNEL2 flash start 0xd900200 ddr buf start 0x1af00000 image size 0f4920 ok!
[2026/09/14 20:56:22] get FW_AKERNEL flash start 0xa900200 ddr buf start 0x1b200000 image size 07fbf7c ok!
[2026/09/14 20:56:22] ATFATFATF:0 1 NOTICE: kill CPU(2)...
[2026/09/14 20:56:22] ATF:0 1 NOTICE: kill (2) : PACTIVE:0
[2026/09/14 20:56:22] ATF:0 1 NOTICE:  CPU(2) kill done, pstate(0x0)
[2026/09/14 20:56:22] U
[2026/09/14 20:56:23] fixup_node_name 555. set /reserved-memory@5 to /reserved-memory
[2026/09/14 20:56:23] fixup_node_name 555. set /rtk_cma@5 to /rtk_cma
[2026/09/14 20:56:23] ### [1;31mERROR[0m ### get_movablecore 613. Can't find dtb node /reserved-memory/cma2_memory/reg
[2026/09/14 20:56:23] reinit_mem_info 1049  ddr_size 80000000
[2026/09/14 20:56:23] booting, boot_led_type: 0x00000000, led on[1]
[2026/09/14 20:56:23] set share register: 0x99100000
[2026/09/14 20:56:23] boot_power_on_mode=1
[2026/09/14 20:56:23] [get_layout:1264]!
[2026/09/14 20:56:23] boot_part value = 0 boot_tag value = 21
[2026/09/14 20:56:23] [get_oemkey] 1397: get oem.key = ATV00107525
[2026/09/14 20:56:23] Factory_RO: [EXT4] factory_ro_buffer:0a800000, factory_ro_buffer size:0x1000000!
[2026/09/14 20:56:23] Partiton factory_ro_a located at 0:6
[2026/09/14 20:56:23] factory_ro_a partition can not find /.000@bk@***!
[2026/09/14 20:56:23] Factory RO no need recovery!
[2026/09/14 20:56:23] Get tvconfigs_a partition block device index fail!
[2026/09/14 20:56:23] read customer.ini file fail!
[2026/09/14 20:56:23] parse SYS_INI path fail
[2026/09/14 20:56:23] Not support board ini mechansim!
[2026/09/14 20:56:23] Get tvconfigs_a partition block device index fail!
[2026/09/14 20:56:23] read customer.ini file fail!
[2026/09/14 20:56:23] parse SYS_INI path fail
[2026/09/14 20:56:23] load model ini file fail
[2026/09/14 20:56:23] cannot find PcbPath from ini file
[2026/09/14 20:56:23] no pcb.config in tvconfigs
[2026/09/14 20:56:23] no mnt/vendor/factorypcb.config
[2026/09/14 20:56:25] delay:342
[2026/09/14 20:56:25] Vwait
[2026/09/14 20:56:25] V1go Vwait V2go
[2026/09/14 20:56:25] DEMOD BIS
[2026/09/14 20:56:25] R check Pass and disable demod CLK!!
[2026/09/14 20:56:25] [0;31mboard_version=0 sz=18M[0m
[2026/09/14 20:56:25] ATF:0 1 NOTICE: atf enter time:1185ms, current time:4008ms
[2026/09/14 20:56:25] ATF:0 1 NOTICE: 1st boot elapsed 4014ms
[2026/09/14 20:56:28] console:/ $
[2026/09/14 20:56:36] factory auto test loop start
[2026/09/14 20:56:36]  

[END] 2026/09/14 20:57:04
