[BEGIN] 2026/09/15 15:52:03
[2026/09/15 15:52:07] 发送(hex): 20
[2026/09/15 15:52:07] 发送(hex): 20
[2026/09/15 15:52:07] 发送(hex): 20
[2026/09/15 15:52:07] 发送(hex): 20
[2026/09/15 15:52:07] 发送(hex): 20
[2026/09/15 15:52:07] 发送(hex): 20
[2026/09/15 15:52:07] 发送(hex): 20
[2026/09/15 15:52:07] 发送(hex): 20
[2026/09/15 15:52:07] 发送(hex): 20
[2026/09/15 15:52:07] 发送(hex): 20
[2026/09/15 15:52:07] 发送(hex): 20
[2026/09/15 15:52:07] 发送(hex): 20
[2026/09/15 15:52:07] 发送(hex): 20
[2026/09/15 15:52:07] 发送(hex): 20
[2026/09/15 15:52:07] 发送(hex): 20
[2026/09/15 15:52:07] 发送(hex): 20
[2026/09/15 15:52:07] 发送(hex): 20
[2026/09/15 15:52:07] 发送(hex): 20
[2026/09/15 15:52:07] 发送(hex): 20
[2026/09/15 15:52:07] 发送(hex): 20
[2026/09/15 15:52:07] 发送(hex): 20
[2026/09/15 15:52:07] 发送(hex): 20
[2026/09/15 15:52:07] 发送(hex): 20
[2026/09/15 15:52:07] 发送(hex): 20
[2026/09/15 15:52:07] 发送(hex): 20
[2026/09/15 15:52:07] 发送(hex): 20
[2026/09/15 15:52:07] 发送(hex): 20
[2026/09/15 15:52:07] 发送(hex): 20
[2026/09/15 15:52:07] 发送(hex): 20
[2026/09/15 15:52:07] 发送(hex): 20
[2026/09/15 15:52:07] 发送(hex): 20
[2026/09/15 15:52:07] 发送(hex): 20
[2026/09/15 15:52:07] 发送(hex): 20
[2026/09/15 15:52:07] 发送(hex): 20
[2026/09/15 15:52:07] 发送(hex): 20
[2026/09/15 15:52:07] 发送(hex): 20
[2026/09/15 15:52:07] 发送(hex): 20
[2026/09/15 15:52:07] 发送(hex): 20
[2026/09/15 15:52:07] 发送(hex): 20
[2026/09/15 15:52:07] 发送(hex): 20
[2026/09/15 15:52:08] 发送(hex): 20
[2026/09/15 15:52:08] 发送(hex): 20
[2026/09/15 15:52:08] 发送(hex): 20
[2026/09/15 15:52:08] 发送(hex): 20
[2026/09/15 15:52:08] 发送(hex): 20
[2026/09/15 15:52:08] 发送(hex): 20
[2026/09/15 15:52:08] 发送(hex): 20
[2026/09/15 15:52:08] 发送(hex): 20
[2026/09/15 15:52:08] 发送(hex): 20
[2026/09/15 15:52:08] 发送(hex): 20
[2026/09/15 15:52:08] 发送(hex): 20
[2026/09/15 15:52:08] 发送(hex): 20
[2026/09/15 15:52:08] 发送(hex): 20
[2026/09/15 15:52:08] 发送(hex): 20
[2026/09/15 15:52:08] 发送(hex): 20
[2026/09/15 15:52:08] 发送(hex): 20
[2026/09/15 15:52:08] $
[2026/09/15 15:52:08] Post romcode git ver:42df880604ac78a3 (Aug 28 2026 21:41:35)
[2026/09/15 15:52:08] $
[2026/09/15 15:52:08] Hello world, RTD2875P_CN2_TV030!
[2026/09/15 15:52:08] set_wifi_reset
[2026/09/15 15:52:08] Auxcode git ver:3a4deb9ea300359e (Aug 28 2026 21:41:29)
[2026/09/15 15:52:08] flash_type = 2, secure_type = 2
[2026/09/15 15:52:08] b8062204=0
[2026/09/15 15:52:08] 发送(hex): 20
[2026/09/15 15:52:08] slot info 0 0x0 info 1 0x0
[2026/09/15 15:52:08] invalid reg slot status 0x0,ge
[2026/09/15 15:52:08] 发送(hex): 20
[2026/09/15 15:52:08] 发送(hex): 20
[2026/09/15 15:52:08] 发送(hex): 20
[2026/09/15 15:52:08] 发送(hex): 20
[2026/09/15 15:52:08] 发送(hex): 20
[2026/09/15 15:52:08] 发送(hex): 20
[2026/09/15 15:52:08] 发送(hex): 20
[2026/09/15 15:52:08] 发送(hex): 20
[2026/09/15 15:52:08] t slot info from flash!
[2026/09/15 15:52:08] g_gpt_blk_start 0x1  g_offline_gpt 0x0 last_usable_lba 0x1cd2032 num_partition_entries 0x32
[2026/09/15 15:52:08] start 0x2e600000 clt_blk 0x1973004 ctrl size 0x20
[2026/09/15 15:52:08] choose active index 0
[2026/09/15 15:52:08] part name bootloader ative_slot _a real part name bootloader_a
[2026/09/15 15:52:08] part name hwsetting start 0x100000 size 0x33600
[2026/09/15 15:52:08] part name ext_fw start 0x133600 size 0x10400
[2026/09/15 15:52:08] part name kboot start 0x143a00 size 0x16e00
[2026/09/15 15:52:08] part name uboot start 0x15a800 size 0x120400
[2026/09/15 15:52:08] ls4 2 1 = 800040aa 8000207f 80001000
[2026/09/15 15:52:08] fNewHWsettingArch = 2
[2026/09/15 15:52:08] 1.lsadcidx = 2, brand =3, offset = 0
[2026/09/15 15:52:08] 1.lsadcidx = 2, brand =3, offset = 17800
[2026/09/15 15:52:08] hwsetting from mmc
[2026/09/15 15:52:08] AC on HW offset 0x809 start 0x800 reg 0x8090800
[2026/09/15 15:52:08] total = 2f00
[2026/09/15 15:52:08] 发送(hex): 20
[2026/09/15 15:52:08] 发送(hex): 20
[2026/09/15 15:52:08] 发送(hex): 20
[2026/09/15 15:52:08] 发送(hex): 20
[2026/09/15 15:52:08] 发送(hex): 20
[2026/09/15 15:52:08] A
[2026/09/15 15:52:08] 发送(hex): 20
[2026/09/15 15:52:08] 发送(hex): 20
[2026/09/15 15:52:08] A
[2026/09/15 15:52:08] 发送(hex): 20
[2026/09/15 15:52:08] A
[2026/09/15 15:52:08] A
[2026/09/15 15:52:08] 发送(hex): 20
[2026/09/15 15:52:08] 发送(hex): 20
[2026/09/15 15:52:08] A
[2026/09/15 15:52:08] 发送(hex): 20
[2026/09/15 15:52:08] 发送(hex): 20
[2026/09/15 15:52:08] {12 14}
[2026/09/15 15:52:08] ffeeddffeeddddr ver: 62c63180
[2026/09/15 15:52:08] ori DQS0~7 {03 04 1a 1c 00 01 00 00}
[2026/09/15 15:52:08] 发送(hex): 20
[2026/09/15 15:52:08] 发送(hex): 20
[2026/09/15 15:52:08] 发送(hex): 20
[2026/09/15 15:52:08] 发送(hex): 20
[2026/09/15 15:52:08] 发送(hex): 20
[2026/09/15 15:52:08] 发送(hex): 20
[2026/09/15 15:52:08] 发送(hex): 20
[2026/09/15 15:52:08] {01 03 19 1b 00 01 00 00} {08 09 07 09 06 05 00 00}
[2026/09/15 15:52:08] r.y.0
[2026/09/15 15:52:08] 发送(hex): 20
[2026/09/15 15:52:08] r.y.0 SCPU BISR status: Done
[2026/09/15 15:52:08] 发送(hex): 20
[2026/09/15 15:52:08] 发送(hex): 20
[2026/09/15 15:52:08] [go kb]
[2026/09/15 15:52:08] 发送(hex): 20
[2026/09/15 15:52:08] 发送(hex): 20
[2026/09/15 15:52:08] 发送(hex): 20
[2026/09/15 15:52:08] 发送(hex): 20
[2026/09/15 15:52:08] pass bootcode info to kboot
[2026/09/15 15:52:08] num=1100
[2026/09/15 15:52:08] boot_magic=0Í
[2026/09/15 15:52:08] ---DEBUG kboot 21:41:14 Aug 28 2026 ---
[2026/09/15 15:52:08] [Kboot]eMMC(mid-15) MMC_HS50 (50000000Mhz)[8bit].
[2026/09/15 15:52:08] block info 0x1cd2032 0x3a3e000.
[2026/09/15 15:52:08] [MMC] 32 -----------> 16GB.
[2026/09/15 15:52:08] 发送(hex): 20
[2026/09/15 15:52:08] (00000000) (0) bufsize=(null)
[2026/09/15 15:52:08] 发送(hex): 20
[2026/09/15 15:52:08] 发送(hex): 20
[2026/09/15 15:52:08] 发送(hex): 20
[2026/09/15 15:52:08] uboot start 0x15a800 size 0x120400
[2026/09/15 15:52:08] 发送(hex): 20
[2026/09/15 15:52:08] 发送(hex): 20
[2026/09/15 15:52:08] board_versi
[2026/09/15 15:52:08] 发送(hex): 20
[2026/09/15 15:52:08] 发送(hex): 20
[2026/09/15 15:52:08] on: ls1 = 0, ver: 0
[2026/09/15 15:52:08] [0;31mapp_main 325 board_version=0[0m
[2026/09/15 15:52:08] 发送(hex): 20
[2026/09/15 15:52:08] 发送(hex): 20
[2026/09/15 15:52:08] 发送(hex): 20
[2026/09/15 15:52:08] 发送(hex): 20
[2026/09/15 15:52:08] 发送(hex): 20
[2026/09/15 15:52:08] 发送(hex): 20
[2026/09/15 15:52:08] get FW_TZFW flash start 0xf100200 ddr buf start 0x180000 image size 010c2e3 ok!
[2026/09/15 15:52:08] [INFO]RPMB auth key not written !
[2026/09/15 15:52:08] [INFO]RPMB auth key not written !
[2026/09/15 15:52:08] Current board is not frist boot.
[2026/09/15 15:52:08] ALL zero, reserved_3 has removed.
[2026/09/15 15:52:08] Current board remove reserved_3 done.
[2026/09/15 15:52:08] 发送(hex): 20
[2026/09/15 15:52:08] 发送(hex): 20
[2026/09/15 15:52:08] 发送(hex): 20
[2026/09/15 15:52:08] 发送(hex): 20
[2026/09/15 15:52:08] 发送(hex): 20
[2026/09/15 15:52:08] 发送(hex): 20
[2026/09/15 15:52:08] 发送(hex): 20
[2026/09/15 15:52:08] 发送(hex): 20
[2026/09/15 15:52:08] 发送(hex): 20
[2026/09/15 15:52:08] 发送(hex): 20
[2026/09/15 15:52:08] 发送(hex): 20
[2026/09/15 15:52:08] 发送(hex): 20
[2026/09/15 15:52:08] 发送(hex): 20
[2026/09/15 15:52:08] 发送(hex): 20
[2026/09/15 15:52:08] 发送(hex): 20
[2026/09/15 15:52:08] 发送(hex): 20
[2026/09/15 15:52:08] 发送(hex): 20
[2026/09/15 15:52:08] 发送(hex): 20
[2026/09/15 15:52:08] get FW_VKERNEL flash start 0x
[2026/09/15 15:52:08] 发送(hex): 20
[2026/09/15 15:52:08] 发送(hex): 20
[2026/09/15 15:52:08] c100200 ddr buf start 0x1a900000 image size 05f0300 ok!
[2026/09/15 15:52:08] 发送(hex): 20
[2026/09/15 15:52:08] 发送(hex): 20
[2026/09/15 15:52:08] 发送(hex): 20
[2026/09/15 15:52:08] 发送(hex): 20
[2026/09/15 15:52:08] get FW_VKERNEL2 flash start 0xd900200 ddr buf start 0x1af00000 image size 0f4920 ok!
[2026/09/15 15:52:08] 发送(hex): 20
[2026/09/15 15:52:08] 发送(hex): 20
[2026/09/15 15:52:08] 发送(hex): 20
[2026/09/15 15:52:08] 发送(hex): 20
[2026/09/15 15:52:08] 发送(hex): 20
[2026/09/15 15:52:09] 发送(hex): 20
[2026/09/15 15:52:09] 发送(hex): 20
[2026/09/15 15:52:09] 发送(hex): 20
[2026/09/15 15:52:09] 发送(hex): 20
[2026/09/15 15:52:09] 发送(hex): 20
[2026/09/15 15:52:09] 发送(hex): 20
[2026/09/15 15:52:09] 发送(hex): 20
[2026/09/15 15:52:09] 发送(hex): 20
[2026/09/15 15:52:09] 发送(hex): 20
[2026/09/15 15:52:09] 发送(hex): 20
[2026/09/15 15:52:09] 发送(hex): 20
[2026/09/15 15:52:09] 发送(hex): 20
[2026/09/15 15:52:09] 发送(hex): 20
[2026/09/15 15:52:09] 发送(hex): 20
[2026/09/15 15:52:09] 发送(hex): 20
[2026/09/15 15:52:09] 发送(hex): 20
[2026/09/15 15:52:09] 发送(hex): 20
[2026/09/15 15:52:09] 发送(hex): 20
[2026/09/15 15:52:09] 发送(hex): 20
[2026/09/15 15:52:09] 发送(hex): 20
[2026/09/15 15:52:09] 发送(hex): 20
[2026/09/15 15:52:09] get FW_AKERNEL flash start 0xa900200 ddr buf start 0x1b200000 image size 07fbf7c ok!
[2026/09/15 15:52:09] 发送(hex): 20
[2026/09/15 15:52:09] 发送(hex): 20
[2026/09/15 15:52:09] 发送(hex): 20
[2026/09/15 15:52:09] 发送(hex): 20
[2026/09/15 15:52:09] 发送(hex): 20
[2026/09/15 15:52:09] 发送(hex): 20
[2026/09/15 15:52:09] 发送(hex): 20
[2026/09/15 15:52:09] 发送(hex): 20
[2026/09/15 15:52:09] 发送(hex): 20
[2026/09/15 15:52:09] 发送(hex): 20
[2026/09/15 15:52:09] 发送(hex): 20
[2026/09/15 15:52:09] ATFATFATF:0 1 NOTICE: kill CPU(2)...
[2026/09/15 15:52:09] ATF:0 1 NOTICE: kill (2) : PACTIVE:0
[2026/09/15 15:52:09] ATF:0 1 NOTICE:  CPU(2) kill done, pstate(0x0)
[2026/09/15 15:52:09] 发送(hex): 20
[2026/09/15 15:52:09] U
[2026/09/15 15:52:09] 发送(hex): 20
[2026/09/15 15:52:09] 发送(hex): 20
[2026/09/15 15:52:09] 发送(hex): 20
[2026/09/15 15:52:09] 发送(hex): 20
[2026/09/15 15:52:09] 发送(hex): 20
[2026/09/15 15:52:09] 发送(hex): 20
[2026/09/15 15:52:09] 发送(hex): 20
[2026/09/15 15:52:09] 发送(hex): 20
[2026/09/15 15:52:09] 发送(hex): 20
[2026/09/15 15:52:09] 发送(hex): 20
[2026/09/15 15:52:09] 发送(hex): 20
[2026/09/15 15:52:09] 发送(hex): 20
[2026/09/15 15:52:09] 发送(hex): 20
[2026/09/15 15:52:09] 发送(hex): 20
[2026/09/15 15:52:09] 发送(hex): 20
[2026/09/15 15:52:09] 发送(hex): 20
[2026/09/15 15:52:09] 发送(hex): 20
[2026/09/15 15:52:09] fixup_node_name 555. set /reserved-memory@5 to /reserved-memory
[2026/09/15 15:52:09] fixup_node_name 555. set /rtk_cma@5 to /rtk_cma
[2026/09/15 15:52:09] ### [1;31mERROR[0m ### get_movablecore 613. Can't find dtb node /reserved-memory/cma2_memory/reg
[2026/09/15 15:52:09] reinit_mem_info 1049  ddr_size 80000000
[2026/09/15 15:52:09] 发送(hex): 20
[2026/09/15 15:52:09] 发送(hex): 20
[2026/09/15 15:52:09] booting, boot_led_type: 0x00000000, led on[1]
[2026/09/15 15:52:09] set share register: 0x99100000
[2026/09/15 15:52:09] boot_power_on_mode=1
[2026/09/15 15:52:09] [get_layout:1264]!
[2026/09/15 15:52:09] 发送(hex): 20
[2026/09/15 15:52:09] 发送(hex): 20
[2026/09/15 15:52:09] 发送(hex): 20
[2026/09/15 15:52:09] 发送(hex): 20
[2026/09/15 15:52:09] 发送(hex): 20
[2026/09/15 15:52:09] 发送(hex): 20
[2026/09/15 15:52:09] 发送(hex): 20
[2026/09/15 15:52:09] 发送(hex): 20
[2026/09/15 15:52:09] boot_part value = 0 boot_tag value = 21
[2026/09/15 15:52:09] [get_oemkey] 1397: get oem.key = ATV00107525
[2026/09/15 15:52:09] Factory_RO: [EXT4] factory_ro_buffer:0a800000, factory_ro_buffer size:0x1000000!
[2026/09/15 15:52:09] Partiton factory_ro_a located at 0:6
[2026/09/15 15:52:09] factory_ro_a partition can not find /.000@bk@***!
[2026/09/15 15:52:09] Factory RO no need recovery!
[2026/09/15 15:52:09] Get tvconfigs_a partition block device index fail!
[2026/09/15 15:52:09] read customer.ini file fail!
[2026/09/15 15:52:09] parse SYS_INI path fail
[2026/09/15 15:52:09] Not support board ini mechansim!
[2026/09/15 15:52:09] Get tvconfigs_a partition block device index fail!
[2026/09/15 15:52:09] read customer.ini file fail!
[2026/09/15 15:52:09] parse SYS_INI path fail
[2026/09/15 15:52:09] load model ini file fail
[2026/09/15 15:52:09] cannot find PcbPath from ini file
[2026/09/15 15:52:09] no pcb.config in tvconfigs
[2026/09/15 15:52:09] no mnt/vendor/factorypcb.config
[2026/09/15 15:52:09] 发送(hex): 20
[2026/09/15 15:52:09] 发送(hex): 20
[2026/09/15 15:52:09] 发送(hex): 20
[2026/09/15 15:52:09] 发送(hex): 20
[2026/09/15 15:52:09] 发送(hex): 20
[2026/09/15 15:52:09] 发送(hex): 20
[2026/09/15 15:52:09] 发送(hex): 20
[2026/09/15 15:52:09] 发送(hex): 20
[2026/09/15 15:52:09] 发送(hex): 20
[2026/09/15 15:52:09] 发送(hex): 20
[2026/09/15 15:52:09] 发送(hex): 20
[2026/09/15 15:52:09] 发送(hex): 20
[2026/09/15 15:52:09] 发送(hex): 20
[2026/09/15 15:52:09] 发送(hex): 20
[2026/09/15 15:52:09] 发送(hex): 20
[2026/09/15 15:52:09] 发送(hex): 20
[2026/09/15 15:52:09] 发送(hex): 20
[2026/09/15 15:52:09] 发送(hex): 20
[2026/09/15 15:52:09] 发送(hex): 20
[2026/09/15 15:52:09] 发送(hex): 20
[2026/09/15 15:52:09] 发送(hex): 20
[2026/09/15 15:52:09] 发送(hex): 20
[2026/09/15 15:52:09] 发送(hex): 20
[2026/09/15 15:52:09] 发送(hex): 20
[2026/09/15 15:52:09] 发送(hex): 20
[2026/09/15 15:52:09] 发送(hex): 20
[2026/09/15 15:52:09] 发送(hex): 20
[2026/09/15 15:52:09] 发送(hex): 20
[2026/09/15 15:52:09] 发送(hex): 20
[2026/09/15 15:52:09] 发送(hex): 20
[2026/09/15 15:52:09] 发送(hex): 20
[2026/09/15 15:52:09] 发送(hex): 20
[2026/09/15 15:52:09] 发送(hex): 20
[2026/09/15 15:52:09] 发送(hex): 20
[2026/09/15 15:52:10] 发送(hex): 20
[2026/09/15 15:52:10] 发送(hex): 20
[2026/09/15 15:52:10] 发送(hex): 20
[2026/09/15 15:52:10] 发送(hex): 20
[2026/09/15 15:52:10] 发送(hex): 20
[2026/09/15 15:52:10] 发送(hex): 20
[2026/09/15 15:52:10] 发送(hex): 20
[2026/09/15 15:52:10] 发送(hex): 20
[2026/09/15 15:52:10] 发送(hex): 20
[2026/09/15 15:52:10] 发送(hex): 20
[2026/09/15 15:52:10] 发送(hex): 20
[2026/09/15 15:52:10] 发送(hex): 20
[2026/09/15 15:52:10] 发送(hex): 20
[2026/09/15 15:52:10] 发送(hex): 20
[2026/09/15 15:52:10] 发送(hex): 20
[2026/09/15 15:52:10] 发送(hex): 20
[2026/09/15 15:52:10] 发送(hex): 20
[2026/09/15 15:52:10] 发送(hex): 20
[2026/09/15 15:52:10] 发送(hex): 20
[2026/09/15 15:52:10] 发送(hex): 20
[2026/09/15 15:52:10] 发送(hex): 20
[2026/09/15 15:52:10] 发送(hex): 20
[2026/09/15 15:52:10] 发送(hex): 20
[2026/09/15 15:52:10] 发送(hex): 20
[2026/09/15 15:52:10] 发送(hex): 20
[2026/09/15 15:52:10] 发送(hex): 20
[2026/09/15 15:52:10] 发送(hex): 20
[2026/09/15 15:52:10] 发送(hex): 20
[2026/09/15 15:52:10] 发送(hex): 20
[2026/09/15 15:52:10] 发送(hex): 20
[2026/09/15 15:52:10] 发送(hex): 20
[2026/09/15 15:52:10] 发送(hex): 20
[2026/09/15 15:52:10] 发送(hex): 20
[2026/09/15 15:52:10] 发送(hex): 20
[2026/09/15 15:52:10] 发送(hex): 20
[2026/09/15 15:52:10] 发送(hex): 20
[2026/09/15 15:52:10] 发送(hex): 20
[2026/09/15 15:52:10] 发送(hex): 20
[2026/09/15 15:52:10] 发送(hex): 20
[2026/09/15 15:52:10] 发送(hex): 20
[2026/09/15 15:52:10] 发送(hex): 20
[2026/09/15 15:52:10] 发送(hex): 20
[2026/09/15 15:52:10] 发送(hex): 20
[2026/09/15 15:52:10] 发送(hex): 20
[2026/09/15 15:52:10] 发送(hex): 20
[2026/09/15 15:52:10] 发送(hex): 20
[2026/09/15 15:52:10] 发送(hex): 20
[2026/09/15 15:52:10] 发送(hex): 20
[2026/09/15 15:52:10] 发送(hex): 20
[2026/09/15 15:52:10] 发送(hex): 20
[2026/09/15 15:52:10] 发送(hex): 20
[2026/09/15 15:52:10] 发送(hex): 20
[2026/09/15 15:52:10] 发送(hex): 20
[2026/09/15 15:52:10] 发送(hex): 20
[2026/09/15 15:52:10] 发送(hex): 20
[2026/09/15 15:52:10] 发送(hex): 20
[2026/09/15 15:52:10] 发送(hex): 20
[2026/09/15 15:52:10] 发送(hex): 20
[2026/09/15 15:52:10] 发送(hex): 20
[2026/09/15 15:52:10] 发送(hex): 20
[2026/09/15 15:52:10] 发送(hex): 20
[2026/09/15 15:52:10] 发送(hex): 20
[2026/09/15 15:52:10] 发送(hex): 20
[2026/09/15 15:52:10] 发送(hex): 20
[2026/09/15 15:52:10] 发送(hex): 20
[2026/09/15 15:52:10] 发送(hex): 20
[2026/09/15 15:52:10] 发送(hex): 20
[2026/09/15 15:52:10] 发送(hex): 20
[2026/09/15 15:52:10] 发送(hex): 20
[2026/09/15 15:52:10] 发送(hex): 20
[2026/09/15 15:52:10] 发送(hex): 20
[2026/09/15 15:52:10] 发送(hex): 20
[2026/09/15 15:52:10] 发送(hex): 20
[2026/09/15 15:52:10] 发送(hex): 20
[2026/09/15 15:52:10] 发送(hex): 20
[2026/09/15 15:52:10] 发送(hex): 20
[2026/09/15 15:52:10] 发送(hex): 20
[2026/09/15 15:52:10] 发送(hex): 20
[2026/09/15 15:52:10] 发送(hex): 20
[2026/09/15 15:52:10] 发送(hex): 20
[2026/09/15 15:52:10] 发送(hex): 20
[2026/09/15 15:52:10] 发送(hex): 20
[2026/09/15 15:52:10] 发送(hex): 20
[2026/09/15 15:52:10] 发送(hex): 20
[2026/09/15 15:52:10] 发送(hex): 20
[2026/09/15 15:52:10] 发送(hex): 20
[2026/09/15 15:52:10] 发送(hex): 20
[2026/09/15 15:52:10] 发送(hex): 20
[2026/09/15 15:52:10] 发送(hex): 20
[2026/09/15 15:52:10] 发送(hex): 20
[2026/09/15 15:52:10] 发送(hex): 20
[2026/09/15 15:52:10] 发送(hex): 20
[2026/09/15 15:52:10] 发送(hex): 20
[2026/09/15 15:52:10] 发送(hex): 20
[2026/09/15 15:52:11] 发送(hex): 20
[2026/09/15 15:52:11] 发送(hex): 20
[2026/09/15 15:52:11] 发送(hex): 20
[2026/09/15 15:52:11] 发送(hex): 20
[2026/09/15 15:52:11] 发送(hex): 20
[2026/09/15 15:52:11] 发送(hex): 20
[2026/09/15 15:52:11] 发送(hex): 20
[2026/09/15 15:52:11] 发送(hex): 20
[2026/09/15 15:52:11] 发送(hex): 20
[2026/09/15 15:52:11] 发送(hex): 20
[2026/09/15 15:52:11] 发送(hex): 20
[2026/09/15 15:52:11] 发送(hex): 20
[2026/09/15 15:52:11] 发送(hex): 20
[2026/09/15 15:52:11] 发送(hex): 20
[2026/09/15 15:52:11] 发送(hex): 20
[2026/09/15 15:52:11] 发送(hex): 20
[2026/09/15 15:52:11] 发送(hex): 20
[2026/09/15 15:52:11] 发送(hex): 20
[2026/09/15 15:52:11] 发送(hex): 20
[2026/09/15 15:52:11] 发送(hex): 20
[2026/09/15 15:52:11] 发送(hex): 20
[2026/09/15 15:52:11] 发送(hex): 20
[2026/09/15 15:52:11] 发送(hex): 20
[2026/09/15 15:52:11] 发送(hex): 20
[2026/09/15 15:52:11] 发送(hex): 20
[2026/09/15 15:52:11] 发送(hex): 20
[2026/09/15 15:52:11] 发送(hex): 20
[2026/09/15 15:52:11] 发送(hex): 20
[2026/09/15 15:52:11] 发送(hex): 20
[2026/09/15 15:52:11] 发送(hex): 20
[2026/09/15 15:52:11] 发送(hex): 20
[2026/09/15 15:52:11] 发送(hex): 20
[2026/09/15 15:52:11] 发送(hex): 20
[2026/09/15 15:52:11] 发送(hex): 20
[2026/09/15 15:52:11] 发送(hex): 20
[2026/09/15 15:52:11] 发送(hex): 20
[2026/09/15 15:52:11] 发送(hex): 20
[2026/09/15 15:52:11] 发送(hex): 20
[2026/09/15 15:52:11] 发送(hex): 20
[2026/09/15 15:52:11] 发送(hex): 20
[2026/09/15 15:52:11] 发送(hex): 20
[2026/09/15 15:52:11] 发送(hex): 20
[2026/09/15 15:52:11] 发送(hex): 20
[2026/09/15 15:52:11] 发送(hex): 20
[2026/09/15 15:52:11] 发送(hex): 20
[2026/09/15 15:52:11] 发送(hex): 20
[2026/09/15 15:52:11] 发送(hex): 20
[2026/09/15 15:52:11] 发送(hex): 20
[2026/09/15 15:52:11] 发送(hex): 20
[2026/09/15 15:52:11] 发送(hex): 20
[2026/09/15 15:52:11] 发送(hex): 20
[2026/09/15 15:52:11] 发送(hex): 20
[2026/09/15 15:52:11] delay:427
[2026/09/15 15:52:11] 发送(hex): 20
[2026/09/15 15:52:11] 发送(hex): 20
[2026/09/15 15:52:11] 发送(hex): 20
[2026/09/15 15:52:11] 发送(hex): 20
[2026/09/15 15:52:11] 发送(hex): 20
[2026/09/15 15:52:11] 发送(hex): 20
[2026/09/15 15:52:11] 发送(hex): 20
[2026/09/15 15:52:11] 发送(hex): 20
[2026/09/15 15:52:11] 发送(hex): 20
[2026/09/15 15:52:11] 发送(hex): 20
[2026/09/15 15:52:11] 发送(hex): 20
[2026/09/15 15:52:11] 发送(hex): 20
[2026/09/15 15:52:11] 发送(hex): 20
[2026/09/15 15:52:11] 发送(hex): 20
[2026/09/15 15:52:11] 发送(hex): 20
[2026/09/15 15:52:11] 发送(hex): 20
[2026/09/15 15:52:11] 发送(hex): 20
[2026/09/15 15:52:11] 发送(hex): 20
[2026/09/15 15:52:11] 发送(hex): 20
[2026/09/15 15:52:11] 发送(hex): 20
[2026/09/15 15:52:11] 发送(hex): 20
[2026/09/15 15:52:11] 发送(hex): 20
[2026/09/15 15:52:11] 发送(hex): 20
[2026/09/15 15:52:11] 发送(hex): 20
[2026/09/15 15:52:11] 发送(hex): 20
[2026/09/15 15:52:11] 发送(hex): 20
[2026/09/15 15:52:11] 发送(hex): 20
[2026/09/15 15:52:11] 发送(hex): 20
[2026/09/15 15:52:11] 发送(hex): 20
[2026/09/15 15:52:11] 发送(hex): 20
[2026/09/15 15:52:11] 发送(hex): 20
[2026/09/15 15:52:11] 发送(hex): 20
[2026/09/15 15:52:11] 发送(hex): 20
[2026/09/15 15:52:11] 发送(hex): 20
[2026/09/15 15:52:11] 发送(hex): 20
[2026/09/15 15:52:11] 发送(hex): 20
[2026/09/15 15:52:11] 发送(hex): 20
[2026/09/15 15:52:11] 发送(hex): 20
[2026/09/15 15:52:11] 发送(hex): 20
[2026/09/15 15:52:11] Net:   r8168: REALTEK RTL8168 @0x18016000
[2026/09/15 15:52:11] 发送(hex): 20
[2026/09/15 15:52:11] 发送(hex): 20
[2026/09/15 15:52:11] Start
[2026/09/15 15:52:11] 发送(hex): 20
[2026/09/15 15:52:12] 发送(hex): 20
[2026/09/15 15:52:12] Boot Setup ...
[2026/09/15 15:52:12] (powerMgr_get_wakeup_source)2012/05/30 19:50
[2026/09/15 15:52:12] wakeup source : AC
[2026/09/15 15:52:12] 发送(hex): 20
[2026/09/15 15:52:12] 发送(hex): 20
[2026/09/15 15:52:12] 发送(hex): 20
[2026/09/15 15:52:12] (powerMgr_get_wakeup_source)2012/05/30 19:50
[2026/09/15 15:52:12] wakeup source : AC
[2026/09/15 15:52:12] wakeup_src=0, boot_logo_enable=1, bgm_boot_type=0, POWER_ON_MODE_SILEN=0.
[2026/09/15 15:52:12] 发送(hex): 20
[2026/09/15 15:52:12] GDMA module_init finish
[2026/09/15 15:52:12] [GDMA] OSD size[3840,2160]
[2026/09/15 15:52:12] [GDMA]
[2026/09/15 15:52:12] 发送(hex): 20
[2026/09/15 15:52:12] 发送(hex): 20
[2026/09/15 15:52:12] gdma_showlogo gdma show logo 3931
[2026/09/15 15:52:12] Net:   r8168: REALTEK RTL8168 @0x18016000
[2026/09/15 15:52:12] 发送(hex): 20
[2026/09/15 15:52:12] 发送(hex): 20
[2026/09/15 15:52:12] ## Android Verified Boot 2.0 ver
[2026/09/15 15:52:12] 发送(hex): 20
[2026/09/15 15:52:12] sion 1.1.0
[2026/09/15 15:52:12] 发送(hex): 20
[2026/09/15 15:52:12] 发送(hex): 20
[2026/09/15 15:52:12] 发送(hex): 20
[2026/09/15 15:52:12] 发送(hex): 20
[2026/09/15 15:52:12] 发送(hex): 20
[2026/09/15 15:52:12] 发送(hex): 20
[2026/09/15 15:52:12] 发送(hex): 20
[2026/09/15 15:52:12] 发送(hex): 20
[2026/09/15 15:52:12] 发送(hex): 20
[2026/09/15 15:52:12] 发送(hex): 20
[2026/09/15 15:52:12] 发送(hex): 20
[2026/09/15 15:52:12] 发送(hex): 20
[2026/09/15 15:52:12] 发送(hex): 20
[2026/09/15 15:52:12] 发送(hex): 20
[2026/09/15 15:52:12] 发送(hex): 20
[2026/09/15 15:52:12] 发送(hex): 20
[2026/09/15 15:52:12] 发送(hex): 20
[2026/09/15 15:52:12] 发送(hex): 20
[2026/09/15 15:52:12] 发送(hex): 20
[2026/09/15 15:52:12] 发送(hex): 20
[2026/09/15 15:52:12] 发送(hex): 20
[2026/09/15 15:52:12] 发送(hex): 20
[2026/09/15 15:52:12] 发送(hex): 20
[2026/09/15 15:52:12] 发送(hex): 20
[2026/09/15 15:52:12] 发送(hex): 20
[2026/09/15 15:52:12] 发送(hex): 20
[2026/09/15 15:52:12] 发送(hex): 20
[2026/09/15 15:52:12] 发送(hex): 20
[2026/09/15 15:52:12] 发送(hex): 20
[2026/09/15 15:52:12] 发送(hex): 20
[2026/09/15 15:52:12] 发送(hex): 20
[2026/09/15 15:52:12] 发送(hex): 20
[2026/09/15 15:52:12] 发送(hex): 20
[2026/09/15 15:52:12] 发送(hex): 20
[2026/09/15 15:52:12] 发送(hex): 20
[2026/09/15 15:52:12] 发送(hex): 20
[2026/09/15 15:52:12] 发送(hex): 20
[2026/09/15 15:52:12] 发送(hex): 20
[2026/09/15 15:52:12] 发送(hex): 20
[2026/09/15 15:52:12] 发送(hex): 20
[2026/09/15 15:52:12] 发送(hex): 20
[2026/09/15 15:52:12] 发送(hex): 20
[2026/09/15 15:52:12] 发送(hex): 20
[2026/09/15 15:52:12] 发送(hex): 20
[2026/09/15 15:52:12] 发送(hex): 20
[2026/09/15 15:52:12] 发送(hex): 20
[2026/09/15 15:52:12] 发送(hex): 20
[2026/09/15 15:52:12] 发送(hex): 20
[2026/09/15 15:52:12] Verification passed successfully
[2026/09/15 15:52:12] [Skip A] boot manual mode
[2026/09/15 15:52:12] [Skip V] boot manual mode
[2026/09/15 15:52:12] is_avb_verify_hash_partition 164 find avb verify part_name boot img_buf 0x66400000 size 0x307a000
[2026/09/15 15:52:12] boot header version : 4
[2026/09/15 15:52:12] is_avb_verify_hash_partition 164 find avb verify part_name vendor_boot img_buf 0x6bc00000 size 0x10a3000
[2026/09/15 15:52:12] get_partition_content_by_name 11954 get gpt_name init_boot_a err,try part name init_boot!
[2026/09/15 15:52:12] get_partition_content_by_name 11956 get part name init_boot err!
[2026/09/15 15:52:12] 发送(hex): 20
[2026/09/15 15:52:12] 发送(hex): 20
[2026/09/15 15:52:12] 发送(hex): 20
[2026/09/15 15:52:12] 发送(hex): 20
[2026/09/15 15:52:12] 发送(hex): 20
[2026/09/15 15:52:12] 发送(hex): 20
[2026/09/15 15:52:12] 发送(hex): 20
[2026/09/15 15:52:12] get_merge_ramdisk 11932 cur_ramdisk_size 0xf3096 real_cur_ramdisk_size 0xf3096
[2026/09/15 15:52:12] get_merge_ramdisk 11932 cur_ramdisk_size 0x2019e5 real_cur_ramdisk_size 0x2019e5
[2026/09/15 15:52:12] is_avb_verify_hash_partition 164 find avb verify part_name dtbo img_buf 0x6fc00000 size 0x1186
[2026/09/15 15:52:12] Net:   r8168: REALTEK RTL8168 @0x18016000
[2026/09/15 15:52:12] 发送(hex): 20
[2026/09/15 15:52:12] 发送(hex): 20
[2026/09/15 15:52:12] 发送(hex): 20
[2026/09/15 15:52:12] 发送(hex): 20
[2026/09/15 15:52:12] [Skip K] boot manual mode (execute "go all")
[2026/09/15 15:52:12] Enter console mode, disable watchdog ...
[2026/09/15 15:52:12] Realtek>
[2026/09/15 15:52:12] 发送(hex): 20
[2026/09/15 15:52:12] 发送(hex): 20
[2026/09/15 15:52:12] 发送(hex): 20
[2026/09/15 15:52:12] 发送(hex): 20
[2026/09/15 15:52:12] 发送(hex): 20
[2026/09/15 15:52:12] 发送(hex): 20
[2026/09/15 15:52:12] 发送(hex): 20
[2026/09/15 15:52:12] 发送(hex): 20
[2026/09/15 15:52:12] 发送(hex): 20
[2026/09/15 15:52:12] 发送(hex): 20
[2026/09/15 15:52:12] 发送(hex): 20
[2026/09/15 15:52:12] 发送(hex): 20
[2026/09/15 15:52:12] 发送(hex): 20
[2026/09/15 15:52:12] 发送(hex): 20
[2026/09/15 15:52:12] 发送(hex): 20
[2026/09/15 15:52:12] 发送(hex): 20
[2026/09/15 15:52:12] 发送(hex): 20
[2026/09/15 15:52:12] 发送(hex): 20
[2026/09/15 15:52:12] 发送(hex): 20
[2026/09/15 15:52:12] 发送(hex): 20
[2026/09/15 15:52:12] 发送(hex): 20
[2026/09/15 15:52:12] 发送(hex): 20
[2026/09/15 15:52:12] 发送(hex): 20
[2026/09/15 15:52:12] 发送(hex): 20
[2026/09/15 15:52:12] 发送(hex): 20
[2026/09/15 15:52:13] 发送(hex): 20
[2026/09/15 15:52:13] 发送(hex): 20
[2026/09/15 15:52:13] 发送(hex): 20
[2026/09/15 15:52:13] 发送(hex): 20
[2026/09/15 15:52:13] 发送(hex): 20
[2026/09/15 15:52:13] 发送(hex): 20
[2026/09/15 15:52:13] 发送(hex): 20
[2026/09/15 15:52:13] 发送(hex): 20
[2026/09/15 15:52:13] 发送(hex): 20
[2026/09/15 15:52:13] 发送(hex): 20
[2026/09/15 15:52:13] 发送(hex): 20
[2026/09/15 15:52:13] 发送(hex): 20
[2026/09/15 15:52:13] 发送(hex): 20
[2026/09/15 15:52:13] 发送(hex): 20
[2026/09/15 15:52:13] 发送(hex): 20
[2026/09/15 15:52:13] 发送(hex): 20
[2026/09/15 15:52:13] 发送(hex): 20
[2026/09/15 15:52:13] 发送(hex): 20
[2026/09/15 15:52:13] 发送(hex): 20
[2026/09/15 15:52:13] 发送(hex): 20
[2026/09/15 15:52:13] 发送(hex): 20
[2026/09/15 15:52:13] 发送(hex): 20
[2026/09/15 15:52:13] 发送(hex): 20
[2026/09/15 15:52:13] 发送(hex): 20
[2026/09/15 15:52:13] 发送(hex): 20
[2026/09/15 15:52:13] 发送(hex): 20
[2026/09/15 15:52:13] 发送(hex): 20
[2026/09/15 15:52:13] 发送(hex): 20
[2026/09/15 15:52:13] 发送(hex): 20
[2026/09/15 15:52:13] 发送(hex): 20
[2026/09/15 15:52:13] 发送(hex): 20
[2026/09/15 15:52:13] 发送(hex): 20
[2026/09/15 15:52:13] 发送(hex): 20
[2026/09/15 15:52:13] 发送(hex): 20
[2026/09/15 15:52:13] 发送(hex): 20
[2026/09/15 15:52:13] 发送(hex): 20
[2026/09/15 15:52:13] 发送(hex): 20
[2026/09/15 15:52:13] 发送(hex): 20
[2026/09/15 15:52:13] 发送(hex): 20
[2026/09/15 15:52:13] 发送(hex): 20
[2026/09/15 15:52:13] 发送(hex): 20
[2026/09/15 15:52:13] 发送(hex): 20
[2026/09/15 15:52:13] 发送(hex): 20
[2026/09/15 15:52:13] 发送(hex): 20
[2026/09/15 15:52:13] 发送(hex): 20
[2026/09/15 15:52:13] 发送(hex): 20
[2026/09/15 15:52:13] 发送(hex): 20
[2026/09/15 15:52:13] 发送(hex): 20
[2026/09/15 15:52:13] 发送(hex): 20
[2026/09/15 15:52:13] 发送(hex): 20
[2026/09/15 15:52:13] 发送(hex): 20
[2026/09/15 15:52:13] 发送(hex): 20
[2026/09/15 15:52:13] 发送(hex): 20
[2026/09/15 15:52:13] 发送(hex): 20
[2026/09/15 15:52:13] 发送(hex): 20
[2026/09/15 15:52:13] 发送(hex): 20
[2026/09/15 15:52:13] 发送(hex): 20
[2026/09/15 15:52:13] 发送(hex): 20
[2026/09/15 15:52:13] 发送(hex): 20
[2026/09/15 15:52:13] 发送(hex): 20
[2026/09/15 15:52:13] 发送(hex): 20
[2026/09/15 15:52:13] 发送(hex): 20
[2026/09/15 15:52:13] 发送(hex): 20
[2026/09/15 15:52:13] 发送(hex): 20
[2026/09/15 15:52:13] 发送(hex): 20
[2026/09/15 15:52:13] 发送(hex): 20
[2026/09/15 15:52:13] 发送(hex): 20
[2026/09/15 15:52:13] 发送(hex): 20
[2026/09/15 15:52:13] 发送(hex): 20
[2026/09/15 15:52:13] 发送(hex): 20
[2026/09/15 15:52:13] 发送(hex): 20
[2026/09/15 15:52:13] 发送(hex): 20
[2026/09/15 15:52:13] 发送(hex): 20
[2026/09/15 15:52:13] 发送(hex): 20
[2026/09/15 15:52:13] 发送(hex): 20
[2026/09/15 15:52:13] 发送(hex): 20
[2026/09/15 15:52:13] 发送(hex): 20
[2026/09/15 15:52:13] 发送(hex): 20
[2026/09/15 15:52:13] 发送(hex): 20
[2026/09/15 15:52:13] 发送(hex): 20
[2026/09/15 15:52:13] 发送(hex): 20
[2026/09/15 15:52:13] 发送(hex): 20
[2026/09/15 15:52:13] 发送(hex): 20
[2026/09/15 15:52:13] 发送(hex): 20
[2026/09/15 15:52:13] 发送(hex): 20
[2026/09/15 15:52:13] 发送(hex): 20
[2026/09/15 15:52:13] 发送(hex): 20
[2026/09/15 15:52:13] 发送(hex): 20
[2026/09/15 15:52:13] 发送(hex): 20
[2026/09/15 15:52:13] 发送(hex): 20
[2026/09/15 15:52:13] 发送(hex): 20
[2026/09/15 15:52:13] 发送(hex): 20
[2026/09/15 15:52:13] 发送(hex): 20
[2026/09/15 15:52:13] 发送(hex): 20
[2026/09/15 15:52:14] 发送(hex): 20
[2026/09/15 15:52:14] 发送(hex): 20
[2026/09/15 15:52:14] 发送(hex): 20
[2026/09/15 15:52:14] 发送(hex): 20
[2026/09/15 15:52:14] 发送(hex): 20
[2026/09/15 15:52:14] 发送(hex): 20
[2026/09/15 15:52:14] 发送(hex): 20
[2026/09/15 15:52:14] 发送(hex): 20
[2026/09/15 15:52:14] 发送(hex): 20
[2026/09/15 15:52:14] 发送(hex): 20
[2026/09/15 15:52:14] 发送(hex): 20
[2026/09/15 15:52:14] 发送(hex): 20
[2026/09/15 15:52:14] 发送(hex): 20
[2026/09/15 15:52:14] 发送(hex): 20
[2026/09/15 15:52:14] 发送(hex): 20
[2026/09/15 15:52:14] 发送(hex): 20
[2026/09/15 15:52:14] 发送(hex): 20
[2026/09/15 15:52:14] 发送(hex): 20
[2026/09/15 15:52:14] 发送(hex): 20
[2026/09/15 15:52:14] 发送(hex): 20
[2026/09/15 15:52:14] 发送(hex): 20
[2026/09/15 15:52:14] 发送(hex): 20
[2026/09/15 15:52:14] 发送(hex): 20
[2026/09/15 15:52:14] 发送(hex): 20
[2026/09/15 15:52:14] 发送(hex): 20
[2026/09/15 15:52:14] 发送(hex): 20
[2026/09/15 15:52:14] 发送(hex): 20
[2026/09/15 15:52:14] 发送(hex): 20
[2026/09/15 15:52:14] 发送(hex): 20
[2026/09/15 15:52:14] 发送(hex): 20
[2026/09/15 15:52:14] 发送(hex): 20
[2026/09/15 15:52:14] 发送(hex): 20
[2026/09/15 15:52:14] 发送(hex): 20
[2026/09/15 15:52:14] 发送(hex): 20
[2026/09/15 15:52:14] 发送(hex): 20
[2026/09/15 15:52:14] 发送(hex): 20
[2026/09/15 15:52:14] 发送(hex): 20
[2026/09/15 15:52:14] 发送(hex): 20
[2026/09/15 15:52:14] 发送(hex): 20
[2026/09/15 15:52:14] 发送(hex): 20
[2026/09/15 15:52:14] 发送(hex): 20
[2026/09/15 15:52:14] 发送(hex): 20
[2026/09/15 15:52:14] 发送(hex): 20
[2026/09/15 15:52:14] 发送(hex): 20
[2026/09/15 15:52:14] 发送(hex): 20
[2026/09/15 15:52:14] 发送(hex): 20
[2026/09/15 15:52:14] 发送(hex): 20
[2026/09/15 15:52:14] 发送(hex): 20
[2026/09/15 15:52:14] 发送(hex): 20
[2026/09/15 15:52:14] 发送(hex): 20
[2026/09/15 15:52:14] 发送(hex): 20
[2026/09/15 15:52:14] 发送(hex): 20
[2026/09/15 15:52:14] 发送(hex): 20
[2026/09/15 15:52:14] 发送(hex): 20
[2026/09/15 15:52:14] 发送(hex): 20
[2026/09/15 15:52:14] 发送(hex): 20
[2026/09/15 15:52:14] 发送(hex): 20
[2026/09/15 15:52:14] 发送(hex): 20
[2026/09/15 15:52:14] 发送(hex): 20
[2026/09/15 15:52:14] 发送(hex): 20
[2026/09/15 15:52:14] 发送(hex): 20
[2026/09/15 15:52:14] 发送(hex): 20
[2026/09/15 15:52:14] 发送(hex): 20
[2026/09/15 15:52:14] 发送(hex): 20
[2026/09/15 15:52:14] 发送(hex): 20
[2026/09/15 15:52:14] 发送(hex): 20
[2026/09/15 15:52:14] 发送(hex): 20
[2026/09/15 15:52:14] 发送(hex): 20
[2026/09/15 15:52:14] 发送(hex): 20
[2026/09/15 15:52:14] 发送(hex): 20
[2026/09/15 15:52:14] 发送(hex): 20
[2026/09/15 15:52:14] 发送(hex): 20
[2026/09/15 15:52:14] 发送(hex): 20
[2026/09/15 15:52:14] 发送(hex): 20
[2026/09/15 15:52:14] 发送(hex): 20
[2026/09/15 15:52:14] 发送(hex): 20
[2026/09/15 15:52:14] 发送(hex): 20
[2026/09/15 15:52:14] 发送(hex): 20
[2026/09/15 15:52:14] 发送(hex): 20
[2026/09/15 15:52:14] 发送(hex): 20
[2026/09/15 15:52:14] 发送(hex): 20
[2026/09/15 15:52:14] 发送(hex): 20
[2026/09/15 15:52:14] 发送(hex): 20
[2026/09/15 15:52:14] 发送(hex): 20
[2026/09/15 15:52:14] 发送(hex): 20
[2026/09/15 15:52:14] 发送(hex): 20
[2026/09/15 15:52:14] 发送(hex): 20
[2026/09/15 15:52:14] 发送(hex): 20
[2026/09/15 15:52:14] 发送(hex): 20
[2026/09/15 15:52:14] 发送(hex): 20
[2026/09/15 15:52:14] 发送(hex): 20
[2026/09/15 15:52:14] 发送(hex): 20
[2026/09/15 15:52:14] 发送(hex): 20
[2026/09/15 15:52:15] 发送(hex): 20
[2026/09/15 15:52:15] 发送(hex): 20
[2026/09/15 15:52:15] 发送(hex): 20
[2026/09/15 15:52:15] 发送(hex): 20
[2026/09/15 15:52:15] 发送(hex): 20
[2026/09/15 15:52:15] 发送(hex): 20
[2026/09/15 15:52:15] 发送(hex): 20
[2026/09/15 15:52:15] 发送(hex): 20
[2026/09/15 15:52:15] 发送(hex): 20
[2026/09/15 15:52:15] 发送(hex): 20
[2026/09/15 15:52:15] 发送(hex): 20
[2026/09/15 15:52:15] 发送(hex): 20
[2026/09/15 15:52:15] 发送(hex): 20
[2026/09/15 15:52:15] 发送(hex): 20
[2026/09/15 15:52:15] 发送(hex): 20
[2026/09/15 15:52:15] 发送(hex): 20
[2026/09/15 15:52:15] 发送(hex): 20
[2026/09/15 15:52:15] 发送(hex): 20
[2026/09/15 15:52:15] 发送(hex): 20
[2026/09/15 15:52:15] 发送(hex): 20
[2026/09/15 15:52:15] 发送(hex): 20
[2026/09/15 15:52:15] 发送(hex): 20
[2026/09/15 15:52:15] 发送(hex): 20
[2026/09/15 15:52:15] 发送(hex): 20
[2026/09/15 15:52:15] 发送(hex): 20
[2026/09/15 15:52:15] 发送(hex): 20
[2026/09/15 15:52:15] 发送(hex): 20
[2026/09/15 15:52:15] 发送(hex): 20
[2026/09/15 15:52:15] 发送(hex): 20
[2026/09/15 15:52:15] 发送(hex): 20
[2026/09/15 15:52:15] 发送(hex): 20
[2026/09/15 15:52:15] 发送(hex): 20
[2026/09/15 15:52:15] 发送(hex): 20
[2026/09/15 15:52:15] 发送(hex): 20
[2026/09/15 15:52:15] 发送(hex): 20
[2026/09/15 15:52:15] 发送(hex): 20
[2026/09/15 15:52:15] 发送(hex): 20
[2026/09/15 15:52:15] 发送(hex): 20
[2026/09/15 15:52:15] 发送(hex): 20
[2026/09/15 15:52:15] 发送(hex): 20
[2026/09/15 15:52:15] 发送(hex): 20
[2026/09/15 15:52:15] 发送(hex): 20
[2026/09/15 15:52:15] 发送(hex): 20
[2026/09/15 15:52:15] 发送(hex): 20
[2026/09/15 15:52:15] 发送(hex): 20
[2026/09/15 15:52:15] 发送(hex): 20
[2026/09/15 15:52:15] 发送(hex): 20
[2026/09/15 15:52:15] 发送(hex): 20
[2026/09/15 15:52:15] 发送(hex): 20
[2026/09/15 15:52:15] 发送(hex): 20
[2026/09/15 15:52:15] 发送(hex): 20
[2026/09/15 15:52:15] 发送(hex): 20
[2026/09/15 15:52:15] 发送(hex): 20
[2026/09/15 15:52:15] 发送(hex): 20
[2026/09/15 15:52:15] 发送(hex): 20
[2026/09/15 15:52:15] 发送(hex): 20
[2026/09/15 15:52:15] 发送(hex): 20
[2026/09/15 15:52:15] 发送(hex): 20
[2026/09/15 15:52:15] 发送(hex): 20
[2026/09/15 15:52:15] 发送(hex): 20
[2026/09/15 15:52:15] 发送(hex): 20
[2026/09/15 15:52:15] 发送(hex): 20
[2026/09/15 15:52:15] 发送(hex): 20
[2026/09/15 15:52:15] 发送(hex): 20
[2026/09/15 15:52:15] 发送(hex): 20
[2026/09/15 15:52:15] 发送(hex): 20
[2026/09/15 15:52:15] 发送(hex): 20
[2026/09/15 15:52:15] 发送(hex): 20
[2026/09/15 15:52:15] 发送(hex): 20
[2026/09/15 15:52:15] 发送(hex): 20
[2026/09/15 15:52:15] 发送(hex): 20
[2026/09/15 15:52:15] 发送(hex): 20
[2026/09/15 15:52:15] 发送(hex): 20
[2026/09/15 15:52:15] 发送(hex): 20
[2026/09/15 15:52:15] 发送(hex): 20
[2026/09/15 15:52:15] 发送(hex): 20
[2026/09/15 15:52:15] 发送(hex): 20
[2026/09/15 15:52:15] 发送(hex): 20
[2026/09/15 15:52:15] 发送(hex): 20
[2026/09/15 15:52:15] 发送(hex): 20
[2026/09/15 15:52:15] 发送(hex): 20
[2026/09/15 15:52:15] 发送(hex): 20
[2026/09/15 15:52:15] 发送(hex): 20
[2026/09/15 15:52:15] 发送(hex): 20
[2026/09/15 15:52:15] 发送(hex): 20
[2026/09/15 15:52:15] 发送(hex): 20
[2026/09/15 15:52:15] 发送(hex): 20
[2026/09/15 15:52:15] 发送(hex): 20
[2026/09/15 15:52:15] 发送(hex): 20
[2026/09/15 15:52:15] 发送(hex): 20
[2026/09/15 15:52:15] 发送(hex): 20
[2026/09/15 15:52:15] 发送(hex): 20
[2026/09/15 15:52:15] 发送(hex): 20
[2026/09/15 15:52:15] 发送(hex): 20
[2026/09/15 15:52:16] 发送(hex): 20
[2026/09/15 15:52:16] 发送(hex): 20
[2026/09/15 15:52:16] 发送(hex): 20
[2026/09/15 15:52:16] 发送(hex): 20
[2026/09/15 15:52:16] 发送(hex): 20
[2026/09/15 15:52:16] 发送(hex): 20
[2026/09/15 15:52:16] 发送(hex): 20
[2026/09/15 15:52:16] 发送(hex): 20
[2026/09/15 15:52:16] 发送(hex): 20
[2026/09/15 15:52:16] 发送(hex): 20
[2026/09/15 15:52:16] 发送(hex): 20
[2026/09/15 15:52:16] 发送(hex): 20
[2026/09/15 15:52:16] 发送(hex): 20
[2026/09/15 15:52:16] 发送(hex): 20
[2026/09/15 15:52:16] 发送(hex): 20
[2026/09/15 15:52:16] 发送(hex): 20
[2026/09/15 15:52:16] 发送(hex): 20
[2026/09/15 15:52:16] 发送(hex): 20
[2026/09/15 15:52:16] 发送(hex): 20
[2026/09/15 15:52:16] 发送(hex): 20
[2026/09/15 15:52:16] 发送(hex): 20
[2026/09/15 15:52:16] 发送(hex): 20
[2026/09/15 15:52:16] 发送(hex): 20
[2026/09/15 15:52:16] 发送(hex): 20
[2026/09/15 15:52:16] 发送(hex): 20
[2026/09/15 15:52:16] 发送(hex): 20
[2026/09/15 15:52:16] 发送(hex): 20
[2026/09/15 15:52:16] 发送(hex): 20
[2026/09/15 15:52:16] 发送(hex): 20
[2026/09/15 15:52:16] 发送(hex): 20
[2026/09/15 15:52:16] 发送(hex): 20
[2026/09/15 15:52:16] 发送(hex): 20
[2026/09/15 15:52:16] 发送(hex): 20
[2026/09/15 15:52:16] 发送(hex): 20
[2026/09/15 15:52:16] 发送(hex): 20
[2026/09/15 15:52:16] 发送(hex): 20
[2026/09/15 15:52:16] 发送(hex): 20
[2026/09/15 15:52:16] 发送(hex): 20
[2026/09/15 15:52:16] 发送(hex): 20
[2026/09/15 15:52:16] 发送(hex): 20
[2026/09/15 15:52:16] 发送(hex): 20
[2026/09/15 15:52:16] 发送(hex): 20
[2026/09/15 15:52:16] 发送(hex): 20
[2026/09/15 15:52:16] 发送(hex): 20
[2026/09/15 15:52:16] 发送(hex): 20
[2026/09/15 15:52:16] 发送(hex): 20
[2026/09/15 15:52:16] 发送(hex): 20
[2026/09/15 15:52:16] 发送(hex): 20
[2026/09/15 15:52:16] 发送(hex): 20
[2026/09/15 15:52:16] 发送(hex): 20
[2026/09/15 15:52:16] 发送(hex): 20
[2026/09/15 15:52:16] 发送(hex): 20
[2026/09/15 15:52:16] 发送(hex): 20
[2026/09/15 15:52:16] 发送(hex): 20
[2026/09/15 15:52:16] 发送(hex): 20
[2026/09/15 15:52:16] 发送(hex): 20
[2026/09/15 15:52:16] 发送(hex): 20
[2026/09/15 15:52:16] 发送(hex): 20
[2026/09/15 15:52:16] 发送(hex): 20
[2026/09/15 15:52:16] 发送(hex): 20
[2026/09/15 15:52:16] 发送(hex): 20
[2026/09/15 15:52:16] 发送(hex): 20
[2026/09/15 15:52:16] 发送(hex): 20
[2026/09/15 15:52:16] 发送(hex): 20
[2026/09/15 15:52:16] 发送(hex): 20
[2026/09/15 15:52:16] 发送(hex): 20
[2026/09/15 15:52:16] 发送(hex): 20
[2026/09/15 15:52:16] 发送(hex): 20
[2026/09/15 15:52:16] 发送(hex): 20
[2026/09/15 15:52:16] 发送(hex): 20
[2026/09/15 15:52:16] 发送(hex): 20
[2026/09/15 15:52:16] 发送(hex): 20
[2026/09/15 15:52:16] 发送(hex): 20
[2026/09/15 15:52:16] 发送(hex): 20
[2026/09/15 15:52:16] 发送(hex): 20
[2026/09/15 15:52:16] 发送(hex): 20
[2026/09/15 15:52:16] 发送(hex): 20
[2026/09/15 15:52:16] 发送(hex): 20
[2026/09/15 15:52:16] 发送(hex): 20
[2026/09/15 15:52:16] 发送(hex): 20
[2026/09/15 15:52:16] 发送(hex): 20
[2026/09/15 15:52:16] 发送(hex): 20
[2026/09/15 15:52:16] 发送(hex): 20
[2026/09/15 15:52:16] 发送(hex): 20
[2026/09/15 15:52:16] 发送(hex): 20
[2026/09/15 15:52:16] 发送(hex): 20
[2026/09/15 15:52:17] 发送(hex): 20
[2026/09/15 15:52:17] 发送(hex): 20
[2026/09/15 15:52:17] 发送(hex): 20
[2026/09/15 15:52:17] 发送(hex): 20
[2026/09/15 15:52:17] 发送(hex): 20
[2026/09/15 15:52:17] 发送(hex): 20
[2026/09/15 15:52:17] 发送(hex): 20
[2026/09/15 15:52:17] 发送(hex): 20
[2026/09/15 15:52:17] 发送(hex): 20
[2026/09/15 15:52:17] 发送(hex): 20
[2026/09/15 15:52:17] 发送(hex): 20
[2026/09/15 15:52:17] 发送(hex): 20
[2026/09/15 15:52:17] 发送(hex): 20
[2026/09/15 15:52:17] 发送(hex): 20
[2026/09/15 15:52:17] 发送(hex): 20
[2026/09/15 15:52:17] 发送(hex): 20
[2026/09/15 15:52:17] 发送(hex): 20
[2026/09/15 15:52:17] 发送(hex): 20
[2026/09/15 15:52:17] 发送(hex): 20
[2026/09/15 15:52:17] 发送(hex): 20
[2026/09/15 15:52:17] 发送(hex): 20
[2026/09/15 15:52:17] 发送(hex): 20
[2026/09/15 15:52:17] 发送(hex): 20
[2026/09/15 15:52:17] 发送(hex): 20
[2026/09/15 15:52:17] 发送(hex): 20
[2026/09/15 15:52:17] 发送(hex): 20
[2026/09/15 15:52:17] 发送(hex): 20
[2026/09/15 15:52:17] 发送(hex): 20
[2026/09/15 15:52:17] 发送(hex): 20
[2026/09/15 15:52:17] 发送(hex): 20
[2026/09/15 15:52:17] 发送(hex): 20
[2026/09/15 15:52:17] 发送(hex): 20
[2026/09/15 15:52:17] 发送(hex): 20
[2026/09/15 15:52:17] 发送(hex): 20
[2026/09/15 15:52:17] 发送(hex): 20
[2026/09/15 15:52:17] 发送(hex): 20
[2026/09/15 15:52:17] 发送(hex): 20
[2026/09/15 15:52:17] 发送(hex): 20
[2026/09/15 15:52:17] 发送(hex): 20
[2026/09/15 15:52:17] 发送(hex): 20
[2026/09/15 15:52:17] 发送(hex): 20
[2026/09/15 15:52:17] 发送(hex): 20
[2026/09/15 15:52:17] 发送(hex): 20
[2026/09/15 15:52:17] 发送(hex): 20
[2026/09/15 15:52:17] 发送(hex): 20
[2026/09/15 15:52:17] 发送(hex): 20
[2026/09/15 15:52:17] 发送(hex): 20
[2026/09/15 15:52:17] 发送(hex): 20
[2026/09/15 15:52:17] 发送(hex): 20
[2026/09/15 15:52:17] 发送(hex): 20
[2026/09/15 15:52:17] 发送(hex): 20
[2026/09/15 15:52:17] 发送(hex): 20
[2026/09/15 15:52:17] 发送(hex): 20
[2026/09/15 15:52:17] 发送(hex): 20
[2026/09/15 15:52:17] 发送(hex): 20
[2026/09/15 15:52:17] 发送(hex): 20
[2026/09/15 15:52:17] 发送(hex): 20
[2026/09/15 15:52:17] 发送(hex): 20
[2026/09/15 15:52:17] 发送(hex): 20
[2026/09/15 15:52:17] 发送(hex): 20
[2026/09/15 15:52:17] 发送(hex): 20
[2026/09/15 15:52:17] 发送(hex): 20
[2026/09/15 15:52:17] 发送(hex): 20
[2026/09/15 15:52:17] 发送(hex): 20
[2026/09/15 15:52:17] 发送(hex): 20
[2026/09/15 15:52:17] 发送(hex): 20
[2026/09/15 15:52:17] 发送(hex): 20
[2026/09/15 15:52:17] 发送(hex): 20
[2026/09/15 15:52:17] 发送(hex): 20
[2026/09/15 15:52:17] 发送(hex): 20
[2026/09/15 15:52:17] 发送(hex): 20
[2026/09/15 15:52:17] 发送(hex): 20
[2026/09/15 15:52:17] 发送(hex): 20
[2026/09/15 15:52:17] 发送(hex): 20
[2026/09/15 15:52:17] 发送(hex): 20
[2026/09/15 15:52:17] 发送(hex): 20
[2026/09/15 15:52:17] 发送(hex): 20
[2026/09/15 15:52:17] 发送(hex): 20
[2026/09/15 15:52:17] 发送(hex): 20
[2026/09/15 15:52:17] 发送(hex): 20
[2026/09/15 15:52:17] 发送(hex): 20
[2026/09/15 15:52:17] 发送(hex): 20
[2026/09/15 15:52:17] 发送(hex): 20
[2026/09/15 15:52:17] 发送(hex): 20
[2026/09/15 15:52:17] 发送(hex): 20
[2026/09/15 15:52:17] 发送(hex): 20
[2026/09/15 15:52:17] 发送(hex): 20
[2026/09/15 15:52:17] 发送(hex): 20
[2026/09/15 15:52:17] 发送(hex): 20
[2026/09/15 15:52:17] 发送(hex): 20
[2026/09/15 15:52:17] 发送(hex): 20
[2026/09/15 15:52:17] 发送(hex): 20
[2026/09/15 15:52:17] 发送(hex): 20
[2026/09/15 15:52:17] 发送(hex): 20
[2026/09/15 15:52:18] 发送(hex): 20
[2026/09/15 15:52:18] 发送(hex): 20
[2026/09/15 15:52:18] 发送(hex): 20
[2026/09/15 15:52:18] 发送(hex): 20
[2026/09/15 15:52:18] 发送(hex): 20
[2026/09/15 15:52:18] 发送(hex): 20
[2026/09/15 15:52:18] 发送(hex): 20
[2026/09/15 15:52:18] 发送(hex): 20
[2026/09/15 15:52:18] 发送(hex): 20
[2026/09/15 15:52:18] 发送(hex): 20
[2026/09/15 15:52:18] 发送(hex): 20
[2026/09/15 15:52:18] 发送(hex): 20
[2026/09/15 15:52:18] 发送(hex): 20
[2026/09/15 15:52:18] 发送(hex): 20
[2026/09/15 15:52:18] 发送(hex): 20
[2026/09/15 15:52:18] 发送(hex): 20
[2026/09/15 15:52:18] 发送(hex): 20
[2026/09/15 15:52:18] 发送(hex): 20
[2026/09/15 15:52:18] 发送(hex): 20
[2026/09/15 15:52:18] 发送(hex): 20
[2026/09/15 15:52:18] 发送(hex): 20
[2026/09/15 15:52:18] 发送(hex): 20
[2026/09/15 15:52:18] 发送(hex): 20
[2026/09/15 15:52:18] 发送(hex): 20
[2026/09/15 15:52:18] 发送(hex): 20
[2026/09/15 15:52:18] 发送(hex): 20
[2026/09/15 15:52:18] 发送(hex): 20
[2026/09/15 15:52:18] 发送(hex): 20
[2026/09/15 15:52:18] 发送(hex): 20
[2026/09/15 15:52:18] 发送(hex): 20
[2026/09/15 15:52:18] 发送(hex): 20
[2026/09/15 15:52:18] 发送(hex): 20
[2026/09/15 15:52:18] 发送(hex): 20
[2026/09/15 15:52:18] 发送(hex): 20
[2026/09/15 15:52:18] 发送(hex): 20
[2026/09/15 15:52:18] 发送(hex): 20
[2026/09/15 15:52:18] 发送(hex): 20
[2026/09/15 15:52:18] 发送(hex): 20
[2026/09/15 15:52:18] 发送(hex): 20
[2026/09/15 15:52:18] 发送(hex): 20
[2026/09/15 15:52:18] 发送(hex): 20
[2026/09/15 15:52:18] 发送(hex): 20
[2026/09/15 15:52:18] 发送(hex): 20
[2026/09/15 15:52:18] 发送(hex): 20
[2026/09/15 15:52:18] 发送(hex): 20
[2026/09/15 15:52:18] 发送(hex): 20
[2026/09/15 15:52:18] 发送(hex): 20
[2026/09/15 15:52:18] 发送(hex): 20
[2026/09/15 15:52:18] 发送(hex): 20
[2026/09/15 15:52:18] 发送(hex): 20
[2026/09/15 15:52:18] 发送(hex): 20
[2026/09/15 15:52:18] 发送(hex): 20
[2026/09/15 15:52:18] 发送(hex): 20
[2026/09/15 15:52:18] 发送(hex): 20
[2026/09/15 15:52:18] 发送(hex): 20
[2026/09/15 15:52:18] 发送(hex): 20
[2026/09/15 15:52:18] 发送(hex): 20
[2026/09/15 15:52:18] 发送(hex): 20
[2026/09/15 15:52:18] 发送(hex): 20
[2026/09/15 15:52:18] 发送(hex): 20
[2026/09/15 15:52:18] 发送(hex): 20
[2026/09/15 15:52:18] 发送(hex): 20
[2026/09/15 15:52:18] 发送(hex): 20
[2026/09/15 15:52:18] 发送(hex): 20
[2026/09/15 15:52:18] 发送(hex): 20
[2026/09/15 15:52:18] 发送(hex): 20
[2026/09/15 15:52:18] 发送(hex): 20
[2026/09/15 15:52:18] 发送(hex): 20
[2026/09/15 15:52:18] 发送(hex): 20
[2026/09/15 15:52:18] 发送(hex): 20
[2026/09/15 15:52:18] 发送(hex): 20
[2026/09/15 15:52:18] 发送(hex): 20
[2026/09/15 15:52:18] 发送(hex): 20
[2026/09/15 15:52:18] 发送(hex): 20
[2026/09/15 15:52:18] 发送(hex): 20
[2026/09/15 15:52:18] 发送(hex): 20
[2026/09/15 15:52:18] 发送(hex): 20
[2026/09/15 15:52:18] 发送(hex): 20
[2026/09/15 15:52:18] 发送(hex): 20
[2026/09/15 15:52:18] 发送(hex): 20
[2026/09/15 15:52:18] 发送(hex): 20
[2026/09/15 15:52:18] 发送(hex): 20
[2026/09/15 15:52:18] 发送(hex): 20
[2026/09/15 15:52:18] 发送(hex): 20
[2026/09/15 15:52:18] 发送(hex): 20
[2026/09/15 15:52:18] 发送(hex): 20
[2026/09/15 15:52:18] 发送(hex): 20
[2026/09/15 15:52:18] 发送(hex): 20
[2026/09/15 15:52:18] 发送(hex): 20
[2026/09/15 15:52:18] 发送(hex): 20
[2026/09/15 15:52:18] 发送(hex): 20
[2026/09/15 15:52:18] 发送(hex): 20
[2026/09/15 15:52:18] 发送(hex): 20
[2026/09/15 15:52:18] 发送(hex): 20
[2026/09/15 15:52:19] 发送(hex): 20
[2026/09/15 15:52:19] 发送(hex): 20
[2026/09/15 15:52:19] 发送(hex): 20
[2026/09/15 15:52:19] 发送(hex): 20
[2026/09/15 15:52:19] 发送(hex): 20
[2026/09/15 15:52:19] 发送(hex): 20
[2026/09/15 15:52:19] 发送(hex): 20
[2026/09/15 15:52:19] 发送(hex): 20
[2026/09/15 15:52:19] 发送(hex): 20
[2026/09/15 15:52:19] 发送(hex): 20
[2026/09/15 15:52:19] 发送(hex): 20
[2026/09/15 15:52:19] 发送(hex): 20
[2026/09/15 15:52:19] 发送(hex): 20
[2026/09/15 15:52:19] 发送(hex): 20
[2026/09/15 15:52:19] 发送(hex): 20
[2026/09/15 15:52:19] 发送(hex): 20
[2026/09/15 15:52:19] 发送(hex): 20
[2026/09/15 15:52:19] 发送(hex): 20
[2026/09/15 15:52:19] 发送(hex): 20
[2026/09/15 15:52:19] 发送(hex): 20
[2026/09/15 15:52:19] 发送(hex): 20
[2026/09/15 15:52:19] 发送(hex): 20
[2026/09/15 15:52:19] 发送(hex): 20
[2026/09/15 15:52:19] 发送(hex): 20
[2026/09/15 15:52:19] 发送(hex): 20
[2026/09/15 15:52:19] 发送(hex): 20
[2026/09/15 15:52:19] 发送(hex): 20
[2026/09/15 15:52:19] 发送(hex): 20
[2026/09/15 15:52:19] 发送(hex): 20
[2026/09/15 15:52:19] 发送(hex): 20
[2026/09/15 15:52:19] 发送(hex): 20
[2026/09/15 15:52:19] 发送(hex): 20
[2026/09/15 15:52:19] 发送(hex): 20
[2026/09/15 15:52:19] 发送(hex): 20
[2026/09/15 15:52:19] 发送(hex): 20
[2026/09/15 15:52:19] 发送(hex): 20
[2026/09/15 15:52:19] 发送(hex): 20
[2026/09/15 15:52:19] 发送(hex): 20
[2026/09/15 15:52:19] 发送(hex): 20
[2026/09/15 15:52:19] 发送(hex): 20
[2026/09/15 15:52:19] 发送(hex): 20
[2026/09/15 15:52:19] 发送(hex): 20
[2026/09/15 15:52:19] 发送(hex): 20
[2026/09/15 15:52:19] 发送(hex): 20
[2026/09/15 15:52:19] 发送(hex): 20
[2026/09/15 15:52:19] 发送(hex): 20
[2026/09/15 15:52:19] 发送(hex): 20
[2026/09/15 15:52:19] 发送(hex): 20
[2026/09/15 15:52:19] 发送(hex): 20
[2026/09/15 15:52:19] 发送(hex): 20
[2026/09/15 15:52:19] 发送(hex): 20
[2026/09/15 15:52:19] 发送(hex): 20
[2026/09/15 15:52:19] 发送(hex): 20
[2026/09/15 15:52:19] 发送(hex): 20
[2026/09/15 15:52:19] 发送(hex): 20
[2026/09/15 15:52:19] 发送(hex): 20
[2026/09/15 15:52:19] 发送(hex): 20
[2026/09/15 15:52:19] 发送(hex): 20
[2026/09/15 15:52:19] 发送(hex): 20
[2026/09/15 15:52:19] 发送(hex): 20
[2026/09/15 15:52:19] 发送(hex): 20
[2026/09/15 15:52:19] 发送(hex): 20
[2026/09/15 15:52:19] 发送(hex): 20
[2026/09/15 15:52:19] 发送(hex): 20
[2026/09/15 15:52:19] 发送(hex): 20
[2026/09/15 15:52:19] 发送(hex): 20
[2026/09/15 15:52:19] 发送(hex): 20
[2026/09/15 15:52:19] 发送(hex): 20
[2026/09/15 15:52:19] 发送(hex): 20
[2026/09/15 15:52:19] 发送(hex): 20
[2026/09/15 15:52:19] 发送(hex): 20
[2026/09/15 15:52:19] 发送(hex): 20
[2026/09/15 15:52:19] 发送(hex): 20
[2026/09/15 15:52:19] 发送(hex): 20
[2026/09/15 15:52:19] 发送(hex): 20
[2026/09/15 15:52:19] 发送(hex): 20
[2026/09/15 15:52:19] 发送(hex): 20
[2026/09/15 15:52:19] 发送(hex): 20
[2026/09/15 15:52:19] 发送(hex): 20
[2026/09/15 15:52:19] 发送(hex): 20
[2026/09/15 15:52:19] 发送(hex): 20
[2026/09/15 15:52:19] 发送(hex): 20
[2026/09/15 15:52:19] 发送(hex): 20
[2026/09/15 15:52:19] 发送(hex): 20
[2026/09/15 15:52:19] 发送(hex): 20
[2026/09/15 15:52:19] 发送(hex): 20
[2026/09/15 15:52:19] 发送(hex): 20
[2026/09/15 15:52:19] 发送(hex): 20
[2026/09/15 15:52:19] 发送(hex): 20
[2026/09/15 15:52:19] 发送(hex): 20
[2026/09/15 15:52:19] 发送(hex): 20
[2026/09/15 15:52:19] 发送(hex): 20
[2026/09/15 15:52:19] 发送(hex): 20
[2026/09/15 15:52:19] 发送(hex): 20
[2026/09/15 15:52:20] 发送(hex): 20
[2026/09/15 15:52:20] 发送(hex): 20
[2026/09/15 15:52:20] 发送(hex): 20
[2026/09/15 15:52:20] 发送(hex): 20
[2026/09/15 15:52:20] 发送(hex): 20
[2026/09/15 15:52:20] 发送(hex): 20
[2026/09/15 15:52:20] 发送(hex): 20
[2026/09/15 15:52:20] 发送(hex): 20
[2026/09/15 15:52:20] 发送(hex): 20
[2026/09/15 15:52:20] 发送(hex): 20
[2026/09/15 15:52:20] 发送(hex): 20
[2026/09/15 15:52:20] 发送(hex): 20
[2026/09/15 15:52:20] 发送(hex): 20
[2026/09/15 15:52:20] 发送(hex): 20
[2026/09/15 15:52:20] 发送(hex): 20
[2026/09/15 15:52:20] 发送(hex): 20
[2026/09/15 15:52:20] 发送(hex): 20
[2026/09/15 15:52:20] 发送(hex): 20
[2026/09/15 15:52:20] 发送(hex): 20
[2026/09/15 15:52:20] 发送(hex): 20
[2026/09/15 15:52:20] 发送(hex): 20
[2026/09/15 15:52:20] 发送(hex): 20
[2026/09/15 15:52:20] 发送(hex): 20
[2026/09/15 15:52:20] 发送(hex): 20
[2026/09/15 15:52:20] 发送(hex): 20
[2026/09/15 15:52:20] 发送(hex): 20
[2026/09/15 15:52:20] 发送(hex): 20
[2026/09/15 15:52:20] 发送(hex): 20
[2026/09/15 15:52:20] 发送(hex): 20
[2026/09/15 15:52:20] 发送(hex): 20
[2026/09/15 15:52:20] 发送(hex): 20
[2026/09/15 15:52:20] 发送(hex): 20
[2026/09/15 15:52:20] 发送(hex): 20
[2026/09/15 15:52:20] 发送(hex): 20
[2026/09/15 15:52:20] 发送(hex): 20
[2026/09/15 15:52:20] 发送(hex): 20
[2026/09/15 15:52:20] 发送(hex): 20
[2026/09/15 15:52:20] 发送(hex): 20
[2026/09/15 15:52:20] 发送(hex): 20
[2026/09/15 15:52:20] 发送(hex): 20
[2026/09/15 15:52:20] 发送(hex): 20
[2026/09/15 15:52:20] 发送(hex): 20
[2026/09/15 15:52:20] 发送(hex): 20
[2026/09/15 15:52:20] 发送(hex): 20
[2026/09/15 15:52:20] 发送(hex): 20
[2026/09/15 15:52:20] 发送(hex): 20
[2026/09/15 15:52:20] 发送(hex): 20
[2026/09/15 15:52:20] 发送(hex): 20
[2026/09/15 15:52:20] 发送(hex): 20
[2026/09/15 15:52:20] 发送(hex): 20
[2026/09/15 15:52:20] 发送(hex): 20
[2026/09/15 15:52:20] 发送(hex): 20
[2026/09/15 15:52:20] 发送(hex): 20
[2026/09/15 15:52:20] 发送(hex): 20
[2026/09/15 15:52:20] 发送(hex): 20
[2026/09/15 15:52:20] 发送(hex): 20
[2026/09/15 15:52:20] 发送(hex): 20
[2026/09/15 15:52:20] 发送(hex): 20
[2026/09/15 15:52:20] 发送(hex): 20
[2026/09/15 15:52:20] 发送(hex): 20
[2026/09/15 15:52:20] 发送(hex): 20
[2026/09/15 15:52:20] 发送(hex): 20
[2026/09/15 15:52:20] 发送(hex): 20
[2026/09/15 15:52:20] 发送(hex): 20
[2026/09/15 15:52:20] 发送(hex): 20
[2026/09/15 15:52:20] 发送(hex): 20
[2026/09/15 15:52:20] 发送(hex): 20
[2026/09/15 15:52:20] 发送(hex): 20
[2026/09/15 15:52:20] 发送(hex): 20
[2026/09/15 15:52:20] 发送(hex): 20
[2026/09/15 15:52:20] 发送(hex): 20
[2026/09/15 15:52:20] 发送(hex): 20
[2026/09/15 15:52:20] 发送(hex): 20
[2026/09/15 15:52:20] 发送(hex): 20
[2026/09/15 15:52:20] 发送(hex): 20
[2026/09/15 15:52:20] 发送(hex): 20
[2026/09/15 15:52:20] 发送(hex): 20
[2026/09/15 15:52:20] 发送(hex): 20
[2026/09/15 15:52:20] 发送(hex): 20
[2026/09/15 15:52:20] 发送(hex): 20
[2026/09/15 15:52:20] 发送(hex): 20
[2026/09/15 15:52:20] 发送(hex): 20
[2026/09/15 15:52:20] 发送(hex): 20
[2026/09/15 15:52:20] 发送(hex): 20
[2026/09/15 15:52:20] 发送(hex): 20
[2026/09/15 15:52:20] 发送(hex): 20
[2026/09/15 15:52:20] 发送(hex): 20
[2026/09/15 15:52:20] 发送(hex): 20
[2026/09/15 15:52:20] 发送(hex): 20
[2026/09/15 15:52:20] 发送(hex): 20
[2026/09/15 15:52:20] 发送(hex): 20
[2026/09/15 15:52:20] 发送(hex): 20
[2026/09/15 15:52:20] 发送(hex): 20
[2026/09/15 15:52:20] 发送(hex): 20
[2026/09/15 15:52:20] 发送(hex): 20
[2026/09/15 15:52:21] 发送(hex): 20
[2026/09/15 15:52:21] 发送(hex): 20
[2026/09/15 15:52:21] 发送(hex): 20
[2026/09/15 15:52:21] 发送(hex): 20
[2026/09/15 15:52:21] 发送(hex): 20
[2026/09/15 15:52:21] 发送(hex): 20
[2026/09/15 15:52:21] 发送(hex): 20
[2026/09/15 15:52:21] 发送(hex): 20
[2026/09/15 15:52:21] 发送(hex): 20
[2026/09/15 15:52:21] 发送(hex): 20
[2026/09/15 15:52:21] 发送(hex): 20
[2026/09/15 15:52:21] 发送(hex): 20
[2026/09/15 15:52:21] 发送(hex): 20
[2026/09/15 15:52:21] 发送(hex): 20
[2026/09/15 15:52:21] 发送(hex): 20
[2026/09/15 15:52:21] 发送(hex): 20
[2026/09/15 15:52:21] 发送(hex): 20
[2026/09/15 15:52:21] 发送(hex): 20
[2026/09/15 15:52:21] 发送(hex): 20
[2026/09/15 15:52:21] 发送(hex): 20
[2026/09/15 15:52:21] 发送(hex): 20
[2026/09/15 15:52:21] 发送(hex): 20
[2026/09/15 15:52:21] 发送(hex): 20
[2026/09/15 15:52:21] 发送(hex): 20
[2026/09/15 15:52:21] 发送(hex): 20
[2026/09/15 15:52:21] 发送(hex): 20
[2026/09/15 15:52:21] 发送(hex): 20
[2026/09/15 15:52:21] 发送(hex): 20
[2026/09/15 15:52:21] 发送(hex): 20
[2026/09/15 15:52:21] 发送(hex): 20
[2026/09/15 15:52:21] 发送(hex): 20
[2026/09/15 15:52:21] 发送(hex): 20
[2026/09/15 15:52:21] 发送(hex): 20
[2026/09/15 15:52:21] 发送(hex): 20
[2026/09/15 15:52:21] 发送(hex): 20
[2026/09/15 15:52:21] 发送(hex): 20
[2026/09/15 15:52:21] 发送(hex): 20
[2026/09/15 15:52:21] 发送(hex): 20
[2026/09/15 15:52:21] 发送(hex): 20
[2026/09/15 15:52:21] 发送(hex): 20
[2026/09/15 15:52:21] 发送(hex): 20
[2026/09/15 15:52:21] 发送(hex): 20
[2026/09/15 15:52:21] 发送(hex): 20
[2026/09/15 15:52:21] 发送(hex): 20
[2026/09/15 15:52:21] 发送(hex): 20
[2026/09/15 15:52:21] 发送(hex): 20
[2026/09/15 15:52:21] 发送(hex): 20
[2026/09/15 15:52:21] 发送(hex): 20
[2026/09/15 15:52:21] 发送(hex): 20
[2026/09/15 15:52:21] 发送(hex): 20
[2026/09/15 15:52:21] 发送(hex): 20
[2026/09/15 15:52:21] 发送(hex): 20
[2026/09/15 15:52:21] 发送(hex): 20
[2026/09/15 15:52:21] 发送(hex): 20
[2026/09/15 15:52:21] 发送(hex): 20
[2026/09/15 15:52:21] 发送(hex): 20
[2026/09/15 15:52:21] 发送(hex): 20
[2026/09/15 15:52:21] 发送(hex): 20
[2026/09/15 15:52:21] 发送(hex): 20
[2026/09/15 15:52:21] 发送(hex): 20
[2026/09/15 15:52:21] 发送(hex): 20
[2026/09/15 15:52:21] 发送(hex): 20
[2026/09/15 15:52:21] 发送(hex): 20
[2026/09/15 15:52:21] 发送(hex): 20
[2026/09/15 15:52:21] 发送(hex): 20
[2026/09/15 15:52:21] 发送(hex): 20
[2026/09/15 15:52:21] 发送(hex): 20
[2026/09/15 15:52:21] 发送(hex): 20
[2026/09/15 15:52:21] 发送(hex): 20
[2026/09/15 15:52:21] 发送(hex): 20
[2026/09/15 15:52:21] 发送(hex): 20
[2026/09/15 15:52:21] 发送(hex): 20
[2026/09/15 15:52:21] 发送(hex): 20
[2026/09/15 15:52:21] 发送(hex): 20
[2026/09/15 15:52:21] 发送(hex): 20
[2026/09/15 15:52:21] 发送(hex): 20
[2026/09/15 15:52:21] 发送(hex): 20
[2026/09/15 15:52:21] 发送(hex): 20
[2026/09/15 15:52:21] 发送(hex): 20
[2026/09/15 15:52:21] 发送(hex): 20
[2026/09/15 15:52:21] 发送(hex): 20
[2026/09/15 15:52:21] 发送(hex): 20
[2026/09/15 15:52:21] 发送(hex): 20
[2026/09/15 15:52:21] 发送(hex): 20
[2026/09/15 15:52:21] 发送(hex): 20
[2026/09/15 15:52:21] 发送(hex): 20
[2026/09/15 15:52:21] 发送(hex): 20
[2026/09/15 15:52:21] 发送(hex): 20
[2026/09/15 15:52:21] 发送(hex): 20
[2026/09/15 15:52:21] 发送(hex): 20
[2026/09/15 15:52:21] 发送(hex): 20
[2026/09/15 15:52:21] 发送(hex): 20
[2026/09/15 15:52:21] 发送(hex): 20
[2026/09/15 15:52:22] 发送(hex): 20
[2026/09/15 15:52:22] 发送(hex): 20
[2026/09/15 15:52:22] 发送(hex): 20
[2026/09/15 15:52:22] 发送(hex): 20
[2026/09/15 15:52:22] 发送(hex): 20
[2026/09/15 15:52:22] 发送(hex): 20
[2026/09/15 15:52:22] 发送(hex): 20
[2026/09/15 15:52:22] 发送(hex): 20
[2026/09/15 15:52:22] 发送(hex): 20
[2026/09/15 15:52:22] 发送(hex): 20
[2026/09/15 15:52:22] 发送(hex): 20
[2026/09/15 15:52:22] 发送(hex): 20
[2026/09/15 15:52:22] 发送(hex): 20
[2026/09/15 15:52:22] 发送(hex): 20
[2026/09/15 15:52:22] 发送(hex): 20
[2026/09/15 15:52:22] 发送(hex): 20
[2026/09/15 15:52:22] 发送(hex): 20
[2026/09/15 15:52:22] 发送(hex): 20
[2026/09/15 15:52:22] 发送(hex): 20
[2026/09/15 15:52:22] 发送(hex): 20
[2026/09/15 15:52:22] 发送(hex): 20
[2026/09/15 15:52:22] 发送(hex): 20
[2026/09/15 15:52:22] 发送(hex): 20
[2026/09/15 15:52:22] 发送(hex): 20
[2026/09/15 15:52:22] 发送(hex): 20
[2026/09/15 15:52:22] 发送(hex): 20
[2026/09/15 15:52:22] 发送(hex): 20
[2026/09/15 15:52:22] 发送(hex): 20
[2026/09/15 15:52:22] 发送(hex): 20
[2026/09/15 15:52:22] 发送(hex): 20
[2026/09/15 15:52:22] 发送(hex): 20
[2026/09/15 15:52:22] 发送(hex): 20
[2026/09/15 15:52:22] 发送(hex): 20
[2026/09/15 15:52:22] 发送(hex): 20
[2026/09/15 15:52:22] 发送(hex): 20
[2026/09/15 15:52:22] 发送(hex): 20
[2026/09/15 15:52:22] 发送(hex): 20
[2026/09/15 15:52:22] 发送(hex): 20
[2026/09/15 15:52:22] 发送(hex): 20
[2026/09/15 15:52:22] 发送(hex): 20
[2026/09/15 15:52:22] 发送(hex): 20
[2026/09/15 15:52:22] 发送(hex): 20
[2026/09/15 15:52:22] 发送(hex): 20
[2026/09/15 15:52:22] 发送(hex): 20
[2026/09/15 15:52:22] 发送(hex): 20
[2026/09/15 15:52:22] 发送(hex): 20
[2026/09/15 15:52:22] 发送(hex): 20
[2026/09/15 15:52:22] 发送(hex): 20
[2026/09/15 15:52:22] 发送(hex): 20
[2026/09/15 15:52:22] 发送(hex): 20
[2026/09/15 15:52:22] 发送(hex): 20
[2026/09/15 15:52:22] 发送(hex): 20
[2026/09/15 15:52:22] 发送(hex): 20
[2026/09/15 15:52:22] 发送(hex): 20
[2026/09/15 15:52:22] 发送(hex): 20
[2026/09/15 15:52:22] 发送(hex): 20
[2026/09/15 15:52:22] 发送(hex): 20
[2026/09/15 15:52:22] 发送(hex): 20
[2026/09/15 15:52:22] 发送(hex): 20
[2026/09/15 15:52:22] 发送(hex): 20
[2026/09/15 15:52:22] 发送(hex): 20
[2026/09/15 15:52:22] 发送(hex): 20
[2026/09/15 15:52:22] 发送(hex): 20
[2026/09/15 15:52:22] 发送(hex): 20
[2026/09/15 15:52:22] 发送(hex): 20
[2026/09/15 15:52:22] 发送(hex): 20
[2026/09/15 15:52:22] 发送(hex): 20
[2026/09/15 15:52:22] 发送(hex): 20
[2026/09/15 15:52:22] 发送(hex): 20
[2026/09/15 15:52:22] 发送(hex): 20
[2026/09/15 15:52:22] 发送(hex): 20
[2026/09/15 15:52:22] 发送(hex): 20
[2026/09/15 15:52:22] 发送(hex): 20
[2026/09/15 15:52:22] 发送(hex): 20
[2026/09/15 15:52:22] 发送(hex): 20
[2026/09/15 15:52:22] 发送(hex): 20
[2026/09/15 15:52:22] 发送(hex): 20
[2026/09/15 15:52:22] 发送(hex): 20
[2026/09/15 15:52:22] 发送(hex): 20
[2026/09/15 15:52:22] 发送(hex): 20
[2026/09/15 15:52:22] 发送(hex): 20
[2026/09/15 15:52:22] 发送(hex): 20
[2026/09/15 15:52:22] 发送(hex): 20
[2026/09/15 15:52:22] 发送(hex): 20
[2026/09/15 15:52:22] 发送(hex): 20
[2026/09/15 15:52:22] 发送(hex): 20
[2026/09/15 15:52:22] 发送(hex): 20
[2026/09/15 15:52:22] 发送(hex): 20
[2026/09/15 15:52:22] 发送(hex): 20
[2026/09/15 15:52:22] 发送(hex): 20
[2026/09/15 15:52:22] 发送(hex): 20
[2026/09/15 15:52:22] 发送(hex): 20
[2026/09/15 15:52:22] 发送(hex): 20
[2026/09/15 15:52:22] 发送(hex): 20
[2026/09/15 15:52:23] 发送(hex): 20
[2026/09/15 15:52:23] 发送(hex): 20
[2026/09/15 15:52:23] 发送(hex): 20
[2026/09/15 15:52:23] 发送(hex): 20
[2026/09/15 15:52:23] 发送(hex): 20
[2026/09/15 15:52:23] 发送(hex): 20
[2026/09/15 15:52:23] 发送(hex): 20
[2026/09/15 15:52:23] 发送(hex): 20
[2026/09/15 15:52:23] 发送(hex): 20
[2026/09/15 15:52:23] 发送(hex): 20
[2026/09/15 15:52:23] 发送(hex): 20
[2026/09/15 15:52:23] 发送(hex): 20
[2026/09/15 15:52:23] 发送(hex): 20
[2026/09/15 15:52:23] 发送(hex): 20
[2026/09/15 15:52:23] 发送(hex): 20
[2026/09/15 15:52:23] 发送(hex): 20
[2026/09/15 15:52:23] 发送(hex): 20
[2026/09/15 15:52:23] 发送(hex): 20
[2026/09/15 15:52:23] 发送(hex): 20
[2026/09/15 15:52:23] 发送(hex): 20
[2026/09/15 15:52:23] 发送(hex): 20
[2026/09/15 15:52:23] 发送(hex): 20
[2026/09/15 15:52:23] 发送(hex): 20
[2026/09/15 15:52:23] 发送(hex): 20
[2026/09/15 15:52:23] 发送(hex): 20
[2026/09/15 15:52:23] 发送(hex): 20
[2026/09/15 15:52:23] 发送(hex): 20
[2026/09/15 15:52:23] 发送(hex): 20
[2026/09/15 15:52:23] 发送(hex): 20
[2026/09/15 15:52:23] 发送(hex): 20
[2026/09/15 15:52:23] 发送(hex): 20
[2026/09/15 15:52:23] 发送(hex): 20
[2026/09/15 15:52:23] 发送(hex): 20
[2026/09/15 15:52:23] 发送(hex): 20
[2026/09/15 15:52:23] 发送(hex): 20
[2026/09/15 15:52:23] 发送(hex): 20
[2026/09/15 15:52:23] 发送(hex): 20
[2026/09/15 15:52:23] 发送(hex): 20
[2026/09/15 15:52:23] 发送(hex): 20
[2026/09/15 15:52:23] 发送(hex): 20
[2026/09/15 15:52:23] 发送(hex): 20
[2026/09/15 15:52:23] 发送(hex): 20
[2026/09/15 15:52:23] 发送(hex): 20
[2026/09/15 15:52:23] 发送(hex): 20
[2026/09/15 15:52:23] 发送(hex): 20
[2026/09/15 15:52:23] 发送(hex): 20
[2026/09/15 15:52:23] 发送(hex): 20
[2026/09/15 15:52:23] 发送(hex): 20
[2026/09/15 15:52:23] 发送(hex): 20
[2026/09/15 15:52:23] 发送(hex): 20
[2026/09/15 15:52:23] 发送(hex): 20
[2026/09/15 15:52:23] 发送(hex): 20
[2026/09/15 15:52:23] 发送(hex): 20
[2026/09/15 15:52:23] 发送(hex): 20
[2026/09/15 15:52:23] 发送(hex): 20
[2026/09/15 15:52:23] 发送(hex): 20
[2026/09/15 15:52:23] 发送(hex): 20
[2026/09/15 15:52:23] 发送(hex): 20
[2026/09/15 15:52:23] 发送(hex): 20
[2026/09/15 15:52:23] 发送(hex): 20
[2026/09/15 15:52:23] 发送(hex): 20
[2026/09/15 15:52:23] 发送(hex): 20
[2026/09/15 15:52:23] 发送(hex): 20
[2026/09/15 15:52:23] 发送(hex): 20
[2026/09/15 15:52:23] 发送(hex): 20
[2026/09/15 15:52:23] 发送(hex): 20
[2026/09/15 15:52:23] 发送(hex): 20
[2026/09/15 15:52:23] 发送(hex): 20
[2026/09/15 15:52:23] 发送(hex): 20
[2026/09/15 15:52:23] 发送(hex): 20
[2026/09/15 15:52:23] 发送(hex): 20
[2026/09/15 15:52:23] 发送(hex): 20
[2026/09/15 15:52:23] 发送(hex): 20
[2026/09/15 15:52:23] 发送(hex): 20
[2026/09/15 15:52:23] 发送(hex): 20
[2026/09/15 15:52:23] 发送(hex): 20
[2026/09/15 15:52:23] 发送(hex): 20
[2026/09/15 15:52:23] 发送(hex): 20
[2026/09/15 15:52:23] 发送(hex): 20
[2026/09/15 15:52:23] 发送(hex): 20
[2026/09/15 15:52:23] 发送(hex): 20
[2026/09/15 15:52:23] 发送(hex): 20
[2026/09/15 15:52:23] 发送(hex): 20
[2026/09/15 15:52:23] 发送(hex): 20
[2026/09/15 15:52:23] 发送(hex): 20
[2026/09/15 15:52:23] 发送(hex): 20
[2026/09/15 15:52:23] 发送(hex): 20
[2026/09/15 15:52:23] 发送(hex): 20
[2026/09/15 15:52:23] 发送(hex): 20
[2026/09/15 15:52:23] 发送(hex): 20
[2026/09/15 15:52:23] 发送(hex): 20
[2026/09/15 15:52:23] 发送(hex): 20
[2026/09/15 15:52:23] 发送(hex): 20
[2026/09/15 15:52:23] 发送(hex): 20
[2026/09/15 15:52:23] 发送(hex): 20
[2026/09/15 15:52:24] 发送(hex): 20
[2026/09/15 15:52:24] 发送(hex): 20
[2026/09/15 15:52:24] 发送(hex): 20
[2026/09/15 15:52:24] 发送(hex): 20
[2026/09/15 15:52:24] 发送(hex): 20
[2026/09/15 15:52:24] 发送(hex): 20
[2026/09/15 15:52:24] 发送(hex): 20
[2026/09/15 15:52:24] 发送(hex): 20
[2026/09/15 15:52:24] 发送(hex): 20
[2026/09/15 15:52:24] 发送(hex): 20
[2026/09/15 15:52:24] 发送(hex): 20
[2026/09/15 15:52:24] 发送(hex): 20
[2026/09/15 15:52:24] 发送(hex): 20
[2026/09/15 15:52:24] 发送(hex): 20
[2026/09/15 15:52:24] 发送(hex): 20
[2026/09/15 15:52:24] 发送(hex): 20
[2026/09/15 15:52:24] 发送(hex): 20
[2026/09/15 15:52:24] 发送(hex): 20
[2026/09/15 15:52:24] 发送(hex): 20
[2026/09/15 15:52:24] 发送(hex): 20
[2026/09/15 15:52:24] 发送(hex): 20
[2026/09/15 15:52:24] 发送(hex): 20
[2026/09/15 15:52:24] 发送(hex): 20
[2026/09/15 15:52:24] 发送(hex): 20
[2026/09/15 15:52:24] 发送(hex): 20
[2026/09/15 15:52:24] 发送(hex): 20
[2026/09/15 15:52:24] 发送(hex): 20
[2026/09/15 15:52:24] 发送(hex): 20
[2026/09/15 15:52:24] 发送(hex): 20
[2026/09/15 15:52:24] 发送(hex): 20
[2026/09/15 15:52:24] 发送(hex): 20
[2026/09/15 15:52:24] 发送(hex): 20
[2026/09/15 15:52:24] 发送(hex): 20
[2026/09/15 15:52:24] 发送(hex): 20
[2026/09/15 15:52:24] 发送(hex): 20
[2026/09/15 15:52:24] 发送(hex): 20
[2026/09/15 15:52:24] 发送(hex): 20
[2026/09/15 15:52:24] 发送(hex): 20
[2026/09/15 15:52:24] 发送(hex): 20
[2026/09/15 15:52:24] 发送(hex): 20
[2026/09/15 15:52:24] 发送(hex): 20
[2026/09/15 15:52:24] 发送(hex): 20
[2026/09/15 15:52:24] 发送(hex): 20
[2026/09/15 15:52:24] 发送(hex): 20
[2026/09/15 15:52:24] 发送(hex): 20
[2026/09/15 15:52:24] 发送(hex): 20
[2026/09/15 15:52:24] 发送(hex): 20
[2026/09/15 15:52:24] 发送(hex): 20
[2026/09/15 15:52:24] 发送(hex): 20
[2026/09/15 15:52:24] 发送(hex): 20
[2026/09/15 15:52:24] 发送(hex): 20
[2026/09/15 15:52:24] 发送(hex): 20
[2026/09/15 15:52:24] 发送(hex): 20
[2026/09/15 15:52:24] 发送(hex): 20
[2026/09/15 15:52:24] 发送(hex): 20
[2026/09/15 15:52:24] 发送(hex): 20
[2026/09/15 15:52:24] 发送(hex): 20
[2026/09/15 15:52:24] 发送(hex): 20
[2026/09/15 15:52:24] 发送(hex): 20
[2026/09/15 15:52:24] 发送(hex): 20
[2026/09/15 15:52:24] 发送(hex): 20
[2026/09/15 15:52:24] 发送(hex): 20
[2026/09/15 15:52:24] 发送(hex): 20
[2026/09/15 15:52:24] 发送(hex): 20
[2026/09/15 15:52:24] 发送(hex): 20
[2026/09/15 15:52:24] 发送(hex): 20
[2026/09/15 15:52:24] 发送(hex): 20
[2026/09/15 15:52:24] 发送(hex): 20
[2026/09/15 15:52:24] 发送(hex): 20
[2026/09/15 15:52:24] 发送(hex): 20
[2026/09/15 15:52:24] 发送(hex): 20
[2026/09/15 15:52:24] 发送(hex): 20
[2026/09/15 15:52:24] 发送(hex): 20
[2026/09/15 15:52:24] 发送(hex): 20
[2026/09/15 15:52:24] 发送(hex): 20
[2026/09/15 15:52:24] 发送(hex): 20
[2026/09/15 15:52:24] 发送(hex): 20
[2026/09/15 15:52:24] 发送(hex): 20
[2026/09/15 15:52:24] 发送(hex): 20
[2026/09/15 15:52:24] 发送(hex): 20
[2026/09/15 15:52:24] 发送(hex): 20
[2026/09/15 15:52:24] 发送(hex): 20
[2026/09/15 15:52:24] 发送(hex): 20
[2026/09/15 15:52:24] 发送(hex): 20
[2026/09/15 15:52:24] 发送(hex): 20
[2026/09/15 15:52:24] 发送(hex): 20
[2026/09/15 15:52:24] 发送(hex): 20
[2026/09/15 15:52:24] 发送(hex): 20
[2026/09/15 15:52:24] 发送(hex): 20
[2026/09/15 15:52:24] 发送(hex): 20
[2026/09/15 15:52:24] 发送(hex): 20
[2026/09/15 15:52:24] 发送(hex): 20
[2026/09/15 15:52:24] 发送(hex): 20
[2026/09/15 15:52:24] 发送(hex): 20
[2026/09/15 15:52:25] 发送(hex): 20
[2026/09/15 15:52:25] 发送(hex): 20
[2026/09/15 15:52:25] 发送(hex): 20
[2026/09/15 15:52:25] 发送(hex): 20
[2026/09/15 15:52:25] 发送(hex): 20
[2026/09/15 15:52:25] 发送(hex): 20
[2026/09/15 15:52:25] 发送(hex): 20
[2026/09/15 15:52:25] 发送(hex): 20
[2026/09/15 15:52:25] 发送(hex): 20
[2026/09/15 15:52:25] 发送(hex): 20
[2026/09/15 15:52:25] 发送(hex): 20
[2026/09/15 15:52:25] 发送(hex): 20
[2026/09/15 15:52:25] 发送(hex): 20
[2026/09/15 15:52:25] 发送(hex): 20
[2026/09/15 15:52:25] 发送(hex): 20
[2026/09/15 15:52:25] 发送(hex): 20
[2026/09/15 15:52:25] 发送(hex): 20
[2026/09/15 15:52:25] 发送(hex): 20
[2026/09/15 15:52:25] 发送(hex): 20
[2026/09/15 15:52:25] 发送(hex): 20
[2026/09/15 15:52:25] 发送(hex): 20
[2026/09/15 15:52:25] 发送(hex): 20
[2026/09/15 15:52:25] 发送(hex): 20
[2026/09/15 15:52:25] 发送(hex): 20
[2026/09/15 15:52:25] 发送(hex): 20
[2026/09/15 15:52:25] 发送(hex): 20
[2026/09/15 15:52:25] 发送(hex): 20
[2026/09/15 15:52:25] 发送(hex): 20
[2026/09/15 15:52:25] 发送(hex): 20
[2026/09/15 15:52:25] 发送(hex): 20
[2026/09/15 15:52:25] 发送(hex): 20
[2026/09/15 15:52:25] 发送(hex): 20
[2026/09/15 15:52:25] 发送(hex): 20
[2026/09/15 15:52:25] 发送(hex): 20
[2026/09/15 15:52:25] 发送(hex): 20
[2026/09/15 15:52:25] 发送(hex): 20
[2026/09/15 15:52:25] 发送(hex): 20
[2026/09/15 15:52:25] 发送(hex): 20
[2026/09/15 15:52:25] 发送(hex): 20
[2026/09/15 15:52:25] 发送(hex): 20
[2026/09/15 15:52:25] 发送(hex): 20
[2026/09/15 15:52:25] 发送(hex): 20
[2026/09/15 15:52:25] 发送(hex): 20
[2026/09/15 15:52:25] 发送(hex): 20
[2026/09/15 15:52:25] 发送(hex): 20
[2026/09/15 15:52:25] 发送(hex): 20
[2026/09/15 15:52:25] 发送(hex): 20
[2026/09/15 15:52:25] 发送(hex): 20
[2026/09/15 15:52:25] 发送(hex): 20
[2026/09/15 15:52:25] 发送(hex): 20
[2026/09/15 15:52:25] 发送(hex): 20
[2026/09/15 15:52:25] 发送(hex): 20
[2026/09/15 15:52:25] 发送(hex): 20
[2026/09/15 15:52:25] 发送(hex): 20
[2026/09/15 15:52:25] 发送(hex): 20
[2026/09/15 15:52:25] 发送(hex): 20
[2026/09/15 15:52:25] 发送(hex): 20
[2026/09/15 15:52:25] 发送(hex): 20
[2026/09/15 15:52:25] 发送(hex): 20
[2026/09/15 15:52:25] 发送(hex): 20
[2026/09/15 15:52:25] 发送(hex): 20
[2026/09/15 15:52:25] 发送(hex): 20
[2026/09/15 15:52:25] 发送(hex): 20
[2026/09/15 15:52:25] 发送(hex): 20
[2026/09/15 15:52:25] 发送(hex): 20
[2026/09/15 15:52:25] 发送(hex): 20
[2026/09/15 15:52:25] 发送(hex): 20
[2026/09/15 15:52:25] 发送(hex): 20
[2026/09/15 15:52:25] 发送(hex): 20
[2026/09/15 15:52:25] 发送(hex): 20
[2026/09/15 15:52:25] 发送(hex): 20
[2026/09/15 15:52:25] 发送(hex): 20
[2026/09/15 15:52:25] 发送(hex): 20
[2026/09/15 15:52:25] 发送(hex): 20
[2026/09/15 15:52:25] 发送(hex): 20
[2026/09/15 15:52:25] 发送(hex): 20
[2026/09/15 15:52:25] 发送(hex): 20
[2026/09/15 15:52:25] 发送(hex): 20
[2026/09/15 15:52:25] 发送(hex): 20
[2026/09/15 15:52:25] 发送(hex): 20
[2026/09/15 15:52:25] 发送(hex): 20
[2026/09/15 15:52:25] 发送(hex): 20
[2026/09/15 15:52:25] 发送(hex): 20
[2026/09/15 15:52:25] 发送(hex): 20
[2026/09/15 15:52:25] 发送(hex): 20
[2026/09/15 15:52:25] 发送(hex): 20
[2026/09/15 15:52:25] 发送(hex): 20
[2026/09/15 15:52:25] 发送(hex): 20
[2026/09/15 15:52:25] 发送(hex): 20
[2026/09/15 15:52:25] 发送(hex): 20
[2026/09/15 15:52:25] 发送(hex): 20
[2026/09/15 15:52:25] 发送(hex): 20
[2026/09/15 15:52:25] 发送(hex): 20
[2026/09/15 15:52:25] 发送(hex): 20
[2026/09/15 15:52:26] 发送(hex): 20
[2026/09/15 15:52:26] 发送(hex): 20
[2026/09/15 15:52:26] 发送(hex): 20
[2026/09/15 15:52:26] 发送(hex): 20
[2026/09/15 15:52:26] 发送(hex): 20
[2026/09/15 15:52:26] 发送(hex): 20
[2026/09/15 15:52:26] 发送(hex): 20
[2026/09/15 15:52:26] 发送(hex): 20
[2026/09/15 15:52:26] 发送(hex): 20
[2026/09/15 15:52:26] 发送(hex): 20
[2026/09/15 15:52:26] 发送(hex): 20
[2026/09/15 15:52:26] 发送(hex): 20
[2026/09/15 15:52:26] 发送(hex): 20
[2026/09/15 15:52:26] 发送(hex): 20
[2026/09/15 15:52:26] 发送(hex): 20
[2026/09/15 15:52:26] 发送(hex): 20
[2026/09/15 15:52:26] 发送(hex): 20
[2026/09/15 15:52:26] 发送(hex): 20
[2026/09/15 15:52:26] 发送(hex): 20
[2026/09/15 15:52:26] 发送(hex): 20
[2026/09/15 15:52:26] 发送(hex): 20
[2026/09/15 15:52:26] 发送(hex): 20
[2026/09/15 15:52:26] 发送(hex): 20
[2026/09/15 15:52:26] 发送(hex): 20
[2026/09/15 15:52:26] 发送(hex): 20
[2026/09/15 15:52:26] 发送(hex): 20
[2026/09/15 15:52:26] 发送(hex): 20
[2026/09/15 15:52:26] 发送(hex): 20
[2026/09/15 15:52:26] 发送(hex): 20
[2026/09/15 15:52:26] 发送(hex): 20
[2026/09/15 15:52:26] 发送(hex): 20
[2026/09/15 15:52:26] 发送(hex): 20
[2026/09/15 15:52:26] 发送(hex): 20
[2026/09/15 15:52:26] 发送(hex): 20
[2026/09/15 15:52:26] 发送(hex): 20
[2026/09/15 15:52:26] 发送(hex): 20
[2026/09/15 15:52:26] 发送(hex): 20
[2026/09/15 15:52:26] 发送(hex): 20
[2026/09/15 15:52:26] 发送(hex): 20
[2026/09/15 15:52:26] 发送(hex): 20
[2026/09/15 15:52:26] 发送(hex): 20
[2026/09/15 15:52:26] 发送(hex): 20
[2026/09/15 15:52:26] 发送(hex): 20
[2026/09/15 15:52:26] 发送(hex): 20
[2026/09/15 15:52:26] 发送(hex): 20
[2026/09/15 15:52:26] 发送(hex): 20
[2026/09/15 15:52:26] 发送(hex): 20
[2026/09/15 15:52:26] 发送(hex): 20
[2026/09/15 15:52:26] 发送(hex): 20
[2026/09/15 15:52:26] 发送(hex): 20
[2026/09/15 15:52:26] 发送(hex): 20
[2026/09/15 15:52:26] 发送(hex): 20
[2026/09/15 15:52:26] 发送(hex): 20
[2026/09/15 15:52:26] 发送(hex): 20
[2026/09/15 15:52:26] 发送(hex): 20
[2026/09/15 15:52:26] 发送(hex): 20
[2026/09/15 15:52:26] 发送(hex): 20
[2026/09/15 15:52:26] 发送(hex): 20
[2026/09/15 15:52:26] 发送(hex): 20
[2026/09/15 15:52:26] 发送(hex): 20
[2026/09/15 15:52:26] 发送(hex): 20
[2026/09/15 15:52:26] 发送(hex): 20
[2026/09/15 15:52:26] 发送(hex): 20
[2026/09/15 15:52:26] 发送(hex): 20
[2026/09/15 15:52:26] 发送(hex): 20
[2026/09/15 15:52:26] 发送(hex): 20
[2026/09/15 15:52:26] 发送(hex): 20
[2026/09/15 15:52:26] 发送(hex): 20
[2026/09/15 15:52:26] 发送(hex): 20
[2026/09/15 15:52:26] 发送(hex): 20
[2026/09/15 15:52:26] 发送(hex): 20
[2026/09/15 15:52:26] 发送(hex): 20
[2026/09/15 15:52:26] 发送(hex): 20
[2026/09/15 15:52:26] 发送(hex): 20
[2026/09/15 15:52:26] 发送(hex): 20
[2026/09/15 15:52:26] 发送(hex): 20
[2026/09/15 15:52:26] 发送(hex): 20
[2026/09/15 15:52:26] 发送(hex): 20
[2026/09/15 15:52:26] 发送(hex): 20
[2026/09/15 15:52:26] 发送(hex): 20
[2026/09/15 15:52:26] 发送(hex): 20
[2026/09/15 15:52:26] 发送(hex): 20
[2026/09/15 15:52:26] 发送(hex): 20
[2026/09/15 15:52:26] 发送(hex): 20
[2026/09/15 15:52:26] 发送(hex): 20
[2026/09/15 15:52:26] 发送(hex): 20
[2026/09/15 15:52:26] 发送(hex): 20
[2026/09/15 15:52:26] 发送(hex): 20
[2026/09/15 15:52:26] 发送(hex): 20
[2026/09/15 15:52:26] 发送(hex): 20
[2026/09/15 15:52:26] 发送(hex): 20
[2026/09/15 15:52:27] 发送(hex): 0d
[2026/09/15 15:52:27] 发送(hex): 0d
[2026/09/15 15:52:27] Realtek>
[2026/09/15 15:52:27] 发送(hex): 0d
[2026/09/15 15:52:27] Realtek>
[2026/09/15 15:52:27] Realtek>
[2026/09/15 15:52:27] 发送(hex): 0d
[2026/09/15 15:52:27] 发送(hex): 0d
[2026/09/15 15:52:27] Realtek>
[2026/09/15 15:52:27] Realtek>
[2026/09/15 15:52:32] 发送(hex): 706d6f646520656e61626c653b72650d
[2026/09/15 15:52:32] pmode enable;re
[2026/09/15 15:52:32] uboot command for pmode enable!
[2026/09/15 15:52:32] resetting ...
[2026/09/15 15:52:32] $
[2026/09/15 15:52:32] Post romcode git ver:42df880604ac78a3 (Aug 28 2026 21:41:35)
[2026/09/15 15:52:32] $
[2026/09/15 15:52:32] Hello world, RTD2875P_CN2_TV030!
[2026/09/15 15:52:32] set_wifi_reset
[2026/09/15 15:52:32] Auxcode git ver:3a4deb9ea300359e (Aug 28 2026 21:41:29)
[2026/09/15 15:52:32] flash_type = 2, secure_type = 2
[2026/09/15 15:52:32] b8062204=20000
[2026/09/15 15:52:32] slot info 0 0x0 info 1 0x9021afbe
[2026/09/15 15:52:32] g_gpt_blk_start 0x1  g_offline_gpt 0x0 last_usable_lba 0x1cd2032 num_partition_entries 0x32
[2026/09/15 15:52:32] start 0x2e600000 clt_blk 0x1973004 ctrl size 0x20
[2026/09/15 15:52:32] choose active index 0
[2026/09/15 15:52:32] part name bootloader ative_slot _a real part name bootloader_a
[2026/09/15 15:52:32] part name hwsetting start 0x100000 size 0x33600
[2026/09/15 15:52:32] part name ext_fw start 0x133600 size 0x10400
[2026/09/15 15:52:32] part name kboot start 0x143a00 size 0x16e00
[2026/09/15 15:52:32] part name uboot start 0x15a800 size 0x120400
[2026/09/15 15:52:32] ls4 2 1 = 800040aa 80002080 80001000
[2026/09/15 15:52:32] fNewHWsettingArch = 2
[2026/09/15 15:52:32] 1.lsadcidx = 2, brand =3, offset = 0
[2026/09/15 15:52:32] 1.lsadcidx = 2, brand =3, offset = 17800
[2026/09/15 15:52:32] hwsetting from mmc
[2026/09/15 15:52:32] AC on HW offset 0x809 start 0x800 reg 0x8090800
[2026/09/15 15:52:32] total = 2f00
[2026/09/15 15:52:32] A
[2026/09/15 15:52:33] A
[2026/09/15 15:52:33] A
[2026/09/15 15:52:33] A
[2026/09/15 15:52:33] A
[2026/09/15 15:52:33] {12 14}
[2026/09/15 15:52:33] ffeedd
[2026/09/15 15:52:33] ffeeddddr ver: 62c63180
[2026/09/15 15:52:33] ori DQS0~7 {03 04 1a 1c 00 01 00 00}
[2026/09/15 15:52:33] {01 03 19 1b 00 01 00 00} {09 08 06 09 06 05 00 00}
[2026/09/15 15:52:33] r.y.0 r.y.0 SCPU BISR status: Done
[2026/09/15 15:52:33] [go kb]
[2026/09/15 15:52:33] pass bo
[2026/09/15 15:52:33] otcode info to kboot
[2026/09/15 15:52:33] num=1056
[2026/09/15 15:52:33] boot_magic=20230423
[2026/09/15 15:52:33] ---DEBUG kboot 21:41:14 Aug 28 2026 ---
[2026/09/15 15:52:33] [Kboot]eMMC(mid-15) MMC_HS50 (50000000Mhz)[8bit].
[2026/09/15 15:52:33] block info 0x1cd2032 0x3a3e000.
[2026/09/15 15:52:33] [MMC] 32 -----------> 16GB.
[2026/09/15 15:52:33] (2379beef) (0) bufsize=(null)
[2026/09/15 15:52:33] uboot start 0x15a800 size 0x120400
[2026/09/15 15:52:33] board_version:
[2026/09/15 15:52:33] ls1 = 0, ver: 0
[2026/09/15 15:52:33] [0;31mapp_main 325 board_version=0[0m
[2026/09/15 15:52:33] get FW_TZFW flash start 0xf100200 ddr buf star
[2026/09/15 15:52:33] t 0x180000 image size 010c2e3 ok!
[2026/09/15 15:52:33] [INFO]RPMB auth key not written !
[2026/09/15 15:52:33] [INFO]RPMB auth key not written !
[2026/09/15 15:52:33] Current board is not frist boot.
[2026/09/15 15:52:33] ALL zero, reserved_3 has removed.
[2026/09/15 15:52:33] Current board remove reserved_3 done.
[2026/09/15 15:52:33] get FW_V
[2026/09/15 15:52:33] KERNEL flash start 0xc100200 ddr buf start 0x1a900000 image size 05f0300 ok!
[2026/09/15 15:52:33] get FW_VKERNEL2 flash start 0xd900200 ddr buf start 0x1af00000 image size 0f4920 ok!
[2026/09/15 15:52:33] get FW_AKERNEL flash start 0xa900200 ddr buf start 0x1b200000 image size 07fbf7c ok!
[2026/09/15 15:52:34] ATFATFATF:0 1 NOTICE: kill CPU(2)...
[2026/09/15 15:52:34] ATF:0 1 NOTICE: kill (2) : PACTIVE:0
[2026/09/15 15:52:34] ATF:0 1 NOTICE:  CPU(2) kill done, pstate(0x0)
[2026/09/15 15:52:34] U
[2026/09/15 15:52:34] fixup_node_name 555. set /reserved-memory@5 to /reserved-memory
[2026/09/15 15:52:34] fixup_node_name 555. set /rtk_cma@5 to /rtk_cma
[2026/09/15 15:52:34] ### [1;31mERROR[0m ### get_movablecore 613. Can't find dtb node /reserved-memory/cma2_memory/reg
[2026/09/15 15:52:34] reinit_mem_info 1049  ddr_size 80000000
[2026/09/15 15:52:34] booting, boot_led_type: 0x00000000, led on[1]
[2026/09/15 15:52:34] set share register: 0x99100000
[2026/09/15 15:52:34] boot_power_on_mode=1
[2026/09/15 15:52:34] [get_layout:1264]!
[2026/09/15 15:52:34] boot_part value = 0 boot_tag value = 21
[2026/09/15 15:52:34] [get_oemkey] 1397: get oem.key = ATV00107525
[2026/09/15 15:52:34] Factory_RO: [EXT4] factory_ro_buffer:0a800000, factory_ro_buffer size:0x1000000!
[2026/09/15 15:52:34] Partiton factory_ro_a located at 0:6
[2026/09/15 15:52:34] factory_ro_a partition can not find /.000@bk@***!
[2026/09/15 15:52:34] Factory RO no need recovery!
[2026/09/15 15:52:34] Get tvconfigs_a partition block device index fail!
[2026/09/15 15:52:34] read customer.ini file fail!
[2026/09/15 15:52:34] parse SYS_INI path fail
[2026/09/15 15:52:34] Not support board ini mechansim!
[2026/09/15 15:52:34] Get tvconfigs_a partition block device index fail!
[2026/09/15 15:52:34] read customer.ini file fail!
[2026/09/15 15:52:34] parse SYS_INI path fail
[2026/09/15 15:52:34] load model ini file fail
[2026/09/15 15:52:34] cannot find PcbPath from ini file
[2026/09/15 15:52:34] no pcb.config in tvconfigs
[2026/09/15 15:52:34] no mnt/vendor/factorypcb.config
[2026/09/15 15:52:36] delay:342
[2026/09/15 15:52:36] Vwait V1go
[2026/09/15 15:52:36] Vwait V2go
[2026/09/15 15:52:36] DEMOD BISR check Pass and disable demod CLK!!
[2026/09/15 15:52:36] [0;31mboard_version=0 sz=18M[0m
[2026/09/15 15:52:36] ATF:0 1 NOTICE: atf enter time:1181ms, current time:3995ms
[2026/09/15 15:52:36] ATF:0 1 NOTICE: 1st boot elapsed 4001ms
[2026/09/15 15:52:39] console:/ $
[2026/09/15 15:52:47] factory auto test loop start
[2026/09/15 15:52:47]  
[2026/09/15 15:52:57] 发送(hex): aa061001a7ef
[2026/09/15 15:52:57] «
[2026/09/15 15:52:57] ßN
[2026/09/15 15:52:58] 发送(hex): aa09700000000092eb
[2026/09/15 15:52:59] «
[2026/09/15 15:52:59] ßN
[2026/09/15 15:53:09] 发送(hex): aa06840063e1
[2026/09/15 15:53:09] «
[2026/09/15 15:53:09] ßN« &d
[2026/09/15 15:53:12] $
[2026/09/15 15:53:12] Post romcode git ver:42df880604ac78a3 (Aug 28 2026 21:41:35)
[2026/09/15 15:53:12] $
[2026/09/15 15:53:12] Hello world, RTD2875P_CN2_TV030!
[2026/09/15 15:53:12] set_wifi_reset
[2026/09/15 15:53:12] Auxcode git ver:3a4deb9ea300359e (Aug 28 2026 21:41:29)
[2026/09/15 15:53:12] flash_type = 2, secure_type = 2
[2026/09/15 15:53:12] b8062204=0
[2026/09/15 15:53:12] slot info 0 0x0 info 1 0x0
[2026/09/15 15:53:12] invalid reg slot status 0x0,
[2026/09/15 15:53:13] get slot info from flash!
[2026/09/15 15:53:13] g_gpt_blk_start 0x1  g_offline_gpt 0x0 last_usable_lba 0x1cd2032 num_partition_entries 0x32
[2026/09/15 15:53:13] start 0x2e600000 clt_blk 0x1973004 ctrl size 0x20
[2026/09/15 15:53:13] choose active index 0
[2026/09/15 15:53:13] part name bootloader ative_slot _a real part name bootloader_a
[2026/09/15 15:53:13] part name hwsetting start 0x100000 size 0x33600
[2026/09/15 15:53:13] part name ext_fw start 0x133600 size 0x10400
[2026/09/15 15:53:13] part name kboot start 0x143a00 size 0x16e00
[2026/09/15 15:53:13] part name uboot start 0x15a800 size 0x120400
[2026/09/15 15:53:13] ls4 2 1 = 800040ab 8000207f 80001000
[2026/09/15 15:53:13] fNewHWsettingArch = 2
[2026/09/15 15:53:13] 1.lsadcidx = 2, brand =3, offset = 0
[2026/09/15 15:53:13] 1.lsadcidx = 2, brand =3, offset = 17800
[2026/09/15 15:53:13] hwsetting from mmc
[2026/09/15 15:53:13] AC on HW offset 0x809 start 0x800 reg 0x8090800
[2026/09/15 15:53:13] total = 2f00
[2026/09/15 15:53:13] A
[2026/09/15 15:53:13] A
[2026/09/15 15:53:13] A
[2026/09/15 15:53:13] A
[2026/09/15 15:53:13] A
[2026/09/15 15:53:13] {12 14}
[2026/09/15 15:53:13] ffeeddffeeddddr ver: 62c63180
[2026/09/15 15:53:13] ori DQS0~7 {03 04 1a 1c 00 01 00 00}
[2026/09/15 15:53:13] {01 03 19 1b 00 01 00 00} {08 09 06 09 06 06 00 00}
[2026/09/15 15:53:13] r.y.0
[2026/09/15 15:53:13] r.y.0 SCPU BISR status: Done
[2026/09/15 15:53:13] [go kb]
[2026/09/15 15:53:13] pass bootcode info to kboot
[2026/09/15 15:53:13] num=1100
[2026/09/15 15:53:13] boot_magic=0Í
[2026/09/15 15:53:13] ---DEBUG kboot 21:41:14 Aug 28 2026 ---
[2026/09/15 15:53:13] [Kboot]eMMC(mid-15) MMC_HS50 (50000000Mhz)[8bit].
[2026/09/15 15:53:13] block info 0x1cd2032 0x3a3e000.
[2026/09/15 15:53:13] [MMC] 32 -----------> 16GB.
[2026/09/15 15:53:13] (00000000) (0) bufsize=(null)
[2026/09/15 15:53:13] uboot start 0x15a800 size 0x120400
[2026/09/15 15:53:13] board_vers
[2026/09/15 15:53:13] ion: ls1 = 0, ver: 0
[2026/09/15 15:53:13] [0;31mapp_main 325 board_version=0[0m
[2026/09/15 15:53:13] get FW_TZFW flash start 0xf100200 ddr buf start 0x180000 image size 010c2e3 ok!
[2026/09/15 15:53:13] [INFO]RPMB auth key not written !
[2026/09/15 15:53:13] [INFO]RPMB auth key not written !
[2026/09/15 15:53:13] Current board is not frist boot.
[2026/09/15 15:53:13] ALL zero, reserved_3 has removed.
[2026/09/15 15:53:13] Current board remove reserved_3 done.
[2026/09/15 15:53:13] get FW_VKERNEL flash start 0
[2026/09/15 15:53:13] xc100200 ddr buf start 0x1a900000 image size 05f0300 ok!
[2026/09/15 15:53:13] get FW_VKERNEL2 flash start 0xd900200 ddr buf start 0x1af00000 image size 0f4920 ok!
[2026/09/15 15:53:14] get FW_AKERNEL flash start 0xa900200 ddr buf start 0x1b200000 image size 07fbf7c ok!
[2026/09/15 15:53:14] ATFATFATF:0 1 NOTICE: kill CPU(2)...
[2026/09/15 15:53:14] ATF:0 1 NOTICE: kill (2) : PACTIVE:0
[2026/09/15 15:53:14] ATF:0 1 NOTICE:  CPU(2) kill done, pstate(0x0)
[2026/09/15 15:53:14] U
[2026/09/15 15:53:14] fixup_node_name 555. set /reserved-memory@5 to /reserved-memory
[2026/09/15 15:53:14] fixup_node_name 555. set /rtk_cma@5 to /rtk_cma
[2026/09/15 15:53:14] ### [1;31mERROR[0m ### get_movablecore 613. Can't find dtb node /reserved-memory/cma2_memory/reg
[2026/09/15 15:53:14] reinit_mem_info 1049  ddr_size 80000000
[2026/09/15 15:53:14] booting, boot_led_type: 0x00000000, led on[1]
[2026/09/15 15:53:14] set share register: 0x99100000
[2026/09/15 15:53:14] boot_power_on_mode=1
[2026/09/15 15:53:14] [get_layout:1264]!
[2026/09/15 15:53:14] boot_part value = 0 boot_tag value = 21
[2026/09/15 15:53:14] [get_oemkey] 1397: get oem.key = ATV00107525
[2026/09/15 15:53:14] Factory_RO: [EXT4] factory_ro_buffer:0a800000, factory_ro_buffer size:0x1000000!
[2026/09/15 15:53:14] Partiton factory_ro_a located at 0:6
[2026/09/15 15:53:14] factory_ro_a partition can not find /.000@bk@***!
[2026/09/15 15:53:14] Factory RO no need recovery!
[2026/09/15 15:53:14] Get tvconfigs_a partition block device index fail!
[2026/09/15 15:53:14] read customer.ini file fail!
[2026/09/15 15:53:14] parse SYS_INI path fail
[2026/09/15 15:53:14] Not support board ini mechansim!
[2026/09/15 15:53:14] Get tvconfigs_a partition block device index fail!
[2026/09/15 15:53:14] read customer.ini file fail!
[2026/09/15 15:53:14] parse SYS_INI path fail
[2026/09/15 15:53:14] load model ini file fail
[2026/09/15 15:53:14] cannot find PcbPath from ini file
[2026/09/15 15:53:14] no pcb.config in tvconfigs
[2026/09/15 15:53:14] no mnt/vendor/factorypcb.config
[2026/09/15 15:53:16] delay:342
[2026/09/15 15:53:16] Vwait V1go
[2026/09/15 15:53:16] Vwait V2go
[2026/09/15 15:53:16] DEMOD BISR check Pass and disable demod CLK!!
[2026/09/15 15:53:16] [0;31mboard_version=0 sz=18M[0m
[2026/09/15 15:53:16] ATF:0 1 NOTICE: atf enter time:1185ms, current time:4013ms
[2026/09/15 15:53:16] ATF:0 1 NOTICE: 1st boot elapsed 4019ms
[2026/09/15 15:53:19] console:/ $
[2026/09/15 15:53:27] factory auto test loop start
[2026/09/15 15:53:27]  
[2026/09/15 15:53:37] 发送(hex): aa061001a7ef
[2026/09/15 15:53:37] «
[2026/09/15 15:53:37] ßN
[2026/09/15 15:53:38] 发送(hex): aa06110194de
[2026/09/15 15:53:38] «
[2026/09/15 15:53:38] ßN
[2026/09/15 15:53:57] 发送(hex): aa06840063e1
[2026/09/15 15:53:57] «
[2026/09/15 15:53:57] ßN«B =¾
[2026/09/15 15:54:01] $
[2026/09/15 15:54:01] Post romcode
[2026/09/15 15:54:01] git ver:42df880604ac78a3 (Aug 28 2026 21:41:35)
[2026/09/15 15:54:01] $
[2026/09/15 15:54:01] Hello world, RTD2875P_CN2_TV030!
[2026/09/15 15:54:01] set_wifi_reset
[2026/09/15 15:54:01] Auxcode git ver:3a4deb9ea300359e (Aug 28 2026 21:41:29)
[2026/09/15 15:54:01] flash_type = 2, secure_type = 2
[2026/09/15 15:54:01] b8062204=0
[2026/09/15 15:54:01] slot info 0 0x0 info 1 0x0
[2026/09/15 15:54:01] invalid reg slot status 0x0,get slot info from flash!
[2026/09/15 15:54:01] g_gpt_blk_start 0x1  g_offline_gpt 0x0 last_usable_lba 0x1cd2032 num_partition_entries 0x32
[2026/09/15 15:54:01] start 0x2e600000 clt_blk 0x1973004 ctrl size 0x20
[2026/09/15 15:54:01] choose active index 0
[2026/09/15 15:54:01] part name bootloader ative_slot _a real part name bootloader_a
[2026/09/15 15:54:01] part name hwsetting start 0x100000 size 0x33600
[2026/09/15 15:54:01] part name ext_fw start 0x133600 size 0x10400
[2026/09/15 15:54:01] part name kboot start 0x143a00 size 0x16e00
[2026/09/15 15:54:01] part name uboot start 0x15a800 size 0x120400
[2026/09/15 15:54:01] ls4 2 1 = 800040a9 8000207f 80001000
[2026/09/15 15:54:01] fNewHWsettingArch = 2
[2026/09/15 15:54:01] 1.lsadcidx = 2, brand =3, offset = 0
[2026/09/15 15:54:01] 1.lsadcidx = 2, brand =3, offset = 17800
[2026/09/15 15:54:01] hwsetting from mmc
[2026/09/15 15:54:01] AC on HW offset 0x809 start 0x800 reg 0x8090800
[2026/09/15 15:54:01] total = 2f00
[2026/09/15 15:54:01] A
[2026/09/15 15:54:01] A
[2026/09/15 15:54:01] A
[2026/09/15 15:54:01] A
[2026/09/15 15:54:01] A
[2026/09/15 15:54:01] {12 14}
[2026/09/15 15:54:01] ffeeddffeeddddr ver: 62c63180
[2026/09/15 15:54:01] ori DQS0~7 {03 04 1a 1c 00 01 00 00}
[2026/09/15 15:54:01] {01 03 19 1b 00 01 00 00} {08 08 06 09 06 05 00 00}
[2026/09/15 15:54:01] r.y.0
[2026/09/15 15:54:01] r.y.0 SCPU BISR status: Done
[2026/09/15 15:54:01] [go kb]
[2026/09/15 15:54:01] pass bootcode info to kboot
[2026/09/15 15:54:01] num=1100
[2026/09/15 15:54:01] boot_magic=0Í
[2026/09/15 15:54:01] ---DEBUG kboot 21:41:14 Aug 28 2026 ---
[2026/09/15 15:54:01] [Kboot]eMMC(mid-15) MMC_HS50 (50000000Mhz)[8bit].
[2026/09/15 15:54:01] block info 0x1cd2032 0x3a3e000.
[2026/09/15 15:54:01] [MMC] 32 -----------> 16GB.
[2026/09/15 15:54:01] (00000000) (0) bufsize=(null)
[2026/09/15 15:54:01] uboot start 0x15a800 size 0x120400
[2026/09/15 15:54:01] board_versi
[2026/09/15 15:54:01] on: ls1 = 0, ver: 0
[2026/09/15 15:54:01] [0;31mapp_main 325 board_version=0[0m
[2026/09/15 15:54:02] get FW_TZFW flash start 0xf100200 ddr buf start 0x180000 image size 010c2e3 ok!
[2026/09/15 15:54:02] [INFO]RPMB auth key not written !
[2026/09/15 15:54:02] [INFO]RPMB auth key not written !
[2026/09/15 15:54:02] Current board is not frist boot.
[2026/09/15 15:54:02] ALL zero, reserved_3 has removed.
[2026/09/15 15:54:02] Current board remove reserved_3 done.
[2026/09/15 15:54:02] get FW_VKERNEL flash start 0x
[2026/09/15 15:54:02] c100200 ddr buf start 0x1a900000 image size 05f0300 ok!
[2026/09/15 15:54:02] get FW_VKERNEL2 flash start 0xd900200 ddr buf start 0x1af00000 image size 0f4920 ok!
[2026/09/15 15:54:02] get FW_AKERNEL flash start 0xa900200 ddr buf start 0x1b200000 image size 07fbf7c ok!
[2026/09/15 15:54:02] ATFATFATF:0 1 NOTICE: kill CPU(2)...
[2026/09/15 15:54:02] ATF:0 1 NOTICE: kill (2) : PACTIVE:0
[2026/09/15 15:54:02] ATF:0 1 NOTICE:  CPU(2) kill done, pstate(0x0)
[2026/09/15 15:54:02] U
[2026/09/15 15:54:02] fixup_node_name 555. set /reserved-memory@5 to /reserved-memory
[2026/09/15 15:54:02] fixup_node_name 555. set /rtk_cma@5 to /rtk_cma
[2026/09/15 15:54:02] ### [1;31mERROR[0m ### get_movablecore 613. Can't find dtb node /reserved-memory/cma2_memory/reg
[2026/09/15 15:54:02] reinit_mem_info 1049  ddr_size 80000000
[2026/09/15 15:54:02] booting, boot_led_type: 0x00000000, led on[1]
[2026/09/15 15:54:02] set share register: 0x99100000
[2026/09/15 15:54:02] boot_power_on_mode=1
[2026/09/15 15:54:02] [get_layout:1264]!
[2026/09/15 15:54:02] boot_part value = 0 boot_tag value = 21
[2026/09/15 15:54:02] [get_oemkey] 1397: get oem.key = ATV00107525
[2026/09/15 15:54:02] Factory_RO: [EXT4] factory_ro_buffer:0a800000, factory_ro_buffer size:0x1000000!
[2026/09/15 15:54:02] Partiton factory_ro_a located at 0:6
[2026/09/15 15:54:02] factory_ro_a partition can not find /.000@bk@***!
[2026/09/15 15:54:02] Factory RO no need recovery!
[2026/09/15 15:54:02] Get tvconfigs_a partition block device index fail!
[2026/09/15 15:54:02] read customer.ini file fail!
[2026/09/15 15:54:02] parse SYS_INI path fail
[2026/09/15 15:54:02] Not support board ini mechansim!
[2026/09/15 15:54:02] Get tvconfigs_a partition block device index fail!
[2026/09/15 15:54:02] read customer.ini file fail!
[2026/09/15 15:54:02] parse SYS_INI path fail
[2026/09/15 15:54:02] load model ini file fail
[2026/09/15 15:54:02] cannot find PcbPath from ini file
[2026/09/15 15:54:02] no pcb.config in tvconfigs
[2026/09/15 15:54:02] no mnt/vendor/factorypcb.config
[2026/09/15 15:54:04] delay:342
[2026/09/15 15:54:05] Vwait V1
[2026/09/15 15:54:05] go Vwait V2go
[2026/09/15 15:54:05] DEMOD BISR check Pass and disable demod
[2026/09/15 15:54:05] CLK!!
[2026/09/15 15:54:05] [0;31mboard_version=0 sz=18M[0m
[2026/09/15 15:54:05] ATF:0 1 NOTICE: atf enter time:1185ms, current time:4018ms
[2026/09/15 15:54:05] ATF:0 1 NOTICE: 1st boot elapsed 4023ms
[2026/09/15 15:54:08] console:/ $
[2026/09/15 15:54:16] factory auto test loop start
[2026/09/15 15:54:16]  

[END] 2026/09/15 15:54:58
