[BEGIN] 2026/09/15 19:01:04
[2026/09/15 19:01:08] 发送(hex): 20
[2026/09/15 19:01:08] 发送(hex): 20
[2026/09/15 19:01:08] 发送(hex): 20
[2026/09/15 19:01:08] 发送(hex): 20
[2026/09/15 19:01:08] 发送(hex): 20
[2026/09/15 19:01:08] 发送(hex): 20
[2026/09/15 19:01:08] 发送(hex): 20
[2026/09/15 19:01:08] 发送(hex): 20
[2026/09/15 19:01:08] 发送(hex): 20
[2026/09/15 19:01:08] 发送(hex): 20
[2026/09/15 19:01:08] 发送(hex): 20
[2026/09/15 19:01:08] 发送(hex): 20
[2026/09/15 19:01:08] 发送(hex): 20
[2026/09/15 19:01:08] 发送(hex): 20
[2026/09/15 19:01:08] 发送(hex): 20
[2026/09/15 19:01:08] 发送(hex): 20
[2026/09/15 19:01:08] 发送(hex): 20
[2026/09/15 19:01:08] 发送(hex): 20
[2026/09/15 19:01:08] 发送(hex): 20
[2026/09/15 19:01:08] 发送(hex): 20
[2026/09/15 19:01:08] 发送(hex): 20
[2026/09/15 19:01:08] 发送(hex): 20
[2026/09/15 19:01:08] 发送(hex): 20
[2026/09/15 19:01:08] 发送(hex): 20
[2026/09/15 19:01:08] 发送(hex): 20
[2026/09/15 19:01:08] 发送(hex): 20
[2026/09/15 19:01:08] 发送(hex): 20
[2026/09/15 19:01:08] 发送(hex): 20
[2026/09/15 19:01:08] 发送(hex): 20
[2026/09/15 19:01:08] 发送(hex): 20
[2026/09/15 19:01:08] 发送(hex): 20
[2026/09/15 19:01:08] 发送(hex): 20
[2026/09/15 19:01:08] 发送(hex): 20
[2026/09/15 19:01:08] 发送(hex): 20
[2026/09/15 19:01:08] 发送(hex): 20
[2026/09/15 19:01:08] 发送(hex): 20
[2026/09/15 19:01:08] 发送(hex): 20
[2026/09/15 19:01:08] 发送(hex): 20
[2026/09/15 19:01:08] 发送(hex): 20
[2026/09/15 19:01:08] 发送(hex): 20
[2026/09/15 19:01:08] 发送(hex): 20
[2026/09/15 19:01:08] 发送(hex): 20
[2026/09/15 19:01:08] 发送(hex): 20
[2026/09/15 19:01:08] 发送(hex): 20
[2026/09/15 19:01:08] 发送(hex): 20
[2026/09/15 19:01:08] 发送(hex): 20
[2026/09/15 19:01:08] 发送(hex): 20
[2026/09/15 19:01:08] 发送(hex): 20
[2026/09/15 19:01:08] 发送(hex): 20
[2026/09/15 19:01:08] 发送(hex): 20
[2026/09/15 19:01:08] 发送(hex): 20
[2026/09/15 19:01:08] $
[2026/09/15 19:01:08] Post romcode git ver:42df8806
[2026/09/15 19:01:08] 发送(hex): 20
[2026/09/15 19:01:08] 发送(hex): 20
[2026/09/15 19:01:08] 发送(hex): 20
[2026/09/15 19:01:08] 发送(hex): 20
[2026/09/15 19:01:08] 04ac78a3 (Aug 28 2026 21:41:35)
[2026/09/15 19:01:08] $
[2026/09/15 19:01:08] Hello world, RTD2875P_CN2_TV030!
[2026/09/15 19:01:08] set_wifi_reset
[2026/09/15 19:01:08] Auxcode git ver:3a4deb9ea300359e (Aug 28 2026 21:41:29)
[2026/09/15 19:01:08] flash_type = 2, secure_type = 2
[2026/09/15 19:01:08] b8062204=0
[2026/09/15 19:01:08] 发送(hex): 20
[2026/09/15 19:01:08] 发送(hex): 20
[2026/09/15 19:01:08] 发送(hex): 20
[2026/09/15 19:01:08] 发送(hex): 20
[2026/09/15 19:01:08] 发送(hex): 20
[2026/09/15 19:01:08] 发送(hex): 20
[2026/09/15 19:01:08] 发送(hex): 20
[2026/09/15 19:01:08] 发送(hex): 20
[2026/09/15 19:01:08] 发送(hex): 20
[2026/09/15 19:01:08] slot info 0 0x0 info 1 0x0
[2026/09/15 19:01:08] invalid reg slot status 0x0,get slot info from flash!
[2026/09/15 19:01:08] g_gpt_blk_start 0x1  g_offline_gpt 0x0 last_usable_lba 0x1cd2032 num_partition_entries 0x32
[2026/09/15 19:01:08] start 0x2e600000 clt_blk 0x1973004 ctrl size 0x20
[2026/09/15 19:01:08] choose active index 0
[2026/09/15 19:01:08] part name bootloader ative_slot _a real part name bootloader_a
[2026/09/15 19:01:08] part name hwsetting start 0x100000 size 0x33600
[2026/09/15 19:01:08] part name ext_fw start 0x133600 size 0x10400
[2026/09/15 19:01:08] part name kboot start 0x143a00 size 0x16e00
[2026/09/15 19:01:08] part name uboot start 0x15a800 size 0x120400
[2026/09/15 19:01:08] ls4 2 1 = 800040aa 80002080 80001000
[2026/09/15 19:01:08] fNewHWsettingArch = 2
[2026/09/15 19:01:08] 1.lsadcidx = 2, brand =3, offset = 0
[2026/09/15 19:01:08] 1.lsadcidx = 2, brand =3, offset = 17800
[2026/09/15 19:01:08] hwsetting from mmc
[2026/09/15 19:01:08] AC on HW offset 0x809 start 0x800 reg 0x8090800
[2026/09/15 19:01:08] total = 2f00
[2026/09/15 19:01:08] 发送(hex): 20
[2026/09/15 19:01:08] 发送(hex): 20
[2026/09/15 19:01:08] 发送(hex): 20
[2026/09/15 19:01:08] 发送(hex): 20
[2026/09/15 19:01:08] A
[2026/09/15 19:01:08] 发送(hex): 20
[2026/09/15 19:01:08] 发送(hex): 20
[2026/09/15 19:01:08] A
[2026/09/15 19:01:08] 发送(hex): 20
[2026/09/15 19:01:08] A
[2026/09/15 19:01:08] A
[2026/09/15 19:01:08] 发送(hex): 20
[2026/09/15 19:01:08] 发送(hex): 20
[2026/09/15 19:01:08] A
[2026/09/15 19:01:08] 发送(hex): 20
[2026/09/15 19:01:08] 发送(hex): 20
[2026/09/15 19:01:08] {12 14}
[2026/09/15 19:01:08] ffeeddffeeddddr ver: 62c63180
[2026/09/15 19:01:08] ori DQS0~7 {03 04 1a 1c 00 01 00 00}
[2026/09/15 19:01:08] 发送(hex): 20
[2026/09/15 19:01:08] 发送(hex): 20
[2026/09/15 19:01:08] 发送(hex): 20
[2026/09/15 19:01:08] 发送(hex): 20
[2026/09/15 19:01:08] 发送(hex): 20
[2026/09/15 19:01:08] 发送(hex): 20
[2026/09/15 19:01:08] 发送(hex): 20
[2026/09/15 19:01:08] {01 03 19 1b 00 01 00 00} {08 09 06 09 06 05 00 00}
[2026/09/15 19:01:08] r.y.0
[2026/09/15 19:01:09] 发送(hex): 20
[2026/09/15 19:01:09] 发送(hex): 20
[2026/09/15 19:01:09] r.y.0 SCPU BISR status: Done
[2026/09/15 19:01:09] 发送(hex): 20
[2026/09/15 19:01:09] [go kb]
[2026/09/15 19:01:09] 发送(hex): 20
[2026/09/15 19:01:09] 发送(hex): 20
[2026/09/15 19:01:09] 发送(hex): 20
[2026/09/15 19:01:09] 发送(hex): 20
[2026/09/15 19:01:09] pass bootcode info to kboot
[2026/09/15 19:01:09] num=1100
[2026/09/15 19:01:09] boot_magic=70046004
[2026/09/15 19:01:09] ---DEBUG kboot 21:41:14 Aug 28 2026 ---
[2026/09/15 19:01:09] [Kboot]eMMC(mid-15) MMC_HS50 (50000000Mhz)[8bit].
[2026/09/15 19:01:09] block info 0x1cd2032 0x3a3e000.
[2026/09/15 19:01:09] [MMC] 32 -----------> 16GB.
[2026/09/15 19:01:09] 发送(hex): 20
[2026/09/15 19:01:09] 发送(hex): 20
[2026/09/15 19:01:09] (00000000) (1) bufsize=(null)
[2026/09/15 19:01:09] 发送(hex): 20
[2026/09/15 19:01:09] 发送(hex): 20
[2026/09/15 19:01:09] 发送(hex): 20
[2026/09/15 19:01:09] uboot start 0x15a800 size 0x120400
[2026/09/15 19:01:09] 发送(hex): 20
[2026/09/15 19:01:09] board_ver
[2026/09/15 19:01:09] 发送(hex): 20
[2026/09/15 19:01:09] 发送(hex): 20
[2026/09/15 19:01:09] sion: ls1 = 0, ver: 0
[2026/09/15 19:01:09] [0;31mapp_main 325 board_version=0[0m
[2026/09/15 19:01:09] 发送(hex): 20
[2026/09/15 19:01:09] 发送(hex): 20
[2026/09/15 19:01:09] 发送(hex): 20
[2026/09/15 19:01:09] 发送(hex): 20
[2026/09/15 19:01:09] 发送(hex): 20
[2026/09/15 19:01:09] 发送(hex): 20
[2026/09/15 19:01:09] 发送(hex): 20
[2026/09/15 19:01:09] get FW_TZFW flash start 0xf100200 ddr buf start 0x180000 image size 010c2e3 ok!
[2026/09/15 19:01:09] [INFO]RPMB auth key not written !
[2026/09/15 19:01:09] [INFO]RPMB auth key not written !
[2026/09/15 19:01:09] Current board is not frist boot.
[2026/09/15 19:01:09] ALL zero, reserved_3 has removed.
[2026/09/15 19:01:09] Current board remove reserved_3 done.
[2026/09/15 19:01:09] 发送(hex): 20
[2026/09/15 19:01:09] 发送(hex): 20
[2026/09/15 19:01:09] 发送(hex): 20
[2026/09/15 19:01:09] 发送(hex): 20
[2026/09/15 19:01:09] 发送(hex): 20
[2026/09/15 19:01:09] 发送(hex): 20
[2026/09/15 19:01:09] 发送(hex): 20
[2026/09/15 19:01:09] 发送(hex): 20
[2026/09/15 19:01:09] 发送(hex): 20
[2026/09/15 19:01:09] 发送(hex): 20
[2026/09/15 19:01:09] 发送(hex): 20
[2026/09/15 19:01:09] 发送(hex): 20
[2026/09/15 19:01:09] 发送(hex): 20
[2026/09/15 19:01:09] 发送(hex): 20
[2026/09/15 19:01:09] 发送(hex): 20
[2026/09/15 19:01:09] 发送(hex): 20
[2026/09/15 19:01:09] 发送(hex): 20
[2026/09/15 19:01:09] 发送(hex): 20
[2026/09/15 19:01:09] get FW_VKERNEL flash star
[2026/09/15 19:01:09] 发送(hex): 20
[2026/09/15 19:01:09] t 0xc100200 ddr buf start 0x1a900000 image size 05f0300 ok!
[2026/09/15 19:01:09] 发送(hex): 20
[2026/09/15 19:01:09] 发送(hex): 20
[2026/09/15 19:01:09] 发送(hex): 20
[2026/09/15 19:01:09] 发送(hex): 20
[2026/09/15 19:01:09] 发送(hex): 20
[2026/09/15 19:01:09] get FW_VKERNEL2 flash start 0xd900200 ddr buf start 0x1af00000 image size 0f4920 ok!
[2026/09/15 19:01:09] 发送(hex): 20
[2026/09/15 19:01:09] 发送(hex): 20
[2026/09/15 19:01:09] 发送(hex): 20
[2026/09/15 19:01:09] 发送(hex): 20
[2026/09/15 19:01:09] 发送(hex): 20
[2026/09/15 19:01:09] 发送(hex): 20
[2026/09/15 19:01:09] 发送(hex): 20
[2026/09/15 19:01:09] 发送(hex): 20
[2026/09/15 19:01:09] 发送(hex): 20
[2026/09/15 19:01:09] 发送(hex): 20
[2026/09/15 19:01:09] 发送(hex): 20
[2026/09/15 19:01:09] 发送(hex): 20
[2026/09/15 19:01:09] 发送(hex): 20
[2026/09/15 19:01:09] 发送(hex): 20
[2026/09/15 19:01:09] 发送(hex): 20
[2026/09/15 19:01:09] 发送(hex): 20
[2026/09/15 19:01:09] 发送(hex): 20
[2026/09/15 19:01:09] 发送(hex): 20
[2026/09/15 19:01:09] 发送(hex): 20
[2026/09/15 19:01:09] 发送(hex): 20
[2026/09/15 19:01:09] 发送(hex): 20
[2026/09/15 19:01:09] 发送(hex): 20
[2026/09/15 19:01:09] 发送(hex): 20
[2026/09/15 19:01:09] 发送(hex): 20
[2026/09/15 19:01:09] 发送(hex): 20
[2026/09/15 19:01:09] 发送(hex): 20
[2026/09/15 19:01:09] get FW_AKERNEL flash start 0xa900200 ddr buf start 0x1b200000 image size 07fbf7c ok!
[2026/09/15 19:01:09] 发送(hex): 20
[2026/09/15 19:01:09] 发送(hex): 20
[2026/09/15 19:01:09] 发送(hex): 20
[2026/09/15 19:01:09] 发送(hex): 20
[2026/09/15 19:01:09] 发送(hex): 20
[2026/09/15 19:01:09] 发送(hex): 20
[2026/09/15 19:01:09] 发送(hex): 20
[2026/09/15 19:01:09] 发送(hex): 20
[2026/09/15 19:01:09] 发送(hex): 20
[2026/09/15 19:01:09] 发送(hex): 20
[2026/09/15 19:01:09] ATFATFATF:0 1 NOTICE: kill CPU(2)...
[2026/09/15 19:01:09] ATF:0 1 NOTICE: kill (2) : PACTIVE:0
[2026/09/15 19:01:09] ATF:0 1 NOTICE:  CPU(2) kill done, pstate(0x0)
[2026/09/15 19:01:09] 发送(hex): 20
[2026/09/15 19:01:09] 发送(hex): 20
[2026/09/15 19:01:09] U
[2026/09/15 19:01:09] 发送(hex): 20
[2026/09/15 19:01:09] 发送(hex): 20
[2026/09/15 19:01:09] 发送(hex): 20
[2026/09/15 19:01:09] 发送(hex): 20
[2026/09/15 19:01:09] 发送(hex): 20
[2026/09/15 19:01:09] 发送(hex): 20
[2026/09/15 19:01:09] 发送(hex): 20
[2026/09/15 19:01:09] 发送(hex): 20
[2026/09/15 19:01:09] 发送(hex): 20
[2026/09/15 19:01:09] 发送(hex): 20
[2026/09/15 19:01:10] 发送(hex): 20
[2026/09/15 19:01:10] 发送(hex): 20
[2026/09/15 19:01:10] 发送(hex): 20
[2026/09/15 19:01:10] 发送(hex): 20
[2026/09/15 19:01:10] 发送(hex): 20
[2026/09/15 19:01:10] 发送(hex): 20
[2026/09/15 19:01:10] fixup_node_name 555. set /reserved-memory@5 to /reserved-memory
[2026/09/15 19:01:10] fixup_node_name 555. set /rtk_cma@5 to /rtk_cma
[2026/09/15 19:01:10] ### [1;31mERROR[0m ### get_movablecore 613. Can't find dtb node /reserved-memory/cma2_memory/reg
[2026/09/15 19:01:10] reinit_mem_info 1049  ddr_size 80000000
[2026/09/15 19:01:10] 发送(hex): 20
[2026/09/15 19:01:10] 发送(hex): 20
[2026/09/15 19:01:10] booting, boot_led_type: 0x00000000, led on[1]
[2026/09/15 19:01:10] set share register: 0x99100000
[2026/09/15 19:01:10] boot_power_on_mode=1
[2026/09/15 19:01:10] [get_layout:1264]!
[2026/09/15 19:01:10] 发送(hex): 20
[2026/09/15 19:01:10] 发送(hex): 20
[2026/09/15 19:01:10] 发送(hex): 20
[2026/09/15 19:01:10] 发送(hex): 20
[2026/09/15 19:01:10] 发送(hex): 20
[2026/09/15 19:01:10] 发送(hex): 20
[2026/09/15 19:01:10] 发送(hex): 20
[2026/09/15 19:01:10] 发送(hex): 20
[2026/09/15 19:01:10] boot_part value = 0 boot_tag value = 21
[2026/09/15 19:01:10] [get_oemkey] 1397: get oem.key = ATV00107525
[2026/09/15 19:01:10] Factory_RO: [EXT4] factory_ro_buffer:0a800000, factory_ro_buffer size:0x1000000!
[2026/09/15 19:01:10] Partiton factory_ro_a located at 0:6
[2026/09/15 19:01:10] factory_ro_a partition can not find /.000@bk@***!
[2026/09/15 19:01:10] Factory RO no need recovery!
[2026/09/15 19:01:10] Get tvconfigs_a partition block device index fail!
[2026/09/15 19:01:10] read customer.ini file fail!
[2026/09/15 19:01:10] parse SYS_INI path fail
[2026/09/15 19:01:10] Not support board ini mechansim!
[2026/09/15 19:01:10] Get tvconfigs_a partition block device index fail!
[2026/09/15 19:01:10] read customer.ini file fail!
[2026/09/15 19:01:10] parse SYS_INI path fail
[2026/09/15 19:01:10] load model ini file fail
[2026/09/15 19:01:10] cannot find PcbPath from ini file
[2026/09/15 19:01:10] no pcb.config in tvconfigs
[2026/09/15 19:01:10] no mnt/vendor/factorypcb.config
[2026/09/15 19:01:10] 发送(hex): 20
[2026/09/15 19:01:10] 发送(hex): 20
[2026/09/15 19:01:10] 发送(hex): 20
[2026/09/15 19:01:10] 发送(hex): 20
[2026/09/15 19:01:10] 发送(hex): 20
[2026/09/15 19:01:10] 发送(hex): 20
[2026/09/15 19:01:10] 发送(hex): 20
[2026/09/15 19:01:10] 发送(hex): 20
[2026/09/15 19:01:10] 发送(hex): 20
[2026/09/15 19:01:10] 发送(hex): 20
[2026/09/15 19:01:10] 发送(hex): 20
[2026/09/15 19:01:10] 发送(hex): 20
[2026/09/15 19:01:10] 发送(hex): 20
[2026/09/15 19:01:10] 发送(hex): 20
[2026/09/15 19:01:10] 发送(hex): 20
[2026/09/15 19:01:10] 发送(hex): 20
[2026/09/15 19:01:10] 发送(hex): 20
[2026/09/15 19:01:10] 发送(hex): 20
[2026/09/15 19:01:10] 发送(hex): 20
[2026/09/15 19:01:10] 发送(hex): 20
[2026/09/15 19:01:10] 发送(hex): 20
[2026/09/15 19:01:10] 发送(hex): 20
[2026/09/15 19:01:10] 发送(hex): 20
[2026/09/15 19:01:10] 发送(hex): 20
[2026/09/15 19:01:10] 发送(hex): 20
[2026/09/15 19:01:10] 发送(hex): 20
[2026/09/15 19:01:10] 发送(hex): 20
[2026/09/15 19:01:10] 发送(hex): 20
[2026/09/15 19:01:10] 发送(hex): 20
[2026/09/15 19:01:10] 发送(hex): 20
[2026/09/15 19:01:10] 发送(hex): 20
[2026/09/15 19:01:10] 发送(hex): 20
[2026/09/15 19:01:10] 发送(hex): 20
[2026/09/15 19:01:10] 发送(hex): 20
[2026/09/15 19:01:10] 发送(hex): 20
[2026/09/15 19:01:10] 发送(hex): 20
[2026/09/15 19:01:10] 发送(hex): 20
[2026/09/15 19:01:10] 发送(hex): 20
[2026/09/15 19:01:10] 发送(hex): 20
[2026/09/15 19:01:10] 发送(hex): 20
[2026/09/15 19:01:10] 发送(hex): 20
[2026/09/15 19:01:10] 发送(hex): 20
[2026/09/15 19:01:10] 发送(hex): 20
[2026/09/15 19:01:10] 发送(hex): 20
[2026/09/15 19:01:10] 发送(hex): 20
[2026/09/15 19:01:10] 发送(hex): 20
[2026/09/15 19:01:10] 发送(hex): 20
[2026/09/15 19:01:10] 发送(hex): 20
[2026/09/15 19:01:10] 发送(hex): 20
[2026/09/15 19:01:10] 发送(hex): 20
[2026/09/15 19:01:10] 发送(hex): 20
[2026/09/15 19:01:10] 发送(hex): 20
[2026/09/15 19:01:10] 发送(hex): 20
[2026/09/15 19:01:10] 发送(hex): 20
[2026/09/15 19:01:10] 发送(hex): 20
[2026/09/15 19:01:10] 发送(hex): 20
[2026/09/15 19:01:10] 发送(hex): 20
[2026/09/15 19:01:10] 发送(hex): 20
[2026/09/15 19:01:10] 发送(hex): 20
[2026/09/15 19:01:10] 发送(hex): 20
[2026/09/15 19:01:10] 发送(hex): 20
[2026/09/15 19:01:10] 发送(hex): 20
[2026/09/15 19:01:10] 发送(hex): 20
[2026/09/15 19:01:10] 发送(hex): 20
[2026/09/15 19:01:10] 发送(hex): 20
[2026/09/15 19:01:10] 发送(hex): 20
[2026/09/15 19:01:10] 发送(hex): 20
[2026/09/15 19:01:10] 发送(hex): 20
[2026/09/15 19:01:10] 发送(hex): 20
[2026/09/15 19:01:10] 发送(hex): 20
[2026/09/15 19:01:10] 发送(hex): 20
[2026/09/15 19:01:10] 发送(hex): 20
[2026/09/15 19:01:10] 发送(hex): 20
[2026/09/15 19:01:10] 发送(hex): 20
[2026/09/15 19:01:10] 发送(hex): 20
[2026/09/15 19:01:10] 发送(hex): 20
[2026/09/15 19:01:10] 发送(hex): 20
[2026/09/15 19:01:10] 发送(hex): 20
[2026/09/15 19:01:11] 发送(hex): 20
[2026/09/15 19:01:11] 发送(hex): 20
[2026/09/15 19:01:11] 发送(hex): 20
[2026/09/15 19:01:11] 发送(hex): 20
[2026/09/15 19:01:11] 发送(hex): 20
[2026/09/15 19:01:11] 发送(hex): 20
[2026/09/15 19:01:11] 发送(hex): 20
[2026/09/15 19:01:11] 发送(hex): 20
[2026/09/15 19:01:11] 发送(hex): 20
[2026/09/15 19:01:11] 发送(hex): 20
[2026/09/15 19:01:11] 发送(hex): 20
[2026/09/15 19:01:11] 发送(hex): 20
[2026/09/15 19:01:11] 发送(hex): 20
[2026/09/15 19:01:11] 发送(hex): 20
[2026/09/15 19:01:11] 发送(hex): 20
[2026/09/15 19:01:11] 发送(hex): 20
[2026/09/15 19:01:11] 发送(hex): 20
[2026/09/15 19:01:11] 发送(hex): 20
[2026/09/15 19:01:11] 发送(hex): 20
[2026/09/15 19:01:11] 发送(hex): 20
[2026/09/15 19:01:11] 发送(hex): 20
[2026/09/15 19:01:11] 发送(hex): 20
[2026/09/15 19:01:11] 发送(hex): 20
[2026/09/15 19:01:11] 发送(hex): 20
[2026/09/15 19:01:11] 发送(hex): 20
[2026/09/15 19:01:11] 发送(hex): 20
[2026/09/15 19:01:11] 发送(hex): 20
[2026/09/15 19:01:11] 发送(hex): 20
[2026/09/15 19:01:11] 发送(hex): 20
[2026/09/15 19:01:11] 发送(hex): 20
[2026/09/15 19:01:11] 发送(hex): 20
[2026/09/15 19:01:11] 发送(hex): 20
[2026/09/15 19:01:11] 发送(hex): 20
[2026/09/15 19:01:11] 发送(hex): 20
[2026/09/15 19:01:11] 发送(hex): 20
[2026/09/15 19:01:11] 发送(hex): 20
[2026/09/15 19:01:11] 发送(hex): 20
[2026/09/15 19:01:11] 发送(hex): 20
[2026/09/15 19:01:11] 发送(hex): 20
[2026/09/15 19:01:11] 发送(hex): 20
[2026/09/15 19:01:11] 发送(hex): 20
[2026/09/15 19:01:11] 发送(hex): 20
[2026/09/15 19:01:11] 发送(hex): 20
[2026/09/15 19:01:11] 发送(hex): 20
[2026/09/15 19:01:11] 发送(hex): 20
[2026/09/15 19:01:11] 发送(hex): 20
[2026/09/15 19:01:11] 发送(hex): 20
[2026/09/15 19:01:11] 发送(hex): 20
[2026/09/15 19:01:11] 发送(hex): 20
[2026/09/15 19:01:11] 发送(hex): 20
[2026/09/15 19:01:11] 发送(hex): 20
[2026/09/15 19:01:11] 发送(hex): 20
[2026/09/15 19:01:11] 发送(hex): 20
[2026/09/15 19:01:11] 发送(hex): 20
[2026/09/15 19:01:11] 发送(hex): 20
[2026/09/15 19:01:11] 发送(hex): 20
[2026/09/15 19:01:11] 发送(hex): 20
[2026/09/15 19:01:11] 发送(hex): 20
[2026/09/15 19:01:11] 发送(hex): 20
[2026/09/15 19:01:11] 发送(hex): 20
[2026/09/15 19:01:11] 发送(hex): 20
[2026/09/15 19:01:11] 发送(hex): 20
[2026/09/15 19:01:11] 发送(hex): 20
[2026/09/15 19:01:11] 发送(hex): 20
[2026/09/15 19:01:11] 发送(hex): 20
[2026/09/15 19:01:11] 发送(hex): 20
[2026/09/15 19:01:11] 发送(hex): 20
[2026/09/15 19:01:11] 发送(hex): 20
[2026/09/15 19:01:11] 发送(hex): 20
[2026/09/15 19:01:11] 发送(hex): 20
[2026/09/15 19:01:11] 发送(hex): 20
[2026/09/15 19:01:11] 发送(hex): 20
[2026/09/15 19:01:11] 发送(hex): 20
[2026/09/15 19:01:11] 发送(hex): 20
[2026/09/15 19:01:11] 发送(hex): 20
[2026/09/15 19:01:11] 发送(hex): 20
[2026/09/15 19:01:11] 发送(hex): 20
[2026/09/15 19:01:11] 发送(hex): 20
[2026/09/15 19:01:11] 发送(hex): 20
[2026/09/15 19:01:11] 发送(hex): 20
[2026/09/15 19:01:11] 发送(hex): 20
[2026/09/15 19:01:11] 发送(hex): 20
[2026/09/15 19:01:11] 发送(hex): 20
[2026/09/15 19:01:11] 发送(hex): 20
[2026/09/15 19:01:11] 发送(hex): 20
[2026/09/15 19:01:11] 发送(hex): 20
[2026/09/15 19:01:11] 发送(hex): 20
[2026/09/15 19:01:11] 发送(hex): 20
[2026/09/15 19:01:11] 发送(hex): 20
[2026/09/15 19:01:11] 发送(hex): 20
[2026/09/15 19:01:11] 发送(hex): 20
[2026/09/15 19:01:12] 发送(hex): 20
[2026/09/15 19:01:12] 发送(hex): 20
[2026/09/15 19:01:12] 发送(hex): 20
[2026/09/15 19:01:12] 发送(hex): 20
[2026/09/15 19:01:12] 发送(hex): 20
[2026/09/15 19:01:12] 发送(hex): 20
[2026/09/15 19:01:12] 发送(hex): 20
[2026/09/15 19:01:12] 发送(hex): 20
[2026/09/15 19:01:12] delay:427
[2026/09/15 19:01:12] 发送(hex): 20
[2026/09/15 19:01:12] 发送(hex): 20
[2026/09/15 19:01:12] 发送(hex): 20
[2026/09/15 19:01:12] 发送(hex): 20
[2026/09/15 19:01:12] 发送(hex): 20
[2026/09/15 19:01:12] 发送(hex): 20
[2026/09/15 19:01:12] 发送(hex): 20
[2026/09/15 19:01:12] 发送(hex): 20
[2026/09/15 19:01:12] 发送(hex): 20
[2026/09/15 19:01:12] 发送(hex): 20
[2026/09/15 19:01:12] 发送(hex): 20
[2026/09/15 19:01:12] 发送(hex): 20
[2026/09/15 19:01:12] 发送(hex): 20
[2026/09/15 19:01:12] 发送(hex): 20
[2026/09/15 19:01:12] 发送(hex): 20
[2026/09/15 19:01:12] 发送(hex): 20
[2026/09/15 19:01:12] 发送(hex): 20
[2026/09/15 19:01:12] 发送(hex): 20
[2026/09/15 19:01:12] 发送(hex): 20
[2026/09/15 19:01:12] 发送(hex): 20
[2026/09/15 19:01:12] 发送(hex): 20
[2026/09/15 19:01:12] 发送(hex): 20
[2026/09/15 19:01:12] 发送(hex): 20
[2026/09/15 19:01:12] 发送(hex): 20
[2026/09/15 19:01:12] 发送(hex): 20
[2026/09/15 19:01:12] 发送(hex): 20
[2026/09/15 19:01:12] 发送(hex): 20
[2026/09/15 19:01:12] 发送(hex): 20
[2026/09/15 19:01:12] 发送(hex): 20
[2026/09/15 19:01:12] 发送(hex): 20
[2026/09/15 19:01:12] 发送(hex): 20
[2026/09/15 19:01:12] 发送(hex): 20
[2026/09/15 19:01:12] 发送(hex): 20
[2026/09/15 19:01:12] 发送(hex): 20
[2026/09/15 19:01:12] 发送(hex): 20
[2026/09/15 19:01:12] 发送(hex): 20
[2026/09/15 19:01:12] 发送(hex): 20
[2026/09/15 19:01:12] Net:   r8168: REALTEK RTL8168 @0x18016000
[2026/09/15 19:01:12] 发送(hex): 20
[2026/09/15 19:01:12] 发送(hex): 20
[2026/09/15 19:01:12] 发送(hex): 20
[2026/09/15 19:01:12] Start Boot Setup ...
[2026/09/15 19:01:12] (powerMgr_get_wakeup_source)2012/
[2026/09/15 19:01:12] 发送(hex): 20
[2026/09/15 19:01:12] 发送(hex): 20
[2026/09/15 19:01:12] 05/30 19:50
[2026/09/15 19:01:12] wakeup source : AC
[2026/09/15 19:01:12] 发送(hex): 20
[2026/09/15 19:01:12] 发送(hex): 20
[2026/09/15 19:01:12] 发送(hex): 20
[2026/09/15 19:01:12] (powerMgr_get_wakeup_source)2012/05/30 19:50
[2026/09/15 19:01:12] wakeup source : AC
[2026/09/15 19:01:12] wakeup_src=0, boot_logo_enable=1, bgm_boot_type=0, POWER_ON_MODE_SILEN=0.
[2026/09/15 19:01:12] 发送(hex): 20
[2026/09/15 19:01:12] 发送(hex): 20
[2026/09/15 19:01:12] 发送(hex): 20
[2026/09/15 19:01:12] 发送(hex): 20
[2026/09/15 19:01:12] GDMA module_init finish
[2026/09/15 19:01:12] [GDMA] OSD size[3840,2160]
[2026/09/15 19:01:12] [GDMA] gdma_showlogo gdma show logo 3927
[2026/09/15 19:01:12] Net:   r8168: REALTEK RTL8168 @0x18016000
[2026/09/15 19:01:12] 发送(hex): 20
[2026/09/15 19:01:12] ## Android Verified Boot 2.0 version 1
[2026/09/15 19:01:12] 发送(hex): 20
[2026/09/15 19:01:12] 发送(hex): 20
[2026/09/15 19:01:12] .1.0
[2026/09/15 19:01:12] 发送(hex): 20
[2026/09/15 19:01:12] 发送(hex): 20
[2026/09/15 19:01:12] 发送(hex): 20
[2026/09/15 19:01:12] 发送(hex): 20
[2026/09/15 19:01:12] 发送(hex): 20
[2026/09/15 19:01:12] 发送(hex): 20
[2026/09/15 19:01:12] 发送(hex): 20
[2026/09/15 19:01:12] 发送(hex): 20
[2026/09/15 19:01:12] 发送(hex): 20
[2026/09/15 19:01:12] 发送(hex): 20
[2026/09/15 19:01:12] 发送(hex): 20
[2026/09/15 19:01:12] 发送(hex): 20
[2026/09/15 19:01:12] 发送(hex): 20
[2026/09/15 19:01:12] 发送(hex): 20
[2026/09/15 19:01:12] 发送(hex): 20
[2026/09/15 19:01:12] 发送(hex): 20
[2026/09/15 19:01:12] 发送(hex): 20
[2026/09/15 19:01:12] 发送(hex): 20
[2026/09/15 19:01:12] 发送(hex): 20
[2026/09/15 19:01:12] 发送(hex): 20
[2026/09/15 19:01:12] 发送(hex): 20
[2026/09/15 19:01:12] 发送(hex): 20
[2026/09/15 19:01:12] 发送(hex): 20
[2026/09/15 19:01:12] 发送(hex): 20
[2026/09/15 19:01:12] 发送(hex): 20
[2026/09/15 19:01:12] 发送(hex): 20
[2026/09/15 19:01:12] 发送(hex): 20
[2026/09/15 19:01:12] 发送(hex): 20
[2026/09/15 19:01:12] 发送(hex): 20
[2026/09/15 19:01:12] 发送(hex): 20
[2026/09/15 19:01:12] 发送(hex): 20
[2026/09/15 19:01:12] 发送(hex): 20
[2026/09/15 19:01:12] 发送(hex): 20
[2026/09/15 19:01:13] 发送(hex): 20
[2026/09/15 19:01:13] 发送(hex): 20
[2026/09/15 19:01:13] 发送(hex): 20
[2026/09/15 19:01:13] 发送(hex): 20
[2026/09/15 19:01:13] 发送(hex): 20
[2026/09/15 19:01:13] 发送(hex): 20
[2026/09/15 19:01:13] 发送(hex): 20
[2026/09/15 19:01:13] 发送(hex): 20
[2026/09/15 19:01:13] 发送(hex): 20
[2026/09/15 19:01:13] 发送(hex): 20
[2026/09/15 19:01:13] 发送(hex): 20
[2026/09/15 19:01:13] 发送(hex): 20
[2026/09/15 19:01:13] 发送(hex): 20
[2026/09/15 19:01:13] 发送(hex): 20
[2026/09/15 19:01:13] Verification passed successfully
[2026/09/15 19:01:13] [Skip A] boot manual mode
[2026/09/15 19:01:13] [Skip V] boot manual mode
[2026/09/15 19:01:13] is_avb_verify_hash_partition 164 find avb verify part_name boot img_buf 0x66400000 size 0x307a000
[2026/09/15 19:01:13] boot header version : 4
[2026/09/15 19:01:13] is_avb_verify_hash_partition 164 find avb verify part_name vendor_boot img_buf 0x6bc00000 size 0x10a3000
[2026/09/15 19:01:13] get_partition_content_by_name 11954 get gpt_name init_boot_a err,try part name init_boot!
[2026/09/15 19:01:13] get_partition_content_by_name 11956 get part name init_boot err!
[2026/09/15 19:01:13] 发送(hex): 20
[2026/09/15 19:01:13] 发送(hex): 20
[2026/09/15 19:01:13] 发送(hex): 20
[2026/09/15 19:01:13] 发送(hex): 20
[2026/09/15 19:01:13] 发送(hex): 20
[2026/09/15 19:01:13] 发送(hex): 20
[2026/09/15 19:01:13] 发送(hex): 20
[2026/09/15 19:01:13] get_merge_ramdisk 11932 cur_ramdisk_size 0xf3096 real_cur_ramdisk_size 0xf3096
[2026/09/15 19:01:13] get_merge_ramdisk 11932 cur_ramdisk_size 0x2019e5 real_cur_ramdisk_size 0x2019e5
[2026/09/15 19:01:13] is_avb_verify_hash_partition 164 find avb verify part_name dtbo img_buf 0x6fc00000 size 0x1186
[2026/09/15 19:01:13] Net:   r8168: REALTEK RTL8168 @0x18016000
[2026/09/15 19:01:13] 发送(hex): 20
[2026/09/15 19:01:13] 发送(hex): 20
[2026/09/15 19:01:13] 发送(hex): 20
[2026/09/15 19:01:13] 发送(hex): 20
[2026/09/15 19:01:13] [Skip K] boot manual mode (execute "go all")
[2026/09/15 19:01:13] Enter console mode, disable watchdog ...
[2026/09/15 19:01:13] Realtek>
[2026/09/15 19:01:13] 发送(hex): 20
[2026/09/15 19:01:13] 发送(hex): 20
[2026/09/15 19:01:13] 发送(hex): 20
[2026/09/15 19:01:13] 发送(hex): 20
[2026/09/15 19:01:13] 发送(hex): 20
[2026/09/15 19:01:13] 发送(hex): 20
[2026/09/15 19:01:13] 发送(hex): 20
[2026/09/15 19:01:13] 发送(hex): 20
[2026/09/15 19:01:13] 发送(hex): 20
[2026/09/15 19:01:13] 发送(hex): 20
[2026/09/15 19:01:13] 发送(hex): 20
[2026/09/15 19:01:13] 发送(hex): 20
[2026/09/15 19:01:13] 发送(hex): 20
[2026/09/15 19:01:13] 发送(hex): 20
[2026/09/15 19:01:13] 发送(hex): 20
[2026/09/15 19:01:13] 发送(hex): 20
[2026/09/15 19:01:13] 发送(hex): 20
[2026/09/15 19:01:13] 发送(hex): 20
[2026/09/15 19:01:13] 发送(hex): 20
[2026/09/15 19:01:13] 发送(hex): 20
[2026/09/15 19:01:13] 发送(hex): 20
[2026/09/15 19:01:13] 发送(hex): 20
[2026/09/15 19:01:13] 发送(hex): 20
[2026/09/15 19:01:13] 发送(hex): 20
[2026/09/15 19:01:13] 发送(hex): 20
[2026/09/15 19:01:13] 发送(hex): 20
[2026/09/15 19:01:13] 发送(hex): 20
[2026/09/15 19:01:13] 发送(hex): 20
[2026/09/15 19:01:13] 发送(hex): 20
[2026/09/15 19:01:13] 发送(hex): 20
[2026/09/15 19:01:13] 发送(hex): 20
[2026/09/15 19:01:13] 发送(hex): 20
[2026/09/15 19:01:13] 发送(hex): 20
[2026/09/15 19:01:13] 发送(hex): 20
[2026/09/15 19:01:13] 发送(hex): 20
[2026/09/15 19:01:13] 发送(hex): 20
[2026/09/15 19:01:13] 发送(hex): 20
[2026/09/15 19:01:13] 发送(hex): 20
[2026/09/15 19:01:13] 发送(hex): 20
[2026/09/15 19:01:13] 发送(hex): 20
[2026/09/15 19:01:13] 发送(hex): 20
[2026/09/15 19:01:13] 发送(hex): 20
[2026/09/15 19:01:13] 发送(hex): 20
[2026/09/15 19:01:13] 发送(hex): 20
[2026/09/15 19:01:13] 发送(hex): 20
[2026/09/15 19:01:13] 发送(hex): 20
[2026/09/15 19:01:13] 发送(hex): 20
[2026/09/15 19:01:13] 发送(hex): 20
[2026/09/15 19:01:13] 发送(hex): 20
[2026/09/15 19:01:13] 发送(hex): 20
[2026/09/15 19:01:13] 发送(hex): 20
[2026/09/15 19:01:13] 发送(hex): 20
[2026/09/15 19:01:13] 发送(hex): 20
[2026/09/15 19:01:13] 发送(hex): 20
[2026/09/15 19:01:13] 发送(hex): 20
[2026/09/15 19:01:13] 发送(hex): 20
[2026/09/15 19:01:13] 发送(hex): 20
[2026/09/15 19:01:13] 发送(hex): 20
[2026/09/15 19:01:13] 发送(hex): 20
[2026/09/15 19:01:13] 发送(hex): 20
[2026/09/15 19:01:13] 发送(hex): 20
[2026/09/15 19:01:13] 发送(hex): 20
[2026/09/15 19:01:13] 发送(hex): 20
[2026/09/15 19:01:13] 发送(hex): 20
[2026/09/15 19:01:13] 发送(hex): 20
[2026/09/15 19:01:13] 发送(hex): 20
[2026/09/15 19:01:13] 发送(hex): 20
[2026/09/15 19:01:13] 发送(hex): 20
[2026/09/15 19:01:13] 发送(hex): 20
[2026/09/15 19:01:14] 发送(hex): 20
[2026/09/15 19:01:14] 发送(hex): 20
[2026/09/15 19:01:14] 发送(hex): 20
[2026/09/15 19:01:14] 发送(hex): 20
[2026/09/15 19:01:14] 发送(hex): 20
[2026/09/15 19:01:14] 发送(hex): 20
[2026/09/15 19:01:14] 发送(hex): 20
[2026/09/15 19:01:14] 发送(hex): 20
[2026/09/15 19:01:14] 发送(hex): 20
[2026/09/15 19:01:14] 发送(hex): 20
[2026/09/15 19:01:14] 发送(hex): 20
[2026/09/15 19:01:14] 发送(hex): 20
[2026/09/15 19:01:14] 发送(hex): 20
[2026/09/15 19:01:14] 发送(hex): 20
[2026/09/15 19:01:14] 发送(hex): 20
[2026/09/15 19:01:14] 发送(hex): 20
[2026/09/15 19:01:14] 发送(hex): 20
[2026/09/15 19:01:14] 发送(hex): 20
[2026/09/15 19:01:14] 发送(hex): 20
[2026/09/15 19:01:14] 发送(hex): 20
[2026/09/15 19:01:14] 发送(hex): 20
[2026/09/15 19:01:14] 发送(hex): 20
[2026/09/15 19:01:14] 发送(hex): 20
[2026/09/15 19:01:14] 发送(hex): 20
[2026/09/15 19:01:14] 发送(hex): 20
[2026/09/15 19:01:14] 发送(hex): 20
[2026/09/15 19:01:14] 发送(hex): 20
[2026/09/15 19:01:14] 发送(hex): 20
[2026/09/15 19:01:14] 发送(hex): 20
[2026/09/15 19:01:14] 发送(hex): 20
[2026/09/15 19:01:14] 发送(hex): 20
[2026/09/15 19:01:14] 发送(hex): 20
[2026/09/15 19:01:14] 发送(hex): 20
[2026/09/15 19:01:14] 发送(hex): 20
[2026/09/15 19:01:14] 发送(hex): 20
[2026/09/15 19:01:14] 发送(hex): 20
[2026/09/15 19:01:14] 发送(hex): 20
[2026/09/15 19:01:14] 发送(hex): 20
[2026/09/15 19:01:14] 发送(hex): 20
[2026/09/15 19:01:14] 发送(hex): 20
[2026/09/15 19:01:14] 发送(hex): 20
[2026/09/15 19:01:14] 发送(hex): 20
[2026/09/15 19:01:14] 发送(hex): 20
[2026/09/15 19:01:14] 发送(hex): 20
[2026/09/15 19:01:14] 发送(hex): 20
[2026/09/15 19:01:14] 发送(hex): 20
[2026/09/15 19:01:14] 发送(hex): 20
[2026/09/15 19:01:14] 发送(hex): 20
[2026/09/15 19:01:14] 发送(hex): 20
[2026/09/15 19:01:14] 发送(hex): 20
[2026/09/15 19:01:14] 发送(hex): 20
[2026/09/15 19:01:14] 发送(hex): 20
[2026/09/15 19:01:14] 发送(hex): 20
[2026/09/15 19:01:14] 发送(hex): 20
[2026/09/15 19:01:14] 发送(hex): 20
[2026/09/15 19:01:14] 发送(hex): 20
[2026/09/15 19:01:14] 发送(hex): 20
[2026/09/15 19:01:14] 发送(hex): 20
[2026/09/15 19:01:14] 发送(hex): 20
[2026/09/15 19:01:14] 发送(hex): 20
[2026/09/15 19:01:14] 发送(hex): 20
[2026/09/15 19:01:14] 发送(hex): 20
[2026/09/15 19:01:14] 发送(hex): 20
[2026/09/15 19:01:14] 发送(hex): 20
[2026/09/15 19:01:14] 发送(hex): 20
[2026/09/15 19:01:14] 发送(hex): 20
[2026/09/15 19:01:14] 发送(hex): 20
[2026/09/15 19:01:14] 发送(hex): 20
[2026/09/15 19:01:14] 发送(hex): 20
[2026/09/15 19:01:14] 发送(hex): 20
[2026/09/15 19:01:14] 发送(hex): 20
[2026/09/15 19:01:14] 发送(hex): 20
[2026/09/15 19:01:14] 发送(hex): 20
[2026/09/15 19:01:14] 发送(hex): 20
[2026/09/15 19:01:14] 发送(hex): 20
[2026/09/15 19:01:14] 发送(hex): 20
[2026/09/15 19:01:14] 发送(hex): 20
[2026/09/15 19:01:14] 发送(hex): 20
[2026/09/15 19:01:14] 发送(hex): 20
[2026/09/15 19:01:14] 发送(hex): 20
[2026/09/15 19:01:14] 发送(hex): 20
[2026/09/15 19:01:14] 发送(hex): 20
[2026/09/15 19:01:14] 发送(hex): 20
[2026/09/15 19:01:14] 发送(hex): 20
[2026/09/15 19:01:14] 发送(hex): 20
[2026/09/15 19:01:14] 发送(hex): 20
[2026/09/15 19:01:14] 发送(hex): 20
[2026/09/15 19:01:14] 发送(hex): 20
[2026/09/15 19:01:14] 发送(hex): 20
[2026/09/15 19:01:14] 发送(hex): 20
[2026/09/15 19:01:14] 发送(hex): 20
[2026/09/15 19:01:14] 发送(hex): 20
[2026/09/15 19:01:14] 发送(hex): 20
[2026/09/15 19:01:14] 发送(hex): 20
[2026/09/15 19:01:15] 发送(hex): 20
[2026/09/15 19:01:15] 发送(hex): 20
[2026/09/15 19:01:15] 发送(hex): 20
[2026/09/15 19:01:15] 发送(hex): 20
[2026/09/15 19:01:15] 发送(hex): 20
[2026/09/15 19:01:15] 发送(hex): 20
[2026/09/15 19:01:15] 发送(hex): 20
[2026/09/15 19:01:15] 发送(hex): 20
[2026/09/15 19:01:15] 发送(hex): 20
[2026/09/15 19:01:15] 发送(hex): 20
[2026/09/15 19:01:15] 发送(hex): 20
[2026/09/15 19:01:15] 发送(hex): 20
[2026/09/15 19:01:15] 发送(hex): 20
[2026/09/15 19:01:15] 发送(hex): 20
[2026/09/15 19:01:15] 发送(hex): 20
[2026/09/15 19:01:15] 发送(hex): 20
[2026/09/15 19:01:15] 发送(hex): 20
[2026/09/15 19:01:15] 发送(hex): 20
[2026/09/15 19:01:15] 发送(hex): 20
[2026/09/15 19:01:15] 发送(hex): 20
[2026/09/15 19:01:15] 发送(hex): 20
[2026/09/15 19:01:15] 发送(hex): 20
[2026/09/15 19:01:15] 发送(hex): 20
[2026/09/15 19:01:15] 发送(hex): 20
[2026/09/15 19:01:15] 发送(hex): 20
[2026/09/15 19:01:15] 发送(hex): 20
[2026/09/15 19:01:15] 发送(hex): 20
[2026/09/15 19:01:15] 发送(hex): 20
[2026/09/15 19:01:15] 发送(hex): 20
[2026/09/15 19:01:15] 发送(hex): 20
[2026/09/15 19:01:15] 发送(hex): 20
[2026/09/15 19:01:15] 发送(hex): 20
[2026/09/15 19:01:15] 发送(hex): 20
[2026/09/15 19:01:15] 发送(hex): 20
[2026/09/15 19:01:15] 发送(hex): 20
[2026/09/15 19:01:15] 发送(hex): 20
[2026/09/15 19:01:15] 发送(hex): 20
[2026/09/15 19:01:15] 发送(hex): 20
[2026/09/15 19:01:15] 发送(hex): 20
[2026/09/15 19:01:15] 发送(hex): 20
[2026/09/15 19:01:15] 发送(hex): 20
[2026/09/15 19:01:15] 发送(hex): 20
[2026/09/15 19:01:15] 发送(hex): 20
[2026/09/15 19:01:15] 发送(hex): 20
[2026/09/15 19:01:15] 发送(hex): 20
[2026/09/15 19:01:15] 发送(hex): 20
[2026/09/15 19:01:15] 发送(hex): 20
[2026/09/15 19:01:15] 发送(hex): 20
[2026/09/15 19:01:15] 发送(hex): 20
[2026/09/15 19:01:15] 发送(hex): 20
[2026/09/15 19:01:15] 发送(hex): 20
[2026/09/15 19:01:15] 发送(hex): 20
[2026/09/15 19:01:15] 发送(hex): 20
[2026/09/15 19:01:15] 发送(hex): 20
[2026/09/15 19:01:15] 发送(hex): 20
[2026/09/15 19:01:15] 发送(hex): 20
[2026/09/15 19:01:15] 发送(hex): 20
[2026/09/15 19:01:15] 发送(hex): 20
[2026/09/15 19:01:15] 发送(hex): 20
[2026/09/15 19:01:15] 发送(hex): 20
[2026/09/15 19:01:15] 发送(hex): 20
[2026/09/15 19:01:15] 发送(hex): 20
[2026/09/15 19:01:15] 发送(hex): 20
[2026/09/15 19:01:15] 发送(hex): 20
[2026/09/15 19:01:15] 发送(hex): 20
[2026/09/15 19:01:15] 发送(hex): 20
[2026/09/15 19:01:15] 发送(hex): 20
[2026/09/15 19:01:15] 发送(hex): 20
[2026/09/15 19:01:15] 发送(hex): 20
[2026/09/15 19:01:15] 发送(hex): 20
[2026/09/15 19:01:15] 发送(hex): 20
[2026/09/15 19:01:15] 发送(hex): 20
[2026/09/15 19:01:15] 发送(hex): 20
[2026/09/15 19:01:15] 发送(hex): 20
[2026/09/15 19:01:15] 发送(hex): 20
[2026/09/15 19:01:15] 发送(hex): 20
[2026/09/15 19:01:15] 发送(hex): 20
[2026/09/15 19:01:15] 发送(hex): 20
[2026/09/15 19:01:15] 发送(hex): 20
[2026/09/15 19:01:15] 发送(hex): 20
[2026/09/15 19:01:15] 发送(hex): 20
[2026/09/15 19:01:15] 发送(hex): 20
[2026/09/15 19:01:15] 发送(hex): 20
[2026/09/15 19:01:15] 发送(hex): 20
[2026/09/15 19:01:15] 发送(hex): 20
[2026/09/15 19:01:15] 发送(hex): 20
[2026/09/15 19:01:15] 发送(hex): 20
[2026/09/15 19:01:15] 发送(hex): 20
[2026/09/15 19:01:15] 发送(hex): 20
[2026/09/15 19:01:15] 发送(hex): 20
[2026/09/15 19:01:15] 发送(hex): 20
[2026/09/15 19:01:15] 发送(hex): 20
[2026/09/15 19:01:15] 发送(hex): 20
[2026/09/15 19:01:16] 发送(hex): 20
[2026/09/15 19:01:16] 发送(hex): 20
[2026/09/15 19:01:16] 发送(hex): 20
[2026/09/15 19:01:16] 发送(hex): 20
[2026/09/15 19:01:16] 发送(hex): 20
[2026/09/15 19:01:16] 发送(hex): 20
[2026/09/15 19:01:16] 发送(hex): 20
[2026/09/15 19:01:16] 发送(hex): 20
[2026/09/15 19:01:16] 发送(hex): 20
[2026/09/15 19:01:16] 发送(hex): 20
[2026/09/15 19:01:16] 发送(hex): 20
[2026/09/15 19:01:16] 发送(hex): 20
[2026/09/15 19:01:16] 发送(hex): 20
[2026/09/15 19:01:16] 发送(hex): 20
[2026/09/15 19:01:16] 发送(hex): 20
[2026/09/15 19:01:16] 发送(hex): 20
[2026/09/15 19:01:16] 发送(hex): 20
[2026/09/15 19:01:16] 发送(hex): 20
[2026/09/15 19:01:16] 发送(hex): 20
[2026/09/15 19:01:16] 发送(hex): 20
[2026/09/15 19:01:16] 发送(hex): 20
[2026/09/15 19:01:16] 发送(hex): 20
[2026/09/15 19:01:16] 发送(hex): 20
[2026/09/15 19:01:16] 发送(hex): 20
[2026/09/15 19:01:16] 发送(hex): 20
[2026/09/15 19:01:16] 发送(hex): 20
[2026/09/15 19:01:16] 发送(hex): 20
[2026/09/15 19:01:16] 发送(hex): 20
[2026/09/15 19:01:16] 发送(hex): 20
[2026/09/15 19:01:16] 发送(hex): 20
[2026/09/15 19:01:16] 发送(hex): 20
[2026/09/15 19:01:16] 发送(hex): 20
[2026/09/15 19:01:16] 发送(hex): 20
[2026/09/15 19:01:16] 发送(hex): 20
[2026/09/15 19:01:16] 发送(hex): 20
[2026/09/15 19:01:16] 发送(hex): 20
[2026/09/15 19:01:16] 发送(hex): 20
[2026/09/15 19:01:16] 发送(hex): 20
[2026/09/15 19:01:16] 发送(hex): 20
[2026/09/15 19:01:16] 发送(hex): 20
[2026/09/15 19:01:16] 发送(hex): 20
[2026/09/15 19:01:16] 发送(hex): 20
[2026/09/15 19:01:16] 发送(hex): 20
[2026/09/15 19:01:16] 发送(hex): 20
[2026/09/15 19:01:16] 发送(hex): 20
[2026/09/15 19:01:16] 发送(hex): 20
[2026/09/15 19:01:16] 发送(hex): 20
[2026/09/15 19:01:16] 发送(hex): 20
[2026/09/15 19:01:16] 发送(hex): 20
[2026/09/15 19:01:16] 发送(hex): 20
[2026/09/15 19:01:16] 发送(hex): 20
[2026/09/15 19:01:16] 发送(hex): 20
[2026/09/15 19:01:16] 发送(hex): 20
[2026/09/15 19:01:16] 发送(hex): 20
[2026/09/15 19:01:16] 发送(hex): 20
[2026/09/15 19:01:16] 发送(hex): 20
[2026/09/15 19:01:16] 发送(hex): 20
[2026/09/15 19:01:16] 发送(hex): 20
[2026/09/15 19:01:16] 发送(hex): 20
[2026/09/15 19:01:16] 发送(hex): 20
[2026/09/15 19:01:16] 发送(hex): 20
[2026/09/15 19:01:16] 发送(hex): 20
[2026/09/15 19:01:16] 发送(hex): 20
[2026/09/15 19:01:16] 发送(hex): 20
[2026/09/15 19:01:16] 发送(hex): 20
[2026/09/15 19:01:16] 发送(hex): 20
[2026/09/15 19:01:16] 发送(hex): 20
[2026/09/15 19:01:16] 发送(hex): 20
[2026/09/15 19:01:16] 发送(hex): 20
[2026/09/15 19:01:16] 发送(hex): 20
[2026/09/15 19:01:16] 发送(hex): 20
[2026/09/15 19:01:16] 发送(hex): 20
[2026/09/15 19:01:16] 发送(hex): 20
[2026/09/15 19:01:16] 发送(hex): 20
[2026/09/15 19:01:16] 发送(hex): 20
[2026/09/15 19:01:16] 发送(hex): 20
[2026/09/15 19:01:16] 发送(hex): 20
[2026/09/15 19:01:16] 发送(hex): 20
[2026/09/15 19:01:16] 发送(hex): 20
[2026/09/15 19:01:16] 发送(hex): 20
[2026/09/15 19:01:16] 发送(hex): 20
[2026/09/15 19:01:16] 发送(hex): 20
[2026/09/15 19:01:16] 发送(hex): 20
[2026/09/15 19:01:16] 发送(hex): 20
[2026/09/15 19:01:16] 发送(hex): 20
[2026/09/15 19:01:16] 发送(hex): 20
[2026/09/15 19:01:16] 发送(hex): 20
[2026/09/15 19:01:16] 发送(hex): 20
[2026/09/15 19:01:16] 发送(hex): 20
[2026/09/15 19:01:16] 发送(hex): 20
[2026/09/15 19:01:16] 发送(hex): 20
[2026/09/15 19:01:16] 发送(hex): 20
[2026/09/15 19:01:16] 发送(hex): 20
[2026/09/15 19:01:16] 发送(hex): 20
[2026/09/15 19:01:17] 发送(hex): 20
[2026/09/15 19:01:17] 发送(hex): 20
[2026/09/15 19:01:17] 发送(hex): 20
[2026/09/15 19:01:17] 发送(hex): 20
[2026/09/15 19:01:17] 发送(hex): 20
[2026/09/15 19:01:17] 发送(hex): 20
[2026/09/15 19:01:17] 发送(hex): 20
[2026/09/15 19:01:17] 发送(hex): 20
[2026/09/15 19:01:17] 发送(hex): 20
[2026/09/15 19:01:17] 发送(hex): 20
[2026/09/15 19:01:17] 发送(hex): 20
[2026/09/15 19:01:17] 发送(hex): 20
[2026/09/15 19:01:17] 发送(hex): 20
[2026/09/15 19:01:17] 发送(hex): 20
[2026/09/15 19:01:17] 发送(hex): 20
[2026/09/15 19:01:17] 发送(hex): 20
[2026/09/15 19:01:17] 发送(hex): 20
[2026/09/15 19:01:17] 发送(hex): 20
[2026/09/15 19:01:17] 发送(hex): 20
[2026/09/15 19:01:17] 发送(hex): 20
[2026/09/15 19:01:17] 发送(hex): 20
[2026/09/15 19:01:17] 发送(hex): 20
[2026/09/15 19:01:17] 发送(hex): 20
[2026/09/15 19:01:17] 发送(hex): 20
[2026/09/15 19:01:17] 发送(hex): 20
[2026/09/15 19:01:17] 发送(hex): 20
[2026/09/15 19:01:17] 发送(hex): 20
[2026/09/15 19:01:17] 发送(hex): 20
[2026/09/15 19:01:17] 发送(hex): 20
[2026/09/15 19:01:17] 发送(hex): 20
[2026/09/15 19:01:17] 发送(hex): 20
[2026/09/15 19:01:17] 发送(hex): 20
[2026/09/15 19:01:17] 发送(hex): 20
[2026/09/15 19:01:17] 发送(hex): 20
[2026/09/15 19:01:17] 发送(hex): 20
[2026/09/15 19:01:17] 发送(hex): 20
[2026/09/15 19:01:17] 发送(hex): 20
[2026/09/15 19:01:17] 发送(hex): 20
[2026/09/15 19:01:17] 发送(hex): 20
[2026/09/15 19:01:17] 发送(hex): 20
[2026/09/15 19:01:17] 发送(hex): 20
[2026/09/15 19:01:17] 发送(hex): 20
[2026/09/15 19:01:17] 发送(hex): 20
[2026/09/15 19:01:17] 发送(hex): 20
[2026/09/15 19:01:17] 发送(hex): 20
[2026/09/15 19:01:17] 发送(hex): 20
[2026/09/15 19:01:17] 发送(hex): 20
[2026/09/15 19:01:17] 发送(hex): 20
[2026/09/15 19:01:17] 发送(hex): 20
[2026/09/15 19:01:17] 发送(hex): 20
[2026/09/15 19:01:17] 发送(hex): 20
[2026/09/15 19:01:17] 发送(hex): 20
[2026/09/15 19:01:17] 发送(hex): 20
[2026/09/15 19:01:17] 发送(hex): 20
[2026/09/15 19:01:17] 发送(hex): 20
[2026/09/15 19:01:17] 发送(hex): 20
[2026/09/15 19:01:17] 发送(hex): 20
[2026/09/15 19:01:17] 发送(hex): 20
[2026/09/15 19:01:17] 发送(hex): 20
[2026/09/15 19:01:17] 发送(hex): 20
[2026/09/15 19:01:17] 发送(hex): 20
[2026/09/15 19:01:17] 发送(hex): 20
[2026/09/15 19:01:17] 发送(hex): 20
[2026/09/15 19:01:17] 发送(hex): 20
[2026/09/15 19:01:17] 发送(hex): 20
[2026/09/15 19:01:17] 发送(hex): 20
[2026/09/15 19:01:17] 发送(hex): 20
[2026/09/15 19:01:17] 发送(hex): 20
[2026/09/15 19:01:17] 发送(hex): 20
[2026/09/15 19:01:17] 发送(hex): 20
[2026/09/15 19:01:17] 发送(hex): 20
[2026/09/15 19:01:17] 发送(hex): 20
[2026/09/15 19:01:17] 发送(hex): 20
[2026/09/15 19:01:17] 发送(hex): 20
[2026/09/15 19:01:17] 发送(hex): 20
[2026/09/15 19:01:17] 发送(hex): 20
[2026/09/15 19:01:17] 发送(hex): 20
[2026/09/15 19:01:17] 发送(hex): 20
[2026/09/15 19:01:17] 发送(hex): 20
[2026/09/15 19:01:17] 发送(hex): 20
[2026/09/15 19:01:17] 发送(hex): 20
[2026/09/15 19:01:17] 发送(hex): 20
[2026/09/15 19:01:17] 发送(hex): 20
[2026/09/15 19:01:17] 发送(hex): 20
[2026/09/15 19:01:17] 发送(hex): 20
[2026/09/15 19:01:17] 发送(hex): 20
[2026/09/15 19:01:17] 发送(hex): 20
[2026/09/15 19:01:17] 发送(hex): 20
[2026/09/15 19:01:17] 发送(hex): 20
[2026/09/15 19:01:17] 发送(hex): 20
[2026/09/15 19:01:17] 发送(hex): 20
[2026/09/15 19:01:17] 发送(hex): 20
[2026/09/15 19:01:17] 发送(hex): 20
[2026/09/15 19:01:17] 发送(hex): 20
[2026/09/15 19:01:18] 发送(hex): 20
[2026/09/15 19:01:18] 发送(hex): 20
[2026/09/15 19:01:18] 发送(hex): 20
[2026/09/15 19:01:18] 发送(hex): 20
[2026/09/15 19:01:18] 发送(hex): 20
[2026/09/15 19:01:18] 发送(hex): 20
[2026/09/15 19:01:18] 发送(hex): 20
[2026/09/15 19:01:18] 发送(hex): 20
[2026/09/15 19:01:18] 发送(hex): 20
[2026/09/15 19:01:18] 发送(hex): 20
[2026/09/15 19:01:18] 发送(hex): 20
[2026/09/15 19:01:18] 发送(hex): 20
[2026/09/15 19:01:18] 发送(hex): 20
[2026/09/15 19:01:18] 发送(hex): 20
[2026/09/15 19:01:18] 发送(hex): 20
[2026/09/15 19:01:18] 发送(hex): 20
[2026/09/15 19:01:18] 发送(hex): 20
[2026/09/15 19:01:18] 发送(hex): 20
[2026/09/15 19:01:18] 发送(hex): 20
[2026/09/15 19:01:18] 发送(hex): 20
[2026/09/15 19:01:18] 发送(hex): 20
[2026/09/15 19:01:18] 发送(hex): 20
[2026/09/15 19:01:18] 发送(hex): 20
[2026/09/15 19:01:18] 发送(hex): 20
[2026/09/15 19:01:18] 发送(hex): 20
[2026/09/15 19:01:18] 发送(hex): 20
[2026/09/15 19:01:18] 发送(hex): 20
[2026/09/15 19:01:18] 发送(hex): 20
[2026/09/15 19:01:18] 发送(hex): 20
[2026/09/15 19:01:18] 发送(hex): 20
[2026/09/15 19:01:18] 发送(hex): 20
[2026/09/15 19:01:18] 发送(hex): 20
[2026/09/15 19:01:18] 发送(hex): 20
[2026/09/15 19:01:18] 发送(hex): 20
[2026/09/15 19:01:18] 发送(hex): 20
[2026/09/15 19:01:18] 发送(hex): 20
[2026/09/15 19:01:18] 发送(hex): 20
[2026/09/15 19:01:18] 发送(hex): 20
[2026/09/15 19:01:18] 发送(hex): 20
[2026/09/15 19:01:18] 发送(hex): 20
[2026/09/15 19:01:18] 发送(hex): 20
[2026/09/15 19:01:18] 发送(hex): 20
[2026/09/15 19:01:18] 发送(hex): 20
[2026/09/15 19:01:18] 发送(hex): 20
[2026/09/15 19:01:18] 发送(hex): 20
[2026/09/15 19:01:18] 发送(hex): 20
[2026/09/15 19:01:18] 发送(hex): 20
[2026/09/15 19:01:18] 发送(hex): 20
[2026/09/15 19:01:18] 发送(hex): 20
[2026/09/15 19:01:18] 发送(hex): 20
[2026/09/15 19:01:18] 发送(hex): 20
[2026/09/15 19:01:18] 发送(hex): 20
[2026/09/15 19:01:18] 发送(hex): 20
[2026/09/15 19:01:18] 发送(hex): 20
[2026/09/15 19:01:18] 发送(hex): 20
[2026/09/15 19:01:18] 发送(hex): 20
[2026/09/15 19:01:18] 发送(hex): 20
[2026/09/15 19:01:18] 发送(hex): 20
[2026/09/15 19:01:18] 发送(hex): 20
[2026/09/15 19:01:18] 发送(hex): 20
[2026/09/15 19:01:18] 发送(hex): 20
[2026/09/15 19:01:18] 发送(hex): 20
[2026/09/15 19:01:18] 发送(hex): 20
[2026/09/15 19:01:18] 发送(hex): 20
[2026/09/15 19:01:18] 发送(hex): 20
[2026/09/15 19:01:18] 发送(hex): 20
[2026/09/15 19:01:18] 发送(hex): 20
[2026/09/15 19:01:18] 发送(hex): 20
[2026/09/15 19:01:18] 发送(hex): 20
[2026/09/15 19:01:18] 发送(hex): 20
[2026/09/15 19:01:18] 发送(hex): 20
[2026/09/15 19:01:18] 发送(hex): 20
[2026/09/15 19:01:18] 发送(hex): 20
[2026/09/15 19:01:18] 发送(hex): 20
[2026/09/15 19:01:18] 发送(hex): 20
[2026/09/15 19:01:18] 发送(hex): 20
[2026/09/15 19:01:18] 发送(hex): 20
[2026/09/15 19:01:18] 发送(hex): 20
[2026/09/15 19:01:18] 发送(hex): 20
[2026/09/15 19:01:18] 发送(hex): 20
[2026/09/15 19:01:18] 发送(hex): 20
[2026/09/15 19:01:18] 发送(hex): 20
[2026/09/15 19:01:18] 发送(hex): 20
[2026/09/15 19:01:18] 发送(hex): 20
[2026/09/15 19:01:18] 发送(hex): 20
[2026/09/15 19:01:18] 发送(hex): 20
[2026/09/15 19:01:18] 发送(hex): 20
[2026/09/15 19:01:18] 发送(hex): 20
[2026/09/15 19:01:18] 发送(hex): 20
[2026/09/15 19:01:18] 发送(hex): 20
[2026/09/15 19:01:18] 发送(hex): 20
[2026/09/15 19:01:18] 发送(hex): 20
[2026/09/15 19:01:18] 发送(hex): 20
[2026/09/15 19:01:18] 发送(hex): 20
[2026/09/15 19:01:19] 发送(hex): 20
[2026/09/15 19:01:19] 发送(hex): 20
[2026/09/15 19:01:19] 发送(hex): 20
[2026/09/15 19:01:19] 发送(hex): 20
[2026/09/15 19:01:19] 发送(hex): 20
[2026/09/15 19:01:19] 发送(hex): 20
[2026/09/15 19:01:19] 发送(hex): 20
[2026/09/15 19:01:19] 发送(hex): 20
[2026/09/15 19:01:19] 发送(hex): 20
[2026/09/15 19:01:19] 发送(hex): 20
[2026/09/15 19:01:19] 发送(hex): 20
[2026/09/15 19:01:19] 发送(hex): 20
[2026/09/15 19:01:19] 发送(hex): 20
[2026/09/15 19:01:19] 发送(hex): 20
[2026/09/15 19:01:19] 发送(hex): 20
[2026/09/15 19:01:19] 发送(hex): 20
[2026/09/15 19:01:19] 发送(hex): 20
[2026/09/15 19:01:19] 发送(hex): 20
[2026/09/15 19:01:19] 发送(hex): 20
[2026/09/15 19:01:19] 发送(hex): 20
[2026/09/15 19:01:19] 发送(hex): 20
[2026/09/15 19:01:19] 发送(hex): 20
[2026/09/15 19:01:19] 发送(hex): 20
[2026/09/15 19:01:19] 发送(hex): 20
[2026/09/15 19:01:19] 发送(hex): 20
[2026/09/15 19:01:19] 发送(hex): 20
[2026/09/15 19:01:19] 发送(hex): 20
[2026/09/15 19:01:19] 发送(hex): 20
[2026/09/15 19:01:19] 发送(hex): 20
[2026/09/15 19:01:19] 发送(hex): 20
[2026/09/15 19:01:19] 发送(hex): 20
[2026/09/15 19:01:19] 发送(hex): 20
[2026/09/15 19:01:19] 发送(hex): 20
[2026/09/15 19:01:19] 发送(hex): 20
[2026/09/15 19:01:19] 发送(hex): 20
[2026/09/15 19:01:19] 发送(hex): 20
[2026/09/15 19:01:19] 发送(hex): 20
[2026/09/15 19:01:19] 发送(hex): 20
[2026/09/15 19:01:19] 发送(hex): 20
[2026/09/15 19:01:19] 发送(hex): 20
[2026/09/15 19:01:19] 发送(hex): 20
[2026/09/15 19:01:19] 发送(hex): 20
[2026/09/15 19:01:19] 发送(hex): 20
[2026/09/15 19:01:19] 发送(hex): 20
[2026/09/15 19:01:19] 发送(hex): 20
[2026/09/15 19:01:19] 发送(hex): 20
[2026/09/15 19:01:19] 发送(hex): 20
[2026/09/15 19:01:19] 发送(hex): 20
[2026/09/15 19:01:19] 发送(hex): 20
[2026/09/15 19:01:19] 发送(hex): 20
[2026/09/15 19:01:19] 发送(hex): 20
[2026/09/15 19:01:19] 发送(hex): 20
[2026/09/15 19:01:19] 发送(hex): 20
[2026/09/15 19:01:19] 发送(hex): 20
[2026/09/15 19:01:19] 发送(hex): 20
[2026/09/15 19:01:19] 发送(hex): 20
[2026/09/15 19:01:19] 发送(hex): 20
[2026/09/15 19:01:19] 发送(hex): 20
[2026/09/15 19:01:19] 发送(hex): 20
[2026/09/15 19:01:19] 发送(hex): 20
[2026/09/15 19:01:19] 发送(hex): 20
[2026/09/15 19:01:19] 发送(hex): 20
[2026/09/15 19:01:19] 发送(hex): 20
[2026/09/15 19:01:19] 发送(hex): 20
[2026/09/15 19:01:19] 发送(hex): 20
[2026/09/15 19:01:19] 发送(hex): 20
[2026/09/15 19:01:19] 发送(hex): 20
[2026/09/15 19:01:19] 发送(hex): 20
[2026/09/15 19:01:19] 发送(hex): 20
[2026/09/15 19:01:19] 发送(hex): 20
[2026/09/15 19:01:19] 发送(hex): 20
[2026/09/15 19:01:19] 发送(hex): 20
[2026/09/15 19:01:19] 发送(hex): 20
[2026/09/15 19:01:19] 发送(hex): 20
[2026/09/15 19:01:19] 发送(hex): 20
[2026/09/15 19:01:19] 发送(hex): 20
[2026/09/15 19:01:19] 发送(hex): 20
[2026/09/15 19:01:19] 发送(hex): 20
[2026/09/15 19:01:19] 发送(hex): 20
[2026/09/15 19:01:19] 发送(hex): 20
[2026/09/15 19:01:19] 发送(hex): 20
[2026/09/15 19:01:19] 发送(hex): 20
[2026/09/15 19:01:19] 发送(hex): 20
[2026/09/15 19:01:19] 发送(hex): 20
[2026/09/15 19:01:19] 发送(hex): 20
[2026/09/15 19:01:19] 发送(hex): 20
[2026/09/15 19:01:19] 发送(hex): 20
[2026/09/15 19:01:19] 发送(hex): 20
[2026/09/15 19:01:19] 发送(hex): 20
[2026/09/15 19:01:19] 发送(hex): 20
[2026/09/15 19:01:19] 发送(hex): 20
[2026/09/15 19:01:19] 发送(hex): 20
[2026/09/15 19:01:19] 发送(hex): 20
[2026/09/15 19:01:19] 发送(hex): 20
[2026/09/15 19:01:19] 发送(hex): 20
[2026/09/15 19:01:20] 发送(hex): 20
[2026/09/15 19:01:20] 发送(hex): 20
[2026/09/15 19:01:20] 发送(hex): 20
[2026/09/15 19:01:20] 发送(hex): 20
[2026/09/15 19:01:20] 发送(hex): 20
[2026/09/15 19:01:20] 发送(hex): 20
[2026/09/15 19:01:20] 发送(hex): 20
[2026/09/15 19:01:20] 发送(hex): 20
[2026/09/15 19:01:20] 发送(hex): 20
[2026/09/15 19:01:20] 发送(hex): 20
[2026/09/15 19:01:20] 发送(hex): 20
[2026/09/15 19:01:20] 发送(hex): 20
[2026/09/15 19:01:20] 发送(hex): 20
[2026/09/15 19:01:20] 发送(hex): 20
[2026/09/15 19:01:20] 发送(hex): 20
[2026/09/15 19:01:20] 发送(hex): 20
[2026/09/15 19:01:20] 发送(hex): 20
[2026/09/15 19:01:20] 发送(hex): 20
[2026/09/15 19:01:20] 发送(hex): 20
[2026/09/15 19:01:20] 发送(hex): 20
[2026/09/15 19:01:20] 发送(hex): 20
[2026/09/15 19:01:20] 发送(hex): 20
[2026/09/15 19:01:20] 发送(hex): 20
[2026/09/15 19:01:20] 发送(hex): 20
[2026/09/15 19:01:20] 发送(hex): 20
[2026/09/15 19:01:20] 发送(hex): 20
[2026/09/15 19:01:20] 发送(hex): 20
[2026/09/15 19:01:20] 发送(hex): 20
[2026/09/15 19:01:20] 发送(hex): 20
[2026/09/15 19:01:20] 发送(hex): 20
[2026/09/15 19:01:20] 发送(hex): 20
[2026/09/15 19:01:20] 发送(hex): 20
[2026/09/15 19:01:20] 发送(hex): 20
[2026/09/15 19:01:20] 发送(hex): 20
[2026/09/15 19:01:20] 发送(hex): 20
[2026/09/15 19:01:20] 发送(hex): 20
[2026/09/15 19:01:20] 发送(hex): 20
[2026/09/15 19:01:20] 发送(hex): 20
[2026/09/15 19:01:20] 发送(hex): 20
[2026/09/15 19:01:20] 发送(hex): 20
[2026/09/15 19:01:20] 发送(hex): 20
[2026/09/15 19:01:20] 发送(hex): 20
[2026/09/15 19:01:20] 发送(hex): 20
[2026/09/15 19:01:20] 发送(hex): 20
[2026/09/15 19:01:20] 发送(hex): 20
[2026/09/15 19:01:20] 发送(hex): 20
[2026/09/15 19:01:20] 发送(hex): 20
[2026/09/15 19:01:20] 发送(hex): 20
[2026/09/15 19:01:20] 发送(hex): 20
[2026/09/15 19:01:20] 发送(hex): 20
[2026/09/15 19:01:20] 发送(hex): 20
[2026/09/15 19:01:20] 发送(hex): 20
[2026/09/15 19:01:20] 发送(hex): 20
[2026/09/15 19:01:20] 发送(hex): 20
[2026/09/15 19:01:20] 发送(hex): 20
[2026/09/15 19:01:20] 发送(hex): 20
[2026/09/15 19:01:20] 发送(hex): 20
[2026/09/15 19:01:20] 发送(hex): 20
[2026/09/15 19:01:20] 发送(hex): 20
[2026/09/15 19:01:20] 发送(hex): 20
[2026/09/15 19:01:20] 发送(hex): 20
[2026/09/15 19:01:20] 发送(hex): 20
[2026/09/15 19:01:20] 发送(hex): 20
[2026/09/15 19:01:20] 发送(hex): 20
[2026/09/15 19:01:20] 发送(hex): 20
[2026/09/15 19:01:20] 发送(hex): 20
[2026/09/15 19:01:20] 发送(hex): 20
[2026/09/15 19:01:20] 发送(hex): 20
[2026/09/15 19:01:20] 发送(hex): 20
[2026/09/15 19:01:20] 发送(hex): 20
[2026/09/15 19:01:20] 发送(hex): 20
[2026/09/15 19:01:20] 发送(hex): 20
[2026/09/15 19:01:20] 发送(hex): 20
[2026/09/15 19:01:20] 发送(hex): 20
[2026/09/15 19:01:20] 发送(hex): 20
[2026/09/15 19:01:20] 发送(hex): 20
[2026/09/15 19:01:20] 发送(hex): 20
[2026/09/15 19:01:20] 发送(hex): 20
[2026/09/15 19:01:20] 发送(hex): 20
[2026/09/15 19:01:20] 发送(hex): 20
[2026/09/15 19:01:20] 发送(hex): 20
[2026/09/15 19:01:20] 发送(hex): 20
[2026/09/15 19:01:20] 发送(hex): 20
[2026/09/15 19:01:20] 发送(hex): 20
[2026/09/15 19:01:20] 发送(hex): 20
[2026/09/15 19:01:20] 发送(hex): 20
[2026/09/15 19:01:20] 发送(hex): 20
[2026/09/15 19:01:20] 发送(hex): 20
[2026/09/15 19:01:20] 发送(hex): 20
[2026/09/15 19:01:20] 发送(hex): 20
[2026/09/15 19:01:20] 发送(hex): 20
[2026/09/15 19:01:20] 发送(hex): 20
[2026/09/15 19:01:20] 发送(hex): 20
[2026/09/15 19:01:20] 发送(hex): 20
[2026/09/15 19:01:21] 发送(hex): 20
[2026/09/15 19:01:21] 发送(hex): 20
[2026/09/15 19:01:21] 发送(hex): 20
[2026/09/15 19:01:21] 发送(hex): 20
[2026/09/15 19:01:21] 发送(hex): 20
[2026/09/15 19:01:21] 发送(hex): 20
[2026/09/15 19:01:21] 发送(hex): 20
[2026/09/15 19:01:21] 发送(hex): 20
[2026/09/15 19:01:21] 发送(hex): 20
[2026/09/15 19:01:21] 发送(hex): 20
[2026/09/15 19:01:21] 发送(hex): 20
[2026/09/15 19:01:21] 发送(hex): 20
[2026/09/15 19:01:21] 发送(hex): 20
[2026/09/15 19:01:21] 发送(hex): 20
[2026/09/15 19:01:21] 发送(hex): 20
[2026/09/15 19:01:21] 发送(hex): 20
[2026/09/15 19:01:21] 发送(hex): 20
[2026/09/15 19:01:21] 发送(hex): 20
[2026/09/15 19:01:21] 发送(hex): 20
[2026/09/15 19:01:21] 发送(hex): 20
[2026/09/15 19:01:21] 发送(hex): 20
[2026/09/15 19:01:21] 发送(hex): 20
[2026/09/15 19:01:21] 发送(hex): 20
[2026/09/15 19:01:21] 发送(hex): 20
[2026/09/15 19:01:21] 发送(hex): 20
[2026/09/15 19:01:21] 发送(hex): 20
[2026/09/15 19:01:21] 发送(hex): 20
[2026/09/15 19:01:21] 发送(hex): 20
[2026/09/15 19:01:21] 发送(hex): 20
[2026/09/15 19:01:21] 发送(hex): 20
[2026/09/15 19:01:21] 发送(hex): 20
[2026/09/15 19:01:21] 发送(hex): 20
[2026/09/15 19:01:21] 发送(hex): 20
[2026/09/15 19:01:21] 发送(hex): 20
[2026/09/15 19:01:21] 发送(hex): 20
[2026/09/15 19:01:21] 发送(hex): 20
[2026/09/15 19:01:21] 发送(hex): 20
[2026/09/15 19:01:21] 发送(hex): 20
[2026/09/15 19:01:21] 发送(hex): 20
[2026/09/15 19:01:21] 发送(hex): 20
[2026/09/15 19:01:21] 发送(hex): 20
[2026/09/15 19:01:21] 发送(hex): 20
[2026/09/15 19:01:21] 发送(hex): 20
[2026/09/15 19:01:21] 发送(hex): 20
[2026/09/15 19:01:21] 发送(hex): 20
[2026/09/15 19:01:21] 发送(hex): 20
[2026/09/15 19:01:21] 发送(hex): 20
[2026/09/15 19:01:21] 发送(hex): 20
[2026/09/15 19:01:21] 发送(hex): 20
[2026/09/15 19:01:21] 发送(hex): 20
[2026/09/15 19:01:21] 发送(hex): 20
[2026/09/15 19:01:21] 发送(hex): 20
[2026/09/15 19:01:21] 发送(hex): 20
[2026/09/15 19:01:21] 发送(hex): 20
[2026/09/15 19:01:21] 发送(hex): 20
[2026/09/15 19:01:21] 发送(hex): 20
[2026/09/15 19:01:21] 发送(hex): 20
[2026/09/15 19:01:21] 发送(hex): 20
[2026/09/15 19:01:21] 发送(hex): 20
[2026/09/15 19:01:21] 发送(hex): 20
[2026/09/15 19:01:21] 发送(hex): 20
[2026/09/15 19:01:21] 发送(hex): 20
[2026/09/15 19:01:21] 发送(hex): 20
[2026/09/15 19:01:21] 发送(hex): 20
[2026/09/15 19:01:21] 发送(hex): 20
[2026/09/15 19:01:21] 发送(hex): 20
[2026/09/15 19:01:21] 发送(hex): 20
[2026/09/15 19:01:21] 发送(hex): 20
[2026/09/15 19:01:21] 发送(hex): 20
[2026/09/15 19:01:21] 发送(hex): 20
[2026/09/15 19:01:21] 发送(hex): 20
[2026/09/15 19:01:21] 发送(hex): 20
[2026/09/15 19:01:21] 发送(hex): 20
[2026/09/15 19:01:21] 发送(hex): 20
[2026/09/15 19:01:21] 发送(hex): 20
[2026/09/15 19:01:21] 发送(hex): 20
[2026/09/15 19:01:21] 发送(hex): 20
[2026/09/15 19:01:21] 发送(hex): 20
[2026/09/15 19:01:21] 发送(hex): 20
[2026/09/15 19:01:21] 发送(hex): 20
[2026/09/15 19:01:21] 发送(hex): 20
[2026/09/15 19:01:21] 发送(hex): 20
[2026/09/15 19:01:21] 发送(hex): 20
[2026/09/15 19:01:21] 发送(hex): 20
[2026/09/15 19:01:21] 发送(hex): 20
[2026/09/15 19:01:21] 发送(hex): 20
[2026/09/15 19:01:21] 发送(hex): 20
[2026/09/15 19:01:21] 发送(hex): 20
[2026/09/15 19:01:21] 发送(hex): 20
[2026/09/15 19:01:21] 发送(hex): 20
[2026/09/15 19:01:21] 发送(hex): 20
[2026/09/15 19:01:21] 发送(hex): 20
[2026/09/15 19:01:21] 发送(hex): 20
[2026/09/15 19:01:21] 发送(hex): 20
[2026/09/15 19:01:22] 发送(hex): 20
[2026/09/15 19:01:22] 发送(hex): 20
[2026/09/15 19:01:22] 发送(hex): 20
[2026/09/15 19:01:22] 发送(hex): 20
[2026/09/15 19:01:22] 发送(hex): 20
[2026/09/15 19:01:22] 发送(hex): 20
[2026/09/15 19:01:22] 发送(hex): 20
[2026/09/15 19:01:22] 发送(hex): 20
[2026/09/15 19:01:22] 发送(hex): 20
[2026/09/15 19:01:22] 发送(hex): 20
[2026/09/15 19:01:22] 发送(hex): 20
[2026/09/15 19:01:22] 发送(hex): 20
[2026/09/15 19:01:22] 发送(hex): 20
[2026/09/15 19:01:22] 发送(hex): 20
[2026/09/15 19:01:22] 发送(hex): 20
[2026/09/15 19:01:22] 发送(hex): 20
[2026/09/15 19:01:22] 发送(hex): 20
[2026/09/15 19:01:22] 发送(hex): 20
[2026/09/15 19:01:22] 发送(hex): 20
[2026/09/15 19:01:22] 发送(hex): 20
[2026/09/15 19:01:22] 发送(hex): 20
[2026/09/15 19:01:22] 发送(hex): 20
[2026/09/15 19:01:22] 发送(hex): 20
[2026/09/15 19:01:22] 发送(hex): 20
[2026/09/15 19:01:22] 发送(hex): 20
[2026/09/15 19:01:22] 发送(hex): 20
[2026/09/15 19:01:22] 发送(hex): 20
[2026/09/15 19:01:22] 发送(hex): 20
[2026/09/15 19:01:22] 发送(hex): 20
[2026/09/15 19:01:22] 发送(hex): 20
[2026/09/15 19:01:22] 发送(hex): 20
[2026/09/15 19:01:22] 发送(hex): 20
[2026/09/15 19:01:22] 发送(hex): 20
[2026/09/15 19:01:22] 发送(hex): 20
[2026/09/15 19:01:22] 发送(hex): 20
[2026/09/15 19:01:22] 发送(hex): 20
[2026/09/15 19:01:22] 发送(hex): 20
[2026/09/15 19:01:22] 发送(hex): 20
[2026/09/15 19:01:22] 发送(hex): 20
[2026/09/15 19:01:22] 发送(hex): 20
[2026/09/15 19:01:22] 发送(hex): 20
[2026/09/15 19:01:22] 发送(hex): 20
[2026/09/15 19:01:22] 发送(hex): 20
[2026/09/15 19:01:22] 发送(hex): 20
[2026/09/15 19:01:22] 发送(hex): 20
[2026/09/15 19:01:22] 发送(hex): 20
[2026/09/15 19:01:22] 发送(hex): 20
[2026/09/15 19:01:22] 发送(hex): 20
[2026/09/15 19:01:22] 发送(hex): 20
[2026/09/15 19:01:22] 发送(hex): 20
[2026/09/15 19:01:22] 发送(hex): 20
[2026/09/15 19:01:22] 发送(hex): 20
[2026/09/15 19:01:22] 发送(hex): 20
[2026/09/15 19:01:22] 发送(hex): 20
[2026/09/15 19:01:22] 发送(hex): 20
[2026/09/15 19:01:22] 发送(hex): 20
[2026/09/15 19:01:22] 发送(hex): 20
[2026/09/15 19:01:22] 发送(hex): 20
[2026/09/15 19:01:22] 发送(hex): 20
[2026/09/15 19:01:22] 发送(hex): 20
[2026/09/15 19:01:22] 发送(hex): 20
[2026/09/15 19:01:22] 发送(hex): 20
[2026/09/15 19:01:22] 发送(hex): 20
[2026/09/15 19:01:22] 发送(hex): 20
[2026/09/15 19:01:22] 发送(hex): 20
[2026/09/15 19:01:22] 发送(hex): 20
[2026/09/15 19:01:22] 发送(hex): 20
[2026/09/15 19:01:22] 发送(hex): 20
[2026/09/15 19:01:22] 发送(hex): 20
[2026/09/15 19:01:22] 发送(hex): 20
[2026/09/15 19:01:22] 发送(hex): 20
[2026/09/15 19:01:22] 发送(hex): 20
[2026/09/15 19:01:22] 发送(hex): 20
[2026/09/15 19:01:22] 发送(hex): 20
[2026/09/15 19:01:22] 发送(hex): 20
[2026/09/15 19:01:22] 发送(hex): 20
[2026/09/15 19:01:22] 发送(hex): 20
[2026/09/15 19:01:22] 发送(hex): 20
[2026/09/15 19:01:22] 发送(hex): 20
[2026/09/15 19:01:22] 发送(hex): 20
[2026/09/15 19:01:22] 发送(hex): 20
[2026/09/15 19:01:22] 发送(hex): 20
[2026/09/15 19:01:22] 发送(hex): 20
[2026/09/15 19:01:22] 发送(hex): 20
[2026/09/15 19:01:22] 发送(hex): 20
[2026/09/15 19:01:22] 发送(hex): 20
[2026/09/15 19:01:22] 发送(hex): 20
[2026/09/15 19:01:22] 发送(hex): 20
[2026/09/15 19:01:22] 发送(hex): 20
[2026/09/15 19:01:22] 发送(hex): 20
[2026/09/15 19:01:22] 发送(hex): 20
[2026/09/15 19:01:22] 发送(hex): 20
[2026/09/15 19:01:22] 发送(hex): 20
[2026/09/15 19:01:22] 发送(hex): 20
[2026/09/15 19:01:22] 发送(hex): 20
[2026/09/15 19:01:23] 发送(hex): 20
[2026/09/15 19:01:23] 发送(hex): 20
[2026/09/15 19:01:23] 发送(hex): 20
[2026/09/15 19:01:23] 发送(hex): 20
[2026/09/15 19:01:23] 发送(hex): 20
[2026/09/15 19:01:23] 发送(hex): 20
[2026/09/15 19:01:23] 发送(hex): 20
[2026/09/15 19:01:23] 发送(hex): 20
[2026/09/15 19:01:23] 发送(hex): 20
[2026/09/15 19:01:23] 发送(hex): 20
[2026/09/15 19:01:23] 发送(hex): 20
[2026/09/15 19:01:23] 发送(hex): 20
[2026/09/15 19:01:23] 发送(hex): 20
[2026/09/15 19:01:23] 发送(hex): 20
[2026/09/15 19:01:23] 发送(hex): 20
[2026/09/15 19:01:23] 发送(hex): 20
[2026/09/15 19:01:23] 发送(hex): 20
[2026/09/15 19:01:23] 发送(hex): 20
[2026/09/15 19:01:23] 发送(hex): 20
[2026/09/15 19:01:23] 发送(hex): 20
[2026/09/15 19:01:23] 发送(hex): 20
[2026/09/15 19:01:23] 发送(hex): 20
[2026/09/15 19:01:23] 发送(hex): 20
[2026/09/15 19:01:23] 发送(hex): 20
[2026/09/15 19:01:23] 发送(hex): 20
[2026/09/15 19:01:23] 发送(hex): 20
[2026/09/15 19:01:23] 发送(hex): 20
[2026/09/15 19:01:23] 发送(hex): 20
[2026/09/15 19:01:23] 发送(hex): 20
[2026/09/15 19:01:23] 发送(hex): 20
[2026/09/15 19:01:23] 发送(hex): 20
[2026/09/15 19:01:23] 发送(hex): 20
[2026/09/15 19:01:23] 发送(hex): 20
[2026/09/15 19:01:23] 发送(hex): 20
[2026/09/15 19:01:23] 发送(hex): 20
[2026/09/15 19:01:23] 发送(hex): 20
[2026/09/15 19:01:23] 发送(hex): 20
[2026/09/15 19:01:23] 发送(hex): 20
[2026/09/15 19:01:23] 发送(hex): 20
[2026/09/15 19:01:23] 发送(hex): 20
[2026/09/15 19:01:23] 发送(hex): 20
[2026/09/15 19:01:23] 发送(hex): 20
[2026/09/15 19:01:23] 发送(hex): 20
[2026/09/15 19:01:23] 发送(hex): 20
[2026/09/15 19:01:23] 发送(hex): 20
[2026/09/15 19:01:23] 发送(hex): 20
[2026/09/15 19:01:23] 发送(hex): 20
[2026/09/15 19:01:23] 发送(hex): 20
[2026/09/15 19:01:23] 发送(hex): 20
[2026/09/15 19:01:23] 发送(hex): 20
[2026/09/15 19:01:23] 发送(hex): 20
[2026/09/15 19:01:23] 发送(hex): 20
[2026/09/15 19:01:23] 发送(hex): 20
[2026/09/15 19:01:23] 发送(hex): 20
[2026/09/15 19:01:23] 发送(hex): 20
[2026/09/15 19:01:23] 发送(hex): 20
[2026/09/15 19:01:23] 发送(hex): 20
[2026/09/15 19:01:23] 发送(hex): 20
[2026/09/15 19:01:23] 发送(hex): 20
[2026/09/15 19:01:23] 发送(hex): 20
[2026/09/15 19:01:23] 发送(hex): 20
[2026/09/15 19:01:23] 发送(hex): 20
[2026/09/15 19:01:23] 发送(hex): 20
[2026/09/15 19:01:23] 发送(hex): 20
[2026/09/15 19:01:23] 发送(hex): 20
[2026/09/15 19:01:23] 发送(hex): 20
[2026/09/15 19:01:23] 发送(hex): 20
[2026/09/15 19:01:23] 发送(hex): 20
[2026/09/15 19:01:23] 发送(hex): 20
[2026/09/15 19:01:23] 发送(hex): 20
[2026/09/15 19:01:23] 发送(hex): 20
[2026/09/15 19:01:23] 发送(hex): 20
[2026/09/15 19:01:23] 发送(hex): 20
[2026/09/15 19:01:23] 发送(hex): 20
[2026/09/15 19:01:23] 发送(hex): 20
[2026/09/15 19:01:23] 发送(hex): 20
[2026/09/15 19:01:23] 发送(hex): 20
[2026/09/15 19:01:23] 发送(hex): 20
[2026/09/15 19:01:23] 发送(hex): 20
[2026/09/15 19:01:23] 发送(hex): 20
[2026/09/15 19:01:23] 发送(hex): 20
[2026/09/15 19:01:23] 发送(hex): 20
[2026/09/15 19:01:23] 发送(hex): 20
[2026/09/15 19:01:23] 发送(hex): 20
[2026/09/15 19:01:23] 发送(hex): 20
[2026/09/15 19:01:23] 发送(hex): 20
[2026/09/15 19:01:23] 发送(hex): 20
[2026/09/15 19:01:23] 发送(hex): 20
[2026/09/15 19:01:23] 发送(hex): 20
[2026/09/15 19:01:23] 发送(hex): 20
[2026/09/15 19:01:23] 发送(hex): 20
[2026/09/15 19:01:23] 发送(hex): 20
[2026/09/15 19:01:23] 发送(hex): 20
[2026/09/15 19:01:23] 发送(hex): 20
[2026/09/15 19:01:23] 发送(hex): 20
[2026/09/15 19:01:24] 发送(hex): 20
[2026/09/15 19:01:24] 发送(hex): 20
[2026/09/15 19:01:24] 发送(hex): 20
[2026/09/15 19:01:24] 发送(hex): 20
[2026/09/15 19:01:24] 发送(hex): 20
[2026/09/15 19:01:24] 发送(hex): 20
[2026/09/15 19:01:24] 发送(hex): 20
[2026/09/15 19:01:24] 发送(hex): 20
[2026/09/15 19:01:24] 发送(hex): 20
[2026/09/15 19:01:24] 发送(hex): 20
[2026/09/15 19:01:24] 发送(hex): 20
[2026/09/15 19:01:24] 发送(hex): 20
[2026/09/15 19:01:24] 发送(hex): 20
[2026/09/15 19:01:24] 发送(hex): 20
[2026/09/15 19:01:24] 发送(hex): 20
[2026/09/15 19:01:24] 发送(hex): 20
[2026/09/15 19:01:24] 发送(hex): 20
[2026/09/15 19:01:24] 发送(hex): 20
[2026/09/15 19:01:24] 发送(hex): 20
[2026/09/15 19:01:24] 发送(hex): 20
[2026/09/15 19:01:24] 发送(hex): 20
[2026/09/15 19:01:24] 发送(hex): 20
[2026/09/15 19:01:24] 发送(hex): 20
[2026/09/15 19:01:24] 发送(hex): 20
[2026/09/15 19:01:24] 发送(hex): 20
[2026/09/15 19:01:24] 发送(hex): 20
[2026/09/15 19:01:24] 发送(hex): 20
[2026/09/15 19:01:24] 发送(hex): 20
[2026/09/15 19:01:24] 发送(hex): 20
[2026/09/15 19:01:24] 发送(hex): 20
[2026/09/15 19:01:24] 发送(hex): 20
[2026/09/15 19:01:24] 发送(hex): 20
[2026/09/15 19:01:24] 发送(hex): 20
[2026/09/15 19:01:24] 发送(hex): 20
[2026/09/15 19:01:24] 发送(hex): 20
[2026/09/15 19:01:24] 发送(hex): 20
[2026/09/15 19:01:24] 发送(hex): 20
[2026/09/15 19:01:24] 发送(hex): 20
[2026/09/15 19:01:24] 发送(hex): 20
[2026/09/15 19:01:24] 发送(hex): 20
[2026/09/15 19:01:24] 发送(hex): 20
[2026/09/15 19:01:24] 发送(hex): 20
[2026/09/15 19:01:24] 发送(hex): 20
[2026/09/15 19:01:24] 发送(hex): 20
[2026/09/15 19:01:24] 发送(hex): 20
[2026/09/15 19:01:24] 发送(hex): 20
[2026/09/15 19:01:24] 发送(hex): 20
[2026/09/15 19:01:24] 发送(hex): 20
[2026/09/15 19:01:24] 发送(hex): 20
[2026/09/15 19:01:24] 发送(hex): 20
[2026/09/15 19:01:24] 发送(hex): 20
[2026/09/15 19:01:24] 发送(hex): 20
[2026/09/15 19:01:24] 发送(hex): 20
[2026/09/15 19:01:24] 发送(hex): 20
[2026/09/15 19:01:24] 发送(hex): 20
[2026/09/15 19:01:24] 发送(hex): 20
[2026/09/15 19:01:24] 发送(hex): 20
[2026/09/15 19:01:24] 发送(hex): 20
[2026/09/15 19:01:24] 发送(hex): 20
[2026/09/15 19:01:24] 发送(hex): 20
[2026/09/15 19:01:24] 发送(hex): 20
[2026/09/15 19:01:24] 发送(hex): 20
[2026/09/15 19:01:24] 发送(hex): 20
[2026/09/15 19:01:24] 发送(hex): 20
[2026/09/15 19:01:24] 发送(hex): 20
[2026/09/15 19:01:24] 发送(hex): 20
[2026/09/15 19:01:24] 发送(hex): 20
[2026/09/15 19:01:24] 发送(hex): 20
[2026/09/15 19:01:24] 发送(hex): 20
[2026/09/15 19:01:24] 发送(hex): 20
[2026/09/15 19:01:24] 发送(hex): 20
[2026/09/15 19:01:24] 发送(hex): 20
[2026/09/15 19:01:24] 发送(hex): 20
[2026/09/15 19:01:24] 发送(hex): 20
[2026/09/15 19:01:24] 发送(hex): 20
[2026/09/15 19:01:24] 发送(hex): 20
[2026/09/15 19:01:24] 发送(hex): 20
[2026/09/15 19:01:24] 发送(hex): 20
[2026/09/15 19:01:24] 发送(hex): 20
[2026/09/15 19:01:24] 发送(hex): 20
[2026/09/15 19:01:24] 发送(hex): 20
[2026/09/15 19:01:24] 发送(hex): 20
[2026/09/15 19:01:24] 发送(hex): 20
[2026/09/15 19:01:24] 发送(hex): 20
[2026/09/15 19:01:24] 发送(hex): 20
[2026/09/15 19:01:24] 发送(hex): 20
[2026/09/15 19:01:24] 发送(hex): 20
[2026/09/15 19:01:24] 发送(hex): 20
[2026/09/15 19:01:24] 发送(hex): 20
[2026/09/15 19:01:24] 发送(hex): 20
[2026/09/15 19:01:24] 发送(hex): 20
[2026/09/15 19:01:24] 发送(hex): 20
[2026/09/15 19:01:24] 发送(hex): 20
[2026/09/15 19:01:24] 发送(hex): 20
[2026/09/15 19:01:25] 发送(hex): 20
[2026/09/15 19:01:25] 发送(hex): 20
[2026/09/15 19:01:25] 发送(hex): 20
[2026/09/15 19:01:25] 发送(hex): 20
[2026/09/15 19:01:25] 发送(hex): 20
[2026/09/15 19:01:25] 发送(hex): 20
[2026/09/15 19:01:25] 发送(hex): 20
[2026/09/15 19:01:25] 发送(hex): 20
[2026/09/15 19:01:25] 发送(hex): 20
[2026/09/15 19:01:25] 发送(hex): 20
[2026/09/15 19:01:25] 发送(hex): 20
[2026/09/15 19:01:25] 发送(hex): 20
[2026/09/15 19:01:25] 发送(hex): 20
[2026/09/15 19:01:25] 发送(hex): 20
[2026/09/15 19:01:25] 发送(hex): 20
[2026/09/15 19:01:25] 发送(hex): 20
[2026/09/15 19:01:25] 发送(hex): 20
[2026/09/15 19:01:25] 发送(hex): 20
[2026/09/15 19:01:25] 发送(hex): 20
[2026/09/15 19:01:25] 发送(hex): 20
[2026/09/15 19:01:25] 发送(hex): 20
[2026/09/15 19:01:25] 发送(hex): 20
[2026/09/15 19:01:25] 发送(hex): 20
[2026/09/15 19:01:25] 发送(hex): 20
[2026/09/15 19:01:25] 发送(hex): 20
[2026/09/15 19:01:25] 发送(hex): 20
[2026/09/15 19:01:25] 发送(hex): 20
[2026/09/15 19:01:25] 发送(hex): 20
[2026/09/15 19:01:25] 发送(hex): 20
[2026/09/15 19:01:25] 发送(hex): 20
[2026/09/15 19:01:25] 发送(hex): 20
[2026/09/15 19:01:25] 发送(hex): 20
[2026/09/15 19:01:25] 发送(hex): 20
[2026/09/15 19:01:25] 发送(hex): 20
[2026/09/15 19:01:25] 发送(hex): 20
[2026/09/15 19:01:25] 发送(hex): 20
[2026/09/15 19:01:25] 发送(hex): 20
[2026/09/15 19:01:25] 发送(hex): 20
[2026/09/15 19:01:25] 发送(hex): 20
[2026/09/15 19:01:25] 发送(hex): 20
[2026/09/15 19:01:25] 发送(hex): 20
[2026/09/15 19:01:25] 发送(hex): 20
[2026/09/15 19:01:25] 发送(hex): 20
[2026/09/15 19:01:25] 发送(hex): 20
[2026/09/15 19:01:25] 发送(hex): 20
[2026/09/15 19:01:25] 发送(hex): 20
[2026/09/15 19:01:25] 发送(hex): 20
[2026/09/15 19:01:25] 发送(hex): 20
[2026/09/15 19:01:25] 发送(hex): 20
[2026/09/15 19:01:25] 发送(hex): 20
[2026/09/15 19:01:25] 发送(hex): 20
[2026/09/15 19:01:25] 发送(hex): 20
[2026/09/15 19:01:25] 发送(hex): 20
[2026/09/15 19:01:25] 发送(hex): 20
[2026/09/15 19:01:25] 发送(hex): 20
[2026/09/15 19:01:25] 发送(hex): 20
[2026/09/15 19:01:25] 发送(hex): 20
[2026/09/15 19:01:25] 发送(hex): 20
[2026/09/15 19:01:25] 发送(hex): 20
[2026/09/15 19:01:25] 发送(hex): 20
[2026/09/15 19:01:25] 发送(hex): 20
[2026/09/15 19:01:25] 发送(hex): 20
[2026/09/15 19:01:25] 发送(hex): 20
[2026/09/15 19:01:25] 发送(hex): 20
[2026/09/15 19:01:25] 发送(hex): 20
[2026/09/15 19:01:25] 发送(hex): 20
[2026/09/15 19:01:25] 发送(hex): 20
[2026/09/15 19:01:25] 发送(hex): 20
[2026/09/15 19:01:25] 发送(hex): 20
[2026/09/15 19:01:25] 发送(hex): 20
[2026/09/15 19:01:25] 发送(hex): 20
[2026/09/15 19:01:25] 发送(hex): 20
[2026/09/15 19:01:25] 发送(hex): 20
[2026/09/15 19:01:25] 发送(hex): 20
[2026/09/15 19:01:25] 发送(hex): 20
[2026/09/15 19:01:25] 发送(hex): 20
[2026/09/15 19:01:25] 发送(hex): 20
[2026/09/15 19:01:25] 发送(hex): 20
[2026/09/15 19:01:25] 发送(hex): 20
[2026/09/15 19:01:25] 发送(hex): 20
[2026/09/15 19:01:25] 发送(hex): 20
[2026/09/15 19:01:25] 发送(hex): 20
[2026/09/15 19:01:25] 发送(hex): 20
[2026/09/15 19:01:25] 发送(hex): 20
[2026/09/15 19:01:25] 发送(hex): 20
[2026/09/15 19:01:25] 发送(hex): 20
[2026/09/15 19:01:25] 发送(hex): 20
[2026/09/15 19:01:25] 发送(hex): 20
[2026/09/15 19:01:25] 发送(hex): 20
[2026/09/15 19:01:25] 发送(hex): 20
[2026/09/15 19:01:25] 发送(hex): 20
[2026/09/15 19:01:25] 发送(hex): 20
[2026/09/15 19:01:25] 发送(hex): 20
[2026/09/15 19:01:25] 发送(hex): 20
[2026/09/15 19:01:25] 发送(hex): 20
[2026/09/15 19:01:26] 发送(hex): 20
[2026/09/15 19:01:26] 发送(hex): 20
[2026/09/15 19:01:26] 发送(hex): 20
[2026/09/15 19:01:26] 发送(hex): 20
[2026/09/15 19:01:26] 发送(hex): 20
[2026/09/15 19:01:26] 发送(hex): 20
[2026/09/15 19:01:26] 发送(hex): 20
[2026/09/15 19:01:26] 发送(hex): 20
[2026/09/15 19:01:26] 发送(hex): 20
[2026/09/15 19:01:26] 发送(hex): 20
[2026/09/15 19:01:26] 发送(hex): 20
[2026/09/15 19:01:26] 发送(hex): 20
[2026/09/15 19:01:26] 发送(hex): 20
[2026/09/15 19:01:26] 发送(hex): 20
[2026/09/15 19:01:26] 发送(hex): 20
[2026/09/15 19:01:26] 发送(hex): 20
[2026/09/15 19:01:26] 发送(hex): 20
[2026/09/15 19:01:26] 发送(hex): 20
[2026/09/15 19:01:26] 发送(hex): 20
[2026/09/15 19:01:26] 发送(hex): 20
[2026/09/15 19:01:26] 发送(hex): 20
[2026/09/15 19:01:26] 发送(hex): 20
[2026/09/15 19:01:26] 发送(hex): 20
[2026/09/15 19:01:26] 发送(hex): 20
[2026/09/15 19:01:26] 发送(hex): 20
[2026/09/15 19:01:26] 发送(hex): 20
[2026/09/15 19:01:26] 发送(hex): 20
[2026/09/15 19:01:26] 发送(hex): 20
[2026/09/15 19:01:26] 发送(hex): 20
[2026/09/15 19:01:26] 发送(hex): 20
[2026/09/15 19:01:26] 发送(hex): 20
[2026/09/15 19:01:26] 发送(hex): 20
[2026/09/15 19:01:26] 发送(hex): 20
[2026/09/15 19:01:26] 发送(hex): 20
[2026/09/15 19:01:26] 发送(hex): 20
[2026/09/15 19:01:26] 发送(hex): 20
[2026/09/15 19:01:26] 发送(hex): 20
[2026/09/15 19:01:26] 发送(hex): 20
[2026/09/15 19:01:26] 发送(hex): 20
[2026/09/15 19:01:26] 发送(hex): 20
[2026/09/15 19:01:26] 发送(hex): 20
[2026/09/15 19:01:26] 发送(hex): 20
[2026/09/15 19:01:26] 发送(hex): 20
[2026/09/15 19:01:26] 发送(hex): 20
[2026/09/15 19:01:26] 发送(hex): 20
[2026/09/15 19:01:26] 发送(hex): 20
[2026/09/15 19:01:26] 发送(hex): 20
[2026/09/15 19:01:26] 发送(hex): 20
[2026/09/15 19:01:26] 发送(hex): 20
[2026/09/15 19:01:26] 发送(hex): 20
[2026/09/15 19:01:26] 发送(hex): 20
[2026/09/15 19:01:26] 发送(hex): 20
[2026/09/15 19:01:26] 发送(hex): 20
[2026/09/15 19:01:26] 发送(hex): 20
[2026/09/15 19:01:26] 发送(hex): 20
[2026/09/15 19:01:26] 发送(hex): 20
[2026/09/15 19:01:26] 发送(hex): 20
[2026/09/15 19:01:26] 发送(hex): 20
[2026/09/15 19:01:26] 发送(hex): 20
[2026/09/15 19:01:26] 发送(hex): 20
[2026/09/15 19:01:26] 发送(hex): 20
[2026/09/15 19:01:26] 发送(hex): 20
[2026/09/15 19:01:26] 发送(hex): 20
[2026/09/15 19:01:26] 发送(hex): 20
[2026/09/15 19:01:26] 发送(hex): 20
[2026/09/15 19:01:26] 发送(hex): 20
[2026/09/15 19:01:26] 发送(hex): 20
[2026/09/15 19:01:26] 发送(hex): 20
[2026/09/15 19:01:26] 发送(hex): 20
[2026/09/15 19:01:26] 发送(hex): 20
[2026/09/15 19:01:26] 发送(hex): 20
[2026/09/15 19:01:26] 发送(hex): 20
[2026/09/15 19:01:26] 发送(hex): 20
[2026/09/15 19:01:26] 发送(hex): 20
[2026/09/15 19:01:26] 发送(hex): 20
[2026/09/15 19:01:26] 发送(hex): 20
[2026/09/15 19:01:26] 发送(hex): 20
[2026/09/15 19:01:26] 发送(hex): 20
[2026/09/15 19:01:26] 发送(hex): 20
[2026/09/15 19:01:26] 发送(hex): 20
[2026/09/15 19:01:26] 发送(hex): 20
[2026/09/15 19:01:26] 发送(hex): 20
[2026/09/15 19:01:26] 发送(hex): 20
[2026/09/15 19:01:26] 发送(hex): 20
[2026/09/15 19:01:26] 发送(hex): 20
[2026/09/15 19:01:26] 发送(hex): 20
[2026/09/15 19:01:26] 发送(hex): 20
[2026/09/15 19:01:26] 发送(hex): 20
[2026/09/15 19:01:26] 发送(hex): 20
[2026/09/15 19:01:26] 发送(hex): 20
[2026/09/15 19:01:26] 发送(hex): 20
[2026/09/15 19:01:26] 发送(hex): 20
[2026/09/15 19:01:26] 发送(hex): 20
[2026/09/15 19:01:26] 发送(hex): 20
[2026/09/15 19:01:27] 发送(hex): 20
[2026/09/15 19:01:27] 发送(hex): 20
[2026/09/15 19:01:27] 发送(hex): 20
[2026/09/15 19:01:27] 发送(hex): 20
[2026/09/15 19:01:27] 发送(hex): 20
[2026/09/15 19:01:27] 发送(hex): 20
[2026/09/15 19:01:27] 发送(hex): 20
[2026/09/15 19:01:27] 发送(hex): 20
[2026/09/15 19:01:27] 发送(hex): 20
[2026/09/15 19:01:27] 发送(hex): 20
[2026/09/15 19:01:27] 发送(hex): 20
[2026/09/15 19:01:27] 发送(hex): 20
[2026/09/15 19:01:27] 发送(hex): 20
[2026/09/15 19:01:27] 发送(hex): 20
[2026/09/15 19:01:27] 发送(hex): 20
[2026/09/15 19:01:27] 发送(hex): 20
[2026/09/15 19:01:27] 发送(hex): 20
[2026/09/15 19:01:27] 发送(hex): 20
[2026/09/15 19:01:27] 发送(hex): 20
[2026/09/15 19:01:27] 发送(hex): 20
[2026/09/15 19:01:27] 发送(hex): 20
[2026/09/15 19:01:27] 发送(hex): 20
[2026/09/15 19:01:27] 发送(hex): 20
[2026/09/15 19:01:27] 发送(hex): 20
[2026/09/15 19:01:27] 发送(hex): 20
[2026/09/15 19:01:27] 发送(hex): 20
[2026/09/15 19:01:27] 发送(hex): 20
[2026/09/15 19:01:27] 发送(hex): 20
[2026/09/15 19:01:27] 发送(hex): 20
[2026/09/15 19:01:27] 发送(hex): 20
[2026/09/15 19:01:27] 发送(hex): 20
[2026/09/15 19:01:27] 发送(hex): 20
[2026/09/15 19:01:27] 发送(hex): 20
[2026/09/15 19:01:27] 发送(hex): 20
[2026/09/15 19:01:27] 发送(hex): 20
[2026/09/15 19:01:27] 发送(hex): 20
[2026/09/15 19:01:27] 发送(hex): 20
[2026/09/15 19:01:27] 发送(hex): 20
[2026/09/15 19:01:27] 发送(hex): 20
[2026/09/15 19:01:27] 发送(hex): 20
[2026/09/15 19:01:27] 发送(hex): 20
[2026/09/15 19:01:27] 发送(hex): 20
[2026/09/15 19:01:27] 发送(hex): 20
[2026/09/15 19:01:27] 发送(hex): 20
[2026/09/15 19:01:27] 发送(hex): 20
[2026/09/15 19:01:27] 发送(hex): 20
[2026/09/15 19:01:27] 发送(hex): 20
[2026/09/15 19:01:27] 发送(hex): 20
[2026/09/15 19:01:27] 发送(hex): 20
[2026/09/15 19:01:27] 发送(hex): 20
[2026/09/15 19:01:27] 发送(hex): 20
[2026/09/15 19:01:27] 发送(hex): 20
[2026/09/15 19:01:27] 发送(hex): 20
[2026/09/15 19:01:28] 发送(hex): 0d
[2026/09/15 19:01:28] 发送(hex): 0d
[2026/09/15 19:01:28] 发送(hex): 0d
[2026/09/15 19:01:28] Realtek>
[2026/09/15 19:01:28] Realtek>
[2026/09/15 19:01:28] 发送(hex): 0d
[2026/09/15 19:01:28] Realtek>
[2026/09/15 19:01:28] 发送(hex): 0d
[2026/09/15 19:01:28] Realtek>
[2026/09/15 19:01:28] Realtek
[2026/09/15 19:01:28] >
[2026/09/15 19:01:33] 发送(hex): 706d6f646520656e61626c653b72650d
[2026/09/15 19:01:33] pmode enable;re
[2026/09/15 19:01:33] uboot command fo
[2026/09/15 19:01:33] r pmode enable!
[2026/09/15 19:01:33] resetting ...
[2026/09/15 19:01:33] $
[2026/09/15 19:01:33] Post romcode git ver:42df880604ac78a3 (Aug 28 2026 21:41:35)
[2026/09/15 19:01:33] $
[2026/09/15 19:01:33] Hello world, RTD2875P_CN2_TV030!
[2026/09/15 19:01:33] set_wifi_reset
[2026/09/15 19:01:33] Auxcode git ver:3a4deb9ea300359e (Aug 28 2026 21:41:29)
[2026/09/15 19:01:33] flash_type = 2, secure_type = 2
[2026/09/15 19:01:33] b8062204=20000
[2026/09/15 19:01:33] slot info 0 0x0 info 1 0x9021afbe
[2026/09/15 19:01:33] g_gpt_blk_start 0x1  g_offline_gpt 0x0 last_usable_lba 0x1cd2032 num_partition_entries 0x32
[2026/09/15 19:01:33] start 0x2e600000 clt_blk 0x1973004 ctrl size 0x20
[2026/09/15 19:01:33] choose active index 0
[2026/09/15 19:01:33] part name bootloader ative_slot _a real part name bootloader_a
[2026/09/15 19:01:33] part name hwsetting start 0x100000 size 0x33600
[2026/09/15 19:01:33] part name ext_fw start 0x133600 size 0x10400
[2026/09/15 19:01:33] part name kboot start 0x143a00 size 0x16e00
[2026/09/15 19:01:33] part name uboot start 0x15a800 size 0x120400
[2026/09/15 19:01:33] ls4 2 1 = 800040ab 8000207f 80001000
[2026/09/15 19:01:33] fNewHWsettingArch = 2
[2026/09/15 19:01:33] 1.lsadcidx = 2, brand =3, offset = 0
[2026/09/15 19:01:33] 1.lsadcidx = 2, brand =3, offset = 17800
[2026/09/15 19:01:33] hwsetting from mmc
[2026/09/15 19:01:33] AC on HW offset 0x809 start 0x800 reg 0x8090800
[2026/09/15 19:01:33] total = 2f00
[2026/09/15 19:01:33] A
[2026/09/15 19:01:33] A
[2026/09/15 19:01:33] A
[2026/09/15 19:01:33] A
[2026/09/15 19:01:33] A
[2026/09/15 19:01:33] {12 14}
[2026/09/15 19:01:33] ffeedd
[2026/09/15 19:01:33] ffeeddddr ver: 62c63180
[2026/09/15 19:01:33] ori DQS0~7 {03 04 1a 1c 00 01 00 00}
[2026/09/15 19:01:33] {01 03 19 1b 00 01 00 00} {0a 09 06 09 06 05 00 00}
[2026/09/15 19:01:33] r.y.0 r.
[2026/09/15 19:01:33] y.0 SCPU BISR status: Done
[2026/09/15 19:01:33] [go kb]
[2026/09/15 19:01:33] pass bootcode
[2026/09/15 19:01:33] info to kboot
[2026/09/15 19:01:33] num=1056
[2026/09/15 19:01:33] boot_magic=20230423
[2026/09/15 19:01:33] ---DEBUG kboot 21:41:14 Aug 28 2026 ---
[2026/09/15 19:01:33] [Kboot]eMMC(mid-15) MMC_HS50 (50000000Mhz)[8bit].
[2026/09/15 19:01:33] block info 0x1cd2032 0x3a3e000.
[2026/09/15 19:01:33] [MMC] 32 -----------> 16GB.
[2026/09/15 19:01:33] (2379beef) (0) bufsize=(null)
[2026/09/15 19:01:33] uboot start 0x15a800 size 0x120400
[2026/09/15 19:01:33] board_version: ls1 = 0, v
[2026/09/15 19:01:33] er: 0
[2026/09/15 19:01:33] [0;31mapp_main 325 board_version=0[0m
[2026/09/15 19:01:33] get FW_TZFW flash start 0xf100200 ddr buf start 0x180000
[2026/09/15 19:01:33] image size 010c2e3 ok!
[2026/09/15 19:01:33] [INFO]RPMB auth key not written !
[2026/09/15 19:01:33] [INFO]RPMB auth key not written !
[2026/09/15 19:01:33] Current board is not frist boot.
[2026/09/15 19:01:33] ALL zero, reserved_3 has removed.
[2026/09/15 19:01:33] Current board remove reserved_3 done.
[2026/09/15 19:01:34] get FW_VKERNEL flash s
[2026/09/15 19:01:34] tart 0xc100200 ddr buf start 0x1a900000 image size 05f0300 ok!
[2026/09/15 19:01:34] get FW_VKERNEL2 flash start 0xd900200 ddr buf start 0x1af00000 image size 0f4920 ok!
[2026/09/15 19:01:34] get FW_AKERNEL flash start 0xa900200 ddr buf start 0x1b200000 image size 07fbf7c ok!
[2026/09/15 19:01:34] ATFATFATF:0 1 NOTICE: kill CPU(2)...
[2026/09/15 19:01:34] ATF:0 1 NOTICE: kill (2) : PACTIVE:0
[2026/09/15 19:01:34] ATF:0 1 NOTICE:  CPU(2) kill done, pstate(0x0)
[2026/09/15 19:01:34] U
[2026/09/15 19:01:34] fixup_node_name 555. set /reserved-memory@5 to /reserved-memory
[2026/09/15 19:01:34] fixup_node_name 555. set /rtk_cma@5 to /rtk_cma
[2026/09/15 19:01:34] ### [1;31mERROR[0m ### get_movablecore 613. Can't find dtb node /reserved-memory/cma2_memory/reg
[2026/09/15 19:01:34] reinit_mem_info 1049  ddr_size 80000000
[2026/09/15 19:01:34] booting, boot_led_type: 0x00000000, led on[1]
[2026/09/15 19:01:34] set share register: 0x99100000
[2026/09/15 19:01:34] boot_power_on_mode=1
[2026/09/15 19:01:34] [get_layout:1264]!
[2026/09/15 19:01:34] boot_part value = 0 boot_tag value = 21
[2026/09/15 19:01:34] [get_oemkey] 1397: get oem.key = ATV00107525
[2026/09/15 19:01:34] F
[2026/09/15 19:01:34] actory_RO: [EXT4] factory_ro_buffer:0a800000, factory_ro_buffer size:0x1000000!
[2026/09/15 19:01:34] Partiton factory_ro_a located at 0:6
[2026/09/15 19:01:34] factory_ro_a partition can not find /.000@bk@***!
[2026/09/15 19:01:34] Factory RO no need recovery!
[2026/09/15 19:01:34] Get tvconfigs_a partition block device index fail!
[2026/09/15 19:01:34] read customer.ini file fail!
[2026/09/15 19:01:34] parse SYS_INI path fail
[2026/09/15 19:01:34] Not support board ini mechansim!
[2026/09/15 19:01:34] Get tvconfigs_a partition block device index fail!
[2026/09/15 19:01:34] read customer.ini file fail!
[2026/09/15 19:01:34] parse SYS_INI path fail
[2026/09/15 19:01:34] load model ini file fail
[2026/09/15 19:01:34] cannot find PcbPath from ini file
[2026/09/15 19:01:34] no pcb.config in tvconfigs
[2026/09/15 19:01:34] no mnt/vendor/factorypcb.config
[2026/09/15 19:01:36] delay:342
[2026/09/15 19:01:37] Vwait V1go
[2026/09/15 19:01:37] Vwait V2go
[2026/09/15 19:01:37] DEMOD BISR check Pass and disable demod CLK!!
[2026/09/15 19:01:37] [0;31mboard_version=0 sz=18M[0m
[2026/09/15 19:01:37] ATF:0 1 NOTICE: atf enter time:1181ms, current time:3992ms
[2026/09/15 19:01:37] ATF:0 1 NOTICE: 1st boot elapsed 3998ms
