[BEGIN] 2026/09/09 23:07:19
[2026/09/09 23:07:20] [
[2026/09/09 23:07:20] 0.321969][    T1] clk_mt5896: we have : PM
[2026/09/09 23:07:20] [    0.321992][    T1] clk_mt5896: we have : NONPM
[2026/09/09 23:07:20] [Ramlog] tee_config_dyn_ramlog_by_cookie is success
[2026/09/09 23:07:20] [    0.468965][    T1] [K][EFUSE]mtk_efuse_init() ----- START
[2026/09/09 23:07:20] [    0.474577][    T1] [K][EFUSE]mtk_efuse_init() ----> OK
[2026/09/09 23:07:20] [    0.486989][    T1] ir set ir_arm_en to 1.
[2026/09/09 23:07:20] [    0.491191][    T1] ir get boot status 2.
[2026/09/09 23:07:20] [    0.495240][    T1] ir set boot status to 3.
[2026/09/09 23:07:20] [    0.499512][    T1] ir get key 65535.
[2026/09/09 23:07:20] [    0.503219][    T1] mtk-ir 1c080000.ir_in: ir probe done.
[2026/09/09 23:07:20] [    0.515013][    T1] [0][0][0]
[2026/09/09 23:07:20] [    0.525869][    T1] add null memory dma_heap with name mtk_nullmem_1
[2026/09/09 23:07:20] [    0.532292][    T1]     range from 0x3000000 to 0x13000000
[2026/09/09 23:07:20] [    0.532292][    T1]
[2026/09/09 23:07:20] [    0.532292][    T1]
[2026/09/09 23:07:20] [    0.565074][    T1] we have : seal
[2026/09/09 23:07:20] [    0.591158][   T67] mtk_mci 1c660000.mtk-mmc-fcie: [ mtk_fcie_set_ios() Ln.4351 ]
[2026/09/09 23:07:20] [    0.598764][   T67] mtk_mci 1c660000.mtk-mmc-fcie: Ld HS400ES
[2026/09/09 23:07:20] [    0.606405][   T67] mtk_mci 1c660000.mtk-mmc-fcie: eMMC: HS400 5.1 200MHz
[2026/09/09 23:07:20] [    0.613531][   T67] mtk_mci 1c660000.mtk-mmc-fcie: eMMC: HS400 5.1 200MHz
[2026/09/09 23:07:20] [    0.672122][    T1] [Alg Debug] MApi_PQ_CLI_CFD_Init sucess!!
[2026/09/09 23:07:20] [    0.681674][    T1] lizw pp 1
[2026/09/09 23:07:20] [    0.687054][    T1] tcl_action_monitor: kfault kernel timeout init
[2026/09/09 23:07:21] [    1.674087][  T125] tcl_action_monitor: kfault stop kernel init timeout
[2026/09/09 23:07:22] console:/ $
[2026/09/09 23:07:22] [    2.850591][  T125] tcl_action_monitor: kfault stop kernel init timeout
[2026/09/09 23:07:22] [    2.859416][  T125] tcl_action_monitor: kfault stop kernel init timeout
[2026/09/09 23:07:22] [    2.870552][  T125] tcl_action_monitor: kfault stop kernel init timeout
[2026/09/09 23:07:23] [0;32;31m [ramlog] tee_get_ramlog_config 586 [m
[2026/09/09 23:07:23] [ramlog] Chip ID: 48 e2 a3 c5 22 31 98 47 98 04 00 00
[2026/09/09 23:07:23] [ramlog] TEE log is not enabled (I2C mode:1)
[2026/09/09 23:07:24] [    4.
[2026/09/09 23:07:24] 982348][  T315] mtk_and: line 0: glide-disk-cach%com.google.android.apps.tv.launcherx=S:N-20
[2026/09/09 23:07:24] [    4.991651][  T315] mtk_and: line 1: animation%com.netflix.ninja=S:N-10
[2026/09/09 23:07:24] [    4.998349][  T315] mtk_and: line 2: CastV2_Signing_%com.google.android.apps.mediashell=S:N-10
[2026/09/09 23:07:24] [    5.006964][  T315] mtk_and: line 3: Thread-17%com.amazon.amazonvideo.livingroom=S:R1
[2026/09/09 23:07:24] [    5.014797][  T315] mtk_and: line 4: Thread-18%com.amazon.amazonvideo.livingroom=S:R1
[2026/09/09 23:07:25] [    5.334303][  T125] mtu3 1c7a3e00.usb: ssusb clock enable
[2026/09/09 23:07:25] [    5.348090][  T125] mtu3 1c1b3e00.usb: ssusb clock enable
[2026/09/09 23:07:25] In
[2026/09/09 23:07:25] fo: get MI daemon priority before System Init: [-20]
[2026/09/09 23:07:25] [mi_daemon]!!!Enter MI daemon prcoess!! start time =5447
[2026/09/09 23:07:25] [mi_daemon][HASHKEY]{_Bin_Hashkey_Init,692} ----- START not bGingaSupported
[2026/09/09 23:07:25] [mi_daemon][HASHKEY]{_Bin_Hashkey_Init,697} ----- START
[2026/09/09 23:07:25] [mi_daemon][HASHKEY]{_getPathFromDataIndex,620} pszFilePath:/tclconfig/hardware/param/soc/dataIndex_00_WW_4K60_VbyOne.ini
[2026/09/09 23:07:25] Cannot get key 'HASHKEY:hashkey_file' in dataIndex file /tclconfig/hardware/param/soc/dataIndex_00_WW_4K60_VbyOne.ini
[2026/09/09 23:07:25] [IPAUTH][HASHKEY]{MApi_IPAUTH_Init_by_bin,580} (iBinSize:306)
[2026/09/09 23:07:25] [IPAUTH]{_IPAUTH_ReadDebugFile,308} ----- START
[2026/09/09 23:07:25] [IPAUTH]{_IPAUTH_ReadDebugFile,317} Debug file is not exist~(/data/vendor/ipauth_debug.txt)
[2026/09/09 23:07:25] [IPAUTH][HASHKEY]{MApi_IPAUTH_Init_by_bin,631} u16CustomerId:0x19
[2026/09/09 23:07:25] [IPAUTH][HASHKEY]{MApi_IPAUTH_Init_by_bin,693} u16HashkeyChipId:0x10D
[2026/09/09 23:07:25] [IPAUTH][HASHKEY]{_IPAUTH_HASHKEY_Verify,406} call HASHKEY_Verify()
[2026/09/09 23:07:25] [IPAUTH][HASHKEY]{_IPAUTH_HASHKEY_Verify,408} HASHKEY_Verify() return 0
[2026/09/09 23:07:25] [IPAUTH][HASHKEY]{MApi_IPAUTH_Init_by_bin,750} set _u8_hashkey_verify_result=OK
[2026/09/09 23:07:25] [IPAUTH][HASHKEY]{_IPAUTH_HASHKEY_set_BinDataToKernel,503} (u32Para1:1, pu8BinBuf:0xFFE245D0, u32BufSize:306)
[2026/09/09 23:07:25] [IPAUTH][HASHKEY]{_IPAUTH_HASHKEY_set_BinDataToKernel,523} cmd:0x8791, u32_para_1:0x1, u32BufSize_in:306
[2026/09/09 23:07:25] [mi_daemon]!!!Enter MI daemon flow time=5447!!
[2026/09/09 23:07:25] [mi_daemon]{_MI_SYS_Init,809} _MI_SYS_Init() ----- START
[2026/09/09 23:07:25] !!!MI daemon prcoess start! MI daemon cost time=106!!!
[2026/09/09 23:07:25] Info: get MI daemon priority after Module Init: [0]
[2026/09/09 23:07:25] [    6.131759][  T125] realtime_framework_init is invoked
[2026/09/09 23:07:25] [    6.137225][  T125] realtime_module_init [538], REALTIME_UID=2941
[2026/09/09 23:07:25] [    6.155779][  T394] tcl_vdf: vd
[2026/09/09 23:07:25] f_send_task run..
[2026/09/09 23:07:26] [    6.305273][  T400] [austin_demod_dd][demod_probe] name = [austin_demod]
[2026/09/09 23:07:26] [    6.313551][  T400] [demod_probe][120] austin_dev->client->addr = 0x79
[2026/09/09 23:07:26] [    6.320957][  T400] [austin_chk_exist][74] ret -121, --- 0 9 3 2
[2026/09/09 23:07:26] modprobe: alias lines in modules.alias must have 3 entries, not 5
[2026/09/09 23:07:26] modprobe: alias lines in modules.alias must have 3 entries, not 5
[2026/09/09 23:07:26] modprobe: alias lines in modules.alias mus[    6.344711][  T400] [mdbgin_merak_demod_dd][mtk_demod_custom_file_open][2503] __entry__
[2026/09/09 23:07:26] t have 3 entries[    6.354304][  T400] [mtk_demod_custom_file_open][2542] CUSTOM_EQ_TYPE7
[2026/09/09 23:07:26] , not 4
[2026/09/09 23:07:26] modprob[    6.362220][  T400] [mtk_demod_custom_file_open][2554] custom file open fail !
[2026/09/09 23:07:26] e: alias lines i[    6.370998][  T400] 1ce00000.mtk-demod is already registered, pass it
[2026/09/09 23:07:26] n modules.alias must have 3 entries, not 7
[2026/09/09 23:07:26] modprobe: alias lines in modules.alias must have 3 entries, not 5
[2026/09/09 23:07:26] modprobe: alias lines in modules.alias must have 3 entries, not 4
[2026/09/09 23:07:26] modprobe: alias lines in modules.alias must have 3 entries, no[    6.398247][  T399] of_node: mtk,apusys not found
[2026/09/09 23:07:26] t 4
[2026/09/09 23:07:26] modprobe: alias lines in modules.alias must have 3 entries, not 6
[2026/09/09 23:07:26] modprobe: alias lines in modules.alias must have 3 entries, not 5
[2026/09/09 23:07:26] modprobe: alias lines in modules.alias must have 3 entries, not 5
[2026/09/09 23:07:26] modprobe: alias lines in modules.alias must have 3 entries, not 4
[2026/09/09 23:07:26] modprobe: alias lines in modules.alias must have 3 entries, not 5
[2026/09/09 23:07:26] modprobe: alias lines in modules.alias must have 3 entries, not 5
[2026/09/09 23:07:26] modprobe: alias lines in modules.alias must have 3 entries, not 5
[2026/09/09 23:07:26] modprobe: alias lines in modules.alias must have 3 entries, not 6
[2026/09/09 23:07:26] modprobe: alias lines in modules.alias must have 3 entries, not 5
[2026/09/09 23:07:26] modprobe: alias lines in modules.alias must have 3 entries, not 4
[2026/09/09 23:07:26] Loading module /vendor/lib/modules/spi-mtkdtv-ci.ko with args ''
[2026/09/09 23:07:26] Loaded kernel module /vendor/lib/modules/spi-mtkdtv-ci.ko
[2026/09/09 23:07:26] [    6.625527][  T398] drv_hwreg_srccap_hdmirx_attach b_attach = 1
[2026/09/09 23:07:26] [    6.625530][  T398] drv_hwreg_srccap_hdmirx_attach size = 1
[2026/09/09 23:07:26] [    6.631710][  T398] hal_hwreg_srccap_hdmirx_ops_array[0].hw_version = 6
[2026/09/09 23:07:26] [    6.646422][  T398] u32_addr_min = eb00
[2026/09/09 23:07:26] [    6.650338][  T398] u32_addr_max = ebf0
[2026/09/09 23:07:26] modprobe: alias lines in modules.alias must have 3
[2026/09/09 23:07:26] entries, not 5
[2026/09/09 23:07:26] modprobe: alias lines in modules.alias must have 3 entries, not 5
[2026/09/09 23:07:26] modprobe: alias lines in modules.alias must have 3 entries, not 4
[2026/09/09 23:07:26] modprobe: alias lines in modules.alias must have 3 entries, not 7
[2026/09/09 23:07:26] modprobe: alias lines in modules.alias must have 3 entries, not 5
[2026/09/09 23:07:26] modprobe: alias lines in modules.alias must have 3 entries, not 4
[2026/09/09 23:07:26] modprobe: alias lines in modules.alias must have 3 entries, not 4
[2026/09/09 23:07:26] modprobe: alias lines in modules.alias must have 3 entries, not 6
[2026/09/09 23:07:26] modprobe: alias lines in modules.alias must have 3 entries, not 5
[2026/09/09 23:07:26] modprobe: alias lines in modules.alias must have 3 entries, not 5
[2026/09/09 23:07:26] modprobe: alias li[    6.801712][  T125] kallsyms_lookup_name with kp ffffffc00822d210,ret=0
[2026/09/09 23:07:26] nes in modules.a[    6.809984][  T125] stall_debug: chip id 0
[2026/09/09 23:07:26] lias must have 3 entries, not 4
[2026/09/09 23:07:26] modprobe: alias lines in modules.alias must have 3 entries, not 5
[2026/09/09 23:07:26] modprobe: alias lines in modules.alias must [    6.826606][  T125] stall_debug: hook sysrq-c OK
[2026/09/09 23:07:26] have 3 entries, [    6.826609][  T163] current tty: ttyS0, irq: 22
[2026/09/09 23:07:26] not 5
[2026/09/09 23:07:26] modprobe:[    6.838565][  T125] stall_debug: alloc 1000 memory ok
[2026/09/09 23:07:26] alias lines in modules.alias must have 3 entries, not 5
[2026/09/09 23:07:26] modprobe: alias lines in modules.alias must have 3 entries, not 6
[2026/09/09 23:07:26] modprobe: alias lines in modules.alias must have 3 entries, not 5
[2026/09/09 23:07:26] modprobe: alias lines in modules.alias must have 3 entries, not 4
[2026/09/09 23:07:26] Loading module /vendor/lib/modules/mtktv-regulator-mt5876.ko with args ''
[2026/09/09 23:07:26] Lo[    6.875607][  T458] stall_debug: rd_pid_max is 32768
[2026/09/09 23:07:26] aded kernel modu[    6.880827][  T458] stall_debug: ptr_task_scs=ffffffc00d025000,size=40000
[2026/09/09 23:07:26] le /vendor/lib/m[    6.884073][  T125] kallsyms_lookup_name with kp ffffffc00822d210,ret=0
[2026/09/09 23:07:26] odules/mtktv-regulator-mt5876.ko
[2026/09/09 23:07:26] Loading module /vendor/lib/modules/mtktv-thermal.ko with args ''
[2026/09/09 23:07:26] Loading module /vendor/lib/modules/mtktv-cpufreq-ca.ko with args ''
[2026/09/09 23:07:26] Loaded kernel module /vendor/lib/modules/mtktv-cpufreq-[    6.915173][  T125] kallsyms_lookup_name with kp ffffffc00822d210,ret=0
[2026/09/09 23:07:26] ca.ko
[2026/09/09 23:07:26] Loading module /vendor/li[    6.924521][  T125] die_helper: log_buf is from ffffffc00a8f0060,len 20000
[2026/09/09 23:07:26] b/modules/mtktv-[    6.932568][  T125] die_helper: log_buf pa is from 0x00000000288f0060,len 20000
[2026/09/09 23:07:26] cpufreq.ko with args ''
[2026/09/09 23:07:26] Loaded kernel module /vendor/lib/modules/mtktv-cpufreq.ko
[2026/09/09 23:07:26] Loading module /vendor/lib/modules/mtk-dramc.ko with args ''
[2026/09/09 23:07:26] Loading module /vendor/lib/modules/mtk-mediator.ko with args ''
[2026/09/09 23:07:26] Loading module /vendor/lib/modules/cpu-freq-adapter.ko with args ''
[2026/09/09 23:07:26] Loaded k[    6.943837][  T163] current tty: ttyS0, irq: 22
[2026/09/09 23:07:26] ernel module /ve[    6.964905][  T458] stall_debug: enable ip record by scs OK
[2026/09/09 23:07:26] ndor/lib/modules/cpu-freq-adapter.ko
[2026/09/09 23:07:26] Loading module /vendor/lib/modules/mtktv-gpu-thermal.ko with args ''
[2026/09/09 23:07:26] Loaded kernel module /vendor/lib/modules/mtktv-gpu-thermal.ko
[2026/09/09 23:07:27] [    7.853732][  T
[2026/09/09 23:07:27] 564] [UserWrittenI2CWrite]: [IIC] TUNER WRITE : NG, aSlaveAddr=0x7b
[2026/09/09 23:07:27] [    7.988886][  T564] [UserWrittenI2CRead]: [IIC] TUNER READ : NG, SlaveAddr=0x7b
[2026/09/09 23:07:27] [    8.058357][  T564] [UserWrittenI2CWrite]: [IIC] TUNER WRITE : NG, aSlaveAddr=0x7b
[2026/09/09 23:07:27] [    8.164022][  T564] [R842_I2C_Check][10232] NG!!
[2026/09/09 23:07:27] [    8.197833][  T125] tcl_action_monitor: kfault stop kernel init timeout
[2026/09/09 23:07:27] [    8.215312][  T564] [UserWritt
[2026/09/09 23:07:27] enI2CWrite]: [IIC] TUNER WRITE : NG, aSlaveAddr=0x7b
[2026/09/09 23:07:27] [    8.254302][  T564] [R842_InitReg][3260] NG!!
[2026/09/09 23:07:27] [    8.261959][  T564] [R842_Init][3063] NG!!
[2026/09/09 23:07:27] [    8.281174][  T564] [R842_tuner_init] fail
[2026/09/09 23:07:28] [    8.417855][  T613] watchdog: watchdog0: watchd
[2026/09/09 23:07:28] og did not stop!
[2026/09/09 23:07:28] [    8.630934][  T642] watchdog: watchdog0: watchdog did not stop!
[2026/09/09 23:07:28] CPU_AUDIO is running!
[2026/09/09 23:07:28] [8803314][_cpuAudio_ALSA_Driver_GetCardInfo][198]to open /proc/asound/cards
[2026/09/09 23:07:28] [8803547][_cpuAudio_ALSA_Driver_GetCardInfo][225]Available Sound Cards:[
[2026/09/09 23:07:28] 0 [mtktvsndcard   ]: mtk-tvsnd-card - mtk-tvsnd-card
[2026/09/09 23:07:28] MTK-TV-SOUND-ASOC-AUDIO-DRV
[2026/09/09 23:07:28] 1 [Loopback       ]: Loopback - Loopback
[2026/09/09 23:07:28] Loopback 1
[2026/09/09 23:07:28] 2 [mtkaloopsndcard]: mtkaloopsndcard - mtkaloopsndcard
[2026/09/09 23:07:28] mtkaloopsndcard 1
[2026/09/09 23:07:28] 3 [vocsndcard     ]: vocsndcard - vocsndcard
[2026/09/09 23:07:28] vocsndcard 1
[2026/09/09 23:07:28] ]
[2026/09/09 23:07:28] [8803589][_cpuAudio_ALSA_Driver_GetCardInfo][239]index of mtktvsndcard : 0
[2026/09/09 23:07:28] [8803597][_cpuAudio_ALSA_Driver_GetCardInfo][254]mtktvsndcard : /dev/snd/controlC0
[2026/09/09 23:07:28] [8803618][_cpuAudio_ALSA_Driver_GetCardInfo][273]close /proc/asound/cards done
[2026/09/09 23:07:28] [8803715][_cpuAudio_ALSA_Driver_GetKcontolId][400]pKControl:Utopia controls,fd:3,elist.count:42
[2026/09/09 23:07:28] [8803725][_cpuAudio_ALSA_Driver_GetKcontolId][403]MM RATE
[2026/09/09 23:07:28] [8803730][_cpuAudio_ALSA_Driver_GetKcontolId][403]MM GET PB BUF LEVEL
[2026/09/09 23:07:28] [8803736][_cpuAudio_ALSA_Driver_GetKcontolId][403]MM GET CAP BUF LEVEL
[2026/09/09 23:07:28] [8803740][_cpuAudio_ALSA_Driver_GetKcontolId][403]Duplex mm controls
[2026/09/09 23:07:28] [8803745][_cpuAudio_ALSA_Driver_GetKcontolId][403]Capture MUTE EVENT
[2026/09/09 23:07:28] [8803750][_cpuAudio_ALSA_Driver_GetKcontolId][403]Capture NONPCM EVENT
[2026/09/09 23:07:28] [8803755][_cpuAudio_ALSA_Driver_GetKcontolId][403]Capture NONPCM FLAG
[2026/09/09 23:07:28] [8803759][_cpuAudio_ALSA_Driver_GetKcontolId][403]Capture FASTLOCK MODE
[2026/09/09 23:07:28] [8803764][_cpuAudio_ALSA_Driver_GetKcontolId][403]Capture TIMESTAMP
[2026/09/09 23:07:28] [8803769][_cpuAudio_ALSA_Driver_GetKcontolId][403]Capture controls
[2026/09/09 23:07:28] [8803774][_cpuAudio_ALSA_Driver_GetKcontolId][403]DSP Reload
[2026/09/09 23:07:28] [8803778][_cpuAudio_ALSA_Driver_GetKcontolId][403]Utopia controls
[2026/09/09 23:07:28] [8803784][_cpuAudio_ALSA_Driver_GetKcontolId][407]got Kcontrol[Utopia controls] at id[12]
[2026/09/09 23:07:28] [8803808][cpuAudio_ALSA_Driver_Init][690]Audio memory size(0x2E57000) phyAudioBase(0x200000) busAudioBase(0x20200000)
[2026/09/09 23:07:28] [8803818][_cpuAudio_ALSA_Driver_InitPcmDevice][301]Opening PCM device node=0/2, period=11863/1024, format=2/48000/0
[2026/09/09 23:07:28] [8806157][cpuAudio_ALSA_Driver_Init][701]phyAudioBase(0x200000) => UserVirtualAddr(0xe4fa9000)
[2026/09/09 23:07:28] [8816291][cpuAudio_getInfo][562][1;35m cpuAudio[Info](thread-name:)(pid:0)(tid:0) [0m
[2026/09/09 23:07:28] [8816334][cpuAudio_getInfo][566][1;35m cpuAudio[decR2:0x2396,sndR2:0xd263][Version](0x20) [0m
[2026/09/09 23:07:28] [cpuAudio_postprocess_init][16] dec_base(e4fa9000) DEC_R2_SHM_DDR_OFFSET(0x1911000) snd_base(e6169000) SND_R2_SHM_DDR_OFFSET(0x753000) p_decR2_shm(0xe68ba000) p_sndR2_shm(0xe68bc000)
[2026/09/09 23:07:28] [1;35m [cpuAudioPostProcess_main][327]Enter while(1) loop. [0m
[2026/09/09 23:07:28] [cpuAudio_createPostprocessMonitorThread][370]armAudio_postprocessrMonitor_ver: 0xff20 thread created successfully
[2026/09/09 23:07:28] [    9.193290][  T727] [mzc] init done
[2026/09/09 23:07:29] [    9.852903][  T466] ir set boot status to 5.
[2026/09/09 23:07:30] [   10.589809][  T509] PowerHAL: [AT][AN][DC finish boot]
[2026/09/09 23:07:35] [armAudio_postprocess_alloca
[2026/09/09 23:07:35] te][63] allocate arm AudioPostProcess (type=0xff01)
[2026/09/09 23:07:35] [armAudio_postprocess_allocate][82] 1906464 bytes is needed by AudioPostProcess (type=0xff01)
[2026/09/09 23:07:35] [armAudio_postprocess_allocate][97] AudioPostProcess (type=0xff01) allocate 0x1d1720 bytes ok!!,va(0xe49688e0) ok
[2026/09/09 23:07:35] [armAudio_postprocess_allocate][105] AudioPostProcess (type=0xff01) hook
[2026/09/09 23:07:47] [   28.190892][  T125] [AT][AN][finish boot]
[2026/09/09 23:07:48] insmod: /vendor/lib/modules/mtk-pmu-keypad.ko: No su
[2026/09/09 23:07:48] ch file or directory
[2026/09/09 23:07:48] insmod: /vendor/lib/modules/mtk-smi-tv.ko: No such
[2026/09/09 23:07:48] file or directory
[2026/09/09 23:07:48] insmod: /vendor/lib/modules/test_power.ko: No such file or directory
[2026/09/09 23:07:50] 发送(hex): 6c6f67636174207c6772657020426f6f74416e696d6174696f6e0d
[2026/09/09 23:07:50] logcat |grep BootAnimation
[2026/09/09 23:07:51] 01-07 11:06:33.
[2026/09/09 23:07:51] 266   833   883 V BootAnimation: Surface size has been limited to [1920x1080] from [3840x2160]
[2026/09/09 23:07:51] 01-07 11:06:33.535   833   883 D BootAnimation: BootAnimationShownTiming start time: 10541ms
[2026/09/09 23:07:51] 01-07 11:06:36.486   833   883 D BootAnimation: BootAnimationShownTiming start time: 13491ms
[2026/09/09 23:07:53] 01-07 11:06:41.377   833   883 D BootAnimation: Playing files = /system/media/bootanimation.zip/part1, Requested repeat = 0, playUntilComplete = false
[2026/09/09 23:07:53] 01-07 11:06:42.714   833   883 D BootAnimation: Playing files = /system/media/bootanimation.zip/part1, Requested repeat = 0, playUntilComplete = false
[2026/09/09 23:07:53] 01-07 11:06:44.052   833   883 D BootAnimation: Playing files = /system/media/bootanimation.zip/part1, Requested repeat = 0, playUntilComplete = false
[2026/09/09 23:07:53] 01-07 11:06:45.389   833   883 D Boot
[2026/09/09 23:07:53] Animation: Playing files = /system/media/bootanimation.zip/part1, Requested repeat = 0, playUntilComplete = false
[2026/09/09 23:07:54] 01-07 11:06:46.725   833   883 D BootAnimation: Playing files = /system/media/bootanimation.zip/part1, Requested repeat = 0, playUntilComplete = false
[2026/09/09 23:07:54] 01-07 11:06:48.062   833   883 D BootAnimation: Playing files = /system/media/bootanimation.zip/part1, Requested repeat = 0, playUntilComplete = false
[2026/09/09 23:07:54] 01-07
[2026/09/09 23:07:54] 11:06:49.399   833   883 D BootAnimation: Playing files = /system/media/bootanimation.zip/part1, Requested repeat = 0, playUntilComplete = false
[2026/09/09 23:07:54] 01-07 11:06:50.736   833   883 D BootAnimation: Playing files = /system/media/bootanimation.zip/part1, Requested repeat = 0, playUntilComplete = false
[2026/09/09 23:07:54] 01-07 11:06:51.405   833   883 D BootAnimation: BootAnimationShownTiming End time: 28411ms
[2026/09/09 23:07:54] 01-07 11:06:51.405   833   883 D BootAnimation: BootAnimationShownTiming End time: 28411ms
[2026/09/09 23:07:54] 01-07 11:06:51.406   833   883 D BootAnimation: cxtest mZipFileName:/tvcust/aio_resources/resource/brand/common_TCL/bootanim/customized_bootanimation.zip
[2026/09/09 23:07:54] 01-07 11:06:51.409   833   833 D BootAnimation: BootAnimationStopTiming start time: 28415ms
[2026/09/09 23:07:54] 01-07 11:06:51.409   833   833 D NativeDecouplingFactory: has decouplingBaseRef name TclBootAnimationEx
[2026/09/09 23:07:54] 01-07 11:06:51.409   833   833 D NativeDecouplingFactory: delete decouplingBaseRef name TclBootAnimationEx
[2026/09/09 23:07:54] 01-07 11:06:51.409   833   833 D TclBootAnimationEx: ~TclBootAnimationEx exit
[2026/09/09 23:07:54] 01-07 11:06:51.410   833   833 D TclBootAnimationEx: ~IDecouplingBase()
[2026/09/09 23:07:54] 01-07 11:06:51.410   833   833 D NativeDecouplingFactory: mDecouplingInfoMap.erase libtclbootanimimpl_TclBootAnimationEx
[2026/09/09 23:07:54] 01-07 11:06:51.410   833   833 D NativeDecouplingFactory: has decouplingBaseRef name TclBootAnimationUtilEx
[2026/09/09 23:07:54] 01-07 11:06:51.410   833   833 D NativeDecouplingFactory: delete decouplingBaseRef name TclBootAnimationUtilEx
[2026/09/09 23:07:54] 01-07 11:06:51.410   833   833 D TclBootAnimationUtilEx: ~TclBootAnimationUtilEx exit
[2026/09/09 23:07:54] 01-07 11:06:51.410   833   833 D TclBootAnimationUtilEx: ~IDecouplingBase()
[2026/09/09 23:07:54] 01-07 11:06:51.410   833   833 D NativeDecouplingFactory: mDecouplingInfoMap.erase libtclbootanimimpl_TclBootAnimationUtilEx
[2026/09/09 23:07:55] 发送(hex): 03
[2026/09/09 23:07:55] ^C
[2026/09/09 23:07:55] 130|console:/
[2026/09/09 23:07:55] $

[END] 2026/09/09 23:08:01
