[BEGIN] 2026/09/14 20:00:31
[2026/09/14 20:00:49] 发送(hex): 20
[2026/09/14 20:00:49] 发送(hex): 20
[2026/09/14 20:00:49] 发送(hex): 20
[2026/09/14 20:00:49] 发送(hex): 20
[2026/09/14 20:00:49] 发送(hex): 20
[2026/09/14 20:00:49] 发送(hex): 20
[2026/09/14 20:00:49] 发送(hex): 20
[2026/09/14 20:00:49] 发送(hex): 20
[2026/09/14 20:00:49] 发送(hex): 20
[2026/09/14 20:00:49] 发送(hex): 20
[2026/09/14 20:00:49] 发送(hex): 20
[2026/09/14 20:00:49] 发送(hex): 20
[2026/09/14 20:00:49] 发送(hex): 20
[2026/09/14 20:00:49] 发送(hex): 20
[2026/09/14 20:00:49] 发送(hex): 20
[2026/09/14 20:00:49] 发送(hex): 20
[2026/09/14 20:00:49] 发送(hex): 20
[2026/09/14 20:00:49] 发送(hex): 20
[2026/09/14 20:00:49] 发送(hex): 20
[2026/09/14 20:00:49] 发送(hex): 20
[2026/09/14 20:00:49] 发送(hex): 20
[2026/09/14 20:00:49] 发送(hex): 20
[2026/09/14 20:00:49] 发送(hex): 20
[2026/09/14 20:00:49] 发送(hex): 20
[2026/09/14 20:00:49] 发送(hex): 20
[2026/09/14 20:00:49] 发送(hex): 20
[2026/09/14 20:00:49] 发送(hex): 20
[2026/09/14 20:00:49] 发送(hex): 20
[2026/09/14 20:00:49] 发送(hex): 20
[2026/09/14 20:00:49] 发送(hex): 20
[2026/09/14 20:00:49] 发送(hex): 20
[2026/09/14 20:00:49] 发送(hex): 20
[2026/09/14 20:00:49] 发送(hex): 20
[2026/09/14 20:00:49] 发送(hex): 20
[2026/09/14 20:00:49] 发送(hex): 20
[2026/09/14 20:00:49] 发送(hex): 20
[2026/09/14 20:00:49] 发送(hex): 20
[2026/09/14 20:00:49] 发送(hex): 20
[2026/09/14 20:00:49] 发送(hex): 20
[2026/09/14 20:00:49] 发送(hex): 20
[2026/09/14 20:00:49] 发送(hex): 20
[2026/09/14 20:00:49] 发送(hex): 20
[2026/09/14 20:00:49] 发送(hex): 20
[2026/09/14 20:00:49] 发送(hex): 20
[2026/09/14 20:00:49] 发送(hex): 20
[2026/09/14 20:00:49] 发送(hex): 20
[2026/09/14 20:00:49] 发送(hex): 20
[2026/09/14 20:00:50] 发送(hex): 20
[2026/09/14 20:00:50] 发送(hex): 20
[2026/09/14 20:00:50] 发送(hex): 20
[2026/09/14 20:00:50] 发送(hex): 20
[2026/09/14 20:00:50] 发送(hex): 20
[2026/09/14 20:00:50] 发送(hex): 20
[2026/09/14 20:00:50] 发送(hex): 20
[2026/09/14 20:00:50] $
[2026/09/14 20:00:50] Post romcode git ver:42df880604ac78a3 (Aug 28 2026 21:41:35)
[2026/09/14 20:00:50] $
[2026/09/14 20:00:50] Hello world, RTD2875P_CN2_TV030!
[2026/09/14 20:00:50] set_wifi_reset
[2026/09/14 20:00:50] Auxcode git ver:3a4deb9ea300359e (Aug 28 2026 21:41:29)
[2026/09/14 20:00:50] flash_type = 2, secure_type = 2
[2026/09/14 20:00:50] b8062204=0
[2026/09/14 20:00:50] 发送(hex): 20
[2026/09/14 20:00:50] slot info 0 0x0 info 1 0x0
[2026/09/14 20:00:50] invalid reg slot status 0x0,get
[2026/09/14 20:00:50] 发送(hex): 20
[2026/09/14 20:00:50] 发送(hex): 20
[2026/09/14 20:00:50] 发送(hex): 20
[2026/09/14 20:00:50] 发送(hex): 20
[2026/09/14 20:00:50] 发送(hex): 20
[2026/09/14 20:00:50] 发送(hex): 20
[2026/09/14 20:00:50] 发送(hex): 20
[2026/09/14 20:00:50] 发送(hex): 20
[2026/09/14 20:00:50] slot info from flash!
[2026/09/14 20:00:50] g_gpt_blk_start 0x1  g_offline_gpt 0x0 last_usable_lba 0x1cd2032 num_partition_entries 0x32
[2026/09/14 20:00:50] start 0x2e600000 clt_blk 0x1973004 ctrl size 0x20
[2026/09/14 20:00:50] choose active index 0
[2026/09/14 20:00:50] part name bootloader ative_slot _a real part name bootloader_a
[2026/09/14 20:00:50] part name hwsetting start 0x100000 size 0x33600
[2026/09/14 20:00:50] part name ext_fw start 0x133600 size 0x10400
[2026/09/14 20:00:50] part name kboot start 0x143a00 size 0x16e00
[2026/09/14 20:00:50] part name uboot start 0x15a800 size 0x120400
[2026/09/14 20:00:50] ls4 2 1 = 800040ab 8000207f 80001000
[2026/09/14 20:00:50] fNewHWsettingArch = 2
[2026/09/14 20:00:50] 1.lsadcidx = 2, brand =3, offset = 0
[2026/09/14 20:00:50] 1.lsadcidx = 2, brand =3, offset = 17800
[2026/09/14 20:00:50] hwsetting from mmc
[2026/09/14 20:00:50] AC on HW offset 0x809 start 0x800 reg 0x8090800
[2026/09/14 20:00:50] total = 2f00
[2026/09/14 20:00:50] 发送(hex): 20
[2026/09/14 20:00:50] 发送(hex): 20
[2026/09/14 20:00:50] 发送(hex): 20
[2026/09/14 20:00:50] 发送(hex): 20
[2026/09/14 20:00:50] 发送(hex): 20
[2026/09/14 20:00:50] A
[2026/09/14 20:00:50] 发送(hex): 20
[2026/09/14 20:00:50] A
[2026/09/14 20:00:50] 发送(hex): 20
[2026/09/14 20:00:50] 发送(hex): 20
[2026/09/14 20:00:50] A
[2026/09/14 20:00:50] A
[2026/09/14 20:00:50] 发送(hex): 20
[2026/09/14 20:00:50] A
[2026/09/14 20:00:50] 发送(hex): 20
[2026/09/14 20:00:50] 发送(hex): 20
[2026/09/14 20:00:50] {12 14}
[2026/09/14 20:00:50] ffeeddffeeddddr ver: 62c63180
[2026/09/14 20:00:50] ori DQS0~7 {03 04 1a 1c 00 01 00 00}
[2026/09/14 20:00:50] 发送(hex): 20
[2026/09/14 20:00:50] 发送(hex): 20
[2026/09/14 20:00:50] 发送(hex): 20
[2026/09/14 20:00:50] 发送(hex): 20
[2026/09/14 20:00:50] 发送(hex): 20
[2026/09/14 20:00:50] 发送(hex): 20
[2026/09/14 20:00:50] 发送(hex): 20
[2026/09/14 20:00:50] 发送(hex): 20
[2026/09/14 20:00:50] {01 03 19 1b 00 01 00 00} {08 09 07 09 06 05 00 00}
[2026/09/14 20:00:50] r.y.0
[2026/09/14 20:00:50] 发送(hex): 20
[2026/09/14 20:00:50] r.y.0 SCPU BISR status: Done
[2026/09/14 20:00:50] 发送(hex): 20
[2026/09/14 20:00:50] 发送(hex): 20
[2026/09/14 20:00:50] [go k
[2026/09/14 20:00:50] 发送(hex): 20
[2026/09/14 20:00:50] 发送(hex): 20
[2026/09/14 20:00:50] 发送(hex): 20
[2026/09/14 20:00:50] 发送(hex): 20
[2026/09/14 20:00:50] b]
[2026/09/14 20:00:50] pass bootcode info to kboot
[2026/09/14 20:00:50] num=1100
[2026/09/14 20:00:50] boot_magic=7f676014
[2026/09/14 20:00:50] ---DEBUG kboot 21:41:14 Aug 28 2026 ---
[2026/09/14 20:00:50] [Kboot]eMMC(mid-15) MMC_HS50 (50000000Mhz)[8bit].
[2026/09/14 20:00:50] block info 0x1cd2032 0x3a3e000.
[2026/09/14 20:00:50] [MMC] 32 -----------> 16GB.
[2026/09/14 20:00:50] 发送(hex): 20
[2026/09/14 20:00:50] (00000000) (1) bufsize=(null)
[2026/09/14 20:00:50] 发送(hex): 20
[2026/09/14 20:00:50] 发送(hex): 20
[2026/09/14 20:00:50] 发送(hex): 20
[2026/09/14 20:00:50] uboot start 0x15a800 size 0
[2026/09/14 20:00:50] 发送(hex): 20
[2026/09/14 20:00:50] 发送(hex): 20
[2026/09/14 20:00:50] x120400
[2026/09/14 20:00:50] b
[2026/09/14 20:00:50] 发送(hex): 20
[2026/09/14 20:00:50] 发送(hex): 20
[2026/09/14 20:00:50] oard_version: ls1 = 0, ver: 0
[2026/09/14 20:00:50] [0;31mapp_main 325 board_version=0[0m
[2026/09/14 20:00:50] 发送(hex): 20
[2026/09/14 20:00:50] 发送(hex): 20
[2026/09/14 20:00:50] 发送(hex): 20
[2026/09/14 20:00:50] 发送(hex): 20
[2026/09/14 20:00:50] 发送(hex): 20
[2026/09/14 20:00:50] 发送(hex): 20
[2026/09/14 20:00:50] get FW_TZFW flash start 0xf100200 ddr buf start 0x180000 image size 010c2e3 ok!
[2026/09/14 20:00:50] [INFO]RPMB auth key not written !
[2026/09/14 20:00:50] [INFO]RPMB auth key not written !
[2026/09/14 20:00:50] Current board is not frist boot.
[2026/09/14 20:00:50] ALL zero, reserved_3 has removed.
[2026/09/14 20:00:50] Current board remove reserved_3 done.
[2026/09/14 20:00:50] 发送(hex): 20
[2026/09/14 20:00:50] 发送(hex): 20
[2026/09/14 20:00:50] 发送(hex): 20
[2026/09/14 20:00:50] 发送(hex): 20
[2026/09/14 20:00:50] 发送(hex): 20
[2026/09/14 20:00:50] 发送(hex): 20
[2026/09/14 20:00:50] 发送(hex): 20
[2026/09/14 20:00:50] 发送(hex): 20
[2026/09/14 20:00:50] 发送(hex): 20
[2026/09/14 20:00:50] 发送(hex): 20
[2026/09/14 20:00:50] 发送(hex): 20
[2026/09/14 20:00:50] 发送(hex): 20
[2026/09/14 20:00:50] 发送(hex): 20
[2026/09/14 20:00:50] 发送(hex): 20
[2026/09/14 20:00:50] 发送(hex): 20
[2026/09/14 20:00:50] 发送(hex): 20
[2026/09/14 20:00:50] 发送(hex): 20
[2026/09/14 20:00:50] 发送(hex): 20
[2026/09/14 20:00:50] get FW_VKERNEL flash start
[2026/09/14 20:00:50] 发送(hex): 20
[2026/09/14 20:00:50] 发送(hex): 20
[2026/09/14 20:00:50] 0xc100200 ddr buf start 0x1a900000 image size 05f0300 ok!
[2026/09/14 20:00:50] 发送(hex): 20
[2026/09/14 20:00:50] 发送(hex): 20
[2026/09/14 20:00:50] 发送(hex): 20
[2026/09/14 20:00:50] 发送(hex): 20
[2026/09/14 20:00:50] get FW_VKERNEL2 flash start 0xd900200 ddr buf start 0x1af00000 image size 0f4920 ok!
[2026/09/14 20:00:50] 发送(hex): 20
[2026/09/14 20:00:50] 发送(hex): 20
[2026/09/14 20:00:50] 发送(hex): 20
[2026/09/14 20:00:50] 发送(hex): 20
[2026/09/14 20:00:50] 发送(hex): 20
[2026/09/14 20:00:50] 发送(hex): 20
[2026/09/14 20:00:50] 发送(hex): 20
[2026/09/14 20:00:50] 发送(hex): 20
[2026/09/14 20:00:50] 发送(hex): 20
[2026/09/14 20:00:50] 发送(hex): 20
[2026/09/14 20:00:50] 发送(hex): 20
[2026/09/14 20:00:50] 发送(hex): 20
[2026/09/14 20:00:50] 发送(hex): 20
[2026/09/14 20:00:51] 发送(hex): 20
[2026/09/14 20:00:51] 发送(hex): 20
[2026/09/14 20:00:51] 发送(hex): 20
[2026/09/14 20:00:51] 发送(hex): 20
[2026/09/14 20:00:51] 发送(hex): 20
[2026/09/14 20:00:51] 发送(hex): 20
[2026/09/14 20:00:51] 发送(hex): 20
[2026/09/14 20:00:51] 发送(hex): 20
[2026/09/14 20:00:51] 发送(hex): 20
[2026/09/14 20:00:51] 发送(hex): 20
[2026/09/14 20:00:51] 发送(hex): 20
[2026/09/14 20:00:51] 发送(hex): 20
[2026/09/14 20:00:51] 发送(hex): 20
[2026/09/14 20:00:51] get FW_AKERNEL flash start 0xa900200 ddr buf start 0x1b200000 image size 07fbf7c ok!
[2026/09/14 20:00:51] 发送(hex): 20
[2026/09/14 20:00:51] 发送(hex): 20
[2026/09/14 20:00:51] 发送(hex): 20
[2026/09/14 20:00:51] 发送(hex): 20
[2026/09/14 20:00:51] 发送(hex): 20
[2026/09/14 20:00:51] 发送(hex): 20
[2026/09/14 20:00:51] 发送(hex): 20
[2026/09/14 20:00:51] 发送(hex): 20
[2026/09/14 20:00:51] 发送(hex): 20
[2026/09/14 20:00:51] 发送(hex): 20
[2026/09/14 20:00:51] 发送(hex): 20
[2026/09/14 20:00:51] ATFATFATF:0 1 NOTICE: kill CPU(2)...
[2026/09/14 20:00:51] ATF:0 1 NOTICE: kill (2) : PACTIVE:0
[2026/09/14 20:00:51] ATF:0 1 NOTICE:  CPU(2) kill done, pstate(0x0)
[2026/09/14 20:00:51] 发送(hex): 20
[2026/09/14 20:00:51] U
[2026/09/14 20:00:51] 发送(hex): 20
[2026/09/14 20:00:51] 发送(hex): 20
[2026/09/14 20:00:51] 发送(hex): 20
[2026/09/14 20:00:51] 发送(hex): 20
[2026/09/14 20:00:51] 发送(hex): 20
[2026/09/14 20:00:51] 发送(hex): 20
[2026/09/14 20:00:51] 发送(hex): 20
[2026/09/14 20:00:51] 发送(hex): 20
[2026/09/14 20:00:51] 发送(hex): 20
[2026/09/14 20:00:51] 发送(hex): 20
[2026/09/14 20:00:51] 发送(hex): 20
[2026/09/14 20:00:51] 发送(hex): 20
[2026/09/14 20:00:51] fixup_node_name 555. set /reserved-memor
[2026/09/14 20:00:51] 发送(hex): 20
[2026/09/14 20:00:51] 发送(hex): 20
[2026/09/14 20:00:51] 发送(hex): 20
[2026/09/14 20:00:51] 发送(hex): 20
[2026/09/14 20:00:51] y@5 to /reserved-memory
[2026/09/14 20:00:51] fixup_node_name 555. set /rtk_cma@5 to /rtk_cma
[2026/09/14 20:00:51] ### [1;31mERROR[0m ### get_movablecore 613. Can't find dtb node /reserved-memory/cma2_memory/reg
[2026/09/14 20:00:51] reinit_mem_info 1049  ddr_size 80000000
[2026/09/14 20:00:51] 发送(hex): 20
[2026/09/14 20:00:51] 发送(hex): 20
[2026/09/14 20:00:51] booting, boot_led_type: 0x00000000, led on[1]
[2026/09/14 20:00:51] set share register: 0x99100000
[2026/09/14 20:00:51] boot_power_on_mode=1
[2026/09/14 20:00:51] [get_layout:1264]!
[2026/09/14 20:00:51] 发送(hex): 20
[2026/09/14 20:00:51] 发送(hex): 20
[2026/09/14 20:00:51] 发送(hex): 20
[2026/09/14 20:00:51] 发送(hex): 20
[2026/09/14 20:00:51] 发送(hex): 20
[2026/09/14 20:00:51] 发送(hex): 20
[2026/09/14 20:00:51] 发送(hex): 20
[2026/09/14 20:00:51] 发送(hex): 20
[2026/09/14 20:00:51] boot_part value = 0 boot_tag value = 21
[2026/09/14 20:00:51] [get_oemkey] 1397: get oem.key = ATV00107525
[2026/09/14 20:00:51] Factory_RO: [EXT4] factory_ro_buffer:0a800000, factory_ro_buffer size:0x1000000!
[2026/09/14 20:00:51] Partiton factory_ro_a located at 0:6
[2026/09/14 20:00:51] factory_ro_a partition can not find /.000@bk@***!
[2026/09/14 20:00:51] Factory RO no need recovery!
[2026/09/14 20:00:51] Get tvconfigs_a partition block device index fail!
[2026/09/14 20:00:51] read customer.ini file fail!
[2026/09/14 20:00:51] parse SYS_INI path fail
[2026/09/14 20:00:51] Not support board ini mechansim!
[2026/09/14 20:00:51] Get tvconfigs_a partition block device index fail!
[2026/09/14 20:00:51] read customer.ini file fail!
[2026/09/14 20:00:51] parse SYS_INI path fail
[2026/09/14 20:00:51] load model ini file fail
[2026/09/14 20:00:51] cannot find PcbPath from ini file
[2026/09/14 20:00:51] no pcb.config in tvconfigs
[2026/09/14 20:00:51] no mnt/vendor/factorypcb.config
[2026/09/14 20:00:51] 发送(hex): 20
[2026/09/14 20:00:51] 发送(hex): 20
[2026/09/14 20:00:51] 发送(hex): 20
[2026/09/14 20:00:51] 发送(hex): 20
[2026/09/14 20:00:51] 发送(hex): 20
[2026/09/14 20:00:51] 发送(hex): 20
[2026/09/14 20:00:51] 发送(hex): 20
[2026/09/14 20:00:51] 发送(hex): 20
[2026/09/14 20:00:51] 发送(hex): 20
[2026/09/14 20:00:51] 发送(hex): 20
[2026/09/14 20:00:51] 发送(hex): 20
[2026/09/14 20:00:51] 发送(hex): 20
[2026/09/14 20:00:51] 发送(hex): 20
[2026/09/14 20:00:51] 发送(hex): 20
[2026/09/14 20:00:51] 发送(hex): 20
[2026/09/14 20:00:51] 发送(hex): 20
[2026/09/14 20:00:51] 发送(hex): 20
[2026/09/14 20:00:51] 发送(hex): 20
[2026/09/14 20:00:51] 发送(hex): 20
[2026/09/14 20:00:51] 发送(hex): 20
[2026/09/14 20:00:51] 发送(hex): 20
[2026/09/14 20:00:51] 发送(hex): 20
[2026/09/14 20:00:51] 发送(hex): 20
[2026/09/14 20:00:51] 发送(hex): 20
[2026/09/14 20:00:51] 发送(hex): 20
[2026/09/14 20:00:51] 发送(hex): 20
[2026/09/14 20:00:51] 发送(hex): 20
[2026/09/14 20:00:51] 发送(hex): 20
[2026/09/14 20:00:51] 发送(hex): 20
[2026/09/14 20:00:51] 发送(hex): 20
[2026/09/14 20:00:51] 发送(hex): 20
[2026/09/14 20:00:51] 发送(hex): 20
[2026/09/14 20:00:51] 发送(hex): 20
[2026/09/14 20:00:51] 发送(hex): 20
[2026/09/14 20:00:51] 发送(hex): 20
[2026/09/14 20:00:51] 发送(hex): 20
[2026/09/14 20:00:51] 发送(hex): 20
[2026/09/14 20:00:51] 发送(hex): 20
[2026/09/14 20:00:51] 发送(hex): 20
[2026/09/14 20:00:51] 发送(hex): 20
[2026/09/14 20:00:51] 发送(hex): 20
[2026/09/14 20:00:51] 发送(hex): 20
[2026/09/14 20:00:51] 发送(hex): 20
[2026/09/14 20:00:52] 发送(hex): 20
[2026/09/14 20:00:52] 发送(hex): 20
[2026/09/14 20:00:52] 发送(hex): 20
[2026/09/14 20:00:52] 发送(hex): 20
[2026/09/14 20:00:52] 发送(hex): 20
[2026/09/14 20:00:52] 发送(hex): 20
[2026/09/14 20:00:52] 发送(hex): 20
[2026/09/14 20:00:52] 发送(hex): 20
[2026/09/14 20:00:52] 发送(hex): 20
[2026/09/14 20:00:52] 发送(hex): 20
[2026/09/14 20:00:52] delay:427
[2026/09/14 20:00:52] 发送(hex): 20
[2026/09/14 20:00:52] 发送(hex): 20
[2026/09/14 20:00:52] 发送(hex): 20
[2026/09/14 20:00:52] 发送(hex): 20
[2026/09/14 20:00:52] 发送(hex): 20
[2026/09/14 20:00:52] 发送(hex): 20
[2026/09/14 20:00:52] 发送(hex): 20
[2026/09/14 20:00:52] 发送(hex): 20
[2026/09/14 20:00:52] 发送(hex): 20
[2026/09/14 20:00:52] 发送(hex): 20
[2026/09/14 20:00:52] 发送(hex): 20
[2026/09/14 20:00:52] 发送(hex): 20
[2026/09/14 20:00:52] 发送(hex): 20
[2026/09/14 20:00:52] 发送(hex): 20
[2026/09/14 20:00:52] 发送(hex): 20
[2026/09/14 20:00:52] 发送(hex): 20
[2026/09/14 20:00:52] 发送(hex): 20
[2026/09/14 20:00:52] 发送(hex): 20
[2026/09/14 20:00:52] 发送(hex): 20
[2026/09/14 20:00:52] 发送(hex): 20
[2026/09/14 20:00:52] 发送(hex): 20
[2026/09/14 20:00:52] 发送(hex): 20
[2026/09/14 20:00:52] 发送(hex): 20
[2026/09/14 20:00:52] 发送(hex): 20
[2026/09/14 20:00:52] 发送(hex): 20
[2026/09/14 20:00:52] 发送(hex): 20
[2026/09/14 20:00:52] 发送(hex): 20
[2026/09/14 20:00:52] 发送(hex): 20
[2026/09/14 20:00:52] 发送(hex): 20
[2026/09/14 20:00:52] 发送(hex): 20
[2026/09/14 20:00:52] 发送(hex): 20
[2026/09/14 20:00:52] 发送(hex): 20
[2026/09/14 20:00:52] 发送(hex): 20
[2026/09/14 20:00:52] Net:   r8168: REALTEK RTL8168 @0x18016000
[2026/09/14 20:00:52] 发送(hex): 20
[2026/09/14 20:00:52] 发送(hex): 20
[2026/09/14 20:00:52] 发送(hex): 20
[2026/09/14 20:00:52] 发送(hex): 20
[2026/09/14 20:00:52] Start Boot Setup ...
[2026/09/14 20:00:52] (powerMgr_get_wakeup_source)2012/05/30 19:50
[2026/09/14 20:00:52] wakeup source : AC
[2026/09/14 20:00:52] 发送(hex): 20
[2026/09/14 20:00:52] 发送(hex): 20
[2026/09/14 20:00:52] 发送(hex): 20
[2026/09/14 20:00:52] (powerMgr_get_wakeup_source)2012/05/30 19:50
[2026/09/14 20:00:52] wakeup source : AC
[2026/09/14 20:00:52] wakeup_src=0, boot_logo_enable=1, bgm_boot_type=0, POWER_ON_MODE_SILEN=0.
[2026/09/14 20:00:52] 发送(hex): 20
[2026/09/14 20:00:52] GDMA module_init finish
[2026/09/14 20:00:52] [GDMA] OSD si
[2026/09/14 20:00:52] 发送(hex): 20
[2026/09/14 20:00:52] 发送(hex): 20
[2026/09/14 20:00:52] ze[3840,2160]
[2026/09/14 20:00:52] [GDMA] gdma_showlogo gdma show logo 2512
[2026/09/14 20:00:52] Net:   r8168: REALTEK RTL8168 @0x18016000
[2026/09/14 20:00:52] 发送(hex): 20
[2026/09/14 20:00:52] 发送(hex): 20
[2026/09/14 20:00:52] ## Android
[2026/09/14 20:00:52] 发送(hex): 20
[2026/09/14 20:00:52] Verified Boot 2.0 version 1.1.0
[2026/09/14 20:00:52] 发送(hex): 20
[2026/09/14 20:00:52] 发送(hex): 20
[2026/09/14 20:00:52] 发送(hex): 20
[2026/09/14 20:00:52] 发送(hex): 20
[2026/09/14 20:00:52] 发送(hex): 20
[2026/09/14 20:00:52] 发送(hex): 20
[2026/09/14 20:00:52] 发送(hex): 20
[2026/09/14 20:00:52] 发送(hex): 20
[2026/09/14 20:00:52] 发送(hex): 20
[2026/09/14 20:00:52] 发送(hex): 20
[2026/09/14 20:00:52] 发送(hex): 20
[2026/09/14 20:00:52] 发送(hex): 20
[2026/09/14 20:00:52] 发送(hex): 20
[2026/09/14 20:00:52] 发送(hex): 20
[2026/09/14 20:00:52] 发送(hex): 20
[2026/09/14 20:00:52] 发送(hex): 20
[2026/09/14 20:00:52] 发送(hex): 20
[2026/09/14 20:00:52] 发送(hex): 20
[2026/09/14 20:00:52] 发送(hex): 20
[2026/09/14 20:00:52] 发送(hex): 20
[2026/09/14 20:00:52] 发送(hex): 20
[2026/09/14 20:00:52] 发送(hex): 20
[2026/09/14 20:00:52] 发送(hex): 20
[2026/09/14 20:00:52] 发送(hex): 20
[2026/09/14 20:00:52] 发送(hex): 20
[2026/09/14 20:00:52] 发送(hex): 20
[2026/09/14 20:00:52] 发送(hex): 20
[2026/09/14 20:00:52] 发送(hex): 20
[2026/09/14 20:00:52] 发送(hex): 20
[2026/09/14 20:00:52] 发送(hex): 20
[2026/09/14 20:00:52] 发送(hex): 20
[2026/09/14 20:00:52] 发送(hex): 20
[2026/09/14 20:00:52] 发送(hex): 20
[2026/09/14 20:00:52] 发送(hex): 20
[2026/09/14 20:00:52] 发送(hex): 20
[2026/09/14 20:00:52] 发送(hex): 20
[2026/09/14 20:00:52] 发送(hex): 20
[2026/09/14 20:00:52] 发送(hex): 20
[2026/09/14 20:00:53] 发送(hex): 20
[2026/09/14 20:00:53] 发送(hex): 20
[2026/09/14 20:00:53] 发送(hex): 20
[2026/09/14 20:00:53] 发送(hex): 20
[2026/09/14 20:00:53] 发送(hex): 20
[2026/09/14 20:00:53] 发送(hex): 20
[2026/09/14 20:00:53] 发送(hex): 20
[2026/09/14 20:00:53] 发送(hex): 20
[2026/09/14 20:00:53] 发送(hex): 20
[2026/09/14 20:00:53] 发送(hex): 20
[2026/09/14 20:00:53] Verification passed successfully
[2026/09/14 20:00:53] [Skip A] boot manual mode
[2026/09/14 20:00:53] [Skip V] boot manual mode
[2026/09/14 20:00:53] is_avb_verify_hash_partition 164 find avb verify part_name boot img_buf 0x66400000 size 0x307a000
[2026/09/14 20:00:53] boot header version : 4
[2026/09/14 20:00:53] is_avb_verify_hash_partition 164 find avb verify part_name vendor_boot img_buf 0x6bc00000 size 0x10a3000
[2026/09/14 20:00:53] get_partition_content_by_name 11954 get gpt_name init_boot_a err,try part name init_boot!
[2026/09/14 20:00:53] get_partition_content_by_name 11956 get part name init_boot err!
[2026/09/14 20:00:53] 发送(hex): 20
[2026/09/14 20:00:53] 发送(hex): 20
[2026/09/14 20:00:53] 发送(hex): 20
[2026/09/14 20:00:53] 发送(hex): 20
[2026/09/14 20:00:53] 发送(hex): 20
[2026/09/14 20:00:53] 发送(hex): 20
[2026/09/14 20:00:53] 发送(hex): 20
[2026/09/14 20:00:53] get_merge_ramdisk 11932 cur_ramdisk_size 0xf3096 real_cur_ramdisk_size 0xf3096
[2026/09/14 20:00:53] get_merge_ramdisk 11932 cur_ramdisk_size 0x2019e5 real_cur_ramdisk_size 0x2019e5
[2026/09/14 20:00:53] is_avb_verify_hash_partition 164 find avb verify part_name dtbo img_buf 0x6fc00000 size 0x1186
[2026/09/14 20:00:53] Net:   r8168: REALTEK RTL8168 @0x18016000
[2026/09/14 20:00:53] 发送(hex): 20
[2026/09/14 20:00:53] 发送(hex): 20
[2026/09/14 20:00:53] 发送(hex): 20
[2026/09/14 20:00:53] 发送(hex): 20
[2026/09/14 20:00:53] [Skip K] boot manual mode (execute "go all")
[2026/09/14 20:00:53] Enter console mode, disable watchdog ...
[2026/09/14 20:00:53] Realtek>
[2026/09/14 20:00:53] 发送(hex): 20
[2026/09/14 20:00:53] 发送(hex): 20
[2026/09/14 20:00:53] 发送(hex): 20
[2026/09/14 20:00:53] 发送(hex): 20
[2026/09/14 20:00:53] 发送(hex): 20
[2026/09/14 20:00:53] 发送(hex): 20
[2026/09/14 20:00:53] 发送(hex): 20
[2026/09/14 20:00:53] 发送(hex): 20
[2026/09/14 20:00:53] 发送(hex): 20
[2026/09/14 20:00:53] 发送(hex): 20
[2026/09/14 20:00:53] 发送(hex): 20
[2026/09/14 20:00:53] 发送(hex): 20
[2026/09/14 20:00:53] 发送(hex): 20
[2026/09/14 20:00:53] 发送(hex): 20
[2026/09/14 20:00:53] 发送(hex): 20
[2026/09/14 20:00:53] 发送(hex): 20
[2026/09/14 20:00:53] 发送(hex): 20
[2026/09/14 20:00:53] 发送(hex): 20
[2026/09/14 20:00:53] 发送(hex): 20
[2026/09/14 20:00:53] 发送(hex): 20
[2026/09/14 20:00:53] 发送(hex): 20
[2026/09/14 20:00:53] 发送(hex): 20
[2026/09/14 20:00:53] 发送(hex): 20
[2026/09/14 20:00:53] 发送(hex): 20
[2026/09/14 20:00:53] 发送(hex): 20
[2026/09/14 20:00:53] 发送(hex): 20
[2026/09/14 20:00:53] 发送(hex): 20
[2026/09/14 20:00:53] 发送(hex): 20
[2026/09/14 20:00:53] 发送(hex): 20
[2026/09/14 20:00:53] 发送(hex): 20
[2026/09/14 20:00:53] 发送(hex): 20
[2026/09/14 20:00:53] 发送(hex): 20
[2026/09/14 20:00:53] 发送(hex): 20
[2026/09/14 20:00:53] 发送(hex): 20
[2026/09/14 20:00:53] 发送(hex): 20
[2026/09/14 20:00:53] 发送(hex): 20
[2026/09/14 20:00:53] 发送(hex): 20
[2026/09/14 20:00:53] 发送(hex): 20
[2026/09/14 20:00:53] 发送(hex): 20
[2026/09/14 20:00:53] 发送(hex): 20
[2026/09/14 20:00:53] 发送(hex): 20
[2026/09/14 20:00:53] 发送(hex): 20
[2026/09/14 20:00:53] 发送(hex): 20
[2026/09/14 20:00:53] 发送(hex): 20
[2026/09/14 20:00:53] 发送(hex): 20
[2026/09/14 20:00:53] 发送(hex): 20
[2026/09/14 20:00:53] 发送(hex): 20
[2026/09/14 20:00:53] 发送(hex): 20
[2026/09/14 20:00:53] 发送(hex): 20
[2026/09/14 20:00:53] 发送(hex): 20
[2026/09/14 20:00:53] 发送(hex): 20
[2026/09/14 20:00:53] 发送(hex): 20
[2026/09/14 20:00:53] 发送(hex): 20
[2026/09/14 20:00:53] 发送(hex): 20
[2026/09/14 20:00:53] 发送(hex): 20
[2026/09/14 20:00:53] 发送(hex): 20
[2026/09/14 20:00:53] 发送(hex): 20
[2026/09/14 20:00:53] 发送(hex): 20
[2026/09/14 20:00:53] 发送(hex): 20
[2026/09/14 20:00:53] 发送(hex): 20
[2026/09/14 20:00:53] 发送(hex): 20
[2026/09/14 20:00:53] 发送(hex): 20
[2026/09/14 20:00:53] 发送(hex): 20
[2026/09/14 20:00:53] 发送(hex): 20
[2026/09/14 20:00:53] 发送(hex): 20
[2026/09/14 20:00:53] 发送(hex): 20
[2026/09/14 20:00:53] 发送(hex): 20
[2026/09/14 20:00:53] 发送(hex): 20
[2026/09/14 20:00:53] 发送(hex): 20
[2026/09/14 20:00:53] 发送(hex): 20
[2026/09/14 20:00:53] 发送(hex): 20
[2026/09/14 20:00:53] 发送(hex): 20
[2026/09/14 20:00:53] 发送(hex): 20
[2026/09/14 20:00:54] 发送(hex): 20
[2026/09/14 20:00:54] 发送(hex): 20
[2026/09/14 20:00:54] 发送(hex): 20
[2026/09/14 20:00:54] 发送(hex): 20
[2026/09/14 20:00:54] 发送(hex): 20
[2026/09/14 20:00:54] 发送(hex): 20
[2026/09/14 20:00:54] 发送(hex): 20
[2026/09/14 20:00:54] 发送(hex): 20
[2026/09/14 20:00:54] 发送(hex): 20
[2026/09/14 20:00:54] 发送(hex): 20
[2026/09/14 20:00:54] 发送(hex): 20
[2026/09/14 20:00:54] 发送(hex): 20
[2026/09/14 20:00:54] 发送(hex): 20
[2026/09/14 20:00:54] 发送(hex): 20
[2026/09/14 20:00:54] 发送(hex): 20
[2026/09/14 20:00:54] 发送(hex): 20
[2026/09/14 20:00:54] 发送(hex): 20
[2026/09/14 20:00:54] 发送(hex): 20
[2026/09/14 20:00:54] 发送(hex): 20
[2026/09/14 20:00:54] 发送(hex): 20
[2026/09/14 20:00:54] 发送(hex): 20
[2026/09/14 20:00:54] 发送(hex): 20
[2026/09/14 20:00:54] 发送(hex): 20
[2026/09/14 20:00:54] 发送(hex): 20
[2026/09/14 20:00:54] 发送(hex): 20
[2026/09/14 20:00:54] 发送(hex): 20
[2026/09/14 20:00:54] 发送(hex): 20
[2026/09/14 20:00:54] 发送(hex): 20
[2026/09/14 20:00:54] 发送(hex): 20
[2026/09/14 20:00:54] 发送(hex): 20
[2026/09/14 20:00:54] 发送(hex): 20
[2026/09/14 20:00:54] 发送(hex): 20
[2026/09/14 20:00:54] 发送(hex): 20
[2026/09/14 20:00:54] 发送(hex): 20
[2026/09/14 20:00:54] 发送(hex): 20
[2026/09/14 20:00:54] 发送(hex): 20
[2026/09/14 20:00:54] 发送(hex): 20
[2026/09/14 20:00:54] 发送(hex): 20
[2026/09/14 20:00:54] 发送(hex): 20
[2026/09/14 20:00:54] 发送(hex): 20
[2026/09/14 20:00:54] 发送(hex): 20
[2026/09/14 20:00:54] 发送(hex): 20
[2026/09/14 20:00:54] 发送(hex): 20
[2026/09/14 20:00:54] 发送(hex): 20
[2026/09/14 20:00:54] 发送(hex): 20
[2026/09/14 20:00:54] 发送(hex): 20
[2026/09/14 20:00:54] 发送(hex): 20
[2026/09/14 20:00:54] 发送(hex): 20
[2026/09/14 20:00:54] 发送(hex): 20
[2026/09/14 20:00:54] 发送(hex): 20
[2026/09/14 20:00:54] 发送(hex): 20
[2026/09/14 20:00:54] 发送(hex): 20
[2026/09/14 20:00:54] 发送(hex): 20
[2026/09/14 20:00:54] 发送(hex): 20
[2026/09/14 20:00:54] 发送(hex): 20
[2026/09/14 20:00:54] 发送(hex): 20
[2026/09/14 20:00:54] 发送(hex): 20
[2026/09/14 20:00:54] 发送(hex): 20
[2026/09/14 20:00:54] 发送(hex): 20
[2026/09/14 20:00:54] 发送(hex): 20
[2026/09/14 20:00:54] 发送(hex): 20
[2026/09/14 20:00:54] 发送(hex): 20
[2026/09/14 20:00:54] 发送(hex): 20
[2026/09/14 20:00:54] 发送(hex): 20
[2026/09/14 20:00:54] 发送(hex): 20
[2026/09/14 20:00:54] 发送(hex): 20
[2026/09/14 20:00:54] 发送(hex): 20
[2026/09/14 20:00:54] 发送(hex): 20
[2026/09/14 20:00:54] 发送(hex): 20
[2026/09/14 20:00:54] 发送(hex): 20
[2026/09/14 20:00:54] 发送(hex): 20
[2026/09/14 20:00:54] 发送(hex): 20
[2026/09/14 20:00:54] 发送(hex): 20
[2026/09/14 20:00:54] 发送(hex): 20
[2026/09/14 20:00:54] 发送(hex): 20
[2026/09/14 20:00:54] 发送(hex): 20
[2026/09/14 20:00:54] 发送(hex): 20
[2026/09/14 20:00:54] 发送(hex): 20
[2026/09/14 20:00:54] 发送(hex): 20
[2026/09/14 20:00:54] 发送(hex): 20
[2026/09/14 20:00:54] 发送(hex): 20
[2026/09/14 20:00:54] 发送(hex): 20
[2026/09/14 20:00:54] 发送(hex): 20
[2026/09/14 20:00:54] 发送(hex): 20
[2026/09/14 20:00:54] 发送(hex): 20
[2026/09/14 20:00:54] 发送(hex): 20
[2026/09/14 20:00:54] 发送(hex): 20
[2026/09/14 20:00:54] 发送(hex): 20
[2026/09/14 20:00:54] 发送(hex): 20
[2026/09/14 20:00:54] 发送(hex): 20
[2026/09/14 20:00:54] 发送(hex): 20
[2026/09/14 20:00:54] 发送(hex): 20
[2026/09/14 20:00:54] 发送(hex): 20
[2026/09/14 20:00:55] 发送(hex): 20
[2026/09/14 20:00:55] 发送(hex): 20
[2026/09/14 20:00:55] 发送(hex): 20
[2026/09/14 20:00:55] 发送(hex): 20
[2026/09/14 20:00:55] 发送(hex): 20
[2026/09/14 20:00:55] 发送(hex): 20
[2026/09/14 20:00:55] 发送(hex): 20
[2026/09/14 20:00:55] 发送(hex): 20
[2026/09/14 20:00:55] 发送(hex): 20
[2026/09/14 20:00:55] 发送(hex): 20
[2026/09/14 20:00:55] 发送(hex): 20
[2026/09/14 20:00:55] 发送(hex): 20
[2026/09/14 20:00:55] 发送(hex): 20
[2026/09/14 20:00:55] 发送(hex): 20
[2026/09/14 20:00:55] 发送(hex): 20
[2026/09/14 20:00:55] 发送(hex): 20
[2026/09/14 20:00:55] 发送(hex): 20
[2026/09/14 20:00:55] 发送(hex): 20
[2026/09/14 20:00:55] 发送(hex): 20
[2026/09/14 20:00:55] 发送(hex): 20
[2026/09/14 20:00:55] 发送(hex): 20
[2026/09/14 20:00:55] 发送(hex): 20
[2026/09/14 20:00:55] 发送(hex): 20
[2026/09/14 20:00:55] 发送(hex): 20
[2026/09/14 20:00:55] 发送(hex): 20
[2026/09/14 20:00:55] 发送(hex): 20
[2026/09/14 20:00:55] 发送(hex): 20
[2026/09/14 20:00:55] 发送(hex): 20
[2026/09/14 20:00:55] 发送(hex): 20
[2026/09/14 20:00:55] 发送(hex): 20
[2026/09/14 20:00:55] 发送(hex): 20
[2026/09/14 20:00:55] 发送(hex): 20
[2026/09/14 20:00:55] 发送(hex): 20
[2026/09/14 20:00:55] 发送(hex): 20
[2026/09/14 20:00:55] 发送(hex): 20
[2026/09/14 20:00:55] 发送(hex): 20
[2026/09/14 20:00:55] 发送(hex): 20
[2026/09/14 20:00:55] 发送(hex): 20
[2026/09/14 20:00:55] 发送(hex): 20
[2026/09/14 20:00:55] 发送(hex): 20
[2026/09/14 20:00:55] 发送(hex): 20
[2026/09/14 20:00:55] 发送(hex): 20
[2026/09/14 20:00:55] 发送(hex): 20
[2026/09/14 20:00:55] 发送(hex): 20
[2026/09/14 20:00:55] 发送(hex): 20
[2026/09/14 20:00:55] 发送(hex): 20
[2026/09/14 20:00:55] 发送(hex): 20
[2026/09/14 20:00:55] 发送(hex): 20
[2026/09/14 20:00:55] 发送(hex): 20
[2026/09/14 20:00:55] 发送(hex): 20
[2026/09/14 20:00:55] 发送(hex): 20
[2026/09/14 20:00:55] 发送(hex): 20
[2026/09/14 20:00:55] 发送(hex): 20
[2026/09/14 20:00:55] 发送(hex): 20
[2026/09/14 20:00:55] 发送(hex): 20
[2026/09/14 20:00:55] 发送(hex): 20
[2026/09/14 20:00:55] 发送(hex): 20
[2026/09/14 20:00:55] 发送(hex): 20
[2026/09/14 20:00:55] 发送(hex): 20
[2026/09/14 20:00:55] 发送(hex): 20
[2026/09/14 20:00:55] 发送(hex): 20
[2026/09/14 20:00:55] 发送(hex): 20
[2026/09/14 20:00:55] 发送(hex): 20
[2026/09/14 20:00:55] 发送(hex): 20
[2026/09/14 20:00:55] 发送(hex): 20
[2026/09/14 20:00:55] 发送(hex): 20
[2026/09/14 20:00:55] 发送(hex): 20
[2026/09/14 20:00:55] 发送(hex): 20
[2026/09/14 20:00:55] 发送(hex): 20
[2026/09/14 20:00:55] 发送(hex): 20
[2026/09/14 20:00:55] 发送(hex): 20
[2026/09/14 20:00:55] 发送(hex): 20
[2026/09/14 20:00:55] 发送(hex): 20
[2026/09/14 20:00:55] 发送(hex): 20
[2026/09/14 20:00:55] 发送(hex): 20
[2026/09/14 20:00:55] 发送(hex): 20
[2026/09/14 20:00:55] 发送(hex): 20
[2026/09/14 20:00:55] 发送(hex): 20
[2026/09/14 20:00:55] 发送(hex): 20
[2026/09/14 20:00:55] 发送(hex): 20
[2026/09/14 20:00:55] 发送(hex): 20
[2026/09/14 20:00:55] 发送(hex): 20
[2026/09/14 20:00:55] 发送(hex): 20
[2026/09/14 20:00:55] 发送(hex): 20
[2026/09/14 20:00:55] 发送(hex): 20
[2026/09/14 20:00:55] 发送(hex): 20
[2026/09/14 20:00:55] 发送(hex): 20
[2026/09/14 20:00:55] 发送(hex): 20
[2026/09/14 20:00:55] 发送(hex): 20
[2026/09/14 20:00:55] 发送(hex): 20
[2026/09/14 20:00:55] 发送(hex): 20
[2026/09/14 20:00:55] 发送(hex): 20
[2026/09/14 20:00:55] 发送(hex): 20
[2026/09/14 20:00:55] 发送(hex): 20
[2026/09/14 20:00:56] 发送(hex): 20
[2026/09/14 20:00:56] 发送(hex): 20
[2026/09/14 20:00:56] 发送(hex): 20
[2026/09/14 20:00:56] 发送(hex): 20
[2026/09/14 20:00:56] 发送(hex): 20
[2026/09/14 20:00:56] 发送(hex): 20
[2026/09/14 20:00:56] 发送(hex): 20
[2026/09/14 20:00:56] 发送(hex): 20
[2026/09/14 20:00:56] 发送(hex): 20
[2026/09/14 20:00:56] 发送(hex): 20
[2026/09/14 20:00:56] 发送(hex): 20
[2026/09/14 20:00:56] 发送(hex): 20
[2026/09/14 20:00:56] 发送(hex): 20
[2026/09/14 20:00:56] 发送(hex): 20
[2026/09/14 20:00:56] 发送(hex): 20
[2026/09/14 20:00:56] 发送(hex): 20
[2026/09/14 20:00:56] 发送(hex): 20
[2026/09/14 20:00:56] 发送(hex): 20
[2026/09/14 20:00:56] 发送(hex): 20
[2026/09/14 20:00:56] 发送(hex): 20
[2026/09/14 20:00:56] 发送(hex): 20
[2026/09/14 20:00:56] 发送(hex): 20
[2026/09/14 20:00:56] 发送(hex): 20
[2026/09/14 20:00:56] 发送(hex): 20
[2026/09/14 20:00:56] 发送(hex): 20
[2026/09/14 20:00:56] 发送(hex): 20
[2026/09/14 20:00:56] 发送(hex): 20
[2026/09/14 20:00:56] 发送(hex): 20
[2026/09/14 20:00:56] 发送(hex): 20
[2026/09/14 20:00:56] 发送(hex): 20
[2026/09/14 20:00:56] 发送(hex): 20
[2026/09/14 20:00:56] 发送(hex): 20
[2026/09/14 20:00:56] 发送(hex): 20
[2026/09/14 20:00:56] 发送(hex): 20
[2026/09/14 20:00:56] 发送(hex): 20
[2026/09/14 20:00:56] 发送(hex): 20
[2026/09/14 20:00:56] 发送(hex): 20
[2026/09/14 20:00:56] 发送(hex): 20
[2026/09/14 20:00:56] 发送(hex): 20
[2026/09/14 20:00:56] 发送(hex): 20
[2026/09/14 20:00:56] 发送(hex): 20
[2026/09/14 20:00:56] 发送(hex): 20
[2026/09/14 20:00:56] 发送(hex): 20
[2026/09/14 20:00:56] 发送(hex): 20
[2026/09/14 20:00:56] 发送(hex): 20
[2026/09/14 20:00:56] 发送(hex): 20
[2026/09/14 20:00:56] 发送(hex): 20
[2026/09/14 20:00:56] 发送(hex): 20
[2026/09/14 20:00:56] 发送(hex): 20
[2026/09/14 20:00:56] 发送(hex): 20
[2026/09/14 20:00:56] 发送(hex): 20
[2026/09/14 20:00:56] 发送(hex): 20
[2026/09/14 20:00:56] 发送(hex): 20
[2026/09/14 20:00:56] 发送(hex): 20
[2026/09/14 20:00:56] 发送(hex): 20
[2026/09/14 20:00:56] 发送(hex): 20
[2026/09/14 20:00:56] 发送(hex): 20
[2026/09/14 20:00:56] 发送(hex): 20
[2026/09/14 20:00:56] 发送(hex): 20
[2026/09/14 20:00:56] 发送(hex): 20
[2026/09/14 20:00:56] 发送(hex): 20
[2026/09/14 20:00:56] 发送(hex): 20
[2026/09/14 20:00:56] 发送(hex): 20
[2026/09/14 20:00:56] 发送(hex): 20
[2026/09/14 20:00:56] 发送(hex): 20
[2026/09/14 20:00:56] 发送(hex): 20
[2026/09/14 20:00:56] 发送(hex): 20
[2026/09/14 20:00:56] 发送(hex): 20
[2026/09/14 20:00:56] 发送(hex): 20
[2026/09/14 20:00:56] 发送(hex): 20
[2026/09/14 20:00:56] 发送(hex): 20
[2026/09/14 20:00:56] 发送(hex): 20
[2026/09/14 20:00:56] 发送(hex): 20
[2026/09/14 20:00:56] 发送(hex): 20
[2026/09/14 20:00:56] 发送(hex): 20
[2026/09/14 20:00:56] 发送(hex): 20
[2026/09/14 20:00:56] 发送(hex): 20
[2026/09/14 20:00:56] 发送(hex): 20
[2026/09/14 20:00:56] 发送(hex): 20
[2026/09/14 20:00:56] 发送(hex): 20
[2026/09/14 20:00:56] 发送(hex): 20
[2026/09/14 20:00:56] 发送(hex): 20
[2026/09/14 20:00:56] 发送(hex): 20
[2026/09/14 20:00:56] 发送(hex): 20
[2026/09/14 20:00:56] 发送(hex): 20
[2026/09/14 20:00:56] 发送(hex): 20
[2026/09/14 20:00:56] 发送(hex): 20
[2026/09/14 20:00:56] 发送(hex): 20
[2026/09/14 20:00:56] 发送(hex): 20
[2026/09/14 20:00:56] 发送(hex): 20
[2026/09/14 20:00:56] 发送(hex): 20
[2026/09/14 20:00:56] 发送(hex): 20
[2026/09/14 20:00:56] 发送(hex): 20
[2026/09/14 20:00:57] 发送(hex): 20
[2026/09/14 20:00:57] 发送(hex): 20
[2026/09/14 20:00:57] 发送(hex): 20
[2026/09/14 20:00:57] 发送(hex): 20
[2026/09/14 20:00:57] 发送(hex): 20
[2026/09/14 20:00:57] 发送(hex): 20
[2026/09/14 20:00:57] 发送(hex): 20
[2026/09/14 20:00:57] 发送(hex): 20
[2026/09/14 20:00:57] 发送(hex): 20
[2026/09/14 20:00:57] 发送(hex): 20
[2026/09/14 20:00:57] 发送(hex): 20
[2026/09/14 20:00:57] 发送(hex): 20
[2026/09/14 20:00:57] 发送(hex): 20
[2026/09/14 20:00:57] 发送(hex): 20
[2026/09/14 20:00:57] 发送(hex): 20
[2026/09/14 20:00:57] 发送(hex): 20
[2026/09/14 20:00:57] 发送(hex): 20
[2026/09/14 20:00:57] 发送(hex): 20
[2026/09/14 20:00:57] 发送(hex): 20
[2026/09/14 20:00:57] 发送(hex): 20
[2026/09/14 20:00:57] 发送(hex): 20
[2026/09/14 20:00:57] 发送(hex): 20
[2026/09/14 20:00:57] 发送(hex): 20
[2026/09/14 20:00:57] 发送(hex): 20
[2026/09/14 20:00:57] 发送(hex): 20
[2026/09/14 20:00:57] 发送(hex): 20
[2026/09/14 20:00:57] 发送(hex): 20
[2026/09/14 20:00:57] 发送(hex): 20
[2026/09/14 20:00:57] 发送(hex): 20
[2026/09/14 20:00:57] 发送(hex): 20
[2026/09/14 20:00:57] 发送(hex): 20
[2026/09/14 20:00:57] 发送(hex): 20
[2026/09/14 20:00:57] 发送(hex): 20
[2026/09/14 20:00:57] 发送(hex): 20
[2026/09/14 20:00:57] 发送(hex): 20
[2026/09/14 20:00:57] 发送(hex): 20
[2026/09/14 20:00:57] 发送(hex): 20
[2026/09/14 20:00:57] 发送(hex): 20
[2026/09/14 20:00:57] 发送(hex): 20
[2026/09/14 20:00:57] 发送(hex): 20
[2026/09/14 20:00:57] 发送(hex): 20
[2026/09/14 20:00:57] 发送(hex): 20
[2026/09/14 20:00:57] 发送(hex): 20
[2026/09/14 20:00:57] 发送(hex): 20
[2026/09/14 20:00:57] 发送(hex): 20
[2026/09/14 20:00:57] 发送(hex): 20
[2026/09/14 20:00:57] 发送(hex): 20
[2026/09/14 20:00:57] 发送(hex): 20
[2026/09/14 20:00:57] 发送(hex): 20
[2026/09/14 20:00:57] 发送(hex): 20
[2026/09/14 20:00:57] 发送(hex): 20
[2026/09/14 20:00:57] 发送(hex): 20
[2026/09/14 20:00:57] 发送(hex): 20
[2026/09/14 20:00:57] 发送(hex): 20
[2026/09/14 20:00:57] 发送(hex): 20
[2026/09/14 20:00:57] 发送(hex): 20
[2026/09/14 20:00:57] 发送(hex): 20
[2026/09/14 20:00:57] 发送(hex): 20
[2026/09/14 20:00:57] 发送(hex): 20
[2026/09/14 20:00:57] 发送(hex): 20
[2026/09/14 20:00:57] 发送(hex): 20
[2026/09/14 20:00:57] 发送(hex): 20
[2026/09/14 20:00:57] 发送(hex): 20
[2026/09/14 20:00:57] 发送(hex): 20
[2026/09/14 20:00:57] 发送(hex): 20
[2026/09/14 20:00:57] 发送(hex): 20
[2026/09/14 20:00:57] 发送(hex): 20
[2026/09/14 20:00:57] 发送(hex): 20
[2026/09/14 20:00:57] 发送(hex): 20
[2026/09/14 20:00:57] 发送(hex): 20
[2026/09/14 20:00:57] 发送(hex): 20
[2026/09/14 20:00:57] 发送(hex): 20
[2026/09/14 20:00:57] 发送(hex): 20
[2026/09/14 20:00:57] 发送(hex): 20
[2026/09/14 20:00:57] 发送(hex): 20
[2026/09/14 20:00:57] 发送(hex): 20
[2026/09/14 20:00:57] 发送(hex): 20
[2026/09/14 20:00:57] 发送(hex): 20
[2026/09/14 20:00:57] 发送(hex): 20
[2026/09/14 20:00:57] 发送(hex): 20
[2026/09/14 20:00:57] 发送(hex): 20
[2026/09/14 20:00:57] 发送(hex): 20
[2026/09/14 20:00:57] 发送(hex): 20
[2026/09/14 20:00:57] 发送(hex): 20
[2026/09/14 20:00:57] 发送(hex): 20
[2026/09/14 20:00:57] 发送(hex): 20
[2026/09/14 20:00:57] 发送(hex): 20
[2026/09/14 20:00:58] 发送(hex): 20
[2026/09/14 20:00:58] 发送(hex): 20
[2026/09/14 20:00:58] 发送(hex): 20
[2026/09/14 20:00:58] 发送(hex): 20
[2026/09/14 20:00:58] 发送(hex): 20
[2026/09/14 20:00:58] 发送(hex): 20
[2026/09/14 20:00:58] 发送(hex): 20
[2026/09/14 20:00:58] 发送(hex): 20
[2026/09/14 20:00:58] 发送(hex): 20
[2026/09/14 20:00:58] 发送(hex): 20
[2026/09/14 20:00:58] 发送(hex): 20
[2026/09/14 20:00:58] 发送(hex): 20
[2026/09/14 20:00:58] 发送(hex): 20
[2026/09/14 20:00:58] 发送(hex): 20
[2026/09/14 20:00:58] 发送(hex): 20
[2026/09/14 20:00:58] 发送(hex): 20
[2026/09/14 20:00:58] 发送(hex): 20
[2026/09/14 20:00:58] 发送(hex): 20
[2026/09/14 20:00:58] 发送(hex): 20
[2026/09/14 20:00:58] 发送(hex): 20
[2026/09/14 20:00:58] 发送(hex): 20
[2026/09/14 20:00:58] 发送(hex): 20
[2026/09/14 20:00:58] 发送(hex): 20
[2026/09/14 20:00:58] 发送(hex): 20
[2026/09/14 20:00:58] 发送(hex): 20
[2026/09/14 20:00:58] 发送(hex): 20
[2026/09/14 20:00:58] 发送(hex): 20
[2026/09/14 20:00:58] 发送(hex): 20
[2026/09/14 20:00:58] 发送(hex): 20
[2026/09/14 20:00:58] 发送(hex): 20
[2026/09/14 20:00:58] 发送(hex): 20
[2026/09/14 20:00:58] 发送(hex): 20
[2026/09/14 20:00:58] 发送(hex): 20
[2026/09/14 20:00:58] 发送(hex): 20
[2026/09/14 20:00:58] 发送(hex): 20
[2026/09/14 20:00:58] 发送(hex): 20
[2026/09/14 20:00:58] 发送(hex): 20
[2026/09/14 20:00:58] 发送(hex): 20
[2026/09/14 20:00:58] 发送(hex): 20
[2026/09/14 20:00:58] 发送(hex): 20
[2026/09/14 20:00:58] 发送(hex): 20
[2026/09/14 20:00:58] 发送(hex): 20
[2026/09/14 20:00:58] 发送(hex): 20
[2026/09/14 20:00:58] 发送(hex): 20
[2026/09/14 20:00:58] 发送(hex): 20
[2026/09/14 20:00:58] 发送(hex): 20
[2026/09/14 20:00:58] 发送(hex): 20
[2026/09/14 20:00:58] 发送(hex): 20
[2026/09/14 20:00:58] 发送(hex): 20
[2026/09/14 20:00:58] 发送(hex): 20
[2026/09/14 20:00:58] 发送(hex): 20
[2026/09/14 20:00:58] 发送(hex): 20
[2026/09/14 20:00:58] 发送(hex): 20
[2026/09/14 20:00:58] 发送(hex): 20
[2026/09/14 20:00:58] 发送(hex): 20
[2026/09/14 20:00:58] 发送(hex): 20
[2026/09/14 20:00:58] 发送(hex): 20
[2026/09/14 20:00:58] 发送(hex): 20
[2026/09/14 20:00:58] 发送(hex): 20
[2026/09/14 20:00:58] 发送(hex): 20
[2026/09/14 20:00:58] 发送(hex): 20
[2026/09/14 20:00:58] 发送(hex): 20
[2026/09/14 20:00:58] 发送(hex): 20
[2026/09/14 20:00:58] 发送(hex): 20
[2026/09/14 20:00:58] 发送(hex): 20
[2026/09/14 20:00:58] 发送(hex): 20
[2026/09/14 20:00:58] 发送(hex): 20
[2026/09/14 20:00:58] 发送(hex): 20
[2026/09/14 20:00:58] 发送(hex): 20
[2026/09/14 20:00:58] 发送(hex): 20
[2026/09/14 20:00:58] 发送(hex): 20
[2026/09/14 20:00:58] 发送(hex): 20
[2026/09/14 20:00:58] 发送(hex): 20
[2026/09/14 20:00:58] 发送(hex): 20
[2026/09/14 20:00:58] 发送(hex): 20
[2026/09/14 20:00:58] 发送(hex): 20
[2026/09/14 20:00:58] 发送(hex): 20
[2026/09/14 20:00:58] 发送(hex): 20
[2026/09/14 20:00:58] 发送(hex): 20
[2026/09/14 20:00:58] 发送(hex): 20
[2026/09/14 20:00:58] 发送(hex): 20
[2026/09/14 20:00:58] 发送(hex): 20
[2026/09/14 20:00:58] 发送(hex): 20
[2026/09/14 20:00:58] 发送(hex): 20
[2026/09/14 20:00:58] 发送(hex): 20
[2026/09/14 20:00:58] 发送(hex): 20
[2026/09/14 20:00:58] 发送(hex): 20
[2026/09/14 20:00:58] 发送(hex): 20
[2026/09/14 20:00:58] 发送(hex): 20
[2026/09/14 20:00:58] 发送(hex): 20
[2026/09/14 20:00:58] 发送(hex): 20
[2026/09/14 20:00:58] 发送(hex): 20
[2026/09/14 20:00:58] 发送(hex): 20
[2026/09/14 20:00:58] 发送(hex): 20
[2026/09/14 20:00:59] 发送(hex): 20
[2026/09/14 20:00:59] 发送(hex): 20
[2026/09/14 20:00:59] 发送(hex): 20
[2026/09/14 20:00:59] 发送(hex): 20
[2026/09/14 20:00:59] 发送(hex): 20
[2026/09/14 20:00:59] 发送(hex): 20
[2026/09/14 20:00:59] 发送(hex): 20
[2026/09/14 20:00:59] 发送(hex): 20
[2026/09/14 20:00:59] 发送(hex): 20
[2026/09/14 20:00:59] 发送(hex): 20
[2026/09/14 20:00:59] 发送(hex): 20
[2026/09/14 20:00:59] 发送(hex): 20
[2026/09/14 20:00:59] 发送(hex): 20
[2026/09/14 20:00:59] 发送(hex): 20
[2026/09/14 20:00:59] 发送(hex): 20
[2026/09/14 20:00:59] 发送(hex): 20
[2026/09/14 20:00:59] 发送(hex): 20
[2026/09/14 20:00:59] 发送(hex): 20
[2026/09/14 20:00:59] 发送(hex): 20
[2026/09/14 20:00:59] 发送(hex): 20
[2026/09/14 20:00:59] 发送(hex): 20
[2026/09/14 20:00:59] 发送(hex): 20
[2026/09/14 20:00:59] 发送(hex): 20
[2026/09/14 20:00:59] 发送(hex): 20
[2026/09/14 20:00:59] 发送(hex): 20
[2026/09/14 20:00:59] 发送(hex): 20
[2026/09/14 20:00:59] 发送(hex): 20
[2026/09/14 20:00:59] 发送(hex): 20
[2026/09/14 20:00:59] 发送(hex): 20
[2026/09/14 20:00:59] 发送(hex): 20
[2026/09/14 20:00:59] 发送(hex): 20
[2026/09/14 20:00:59] 发送(hex): 20
[2026/09/14 20:00:59] 发送(hex): 20
[2026/09/14 20:00:59] 发送(hex): 20
[2026/09/14 20:00:59] 发送(hex): 20
[2026/09/14 20:00:59] 发送(hex): 20
[2026/09/14 20:00:59] 发送(hex): 20
[2026/09/14 20:00:59] 发送(hex): 20
[2026/09/14 20:00:59] 发送(hex): 20
[2026/09/14 20:00:59] 发送(hex): 20
[2026/09/14 20:00:59] 发送(hex): 20
[2026/09/14 20:00:59] 发送(hex): 20
[2026/09/14 20:00:59] 发送(hex): 20
[2026/09/14 20:00:59] 发送(hex): 20
[2026/09/14 20:00:59] 发送(hex): 20
[2026/09/14 20:00:59] 发送(hex): 20
[2026/09/14 20:00:59] 发送(hex): 20
[2026/09/14 20:00:59] 发送(hex): 20
[2026/09/14 20:00:59] 发送(hex): 20
[2026/09/14 20:00:59] 发送(hex): 20
[2026/09/14 20:00:59] 发送(hex): 20
[2026/09/14 20:00:59] 发送(hex): 20
[2026/09/14 20:00:59] 发送(hex): 20
[2026/09/14 20:00:59] 发送(hex): 20
[2026/09/14 20:00:59] 发送(hex): 20
[2026/09/14 20:00:59] 发送(hex): 20
[2026/09/14 20:00:59] 发送(hex): 20
[2026/09/14 20:00:59] 发送(hex): 20
[2026/09/14 20:00:59] 发送(hex): 20
[2026/09/14 20:00:59] 发送(hex): 20
[2026/09/14 20:00:59] 发送(hex): 20
[2026/09/14 20:00:59] 发送(hex): 20
[2026/09/14 20:00:59] 发送(hex): 20
[2026/09/14 20:00:59] 发送(hex): 20
[2026/09/14 20:00:59] 发送(hex): 20
[2026/09/14 20:00:59] 发送(hex): 20
[2026/09/14 20:00:59] 发送(hex): 20
[2026/09/14 20:00:59] 发送(hex): 20
[2026/09/14 20:00:59] 发送(hex): 20
[2026/09/14 20:00:59] 发送(hex): 20
[2026/09/14 20:00:59] 发送(hex): 20
[2026/09/14 20:00:59] 发送(hex): 20
[2026/09/14 20:00:59] 发送(hex): 20
[2026/09/14 20:00:59] 发送(hex): 20
[2026/09/14 20:00:59] 发送(hex): 20
[2026/09/14 20:00:59] 发送(hex): 20
[2026/09/14 20:00:59] 发送(hex): 20
[2026/09/14 20:00:59] 发送(hex): 20
[2026/09/14 20:00:59] 发送(hex): 20
[2026/09/14 20:00:59] 发送(hex): 20
[2026/09/14 20:00:59] 发送(hex): 20
[2026/09/14 20:00:59] 发送(hex): 20
[2026/09/14 20:00:59] 发送(hex): 20
[2026/09/14 20:00:59] 发送(hex): 20
[2026/09/14 20:00:59] 发送(hex): 20
[2026/09/14 20:00:59] 发送(hex): 20
[2026/09/14 20:00:59] 发送(hex): 20
[2026/09/14 20:00:59] 发送(hex): 20
[2026/09/14 20:00:59] 发送(hex): 20
[2026/09/14 20:00:59] 发送(hex): 20
[2026/09/14 20:00:59] 发送(hex): 20
[2026/09/14 20:00:59] 发送(hex): 20
[2026/09/14 20:00:59] 发送(hex): 20
[2026/09/14 20:00:59] 发送(hex): 20
[2026/09/14 20:01:00] 发送(hex): 20
[2026/09/14 20:01:00] 发送(hex): 20
[2026/09/14 20:01:00] 发送(hex): 20
[2026/09/14 20:01:00] 发送(hex): 20
[2026/09/14 20:01:00] 发送(hex): 20
[2026/09/14 20:01:00] 发送(hex): 20
[2026/09/14 20:01:00] 发送(hex): 20
[2026/09/14 20:01:00] 发送(hex): 20
[2026/09/14 20:01:00] 发送(hex): 20
[2026/09/14 20:01:00] 发送(hex): 20
[2026/09/14 20:01:00] 发送(hex): 20
[2026/09/14 20:01:00] 发送(hex): 20
[2026/09/14 20:01:00] 发送(hex): 20
[2026/09/14 20:01:00] 发送(hex): 20
[2026/09/14 20:01:00] 发送(hex): 20
[2026/09/14 20:01:00] 发送(hex): 20
[2026/09/14 20:01:00] 发送(hex): 20
[2026/09/14 20:01:00] 发送(hex): 20
[2026/09/14 20:01:00] 发送(hex): 20
[2026/09/14 20:01:00] 发送(hex): 20
[2026/09/14 20:01:00] 发送(hex): 20
[2026/09/14 20:01:00] 发送(hex): 20
[2026/09/14 20:01:00] 发送(hex): 20
[2026/09/14 20:01:00] 发送(hex): 20
[2026/09/14 20:01:00] 发送(hex): 20
[2026/09/14 20:01:00] 发送(hex): 20
[2026/09/14 20:01:00] 发送(hex): 20
[2026/09/14 20:01:00] 发送(hex): 20
[2026/09/14 20:01:00] 发送(hex): 20
[2026/09/14 20:01:00] 发送(hex): 20
[2026/09/14 20:01:00] 发送(hex): 20
[2026/09/14 20:01:00] 发送(hex): 20
[2026/09/14 20:01:00] 发送(hex): 20
[2026/09/14 20:01:00] 发送(hex): 20
[2026/09/14 20:01:00] 发送(hex): 20
[2026/09/14 20:01:00] 发送(hex): 20
[2026/09/14 20:01:00] 发送(hex): 20
[2026/09/14 20:01:00] 发送(hex): 20
[2026/09/14 20:01:00] 发送(hex): 20
[2026/09/14 20:01:00] 发送(hex): 20
[2026/09/14 20:01:00] 发送(hex): 20
[2026/09/14 20:01:00] 发送(hex): 20
[2026/09/14 20:01:00] 发送(hex): 20
[2026/09/14 20:01:00] 发送(hex): 20
[2026/09/14 20:01:00] 发送(hex): 20
[2026/09/14 20:01:00] 发送(hex): 20
[2026/09/14 20:01:00] 发送(hex): 20
[2026/09/14 20:01:00] 发送(hex): 20
[2026/09/14 20:01:00] 发送(hex): 20
[2026/09/14 20:01:00] 发送(hex): 20
[2026/09/14 20:01:00] 发送(hex): 20
[2026/09/14 20:01:00] 发送(hex): 20
[2026/09/14 20:01:00] 发送(hex): 20
[2026/09/14 20:01:00] 发送(hex): 20
[2026/09/14 20:01:00] 发送(hex): 20
[2026/09/14 20:01:00] 发送(hex): 20
[2026/09/14 20:01:00] 发送(hex): 20
[2026/09/14 20:01:00] 发送(hex): 20
[2026/09/14 20:01:00] 发送(hex): 20
[2026/09/14 20:01:00] 发送(hex): 20
[2026/09/14 20:01:00] 发送(hex): 20
[2026/09/14 20:01:00] 发送(hex): 20
[2026/09/14 20:01:00] 发送(hex): 20
[2026/09/14 20:01:00] 发送(hex): 20
[2026/09/14 20:01:00] 发送(hex): 20
[2026/09/14 20:01:00] 发送(hex): 20
[2026/09/14 20:01:00] 发送(hex): 20
[2026/09/14 20:01:00] 发送(hex): 20
[2026/09/14 20:01:00] 发送(hex): 20
[2026/09/14 20:01:00] 发送(hex): 20
[2026/09/14 20:01:00] 发送(hex): 20
[2026/09/14 20:01:00] 发送(hex): 20
[2026/09/14 20:01:00] 发送(hex): 20
[2026/09/14 20:01:00] 发送(hex): 20
[2026/09/14 20:01:00] 发送(hex): 20
[2026/09/14 20:01:00] 发送(hex): 20
[2026/09/14 20:01:00] 发送(hex): 20
[2026/09/14 20:01:00] 发送(hex): 20
[2026/09/14 20:01:00] 发送(hex): 20
[2026/09/14 20:01:00] 发送(hex): 20
[2026/09/14 20:01:00] 发送(hex): 20
[2026/09/14 20:01:00] 发送(hex): 20
[2026/09/14 20:01:00] 发送(hex): 20
[2026/09/14 20:01:00] 发送(hex): 20
[2026/09/14 20:01:00] 发送(hex): 20
[2026/09/14 20:01:00] 发送(hex): 20
[2026/09/14 20:01:00] 发送(hex): 20
[2026/09/14 20:01:00] 发送(hex): 20
[2026/09/14 20:01:00] 发送(hex): 20
[2026/09/14 20:01:00] 发送(hex): 20
[2026/09/14 20:01:00] 发送(hex): 20
[2026/09/14 20:01:00] 发送(hex): 20
[2026/09/14 20:01:00] 发送(hex): 20
[2026/09/14 20:01:00] 发送(hex): 20
[2026/09/14 20:01:01] 发送(hex): 20
[2026/09/14 20:01:01] 发送(hex): 20
[2026/09/14 20:01:01] 发送(hex): 20
[2026/09/14 20:01:01] 发送(hex): 20
[2026/09/14 20:01:01] 发送(hex): 20
[2026/09/14 20:01:01] 发送(hex): 20
[2026/09/14 20:01:01] 发送(hex): 20
[2026/09/14 20:01:01] 发送(hex): 20
[2026/09/14 20:01:01] 发送(hex): 20
[2026/09/14 20:01:01] 发送(hex): 20
[2026/09/14 20:01:01] 发送(hex): 20
[2026/09/14 20:01:01] 发送(hex): 20
[2026/09/14 20:01:01] 发送(hex): 20
[2026/09/14 20:01:01] 发送(hex): 20
[2026/09/14 20:01:01] 发送(hex): 20
[2026/09/14 20:01:01] 发送(hex): 20
[2026/09/14 20:01:01] 发送(hex): 20
[2026/09/14 20:01:01] 发送(hex): 20
[2026/09/14 20:01:01] 发送(hex): 20
[2026/09/14 20:01:01] 发送(hex): 20
[2026/09/14 20:01:01] 发送(hex): 20
[2026/09/14 20:01:01] 发送(hex): 20
[2026/09/14 20:01:01] 发送(hex): 20
[2026/09/14 20:01:01] 发送(hex): 20
[2026/09/14 20:01:01] 发送(hex): 20
[2026/09/14 20:01:01] 发送(hex): 20
[2026/09/14 20:01:01] 发送(hex): 20
[2026/09/14 20:01:01] 发送(hex): 20
[2026/09/14 20:01:01] 发送(hex): 20
[2026/09/14 20:01:01] 发送(hex): 20
[2026/09/14 20:01:01] 发送(hex): 20
[2026/09/14 20:01:01] 发送(hex): 20
[2026/09/14 20:01:01] 发送(hex): 20
[2026/09/14 20:01:01] 发送(hex): 20
[2026/09/14 20:01:01] 发送(hex): 20
[2026/09/14 20:01:01] 发送(hex): 20
[2026/09/14 20:01:01] 发送(hex): 20
[2026/09/14 20:01:01] 发送(hex): 20
[2026/09/14 20:01:01] 发送(hex): 20
[2026/09/14 20:01:01] 发送(hex): 20
[2026/09/14 20:01:01] 发送(hex): 20
[2026/09/14 20:01:01] 发送(hex): 20
[2026/09/14 20:01:01] 发送(hex): 20
[2026/09/14 20:01:01] 发送(hex): 20
[2026/09/14 20:01:01] 发送(hex): 20
[2026/09/14 20:01:01] 发送(hex): 20
[2026/09/14 20:01:01] 发送(hex): 20
[2026/09/14 20:01:01] 发送(hex): 20
[2026/09/14 20:01:01] 发送(hex): 20
[2026/09/14 20:01:01] 发送(hex): 20
[2026/09/14 20:01:01] 发送(hex): 20
[2026/09/14 20:01:01] 发送(hex): 20
[2026/09/14 20:01:01] 发送(hex): 20
[2026/09/14 20:01:01] 发送(hex): 20
[2026/09/14 20:01:01] 发送(hex): 20
[2026/09/14 20:01:01] 发送(hex): 20
[2026/09/14 20:01:01] 发送(hex): 20
[2026/09/14 20:01:01] 发送(hex): 20
[2026/09/14 20:01:01] 发送(hex): 20
[2026/09/14 20:01:01] 发送(hex): 20
[2026/09/14 20:01:01] 发送(hex): 20
[2026/09/14 20:01:01] 发送(hex): 20
[2026/09/14 20:01:01] 发送(hex): 20
[2026/09/14 20:01:01] 发送(hex): 20
[2026/09/14 20:01:01] 发送(hex): 20
[2026/09/14 20:01:01] 发送(hex): 20
[2026/09/14 20:01:01] 发送(hex): 20
[2026/09/14 20:01:01] 发送(hex): 20
[2026/09/14 20:01:01] 发送(hex): 20
[2026/09/14 20:01:01] 发送(hex): 20
[2026/09/14 20:01:01] 发送(hex): 20
[2026/09/14 20:01:01] 发送(hex): 20
[2026/09/14 20:01:01] 发送(hex): 20
[2026/09/14 20:01:01] 发送(hex): 20
[2026/09/14 20:01:01] 发送(hex): 20
[2026/09/14 20:01:01] 发送(hex): 20
[2026/09/14 20:01:01] 发送(hex): 20
[2026/09/14 20:01:01] 发送(hex): 20
[2026/09/14 20:01:01] 发送(hex): 20
[2026/09/14 20:01:01] 发送(hex): 20
[2026/09/14 20:01:01] 发送(hex): 20
[2026/09/14 20:01:01] 发送(hex): 20
[2026/09/14 20:01:01] 发送(hex): 20
[2026/09/14 20:01:01] 发送(hex): 20
[2026/09/14 20:01:01] 发送(hex): 20
[2026/09/14 20:01:01] 发送(hex): 20
[2026/09/14 20:01:01] 发送(hex): 20
[2026/09/14 20:01:01] 发送(hex): 20
[2026/09/14 20:01:01] 发送(hex): 20
[2026/09/14 20:01:01] 发送(hex): 20
[2026/09/14 20:01:01] 发送(hex): 20
[2026/09/14 20:01:01] 发送(hex): 20
[2026/09/14 20:01:01] 发送(hex): 20
[2026/09/14 20:01:01] 发送(hex): 20
[2026/09/14 20:01:02] 发送(hex): 20
[2026/09/14 20:01:02] 发送(hex): 20
[2026/09/14 20:01:02] 发送(hex): 20
[2026/09/14 20:01:02] 发送(hex): 20
[2026/09/14 20:01:02] 发送(hex): 20
[2026/09/14 20:01:02] 发送(hex): 20
[2026/09/14 20:01:02] 发送(hex): 20
[2026/09/14 20:01:02] 发送(hex): 20
[2026/09/14 20:01:02] 发送(hex): 20
[2026/09/14 20:01:02] 发送(hex): 20
[2026/09/14 20:01:02] 发送(hex): 20
[2026/09/14 20:01:02] 发送(hex): 20
[2026/09/14 20:01:02] 发送(hex): 20
[2026/09/14 20:01:02] 发送(hex): 20
[2026/09/14 20:01:02] 发送(hex): 20
[2026/09/14 20:01:02] 发送(hex): 20
[2026/09/14 20:01:02] 发送(hex): 20
[2026/09/14 20:01:02] 发送(hex): 20
[2026/09/14 20:01:02] 发送(hex): 20
[2026/09/14 20:01:02] 发送(hex): 20
[2026/09/14 20:01:02] 发送(hex): 20
[2026/09/14 20:01:02] 发送(hex): 20
[2026/09/14 20:01:02] 发送(hex): 20
[2026/09/14 20:01:02] 发送(hex): 20
[2026/09/14 20:01:02] 发送(hex): 20
[2026/09/14 20:01:02] 发送(hex): 20
[2026/09/14 20:01:02] 发送(hex): 20
[2026/09/14 20:01:02] 发送(hex): 20
[2026/09/14 20:01:02] 发送(hex): 20
[2026/09/14 20:01:02] 发送(hex): 20
[2026/09/14 20:01:02] 发送(hex): 20
[2026/09/14 20:01:02] 发送(hex): 20
[2026/09/14 20:01:02] 发送(hex): 20
[2026/09/14 20:01:02] 发送(hex): 20
[2026/09/14 20:01:02] 发送(hex): 20
[2026/09/14 20:01:02] 发送(hex): 20
[2026/09/14 20:01:02] 发送(hex): 20
[2026/09/14 20:01:02] 发送(hex): 20
[2026/09/14 20:01:02] 发送(hex): 20
[2026/09/14 20:01:02] 发送(hex): 20
[2026/09/14 20:01:02] 发送(hex): 20
[2026/09/14 20:01:02] 发送(hex): 20
[2026/09/14 20:01:02] 发送(hex): 20
[2026/09/14 20:01:02] 发送(hex): 20
[2026/09/14 20:01:02] 发送(hex): 20
[2026/09/14 20:01:02] 发送(hex): 20
[2026/09/14 20:01:02] 发送(hex): 20
[2026/09/14 20:01:02] 发送(hex): 20
[2026/09/14 20:01:02] 发送(hex): 20
[2026/09/14 20:01:02] 发送(hex): 20
[2026/09/14 20:01:02] 发送(hex): 20
[2026/09/14 20:01:02] 发送(hex): 20
[2026/09/14 20:01:02] 发送(hex): 20
[2026/09/14 20:01:02] 发送(hex): 20
[2026/09/14 20:01:02] 发送(hex): 20
[2026/09/14 20:01:02] 发送(hex): 20
[2026/09/14 20:01:02] 发送(hex): 20
[2026/09/14 20:01:02] 发送(hex): 20
[2026/09/14 20:01:02] 发送(hex): 20
[2026/09/14 20:01:02] 发送(hex): 20
[2026/09/14 20:01:02] 发送(hex): 20
[2026/09/14 20:01:02] 发送(hex): 20
[2026/09/14 20:01:02] 发送(hex): 20
[2026/09/14 20:01:02] 发送(hex): 20
[2026/09/14 20:01:02] 发送(hex): 20
[2026/09/14 20:01:02] 发送(hex): 20
[2026/09/14 20:01:02] 发送(hex): 20
[2026/09/14 20:01:02] 发送(hex): 20
[2026/09/14 20:01:02] 发送(hex): 20
[2026/09/14 20:01:02] 发送(hex): 20
[2026/09/14 20:01:02] 发送(hex): 20
[2026/09/14 20:01:02] 发送(hex): 20
[2026/09/14 20:01:02] 发送(hex): 20
[2026/09/14 20:01:02] 发送(hex): 20
[2026/09/14 20:01:02] 发送(hex): 20
[2026/09/14 20:01:02] 发送(hex): 20
[2026/09/14 20:01:02] 发送(hex): 20
[2026/09/14 20:01:02] 发送(hex): 20
[2026/09/14 20:01:02] 发送(hex): 20
[2026/09/14 20:01:02] 发送(hex): 20
[2026/09/14 20:01:02] 发送(hex): 20
[2026/09/14 20:01:02] 发送(hex): 20
[2026/09/14 20:01:02] 发送(hex): 20
[2026/09/14 20:01:02] 发送(hex): 20
[2026/09/14 20:01:02] 发送(hex): 20
[2026/09/14 20:01:02] 发送(hex): 20
[2026/09/14 20:01:02] 发送(hex): 20
[2026/09/14 20:01:02] 发送(hex): 20
[2026/09/14 20:01:02] 发送(hex): 20
[2026/09/14 20:01:02] 发送(hex): 20
[2026/09/14 20:01:02] 发送(hex): 20
[2026/09/14 20:01:02] 发送(hex): 20
[2026/09/14 20:01:02] 发送(hex): 20
[2026/09/14 20:01:02] 发送(hex): 20
[2026/09/14 20:01:02] 发送(hex): 20
[2026/09/14 20:01:03] 发送(hex): 20
[2026/09/14 20:01:03] 发送(hex): 20
[2026/09/14 20:01:03] 发送(hex): 20
[2026/09/14 20:01:03] 发送(hex): 20
[2026/09/14 20:01:03] 发送(hex): 20
[2026/09/14 20:01:03] 发送(hex): 20
[2026/09/14 20:01:03] 发送(hex): 20
[2026/09/14 20:01:03] 发送(hex): 20
[2026/09/14 20:01:03] 发送(hex): 20
[2026/09/14 20:01:03] 发送(hex): 20
[2026/09/14 20:01:03] 发送(hex): 20
[2026/09/14 20:01:03] 发送(hex): 20
[2026/09/14 20:01:03] 发送(hex): 20
[2026/09/14 20:01:03] 发送(hex): 20
[2026/09/14 20:01:03] 发送(hex): 20
[2026/09/14 20:01:03] 发送(hex): 20
[2026/09/14 20:01:03] 发送(hex): 20
[2026/09/14 20:01:03] 发送(hex): 20
[2026/09/14 20:01:03] 发送(hex): 20
[2026/09/14 20:01:03] 发送(hex): 20
[2026/09/14 20:01:03] 发送(hex): 20
[2026/09/14 20:01:03] 发送(hex): 20
[2026/09/14 20:01:03] 发送(hex): 20
[2026/09/14 20:01:03] 发送(hex): 20
[2026/09/14 20:01:03] 发送(hex): 20
[2026/09/14 20:01:03] 发送(hex): 20
[2026/09/14 20:01:03] 发送(hex): 20
[2026/09/14 20:01:03] 发送(hex): 20
[2026/09/14 20:01:03] 发送(hex): 20
[2026/09/14 20:01:03] 发送(hex): 20
[2026/09/14 20:01:03] 发送(hex): 20
[2026/09/14 20:01:03] 发送(hex): 20
[2026/09/14 20:01:03] 发送(hex): 20
[2026/09/14 20:01:03] 发送(hex): 20
[2026/09/14 20:01:03] 发送(hex): 20
[2026/09/14 20:01:03] 发送(hex): 20
[2026/09/14 20:01:03] 发送(hex): 20
[2026/09/14 20:01:03] 发送(hex): 20
[2026/09/14 20:01:03] 发送(hex): 20
[2026/09/14 20:01:03] 发送(hex): 20
[2026/09/14 20:01:03] 发送(hex): 20
[2026/09/14 20:01:03] 发送(hex): 20
[2026/09/14 20:01:03] 发送(hex): 20
[2026/09/14 20:01:03] 发送(hex): 20
[2026/09/14 20:01:03] 发送(hex): 20
[2026/09/14 20:01:03] 发送(hex): 20
[2026/09/14 20:01:03] 发送(hex): 20
[2026/09/14 20:01:03] 发送(hex): 20
[2026/09/14 20:01:03] 发送(hex): 20
[2026/09/14 20:01:03] 发送(hex): 20
[2026/09/14 20:01:03] 发送(hex): 20
[2026/09/14 20:01:03] 发送(hex): 20
[2026/09/14 20:01:03] 发送(hex): 20
[2026/09/14 20:01:03] 发送(hex): 20
[2026/09/14 20:01:03] 发送(hex): 20
[2026/09/14 20:01:03] 发送(hex): 20
[2026/09/14 20:01:03] 发送(hex): 20
[2026/09/14 20:01:03] 发送(hex): 20
[2026/09/14 20:01:03] 发送(hex): 20
[2026/09/14 20:01:03] 发送(hex): 20
[2026/09/14 20:01:03] 发送(hex): 20
[2026/09/14 20:01:03] 发送(hex): 20
[2026/09/14 20:01:03] 发送(hex): 20
[2026/09/14 20:01:03] 发送(hex): 20
[2026/09/14 20:01:03] 发送(hex): 20
[2026/09/14 20:01:03] 发送(hex): 20
[2026/09/14 20:01:03] 发送(hex): 20
[2026/09/14 20:01:03] 发送(hex): 20
[2026/09/14 20:01:03] 发送(hex): 20
[2026/09/14 20:01:03] 发送(hex): 20
[2026/09/14 20:01:03] 发送(hex): 20
[2026/09/14 20:01:03] 发送(hex): 20
[2026/09/14 20:01:03] 发送(hex): 20
[2026/09/14 20:01:03] 发送(hex): 20
[2026/09/14 20:01:03] 发送(hex): 20
[2026/09/14 20:01:03] 发送(hex): 20
[2026/09/14 20:01:03] 发送(hex): 20
[2026/09/14 20:01:03] 发送(hex): 20
[2026/09/14 20:01:03] 发送(hex): 20
[2026/09/14 20:01:03] 发送(hex): 20
[2026/09/14 20:01:03] 发送(hex): 20
[2026/09/14 20:01:03] 发送(hex): 20
[2026/09/14 20:01:03] 发送(hex): 20
[2026/09/14 20:01:03] 发送(hex): 20
[2026/09/14 20:01:03] 发送(hex): 20
[2026/09/14 20:01:03] 发送(hex): 20
[2026/09/14 20:01:03] 发送(hex): 20
[2026/09/14 20:01:03] 发送(hex): 20
[2026/09/14 20:01:03] 发送(hex): 20
[2026/09/14 20:01:03] 发送(hex): 20
[2026/09/14 20:01:03] 发送(hex): 20
[2026/09/14 20:01:03] 发送(hex): 20
[2026/09/14 20:01:03] 发送(hex): 20
[2026/09/14 20:01:03] 发送(hex): 20
[2026/09/14 20:01:03] 发送(hex): 20
[2026/09/14 20:01:04] 发送(hex): 20
[2026/09/14 20:01:04] 发送(hex): 20
[2026/09/14 20:01:04] 发送(hex): 20
[2026/09/14 20:01:04] 发送(hex): 20
[2026/09/14 20:01:04] 发送(hex): 20
[2026/09/14 20:01:04] 发送(hex): 20
[2026/09/14 20:01:04] 发送(hex): 20
[2026/09/14 20:01:04] 发送(hex): 20
[2026/09/14 20:01:04] 发送(hex): 20
[2026/09/14 20:01:04] 发送(hex): 20
[2026/09/14 20:01:04] 发送(hex): 20
[2026/09/14 20:01:04] 发送(hex): 20
[2026/09/14 20:01:04] 发送(hex): 20
[2026/09/14 20:01:04] 发送(hex): 20
[2026/09/14 20:01:04] 发送(hex): 20
[2026/09/14 20:01:04] 发送(hex): 20
[2026/09/14 20:01:04] 发送(hex): 20
[2026/09/14 20:01:04] 发送(hex): 20
[2026/09/14 20:01:04] 发送(hex): 20
[2026/09/14 20:01:04] 发送(hex): 20
[2026/09/14 20:01:04] 发送(hex): 20
[2026/09/14 20:01:04] 发送(hex): 20
[2026/09/14 20:01:04] 发送(hex): 20
[2026/09/14 20:01:04] 发送(hex): 20
[2026/09/14 20:01:04] 发送(hex): 20
[2026/09/14 20:01:04] 发送(hex): 20
[2026/09/14 20:01:04] 发送(hex): 20
[2026/09/14 20:01:04] 发送(hex): 20
[2026/09/14 20:01:04] 发送(hex): 20
[2026/09/14 20:01:04] 发送(hex): 20
[2026/09/14 20:01:04] 发送(hex): 20
[2026/09/14 20:01:04] 发送(hex): 20
[2026/09/14 20:01:04] 发送(hex): 20
[2026/09/14 20:01:04] 发送(hex): 20
[2026/09/14 20:01:04] 发送(hex): 20
[2026/09/14 20:01:04] 发送(hex): 20
[2026/09/14 20:01:04] 发送(hex): 20
[2026/09/14 20:01:04] 发送(hex): 20
[2026/09/14 20:01:04] 发送(hex): 20
[2026/09/14 20:01:04] 发送(hex): 20
[2026/09/14 20:01:04] 发送(hex): 20
[2026/09/14 20:01:04] 发送(hex): 20
[2026/09/14 20:01:04] 发送(hex): 20
[2026/09/14 20:01:04] 发送(hex): 20
[2026/09/14 20:01:04] 发送(hex): 20
[2026/09/14 20:01:04] 发送(hex): 20
[2026/09/14 20:01:04] 发送(hex): 20
[2026/09/14 20:01:04] 发送(hex): 20
[2026/09/14 20:01:04] 发送(hex): 20
[2026/09/14 20:01:04] 发送(hex): 20
[2026/09/14 20:01:04] 发送(hex): 20
[2026/09/14 20:01:04] 发送(hex): 20
[2026/09/14 20:01:04] 发送(hex): 20
[2026/09/14 20:01:04] 发送(hex): 20
[2026/09/14 20:01:04] 发送(hex): 20
[2026/09/14 20:01:04] 发送(hex): 20
[2026/09/14 20:01:04] 发送(hex): 20
[2026/09/14 20:01:04] 发送(hex): 20
[2026/09/14 20:01:04] 发送(hex): 20
[2026/09/14 20:01:04] 发送(hex): 20
[2026/09/14 20:01:04] 发送(hex): 20
[2026/09/14 20:01:04] 发送(hex): 20
[2026/09/14 20:01:04] 发送(hex): 20
[2026/09/14 20:01:04] 发送(hex): 20
[2026/09/14 20:01:04] 发送(hex): 20
[2026/09/14 20:01:04] 发送(hex): 20
[2026/09/14 20:01:04] 发送(hex): 20
[2026/09/14 20:01:04] 发送(hex): 20
[2026/09/14 20:01:04] 发送(hex): 20
[2026/09/14 20:01:04] 发送(hex): 20
[2026/09/14 20:01:04] 发送(hex): 20
[2026/09/14 20:01:04] 发送(hex): 20
[2026/09/14 20:01:04] 发送(hex): 20
[2026/09/14 20:01:04] 发送(hex): 20
[2026/09/14 20:01:04] 发送(hex): 20
[2026/09/14 20:01:04] 发送(hex): 20
[2026/09/14 20:01:04] 发送(hex): 20
[2026/09/14 20:01:04] 发送(hex): 20
[2026/09/14 20:01:04] 发送(hex): 20
[2026/09/14 20:01:04] 发送(hex): 20
[2026/09/14 20:01:04] 发送(hex): 20
[2026/09/14 20:01:04] 发送(hex): 20
[2026/09/14 20:01:04] 发送(hex): 20
[2026/09/14 20:01:04] 发送(hex): 20
[2026/09/14 20:01:04] 发送(hex): 20
[2026/09/14 20:01:04] 发送(hex): 20
[2026/09/14 20:01:04] 发送(hex): 20
[2026/09/14 20:01:04] 发送(hex): 20
[2026/09/14 20:01:04] 发送(hex): 20
[2026/09/14 20:01:04] 发送(hex): 20
[2026/09/14 20:01:04] 发送(hex): 20
[2026/09/14 20:01:04] 发送(hex): 20
[2026/09/14 20:01:04] 发送(hex): 20
[2026/09/14 20:01:04] 发送(hex): 20
[2026/09/14 20:01:04] 发送(hex): 20
[2026/09/14 20:01:05] 发送(hex): 20
[2026/09/14 20:01:05] 发送(hex): 20
[2026/09/14 20:01:05] 发送(hex): 20
[2026/09/14 20:01:05] 发送(hex): 20
[2026/09/14 20:01:05] 发送(hex): 20
[2026/09/14 20:01:05] 发送(hex): 20
[2026/09/14 20:01:05] 发送(hex): 20
[2026/09/14 20:01:05] 发送(hex): 20
[2026/09/14 20:01:05] 发送(hex): 20
[2026/09/14 20:01:05] 发送(hex): 20
[2026/09/14 20:01:05] 发送(hex): 20
[2026/09/14 20:01:05] 发送(hex): 20
[2026/09/14 20:01:05] 发送(hex): 20
[2026/09/14 20:01:05] 发送(hex): 20
[2026/09/14 20:01:05] 发送(hex): 20
[2026/09/14 20:01:05] 发送(hex): 20
[2026/09/14 20:01:05] 发送(hex): 20
[2026/09/14 20:01:05] 发送(hex): 20
[2026/09/14 20:01:05] 发送(hex): 20
[2026/09/14 20:01:05] 发送(hex): 20
[2026/09/14 20:01:05] 发送(hex): 20
[2026/09/14 20:01:05] 发送(hex): 20
[2026/09/14 20:01:05] 发送(hex): 20
[2026/09/14 20:01:05] 发送(hex): 20
[2026/09/14 20:01:05] 发送(hex): 20
[2026/09/14 20:01:05] 发送(hex): 20
[2026/09/14 20:01:05] 发送(hex): 20
[2026/09/14 20:01:05] 发送(hex): 20
[2026/09/14 20:01:05] 发送(hex): 20
[2026/09/14 20:01:05] 发送(hex): 20
[2026/09/14 20:01:05] 发送(hex): 20
[2026/09/14 20:01:05] 发送(hex): 20
[2026/09/14 20:01:05] 发送(hex): 20
[2026/09/14 20:01:05] 发送(hex): 20
[2026/09/14 20:01:05] 发送(hex): 20
[2026/09/14 20:01:05] 发送(hex): 20
[2026/09/14 20:01:05] 发送(hex): 20
[2026/09/14 20:01:05] 发送(hex): 20
[2026/09/14 20:01:05] 发送(hex): 20
[2026/09/14 20:01:05] 发送(hex): 20
[2026/09/14 20:01:05] 发送(hex): 20
[2026/09/14 20:01:05] 发送(hex): 20
[2026/09/14 20:01:05] 发送(hex): 20
[2026/09/14 20:01:05] 发送(hex): 20
[2026/09/14 20:01:05] 发送(hex): 20
[2026/09/14 20:01:05] 发送(hex): 20
[2026/09/14 20:01:05] 发送(hex): 20
[2026/09/14 20:01:05] 发送(hex): 20
[2026/09/14 20:01:05] 发送(hex): 20
[2026/09/14 20:01:05] 发送(hex): 20
[2026/09/14 20:01:05] 发送(hex): 20
[2026/09/14 20:01:05] 发送(hex): 20
[2026/09/14 20:01:05] 发送(hex): 20
[2026/09/14 20:01:05] 发送(hex): 20
[2026/09/14 20:01:05] 发送(hex): 20
[2026/09/14 20:01:05] 发送(hex): 20
[2026/09/14 20:01:05] 发送(hex): 20
[2026/09/14 20:01:05] 发送(hex): 20
[2026/09/14 20:01:05] 发送(hex): 20
[2026/09/14 20:01:05] 发送(hex): 20
[2026/09/14 20:01:05] 发送(hex): 20
[2026/09/14 20:01:05] 发送(hex): 20
[2026/09/14 20:01:05] 发送(hex): 20
[2026/09/14 20:01:05] 发送(hex): 20
[2026/09/14 20:01:05] 发送(hex): 20
[2026/09/14 20:01:05] 发送(hex): 20
[2026/09/14 20:01:05] 发送(hex): 20
[2026/09/14 20:01:05] 发送(hex): 20
[2026/09/14 20:01:05] 发送(hex): 20
[2026/09/14 20:01:05] 发送(hex): 20
[2026/09/14 20:01:05] 发送(hex): 20
[2026/09/14 20:01:05] 发送(hex): 20
[2026/09/14 20:01:05] 发送(hex): 20
[2026/09/14 20:01:05] 发送(hex): 20
[2026/09/14 20:01:05] 发送(hex): 20
[2026/09/14 20:01:05] 发送(hex): 20
[2026/09/14 20:01:05] 发送(hex): 20
[2026/09/14 20:01:05] 发送(hex): 20
[2026/09/14 20:01:05] 发送(hex): 20
[2026/09/14 20:01:05] 发送(hex): 20
[2026/09/14 20:01:05] 发送(hex): 20
[2026/09/14 20:01:05] 发送(hex): 20
[2026/09/14 20:01:05] 发送(hex): 20
[2026/09/14 20:01:05] 发送(hex): 20
[2026/09/14 20:01:05] 发送(hex): 20
[2026/09/14 20:01:05] 发送(hex): 20
[2026/09/14 20:01:05] 发送(hex): 20
[2026/09/14 20:01:05] 发送(hex): 20
[2026/09/14 20:01:05] 发送(hex): 20
[2026/09/14 20:01:05] 发送(hex): 20
[2026/09/14 20:01:05] 发送(hex): 20
[2026/09/14 20:01:05] 发送(hex): 20
[2026/09/14 20:01:05] 发送(hex): 20
[2026/09/14 20:01:05] 发送(hex): 20
[2026/09/14 20:01:05] 发送(hex): 20
[2026/09/14 20:01:06] 发送(hex): 20
[2026/09/14 20:01:06] 发送(hex): 20
[2026/09/14 20:01:06] 发送(hex): 20
[2026/09/14 20:01:06] 发送(hex): 20
[2026/09/14 20:01:06] 发送(hex): 20
[2026/09/14 20:01:06] 发送(hex): 20
[2026/09/14 20:01:06] 发送(hex): 20
[2026/09/14 20:01:06] 发送(hex): 20
[2026/09/14 20:01:06] 发送(hex): 20
[2026/09/14 20:01:06] 发送(hex): 20
[2026/09/14 20:01:06] 发送(hex): 20
[2026/09/14 20:01:06] 发送(hex): 20
[2026/09/14 20:01:06] 发送(hex): 20
[2026/09/14 20:01:06] 发送(hex): 20
[2026/09/14 20:01:06] 发送(hex): 20
[2026/09/14 20:01:06] 发送(hex): 20
[2026/09/14 20:01:06] 发送(hex): 20
[2026/09/14 20:01:06] 发送(hex): 20
[2026/09/14 20:01:06] 发送(hex): 20
[2026/09/14 20:01:06] 发送(hex): 20
[2026/09/14 20:01:06] 发送(hex): 20
[2026/09/14 20:01:06] 发送(hex): 20
[2026/09/14 20:01:06] 发送(hex): 20
[2026/09/14 20:01:06] 发送(hex): 20
[2026/09/14 20:01:06] 发送(hex): 20
[2026/09/14 20:01:06] 发送(hex): 20
[2026/09/14 20:01:06] 发送(hex): 20
[2026/09/14 20:01:06] 发送(hex): 20
[2026/09/14 20:01:06] 发送(hex): 20
[2026/09/14 20:01:06] 发送(hex): 20
[2026/09/14 20:01:06] 发送(hex): 20
[2026/09/14 20:01:06] 发送(hex): 20
[2026/09/14 20:01:06] 发送(hex): 20
[2026/09/14 20:01:06] 发送(hex): 20
[2026/09/14 20:01:06] 发送(hex): 20
[2026/09/14 20:01:06] 发送(hex): 20
[2026/09/14 20:01:06] 发送(hex): 20
[2026/09/14 20:01:06] 发送(hex): 20
[2026/09/14 20:01:06] 发送(hex): 20
[2026/09/14 20:01:06] 发送(hex): 20
[2026/09/14 20:01:06] 发送(hex): 20
[2026/09/14 20:01:06] 发送(hex): 20
[2026/09/14 20:01:06] 发送(hex): 20
[2026/09/14 20:01:06] 发送(hex): 20
[2026/09/14 20:01:06] 发送(hex): 20
[2026/09/14 20:01:06] 发送(hex): 20
[2026/09/14 20:01:06] 发送(hex): 20
[2026/09/14 20:01:06] 发送(hex): 20
[2026/09/14 20:01:06] 发送(hex): 20
[2026/09/14 20:01:06] 发送(hex): 20
[2026/09/14 20:01:06] 发送(hex): 20
[2026/09/14 20:01:06] 发送(hex): 20
[2026/09/14 20:01:06] 发送(hex): 20
[2026/09/14 20:01:06] 发送(hex): 20
[2026/09/14 20:01:06] 发送(hex): 20
[2026/09/14 20:01:06] 发送(hex): 20
[2026/09/14 20:01:06] 发送(hex): 20
[2026/09/14 20:01:06] 发送(hex): 20
[2026/09/14 20:01:06] 发送(hex): 20
[2026/09/14 20:01:06] 发送(hex): 20
[2026/09/14 20:01:06] 发送(hex): 20
[2026/09/14 20:01:06] 发送(hex): 20
[2026/09/14 20:01:06] 发送(hex): 20
[2026/09/14 20:01:06] 发送(hex): 20
[2026/09/14 20:01:06] 发送(hex): 20
[2026/09/14 20:01:06] 发送(hex): 20
[2026/09/14 20:01:06] 发送(hex): 20
[2026/09/14 20:01:06] 发送(hex): 20
[2026/09/14 20:01:06] 发送(hex): 20
[2026/09/14 20:01:06] 发送(hex): 20
[2026/09/14 20:01:06] 发送(hex): 20
[2026/09/14 20:01:06] 发送(hex): 20
[2026/09/14 20:01:06] 发送(hex): 20
[2026/09/14 20:01:06] 发送(hex): 20
[2026/09/14 20:01:06] 发送(hex): 20
[2026/09/14 20:01:06] 发送(hex): 20
[2026/09/14 20:01:06] 发送(hex): 20
[2026/09/14 20:01:06] 发送(hex): 20
[2026/09/14 20:01:06] 发送(hex): 20
[2026/09/14 20:01:06] 发送(hex): 20
[2026/09/14 20:01:06] 发送(hex): 20
[2026/09/14 20:01:06] 发送(hex): 20
[2026/09/14 20:01:06] 发送(hex): 20
[2026/09/14 20:01:06] 发送(hex): 20
[2026/09/14 20:01:06] 发送(hex): 20
[2026/09/14 20:01:06] 发送(hex): 20
[2026/09/14 20:01:06] 发送(hex): 20
[2026/09/14 20:01:06] 发送(hex): 20
[2026/09/14 20:01:06] 发送(hex): 20
[2026/09/14 20:01:06] 发送(hex): 20
[2026/09/14 20:01:06] 发送(hex): 20
[2026/09/14 20:01:06] 发送(hex): 20
[2026/09/14 20:01:06] 发送(hex): 20
[2026/09/14 20:01:06] 发送(hex): 20
[2026/09/14 20:01:06] 发送(hex): 20
[2026/09/14 20:01:07] 发送(hex): 20
[2026/09/14 20:01:07] 发送(hex): 20
[2026/09/14 20:01:07] 发送(hex): 20
[2026/09/14 20:01:07] 发送(hex): 20
[2026/09/14 20:01:07] 发送(hex): 20
[2026/09/14 20:01:07] 发送(hex): 20
[2026/09/14 20:01:07] 发送(hex): 20
[2026/09/14 20:01:07] 发送(hex): 20
[2026/09/14 20:01:07] 发送(hex): 20
[2026/09/14 20:01:07] 发送(hex): 20
[2026/09/14 20:01:07] 发送(hex): 20
[2026/09/14 20:01:07] 发送(hex): 20
[2026/09/14 20:01:07] 发送(hex): 20
[2026/09/14 20:01:07] 发送(hex): 20
[2026/09/14 20:01:07] 发送(hex): 20
[2026/09/14 20:01:07] 发送(hex): 20
[2026/09/14 20:01:07] 发送(hex): 20
[2026/09/14 20:01:07] 发送(hex): 20
[2026/09/14 20:01:07] 发送(hex): 20
[2026/09/14 20:01:07] 发送(hex): 20
[2026/09/14 20:01:07] 发送(hex): 20
[2026/09/14 20:01:07] 发送(hex): 20
[2026/09/14 20:01:07] 发送(hex): 20
[2026/09/14 20:01:07] 发送(hex): 20
[2026/09/14 20:01:07] 发送(hex): 20
[2026/09/14 20:01:07] 发送(hex): 20
[2026/09/14 20:01:07] 发送(hex): 20
[2026/09/14 20:01:07] 发送(hex): 20
[2026/09/14 20:01:07] 发送(hex): 20
[2026/09/14 20:01:07] 发送(hex): 20
[2026/09/14 20:01:07] 发送(hex): 20
[2026/09/14 20:01:07] 发送(hex): 20
[2026/09/14 20:01:07] 发送(hex): 20
[2026/09/14 20:01:07] 发送(hex): 20
[2026/09/14 20:01:07] 发送(hex): 20
[2026/09/14 20:01:07] 发送(hex): 20
[2026/09/14 20:01:07] 发送(hex): 20
[2026/09/14 20:01:07] 发送(hex): 20
[2026/09/14 20:01:07] 发送(hex): 20
[2026/09/14 20:01:07] 发送(hex): 20
[2026/09/14 20:01:07] 发送(hex): 20
[2026/09/14 20:01:07] 发送(hex): 20
[2026/09/14 20:01:07] 发送(hex): 20
[2026/09/14 20:01:07] 发送(hex): 20
[2026/09/14 20:01:07] 发送(hex): 20
[2026/09/14 20:01:07] 发送(hex): 20
[2026/09/14 20:01:07] 发送(hex): 20
[2026/09/14 20:01:07] 发送(hex): 20
[2026/09/14 20:01:07] 发送(hex): 20
[2026/09/14 20:01:07] 发送(hex): 20
[2026/09/14 20:01:07] 发送(hex): 20
[2026/09/14 20:01:07] 发送(hex): 20
[2026/09/14 20:01:07] 发送(hex): 20
[2026/09/14 20:01:07] 发送(hex): 20
[2026/09/14 20:01:07] 发送(hex): 20
[2026/09/14 20:01:07] 发送(hex): 20
[2026/09/14 20:01:07] 发送(hex): 20
[2026/09/14 20:01:07] 发送(hex): 20
[2026/09/14 20:01:07] 发送(hex): 20
[2026/09/14 20:01:07] 发送(hex): 20
[2026/09/14 20:01:07] 发送(hex): 20
[2026/09/14 20:01:07] 发送(hex): 20
[2026/09/14 20:01:07] 发送(hex): 20
[2026/09/14 20:01:07] 发送(hex): 20
[2026/09/14 20:01:07] 发送(hex): 20
[2026/09/14 20:01:07] 发送(hex): 20
[2026/09/14 20:01:07] 发送(hex): 20
[2026/09/14 20:01:07] 发送(hex): 20
[2026/09/14 20:01:07] 发送(hex): 20
[2026/09/14 20:01:07] 发送(hex): 20
[2026/09/14 20:01:07] 发送(hex): 20
[2026/09/14 20:01:07] 发送(hex): 20
[2026/09/14 20:01:07] 发送(hex): 20
[2026/09/14 20:01:07] 发送(hex): 20
[2026/09/14 20:01:07] 发送(hex): 20
[2026/09/14 20:01:07] 发送(hex): 20
[2026/09/14 20:01:07] 发送(hex): 20
[2026/09/14 20:01:07] 发送(hex): 20
[2026/09/14 20:01:07] 发送(hex): 20
[2026/09/14 20:01:07] 发送(hex): 20
[2026/09/14 20:01:07] 发送(hex): 20
[2026/09/14 20:01:07] 发送(hex): 20
[2026/09/14 20:01:07] 发送(hex): 20
[2026/09/14 20:01:07] 发送(hex): 20
[2026/09/14 20:01:07] 发送(hex): 20
[2026/09/14 20:01:07] 发送(hex): 20
[2026/09/14 20:01:07] 发送(hex): 20
[2026/09/14 20:01:07] 发送(hex): 20
[2026/09/14 20:01:07] 发送(hex): 20
[2026/09/14 20:01:07] 发送(hex): 20
[2026/09/14 20:01:07] 发送(hex): 20
[2026/09/14 20:01:07] 发送(hex): 20
[2026/09/14 20:01:07] 发送(hex): 20
[2026/09/14 20:01:07] 发送(hex): 20
[2026/09/14 20:01:08] 发送(hex): 20
[2026/09/14 20:01:08] 发送(hex): 20
[2026/09/14 20:01:08] 发送(hex): 20
[2026/09/14 20:01:08] 发送(hex): 20
[2026/09/14 20:01:08] 发送(hex): 20
[2026/09/14 20:01:08] 发送(hex): 20
[2026/09/14 20:01:08] 发送(hex): 20
[2026/09/14 20:01:08] 发送(hex): 20
[2026/09/14 20:01:08] 发送(hex): 20
[2026/09/14 20:01:08] 发送(hex): 20
[2026/09/14 20:01:08] 发送(hex): 20
[2026/09/14 20:01:08] 发送(hex): 20
[2026/09/14 20:01:08] 发送(hex): 20
[2026/09/14 20:01:08] 发送(hex): 20
[2026/09/14 20:01:08] 发送(hex): 20
[2026/09/14 20:01:08] 发送(hex): 20
[2026/09/14 20:01:08] 发送(hex): 20
[2026/09/14 20:01:08] 发送(hex): 20
[2026/09/14 20:01:08] 发送(hex): 20
[2026/09/14 20:01:08] 发送(hex): 20
[2026/09/14 20:01:08] 发送(hex): 20
[2026/09/14 20:01:08] 发送(hex): 20
[2026/09/14 20:01:08] 发送(hex): 20
[2026/09/14 20:01:08] 发送(hex): 20
[2026/09/14 20:01:08] 发送(hex): 20
[2026/09/14 20:01:08] 发送(hex): 20
[2026/09/14 20:01:08] 发送(hex): 20
[2026/09/14 20:01:08] 发送(hex): 20
[2026/09/14 20:01:08] 发送(hex): 20
[2026/09/14 20:01:08] 发送(hex): 20
[2026/09/14 20:01:08] 发送(hex): 20
[2026/09/14 20:01:08] 发送(hex): 20
[2026/09/14 20:01:08] 发送(hex): 20
[2026/09/14 20:01:08] 发送(hex): 20
[2026/09/14 20:01:08] 发送(hex): 20
[2026/09/14 20:01:08] 发送(hex): 20
[2026/09/14 20:01:08] 发送(hex): 20
[2026/09/14 20:01:08] 发送(hex): 20
[2026/09/14 20:01:08] 发送(hex): 20
[2026/09/14 20:01:08] 发送(hex): 20
[2026/09/14 20:01:08] 发送(hex): 20
[2026/09/14 20:01:08] 发送(hex): 20
[2026/09/14 20:01:08] 发送(hex): 20
[2026/09/14 20:01:08] 发送(hex): 20
[2026/09/14 20:01:08] 发送(hex): 20
[2026/09/14 20:01:08] 发送(hex): 20
[2026/09/14 20:01:08] 发送(hex): 20
[2026/09/14 20:01:08] 发送(hex): 20
[2026/09/14 20:01:08] 发送(hex): 20
[2026/09/14 20:01:08] 发送(hex): 20
[2026/09/14 20:01:08] 发送(hex): 20
[2026/09/14 20:01:08] 发送(hex): 20
[2026/09/14 20:01:08] 发送(hex): 20
[2026/09/14 20:01:08] 发送(hex): 20
[2026/09/14 20:01:08] 发送(hex): 20
[2026/09/14 20:01:08] 发送(hex): 20
[2026/09/14 20:01:08] 发送(hex): 20
[2026/09/14 20:01:08] 发送(hex): 20
[2026/09/14 20:01:08] 发送(hex): 20
[2026/09/14 20:01:08] 发送(hex): 20
[2026/09/14 20:01:08] 发送(hex): 20
[2026/09/14 20:01:08] 发送(hex): 20
[2026/09/14 20:01:08] 发送(hex): 20
[2026/09/14 20:01:08] 发送(hex): 20
[2026/09/14 20:01:08] 发送(hex): 20
[2026/09/14 20:01:08] 发送(hex): 20
[2026/09/14 20:01:08] 发送(hex): 20
[2026/09/14 20:01:08] 发送(hex): 20
[2026/09/14 20:01:08] 发送(hex): 20
[2026/09/14 20:01:08] 发送(hex): 20
[2026/09/14 20:01:08] 发送(hex): 20
[2026/09/14 20:01:08] 发送(hex): 20
[2026/09/14 20:01:08] 发送(hex): 20
[2026/09/14 20:01:08] 发送(hex): 20
[2026/09/14 20:01:08] 发送(hex): 20
[2026/09/14 20:01:08] 发送(hex): 20
[2026/09/14 20:01:08] 发送(hex): 20
[2026/09/14 20:01:08] 发送(hex): 20
[2026/09/14 20:01:08] 发送(hex): 20
[2026/09/14 20:01:08] 发送(hex): 20
[2026/09/14 20:01:08] 发送(hex): 20
[2026/09/14 20:01:14] 发送(hex): 0d
[2026/09/14 20:01:14] 发送(hex): 0d
[2026/09/14 20:01:14] Realtek>
[2026/09/14 20:01:14] 发送(hex): 0d
[2026/09/14 20:01:14] Realtek>
[2026/09/14 20:01:14] 发送(hex): 0d
[2026/09/14 20:01:14] 发送(hex): 0d
[2026/09/14 20:01:14] Realtek>
[2026/09/14 20:01:14] Realtek>
[2026/09/14 20:01:14] Realtek>
