[BEGIN] 2026/09/15 15:59:21
[2026/09/15 15:59:25] 发送(hex): 20
[2026/09/15 15:59:25] 发送(hex): 20
[2026/09/15 15:59:25] 发送(hex): 20
[2026/09/15 15:59:25] 发送(hex): 20
[2026/09/15 15:59:25] 发送(hex): 20
[2026/09/15 15:59:25] 发送(hex): 20
[2026/09/15 15:59:25] 发送(hex): 20
[2026/09/15 15:59:25] 发送(hex): 20
[2026/09/15 15:59:25] 发送(hex): 20
[2026/09/15 15:59:25] 发送(hex): 20
[2026/09/15 15:59:25] 发送(hex): 20
[2026/09/15 15:59:25] 发送(hex): 20
[2026/09/15 15:59:25] 发送(hex): 20
[2026/09/15 15:59:25] 发送(hex): 20
[2026/09/15 15:59:25] 发送(hex): 20
[2026/09/15 15:59:25] 发送(hex): 20
[2026/09/15 15:59:25] 发送(hex): 20
[2026/09/15 15:59:25] 发送(hex): 20
[2026/09/15 15:59:25] 发送(hex): 20
[2026/09/15 15:59:25] 发送(hex): 20
[2026/09/15 15:59:25] 发送(hex): 20
[2026/09/15 15:59:25] 发送(hex): 20
[2026/09/15 15:59:25] 发送(hex): 20
[2026/09/15 15:59:25] 发送(hex): 20
[2026/09/15 15:59:25] 发送(hex): 20
[2026/09/15 15:59:25] 发送(hex): 20
[2026/09/15 15:59:25] 发送(hex): 20
[2026/09/15 15:59:25] 发送(hex): 20
[2026/09/15 15:59:25] 发送(hex): 20
[2026/09/15 15:59:25] 发送(hex): 20
[2026/09/15 15:59:25] 发送(hex): 20
[2026/09/15 15:59:25] 发送(hex): 20
[2026/09/15 15:59:25] 发送(hex): 20
[2026/09/15 15:59:25] 发送(hex): 20
[2026/09/15 15:59:25] 发送(hex): 20
[2026/09/15 15:59:25] 发送(hex): 20
[2026/09/15 15:59:25] 发送(hex): 20
[2026/09/15 15:59:25] 发送(hex): 20
[2026/09/15 15:59:25] 发送(hex): 20
[2026/09/15 15:59:25] 发送(hex): 20
[2026/09/15 15:59:25] 发送(hex): 20
[2026/09/15 15:59:25] 发送(hex): 20
[2026/09/15 15:59:25] 发送(hex): 20
[2026/09/15 15:59:25] 发送(hex): 20
[2026/09/15 15:59:25] 发送(hex): 20
[2026/09/15 15:59:25] 发送(hex): 20
[2026/09/15 15:59:25] 发送(hex): 20
[2026/09/15 15:59:25] 发送(hex): 20
[2026/09/15 15:59:25] 发送(hex): 20
[2026/09/15 15:59:25] 发送(hex): 20
[2026/09/15 15:59:25] 发送(hex): 20
[2026/09/15 15:59:25] 发送(hex): 20
[2026/09/15 15:59:25] 发送(hex): 20
[2026/09/15 15:59:25] 发送(hex): 20
[2026/09/15 15:59:25] $
[2026/09/15 15:59:25] Post romcode git
[2026/09/15 15:59:25] 发送(hex): 20
[2026/09/15 15:59:25] 发送(hex): 20
[2026/09/15 15:59:25] 发送(hex): 20
[2026/09/15 15:59:25] 发送(hex): 20
[2026/09/15 15:59:25] ver:42df880604ac78a3 (Aug 28 2026 21:41:35)
[2026/09/15 15:59:25] $
[2026/09/15 15:59:25] Hello world, RTD2875P_CN2_TV030!
[2026/09/15 15:59:25] set_wifi_reset
[2026/09/15 15:59:25] Auxcode git ver:3a4deb9ea300359e (Aug 28 2026 21:41:29)
[2026/09/15 15:59:25] flash_type = 2, secure_type = 2
[2026/09/15 15:59:25] b8062204=0
[2026/09/15 15:59:25] 发送(hex): 20
[2026/09/15 15:59:25] 发送(hex): 20
[2026/09/15 15:59:25] 发送(hex): 20
[2026/09/15 15:59:25] 发送(hex): 20
[2026/09/15 15:59:25] 发送(hex): 20
[2026/09/15 15:59:25] 发送(hex): 20
[2026/09/15 15:59:25] 发送(hex): 20
[2026/09/15 15:59:25] 发送(hex): 20
[2026/09/15 15:59:25] 发送(hex): 20
[2026/09/15 15:59:25] slot info 0 0x0 info 1 0x0
[2026/09/15 15:59:25] invalid reg slot status 0x0,get slot info from flash!
[2026/09/15 15:59:25] g_gpt_blk_start 0x1  g_offline_gpt 0x0 last_usable_lba 0x1cd2032 num_partition_entries 0x32
[2026/09/15 15:59:25] start 0x2e600000 clt_blk 0x1973004 ctrl size 0x20
[2026/09/15 15:59:25] choose active index 0
[2026/09/15 15:59:25] part name bootloader ative_slot _a real part name bootloader_a
[2026/09/15 15:59:25] part name hwsetting start 0x100000 size 0x33600
[2026/09/15 15:59:25] part name ext_fw start 0x133600 size 0x10400
[2026/09/15 15:59:25] part name kboot start 0x143a00 size 0x16e00
[2026/09/15 15:59:25] part name uboot start 0x15a800 size 0x120400
[2026/09/15 15:59:25] ls4 2 1 = 800040aa 8000207f 80001000
[2026/09/15 15:59:25] fNewHWsettingArch = 2
[2026/09/15 15:59:25] 1.lsadcidx = 2, brand =3, offset = 0
[2026/09/15 15:59:25] 1.lsadcidx = 2, brand =3, offset = 17800
[2026/09/15 15:59:25] hwsetting from mmc
[2026/09/15 15:59:25] AC on HW offset 0x809 start 0x800 reg 0x8090800
[2026/09/15 15:59:25] total = 2f00
[2026/09/15 15:59:25] 发送(hex): 20
[2026/09/15 15:59:25] 发送(hex): 20
[2026/09/15 15:59:25] 发送(hex): 20
[2026/09/15 15:59:25] 发送(hex): 20
[2026/09/15 15:59:25] 发送(hex): 20
[2026/09/15 15:59:25] A
[2026/09/15 15:59:25] 发送(hex): 20
[2026/09/15 15:59:25] A
[2026/09/15 15:59:25] 发送(hex): 20
[2026/09/15 15:59:25] 发送(hex): 20
[2026/09/15 15:59:25] A
[2026/09/15 15:59:25] A
[2026/09/15 15:59:25] 发送(hex): 20
[2026/09/15 15:59:25] A
[2026/09/15 15:59:25] 发送(hex): 20
[2026/09/15 15:59:25] 发送(hex): 20
[2026/09/15 15:59:25] {12 14}
[2026/09/15 15:59:25] ffeeddffeeddddr ver: 62c63180
[2026/09/15 15:59:25] ori DQS0~7 {03 04 1a 1c 00 01 00 00}
[2026/09/15 15:59:25] 发送(hex): 20
[2026/09/15 15:59:25] 发送(hex): 20
[2026/09/15 15:59:25] 发送(hex): 20
[2026/09/15 15:59:25] 发送(hex): 20
[2026/09/15 15:59:25] 发送(hex): 20
[2026/09/15 15:59:25] 发送(hex): 20
[2026/09/15 15:59:25] 发送(hex): 20
[2026/09/15 15:59:25] 发送(hex): 20
[2026/09/15 15:59:25] {01 03 19 1b 00 01 00 00} {0a 09 06 09 06 05 00 00}
[2026/09/15 15:59:25] r.y.0
[2026/09/15 15:59:25] 发送(hex): 20
[2026/09/15 15:59:25] r.y.0 SCPU BISR status: Done
[2026/09/15 15:59:25] 发送(hex): 20
[2026/09/15 15:59:25] 发送(hex): 20
[2026/09/15 15:59:25] [go k
[2026/09/15 15:59:25] 发送(hex): 20
[2026/09/15 15:59:25] 发送(hex): 20
[2026/09/15 15:59:26] 发送(hex): 20
[2026/09/15 15:59:26] 发送(hex): 20
[2026/09/15 15:59:26] b]
[2026/09/15 15:59:26] pass bootcode info to kboot
[2026/09/15 15:59:26] num=1100
[2026/09/15 15:59:26] boot_magic=0Í
[2026/09/15 15:59:26] ---DEBUG kboot 21:41:14 Aug 28 2026 ---
[2026/09/15 15:59:26] [Kboot]eMMC(mid-15) MMC_HS50 (50000000Mhz)[8bit].
[2026/09/15 15:59:26] block info 0x1cd2032 0x3a3e000.
[2026/09/15 15:59:26] [MMC] 32 -----------> 16GB.
[2026/09/15 15:59:26] 发送(hex): 20
[2026/09/15 15:59:26] (00000000) (0) bufsize=(null)
[2026/09/15 15:59:26] 发送(hex): 20
[2026/09/15 15:59:26] 发送(hex): 20
[2026/09/15 15:59:26] 发送(hex): 20
[2026/09/15 15:59:26] uboot start 0x15a800 size 0x120400
[2026/09/15 15:59:26] 发送(hex): 20
[2026/09/15 15:59:26] 发送(hex): 20
[2026/09/15 15:59:26] board_vers
[2026/09/15 15:59:26] 发送(hex): 20
[2026/09/15 15:59:26] 发送(hex): 20
[2026/09/15 15:59:26] ion: ls1 = 0, ver: 0
[2026/09/15 15:59:26] [0;31mapp_main 325 board_version=0[0m
[2026/09/15 15:59:26] 发送(hex): 20
[2026/09/15 15:59:26] 发送(hex): 20
[2026/09/15 15:59:26] 发送(hex): 20
[2026/09/15 15:59:26] 发送(hex): 20
[2026/09/15 15:59:26] 发送(hex): 20
[2026/09/15 15:59:26] 发送(hex): 20
[2026/09/15 15:59:26] get FW_TZFW flash start 0xf100200 ddr buf start 0x180000 image size 010c2e3 ok!
[2026/09/15 15:59:26] [INFO]RPMB auth key not written !
[2026/09/15 15:59:26] [INFO]RPMB auth key not written !
[2026/09/15 15:59:26] Current board is not frist boot.
[2026/09/15 15:59:26] ALL zero, reserved_3 has removed.
[2026/09/15 15:59:26] Current board remove reserved_3 done.
[2026/09/15 15:59:26] 发送(hex): 20
[2026/09/15 15:59:26] 发送(hex): 20
[2026/09/15 15:59:26] 发送(hex): 20
[2026/09/15 15:59:26] 发送(hex): 20
[2026/09/15 15:59:26] 发送(hex): 20
[2026/09/15 15:59:26] 发送(hex): 20
[2026/09/15 15:59:26] 发送(hex): 20
[2026/09/15 15:59:26] 发送(hex): 20
[2026/09/15 15:59:26] 发送(hex): 20
[2026/09/15 15:59:26] 发送(hex): 20
[2026/09/15 15:59:26] 发送(hex): 20
[2026/09/15 15:59:26] 发送(hex): 20
[2026/09/15 15:59:26] 发送(hex): 20
[2026/09/15 15:59:26] 发送(hex): 20
[2026/09/15 15:59:26] 发送(hex): 20
[2026/09/15 15:59:26] 发送(hex): 20
[2026/09/15 15:59:26] 发送(hex): 20
[2026/09/15 15:59:26] 发送(hex): 20
[2026/09/15 15:59:26] get FW_VKERNEL flash star
[2026/09/15 15:59:26] 发送(hex): 20
[2026/09/15 15:59:26] t 0xc100200 ddr buf start 0x1a900000 image size 05f0300 ok!
[2026/09/15 15:59:26] 发送(hex): 20
[2026/09/15 15:59:26] 发送(hex): 20
[2026/09/15 15:59:26] 发送(hex): 20
[2026/09/15 15:59:26] 发送(hex): 20
[2026/09/15 15:59:26] 发送(hex): 20
[2026/09/15 15:59:26] get FW_VKERNEL2 flash start 0xd900200 ddr buf start 0x1af00000 image size 0f4920 ok!
[2026/09/15 15:59:26] 发送(hex): 20
[2026/09/15 15:59:26] 发送(hex): 20
[2026/09/15 15:59:26] 发送(hex): 20
[2026/09/15 15:59:26] 发送(hex): 20
[2026/09/15 15:59:26] 发送(hex): 20
[2026/09/15 15:59:26] 发送(hex): 20
[2026/09/15 15:59:26] 发送(hex): 20
[2026/09/15 15:59:26] 发送(hex): 20
[2026/09/15 15:59:26] 发送(hex): 20
[2026/09/15 15:59:26] 发送(hex): 20
[2026/09/15 15:59:26] 发送(hex): 20
[2026/09/15 15:59:26] 发送(hex): 20
[2026/09/15 15:59:26] 发送(hex): 20
[2026/09/15 15:59:26] 发送(hex): 20
[2026/09/15 15:59:26] 发送(hex): 20
[2026/09/15 15:59:26] 发送(hex): 20
[2026/09/15 15:59:26] 发送(hex): 20
[2026/09/15 15:59:26] 发送(hex): 20
[2026/09/15 15:59:26] 发送(hex): 20
[2026/09/15 15:59:26] 发送(hex): 20
[2026/09/15 15:59:26] 发送(hex): 20
[2026/09/15 15:59:26] 发送(hex): 20
[2026/09/15 15:59:26] 发送(hex): 20
[2026/09/15 15:59:26] 发送(hex): 20
[2026/09/15 15:59:26] 发送(hex): 20
[2026/09/15 15:59:26] 发送(hex): 20
[2026/09/15 15:59:26] get FW_AKERNEL flash start 0xa900200 ddr buf start 0x1b200000 image size 07fbf7c ok!
[2026/09/15 15:59:26] 发送(hex): 20
[2026/09/15 15:59:26] 发送(hex): 20
[2026/09/15 15:59:26] 发送(hex): 20
[2026/09/15 15:59:26] 发送(hex): 20
[2026/09/15 15:59:26] 发送(hex): 20
[2026/09/15 15:59:26] 发送(hex): 20
[2026/09/15 15:59:26] 发送(hex): 20
[2026/09/15 15:59:26] 发送(hex): 20
[2026/09/15 15:59:26] 发送(hex): 20
[2026/09/15 15:59:26] 发送(hex): 20
[2026/09/15 15:59:26] 发送(hex): 20
[2026/09/15 15:59:26] ATFATFATF:0 1 NOTICE: kill CPU(2)...
[2026/09/15 15:59:26] ATF:0 1 NOTICE: kill (2) : PACTIVE:0
[2026/09/15 15:59:26] ATF:0 1 NOTICE:  CPU(2) kill done, pstate(0x0)
[2026/09/15 15:59:26] 发送(hex): 20
[2026/09/15 15:59:26] U
[2026/09/15 15:59:26] 发送(hex): 20
[2026/09/15 15:59:26] 发送(hex): 20
[2026/09/15 15:59:26] 发送(hex): 20
[2026/09/15 15:59:26] 发送(hex): 20
[2026/09/15 15:59:26] 发送(hex): 20
[2026/09/15 15:59:26] 发送(hex): 20
[2026/09/15 15:59:26] 发送(hex): 20
[2026/09/15 15:59:26] 发送(hex): 20
[2026/09/15 15:59:26] 发送(hex): 20
[2026/09/15 15:59:26] 发送(hex): 20
[2026/09/15 15:59:26] 发送(hex): 20
[2026/09/15 15:59:26] 发送(hex): 20
[2026/09/15 15:59:26] 发送(hex): 20
[2026/09/15 15:59:26] 发送(hex): 20
[2026/09/15 15:59:26] 发送(hex): 20
[2026/09/15 15:59:26] 发送(hex): 20
[2026/09/15 15:59:27] 发送(hex): 20
[2026/09/15 15:59:27] fixup_node_name 555. set /reserved-memory@5 to /reserved-memory
[2026/09/15 15:59:27] fixup_node_name 555. set /rtk_cma@5 to /rtk_cma
[2026/09/15 15:59:27] ### [1;31mERROR[0m ### get_movablecore 613. Can't find dtb node /reserved-memory/cma2_memory/reg
[2026/09/15 15:59:27] reinit_mem_info 1049  ddr_size 80000000
[2026/09/15 15:59:27] 发送(hex): 20
[2026/09/15 15:59:27] 发送(hex): 20
[2026/09/15 15:59:27] booting, boot_led_type: 0x00000000, led on[1]
[2026/09/15 15:59:27] set share register: 0x99100000
[2026/09/15 15:59:27] boot_power_on_mode=1
[2026/09/15 15:59:27] [get_layout:1264]!
[2026/09/15 15:59:27] 发送(hex): 20
[2026/09/15 15:59:27] 发送(hex): 20
[2026/09/15 15:59:27] 发送(hex): 20
[2026/09/15 15:59:27] 发送(hex): 20
[2026/09/15 15:59:27] 发送(hex): 20
[2026/09/15 15:59:27] 发送(hex): 20
[2026/09/15 15:59:27] 发送(hex): 20
[2026/09/15 15:59:27] 发送(hex): 20
[2026/09/15 15:59:27] boot_part value = 0 boot_tag value = 21
[2026/09/15 15:59:27] [get_oemkey] 1397: get oem.key = ATV00107525
[2026/09/15 15:59:27] Factory_RO: [EXT4] factory_ro_buffer:0a800000, factory_ro_buffer size:0x1000000!
[2026/09/15 15:59:27] Partiton factory_ro_a located at 0:6
[2026/09/15 15:59:27] factory_ro_a partition can not find /.000@bk@***!
[2026/09/15 15:59:27] Factory RO no need recovery!
[2026/09/15 15:59:27] Get tvconfigs_a partition block device index fail!
[2026/09/15 15:59:27] read customer.ini file fail!
[2026/09/15 15:59:27] parse SYS_INI path fail
[2026/09/15 15:59:27] Not support board ini mechansim!
[2026/09/15 15:59:27] Get tvconfigs_a partition block device index fail!
[2026/09/15 15:59:27] read customer.ini file fail!
[2026/09/15 15:59:27] parse SYS_INI path fail
[2026/09/15 15:59:27] load model ini file fail
[2026/09/15 15:59:27] cannot find PcbPath from ini file
[2026/09/15 15:59:27] no pcb.config in tvconfigs
[2026/09/15 15:59:27] no mnt/vendor/factorypcb.config
[2026/09/15 15:59:27] 发送(hex): 20
[2026/09/15 15:59:27] 发送(hex): 20
[2026/09/15 15:59:27] 发送(hex): 20
[2026/09/15 15:59:27] 发送(hex): 20
[2026/09/15 15:59:27] 发送(hex): 20
[2026/09/15 15:59:27] 发送(hex): 20
[2026/09/15 15:59:27] 发送(hex): 20
[2026/09/15 15:59:27] 发送(hex): 20
[2026/09/15 15:59:27] 发送(hex): 20
[2026/09/15 15:59:27] 发送(hex): 20
[2026/09/15 15:59:27] 发送(hex): 20
[2026/09/15 15:59:27] 发送(hex): 20
[2026/09/15 15:59:27] 发送(hex): 20
[2026/09/15 15:59:27] 发送(hex): 20
[2026/09/15 15:59:27] 发送(hex): 20
[2026/09/15 15:59:27] 发送(hex): 20
[2026/09/15 15:59:27] 发送(hex): 20
[2026/09/15 15:59:27] 发送(hex): 20
[2026/09/15 15:59:27] 发送(hex): 20
[2026/09/15 15:59:27] 发送(hex): 20
[2026/09/15 15:59:27] 发送(hex): 20
[2026/09/15 15:59:27] 发送(hex): 20
[2026/09/15 15:59:27] 发送(hex): 20
[2026/09/15 15:59:27] 发送(hex): 20
[2026/09/15 15:59:27] 发送(hex): 20
[2026/09/15 15:59:27] 发送(hex): 20
[2026/09/15 15:59:27] 发送(hex): 20
[2026/09/15 15:59:27] 发送(hex): 20
[2026/09/15 15:59:27] 发送(hex): 20
[2026/09/15 15:59:27] 发送(hex): 20
[2026/09/15 15:59:27] 发送(hex): 20
[2026/09/15 15:59:27] 发送(hex): 20
[2026/09/15 15:59:27] 发送(hex): 20
[2026/09/15 15:59:27] 发送(hex): 20
[2026/09/15 15:59:27] 发送(hex): 20
[2026/09/15 15:59:27] 发送(hex): 20
[2026/09/15 15:59:27] 发送(hex): 20
[2026/09/15 15:59:27] 发送(hex): 20
[2026/09/15 15:59:27] 发送(hex): 20
[2026/09/15 15:59:27] 发送(hex): 20
[2026/09/15 15:59:27] 发送(hex): 20
[2026/09/15 15:59:27] 发送(hex): 20
[2026/09/15 15:59:27] 发送(hex): 20
[2026/09/15 15:59:27] 发送(hex): 20
[2026/09/15 15:59:27] 发送(hex): 20
[2026/09/15 15:59:27] 发送(hex): 20
[2026/09/15 15:59:27] 发送(hex): 20
[2026/09/15 15:59:27] 发送(hex): 20
[2026/09/15 15:59:27] 发送(hex): 20
[2026/09/15 15:59:27] 发送(hex): 20
[2026/09/15 15:59:27] 发送(hex): 20
[2026/09/15 15:59:27] 发送(hex): 20
[2026/09/15 15:59:27] 发送(hex): 20
[2026/09/15 15:59:27] 发送(hex): 20
[2026/09/15 15:59:27] 发送(hex): 20
[2026/09/15 15:59:27] 发送(hex): 20
[2026/09/15 15:59:27] 发送(hex): 20
[2026/09/15 15:59:27] 发送(hex): 20
[2026/09/15 15:59:27] 发送(hex): 20
[2026/09/15 15:59:27] 发送(hex): 20
[2026/09/15 15:59:27] 发送(hex): 20
[2026/09/15 15:59:27] 发送(hex): 20
[2026/09/15 15:59:27] 发送(hex): 20
[2026/09/15 15:59:27] 发送(hex): 20
[2026/09/15 15:59:27] 发送(hex): 20
[2026/09/15 15:59:27] 发送(hex): 20
[2026/09/15 15:59:27] 发送(hex): 20
[2026/09/15 15:59:27] 发送(hex): 20
[2026/09/15 15:59:27] 发送(hex): 20
[2026/09/15 15:59:27] 发送(hex): 20
[2026/09/15 15:59:27] 发送(hex): 20
[2026/09/15 15:59:27] 发送(hex): 20
[2026/09/15 15:59:27] 发送(hex): 20
[2026/09/15 15:59:27] 发送(hex): 20
[2026/09/15 15:59:27] 发送(hex): 20
[2026/09/15 15:59:27] 发送(hex): 20
[2026/09/15 15:59:27] 发送(hex): 20
[2026/09/15 15:59:27] 发送(hex): 20
[2026/09/15 15:59:27] 发送(hex): 20
[2026/09/15 15:59:27] 发送(hex): 20
[2026/09/15 15:59:27] 发送(hex): 20
[2026/09/15 15:59:27] 发送(hex): 20
[2026/09/15 15:59:27] 发送(hex): 20
[2026/09/15 15:59:28] 发送(hex): 20
[2026/09/15 15:59:28] 发送(hex): 20
[2026/09/15 15:59:28] 发送(hex): 20
[2026/09/15 15:59:28] 发送(hex): 20
[2026/09/15 15:59:28] 发送(hex): 20
[2026/09/15 15:59:28] 发送(hex): 20
[2026/09/15 15:59:28] 发送(hex): 20
[2026/09/15 15:59:28] 发送(hex): 20
[2026/09/15 15:59:28] 发送(hex): 20
[2026/09/15 15:59:28] 发送(hex): 20
[2026/09/15 15:59:28] 发送(hex): 20
[2026/09/15 15:59:28] 发送(hex): 20
[2026/09/15 15:59:28] 发送(hex): 20
[2026/09/15 15:59:28] 发送(hex): 20
[2026/09/15 15:59:28] 发送(hex): 20
[2026/09/15 15:59:28] 发送(hex): 20
[2026/09/15 15:59:28] 发送(hex): 20
[2026/09/15 15:59:28] 发送(hex): 20
[2026/09/15 15:59:28] 发送(hex): 20
[2026/09/15 15:59:28] 发送(hex): 20
[2026/09/15 15:59:28] 发送(hex): 20
[2026/09/15 15:59:28] 发送(hex): 20
[2026/09/15 15:59:28] 发送(hex): 20
[2026/09/15 15:59:28] 发送(hex): 20
[2026/09/15 15:59:28] 发送(hex): 20
[2026/09/15 15:59:28] 发送(hex): 20
[2026/09/15 15:59:28] 发送(hex): 20
[2026/09/15 15:59:28] 发送(hex): 20
[2026/09/15 15:59:28] 发送(hex): 20
[2026/09/15 15:59:28] 发送(hex): 20
[2026/09/15 15:59:28] 发送(hex): 20
[2026/09/15 15:59:28] 发送(hex): 20
[2026/09/15 15:59:28] 发送(hex): 20
[2026/09/15 15:59:28] 发送(hex): 20
[2026/09/15 15:59:28] 发送(hex): 20
[2026/09/15 15:59:28] 发送(hex): 20
[2026/09/15 15:59:28] 发送(hex): 20
[2026/09/15 15:59:28] 发送(hex): 20
[2026/09/15 15:59:28] 发送(hex): 20
[2026/09/15 15:59:28] 发送(hex): 20
[2026/09/15 15:59:28] 发送(hex): 20
[2026/09/15 15:59:28] 发送(hex): 20
[2026/09/15 15:59:28] 发送(hex): 20
[2026/09/15 15:59:28] 发送(hex): 20
[2026/09/15 15:59:28] 发送(hex): 20
[2026/09/15 15:59:28] 发送(hex): 20
[2026/09/15 15:59:28] 发送(hex): 20
[2026/09/15 15:59:28] 发送(hex): 20
[2026/09/15 15:59:28] 发送(hex): 20
[2026/09/15 15:59:28] 发送(hex): 20
[2026/09/15 15:59:28] 发送(hex): 20
[2026/09/15 15:59:28] 发送(hex): 20
[2026/09/15 15:59:28] 发送(hex): 20
[2026/09/15 15:59:28] 发送(hex): 20
[2026/09/15 15:59:28] 发送(hex): 20
[2026/09/15 15:59:28] 发送(hex): 20
[2026/09/15 15:59:28] 发送(hex): 20
[2026/09/15 15:59:28] 发送(hex): 20
[2026/09/15 15:59:28] 发送(hex): 20
[2026/09/15 15:59:28] 发送(hex): 20
[2026/09/15 15:59:28] 发送(hex): 20
[2026/09/15 15:59:28] 发送(hex): 20
[2026/09/15 15:59:28] 发送(hex): 20
[2026/09/15 15:59:28] 发送(hex): 20
[2026/09/15 15:59:28] 发送(hex): 20
[2026/09/15 15:59:28] 发送(hex): 20
[2026/09/15 15:59:28] 发送(hex): 20
[2026/09/15 15:59:28] 发送(hex): 20
[2026/09/15 15:59:28] 发送(hex): 20
[2026/09/15 15:59:28] 发送(hex): 20
[2026/09/15 15:59:28] 发送(hex): 20
[2026/09/15 15:59:28] 发送(hex): 20
[2026/09/15 15:59:28] 发送(hex): 20
[2026/09/15 15:59:28] 发送(hex): 20
[2026/09/15 15:59:28] 发送(hex): 20
[2026/09/15 15:59:28] 发送(hex): 20
[2026/09/15 15:59:28] 发送(hex): 20
[2026/09/15 15:59:28] 发送(hex): 20
[2026/09/15 15:59:28] 发送(hex): 20
[2026/09/15 15:59:28] 发送(hex): 20
[2026/09/15 15:59:28] 发送(hex): 20
[2026/09/15 15:59:28] 发送(hex): 20
[2026/09/15 15:59:28] 发送(hex): 20
[2026/09/15 15:59:28] 发送(hex): 20
[2026/09/15 15:59:28] 发送(hex): 20
[2026/09/15 15:59:28] 发送(hex): 20
[2026/09/15 15:59:28] 发送(hex): 20
[2026/09/15 15:59:28] 发送(hex): 20
[2026/09/15 15:59:28] 发送(hex): 20
[2026/09/15 15:59:28] 发送(hex): 20
[2026/09/15 15:59:28] delay:426
[2026/09/15 15:59:28] 发送(hex): 20
[2026/09/15 15:59:28] 发送(hex): 20
[2026/09/15 15:59:28] 发送(hex): 20
[2026/09/15 15:59:29] 发送(hex): 20
[2026/09/15 15:59:29] 发送(hex): 20
[2026/09/15 15:59:29] 发送(hex): 20
[2026/09/15 15:59:29] 发送(hex): 20
[2026/09/15 15:59:29] 发送(hex): 20
[2026/09/15 15:59:29] 发送(hex): 20
[2026/09/15 15:59:29] 发送(hex): 20
[2026/09/15 15:59:29] 发送(hex): 20
[2026/09/15 15:59:29] 发送(hex): 20
[2026/09/15 15:59:29] 发送(hex): 20
[2026/09/15 15:59:29] 发送(hex): 20
[2026/09/15 15:59:29] 发送(hex): 20
[2026/09/15 15:59:29] 发送(hex): 20
[2026/09/15 15:59:29] 发送(hex): 20
[2026/09/15 15:59:29] 发送(hex): 20
[2026/09/15 15:59:29] 发送(hex): 20
[2026/09/15 15:59:29] 发送(hex): 20
[2026/09/15 15:59:29] 发送(hex): 20
[2026/09/15 15:59:29] 发送(hex): 20
[2026/09/15 15:59:29] 发送(hex): 20
[2026/09/15 15:59:29] 发送(hex): 20
[2026/09/15 15:59:29] 发送(hex): 20
[2026/09/15 15:59:29] 发送(hex): 20
[2026/09/15 15:59:29] 发送(hex): 20
[2026/09/15 15:59:29] 发送(hex): 20
[2026/09/15 15:59:29] 发送(hex): 20
[2026/09/15 15:59:29] 发送(hex): 20
[2026/09/15 15:59:29] 发送(hex): 20
[2026/09/15 15:59:29] 发送(hex): 20
[2026/09/15 15:59:29] 发送(hex): 20
[2026/09/15 15:59:29] 发送(hex): 20
[2026/09/15 15:59:29] Net:   r8168
[2026/09/15 15:59:29] 发送(hex): 20
[2026/09/15 15:59:29] : REALTEK RTL8168 @0x18016000
[2026/09/15 15:59:29] 发送(hex): 20
[2026/09/15 15:59:29] 发送(hex): 20
[2026/09/15 15:59:29] Start Boot Setup ...
[2026/09/15 15:59:29] 发送(hex): 20
[2026/09/15 15:59:29] 发送(hex): 20
[2026/09/15 15:59:29] (powerMgr_get_wakeup_source)2012/05/30 19:50
[2026/09/15 15:59:29] wakeup source : AC
[2026/09/15 15:59:29] 发送(hex): 20
[2026/09/15 15:59:29] 发送(hex): 20
[2026/09/15 15:59:29] 发送(hex): 20
[2026/09/15 15:59:29] (powerMgr_get_wakeup_source)2012/05/30 19:50
[2026/09/15 15:59:29] wakeup source : AC
[2026/09/15 15:59:29] wakeup_src=0, boot_logo_enable=1, bgm_boot_type=0, POWER_ON_MODE_SILEN=0.
[2026/09/15 15:59:29] 发送(hex): 20
[2026/09/15 15:59:29] GDMA module_init finish
[2026/09/15 15:59:29] [GDMA] OSD size[3840,2160]
[2026/09/15 15:59:29] [
[2026/09/15 15:59:29] 发送(hex): 20
[2026/09/15 15:59:29] 发送(hex): 20
[2026/09/15 15:59:29] GDMA] gdma_showlogo gdma show logo 3820
[2026/09/15 15:59:29] Net:   r8168: REALTEK RTL8168 @0x18016000
[2026/09/15 15:59:29] 发送(hex): 20
[2026/09/15 15:59:29] 发送(hex): 20
[2026/09/15 15:59:29] ## Android Verified Boot 2.
[2026/09/15 15:59:29] 发送(hex): 20
[2026/09/15 15:59:29] 0 version 1.1.0
[2026/09/15 15:59:29] 发送(hex): 20
[2026/09/15 15:59:29] 发送(hex): 20
[2026/09/15 15:59:29] 发送(hex): 20
[2026/09/15 15:59:29] 发送(hex): 20
[2026/09/15 15:59:29] 发送(hex): 20
[2026/09/15 15:59:29] 发送(hex): 20
[2026/09/15 15:59:29] 发送(hex): 20
[2026/09/15 15:59:29] 发送(hex): 20
[2026/09/15 15:59:29] 发送(hex): 20
[2026/09/15 15:59:29] 发送(hex): 20
[2026/09/15 15:59:29] 发送(hex): 20
[2026/09/15 15:59:29] 发送(hex): 20
[2026/09/15 15:59:29] 发送(hex): 20
[2026/09/15 15:59:29] 发送(hex): 20
[2026/09/15 15:59:29] 发送(hex): 20
[2026/09/15 15:59:29] 发送(hex): 20
[2026/09/15 15:59:29] 发送(hex): 20
[2026/09/15 15:59:29] 发送(hex): 20
[2026/09/15 15:59:29] 发送(hex): 20
[2026/09/15 15:59:29] 发送(hex): 20
[2026/09/15 15:59:29] 发送(hex): 20
[2026/09/15 15:59:29] 发送(hex): 20
[2026/09/15 15:59:29] 发送(hex): 20
[2026/09/15 15:59:29] 发送(hex): 20
[2026/09/15 15:59:29] 发送(hex): 20
[2026/09/15 15:59:29] 发送(hex): 20
[2026/09/15 15:59:29] 发送(hex): 20
[2026/09/15 15:59:29] 发送(hex): 20
[2026/09/15 15:59:29] 发送(hex): 20
[2026/09/15 15:59:29] 发送(hex): 20
[2026/09/15 15:59:29] 发送(hex): 20
[2026/09/15 15:59:29] 发送(hex): 20
[2026/09/15 15:59:29] 发送(hex): 20
[2026/09/15 15:59:29] 发送(hex): 20
[2026/09/15 15:59:29] 发送(hex): 20
[2026/09/15 15:59:29] 发送(hex): 20
[2026/09/15 15:59:29] 发送(hex): 20
[2026/09/15 15:59:29] 发送(hex): 20
[2026/09/15 15:59:29] 发送(hex): 20
[2026/09/15 15:59:29] 发送(hex): 20
[2026/09/15 15:59:29] 发送(hex): 20
[2026/09/15 15:59:29] 发送(hex): 20
[2026/09/15 15:59:29] 发送(hex): 20
[2026/09/15 15:59:29] 发送(hex): 20
[2026/09/15 15:59:29] 发送(hex): 20
[2026/09/15 15:59:29] 发送(hex): 20
[2026/09/15 15:59:29] 发送(hex): 20
[2026/09/15 15:59:29] 发送(hex): 20
[2026/09/15 15:59:29] Verification passed successfully
[2026/09/15 15:59:29] [Skip A] boot manual mode
[2026/09/15 15:59:29] [Skip V] boot manual mode
[2026/09/15 15:59:29] is_avb_verify_hash_partition 164 find avb verify part_name boot img_buf 0x66400000 size 0x307a000
[2026/09/15 15:59:29] boot header version : 4
[2026/09/15 15:59:29] is_avb_verify_hash_partition 164 find avb verify part_name vendor_boot img_buf 0x6bc00000 size 0x10a3000
[2026/09/15 15:59:29] get_partition_content_by_name 11954 get gpt_name init_boot_a err,try part name init_boot!
[2026/09/15 15:59:29] get_partition_content_by_name 11956 get part name init_boot err!
[2026/09/15 15:59:29] 发送(hex): 20
[2026/09/15 15:59:30] 发送(hex): 20
[2026/09/15 15:59:30] 发送(hex): 20
[2026/09/15 15:59:30] 发送(hex): 20
[2026/09/15 15:59:30] 发送(hex): 20
[2026/09/15 15:59:30] 发送(hex): 20
[2026/09/15 15:59:30] 发送(hex): 20
[2026/09/15 15:59:30] get_merge_ramdisk 11932 cur_ramdisk_size 0xf3096 real_cur_ramdisk_size 0xf3096
[2026/09/15 15:59:30] get_merge_ramdisk 11932 cur_ramdisk_size 0x2019e5 real_cur_ramdisk_size 0x2019e5
[2026/09/15 15:59:30] is_avb_verify_hash_partition 164 find avb verify part_name dtbo img_buf 0x6fc00000 size 0x1186
[2026/09/15 15:59:30] Net:   r8168: REALTEK RTL8168 @0x18016000
[2026/09/15 15:59:30] 发送(hex): 20
[2026/09/15 15:59:30] 发送(hex): 20
[2026/09/15 15:59:30] 发送(hex): 20
[2026/09/15 15:59:30] 发送(hex): 20
[2026/09/15 15:59:30] [Skip K] boot manual mode (execute "go all")
[2026/09/15 15:59:30] Enter console mode, disable watchdog ...
[2026/09/15 15:59:30] Realtek>
[2026/09/15 15:59:30] 发送(hex): 20
[2026/09/15 15:59:30] 发送(hex): 20
[2026/09/15 15:59:30] 发送(hex): 20
[2026/09/15 15:59:30] 发送(hex): 20
[2026/09/15 15:59:30] 发送(hex): 20
[2026/09/15 15:59:30] 发送(hex): 20
[2026/09/15 15:59:30] 发送(hex): 20
[2026/09/15 15:59:30] 发送(hex): 20
[2026/09/15 15:59:30] 发送(hex): 20
[2026/09/15 15:59:30] 发送(hex): 20
[2026/09/15 15:59:30] 发送(hex): 20
[2026/09/15 15:59:30] 发送(hex): 20
[2026/09/15 15:59:30] 发送(hex): 20
[2026/09/15 15:59:30] 发送(hex): 20
[2026/09/15 15:59:30] 发送(hex): 20
[2026/09/15 15:59:30] 发送(hex): 20
[2026/09/15 15:59:30] 发送(hex): 20
[2026/09/15 15:59:30] 发送(hex): 20
[2026/09/15 15:59:30] 发送(hex): 20
[2026/09/15 15:59:30] 发送(hex): 20
[2026/09/15 15:59:30] 发送(hex): 20
[2026/09/15 15:59:30] 发送(hex): 20
[2026/09/15 15:59:30] 发送(hex): 20
[2026/09/15 15:59:30] 发送(hex): 20
[2026/09/15 15:59:30] 发送(hex): 20
[2026/09/15 15:59:30] 发送(hex): 20
[2026/09/15 15:59:30] 发送(hex): 20
[2026/09/15 15:59:30] 发送(hex): 20
[2026/09/15 15:59:30] 发送(hex): 20
[2026/09/15 15:59:30] 发送(hex): 20
[2026/09/15 15:59:30] 发送(hex): 20
[2026/09/15 15:59:30] 发送(hex): 20
[2026/09/15 15:59:30] 发送(hex): 20
[2026/09/15 15:59:30] 发送(hex): 20
[2026/09/15 15:59:30] 发送(hex): 20
[2026/09/15 15:59:30] 发送(hex): 20
[2026/09/15 15:59:30] 发送(hex): 20
[2026/09/15 15:59:30] 发送(hex): 20
[2026/09/15 15:59:30] 发送(hex): 20
[2026/09/15 15:59:30] 发送(hex): 20
[2026/09/15 15:59:30] 发送(hex): 20
[2026/09/15 15:59:30] 发送(hex): 20
[2026/09/15 15:59:30] 发送(hex): 20
[2026/09/15 15:59:30] 发送(hex): 20
[2026/09/15 15:59:30] 发送(hex): 20
[2026/09/15 15:59:30] 发送(hex): 20
[2026/09/15 15:59:30] 发送(hex): 20
[2026/09/15 15:59:30] 发送(hex): 20
[2026/09/15 15:59:30] 发送(hex): 20
[2026/09/15 15:59:30] 发送(hex): 20
[2026/09/15 15:59:30] 发送(hex): 20
[2026/09/15 15:59:30] 发送(hex): 20
[2026/09/15 15:59:30] 发送(hex): 20
[2026/09/15 15:59:30] 发送(hex): 20
[2026/09/15 15:59:30] 发送(hex): 20
[2026/09/15 15:59:30] 发送(hex): 20
[2026/09/15 15:59:30] 发送(hex): 20
[2026/09/15 15:59:30] 发送(hex): 20
[2026/09/15 15:59:30] 发送(hex): 20
[2026/09/15 15:59:30] 发送(hex): 20
[2026/09/15 15:59:30] 发送(hex): 20
[2026/09/15 15:59:30] 发送(hex): 20
[2026/09/15 15:59:30] 发送(hex): 20
[2026/09/15 15:59:30] 发送(hex): 20
[2026/09/15 15:59:30] 发送(hex): 20
[2026/09/15 15:59:30] 发送(hex): 20
[2026/09/15 15:59:30] 发送(hex): 20
[2026/09/15 15:59:30] 发送(hex): 20
[2026/09/15 15:59:30] 发送(hex): 20
[2026/09/15 15:59:30] 发送(hex): 20
[2026/09/15 15:59:30] 发送(hex): 20
[2026/09/15 15:59:30] 发送(hex): 20
[2026/09/15 15:59:30] 发送(hex): 20
[2026/09/15 15:59:30] 发送(hex): 20
[2026/09/15 15:59:30] 发送(hex): 20
[2026/09/15 15:59:30] 发送(hex): 20
[2026/09/15 15:59:30] 发送(hex): 20
[2026/09/15 15:59:30] 发送(hex): 20
[2026/09/15 15:59:30] 发送(hex): 20
[2026/09/15 15:59:30] 发送(hex): 20
[2026/09/15 15:59:30] 发送(hex): 20
[2026/09/15 15:59:30] 发送(hex): 20
[2026/09/15 15:59:30] 发送(hex): 20
[2026/09/15 15:59:30] 发送(hex): 20
[2026/09/15 15:59:31] 发送(hex): 20
[2026/09/15 15:59:31] 发送(hex): 20
[2026/09/15 15:59:31] 发送(hex): 20
[2026/09/15 15:59:31] 发送(hex): 20
[2026/09/15 15:59:31] 发送(hex): 20
[2026/09/15 15:59:31] 发送(hex): 20
[2026/09/15 15:59:31] 发送(hex): 20
[2026/09/15 15:59:31] 发送(hex): 20
[2026/09/15 15:59:31] 发送(hex): 20
[2026/09/15 15:59:31] 发送(hex): 20
[2026/09/15 15:59:31] 发送(hex): 20
[2026/09/15 15:59:31] 发送(hex): 20
[2026/09/15 15:59:31] 发送(hex): 20
[2026/09/15 15:59:31] 发送(hex): 20
[2026/09/15 15:59:31] 发送(hex): 20
[2026/09/15 15:59:31] 发送(hex): 20
[2026/09/15 15:59:31] 发送(hex): 20
[2026/09/15 15:59:31] 发送(hex): 20
[2026/09/15 15:59:31] 发送(hex): 20
[2026/09/15 15:59:31] 发送(hex): 20
[2026/09/15 15:59:31] 发送(hex): 20
[2026/09/15 15:59:31] 发送(hex): 20
[2026/09/15 15:59:31] 发送(hex): 20
[2026/09/15 15:59:31] 发送(hex): 20
[2026/09/15 15:59:31] 发送(hex): 20
[2026/09/15 15:59:31] 发送(hex): 20
[2026/09/15 15:59:31] 发送(hex): 20
[2026/09/15 15:59:31] 发送(hex): 20
[2026/09/15 15:59:31] 发送(hex): 20
[2026/09/15 15:59:31] 发送(hex): 20
[2026/09/15 15:59:31] 发送(hex): 20
[2026/09/15 15:59:31] 发送(hex): 20
[2026/09/15 15:59:31] 发送(hex): 20
[2026/09/15 15:59:31] 发送(hex): 20
[2026/09/15 15:59:31] 发送(hex): 20
[2026/09/15 15:59:31] 发送(hex): 20
[2026/09/15 15:59:31] 发送(hex): 20
[2026/09/15 15:59:31] 发送(hex): 20
[2026/09/15 15:59:31] 发送(hex): 20
[2026/09/15 15:59:31] 发送(hex): 20
[2026/09/15 15:59:31] 发送(hex): 20
[2026/09/15 15:59:31] 发送(hex): 20
[2026/09/15 15:59:31] 发送(hex): 20
[2026/09/15 15:59:31] 发送(hex): 20
[2026/09/15 15:59:31] 发送(hex): 20
[2026/09/15 15:59:31] 发送(hex): 20
[2026/09/15 15:59:31] 发送(hex): 20
[2026/09/15 15:59:31] 发送(hex): 20
[2026/09/15 15:59:31] 发送(hex): 20
[2026/09/15 15:59:31] 发送(hex): 20
[2026/09/15 15:59:31] 发送(hex): 20
[2026/09/15 15:59:31] 发送(hex): 20
[2026/09/15 15:59:31] 发送(hex): 20
[2026/09/15 15:59:31] 发送(hex): 20
[2026/09/15 15:59:31] 发送(hex): 20
[2026/09/15 15:59:31] 发送(hex): 20
[2026/09/15 15:59:31] 发送(hex): 20
[2026/09/15 15:59:31] 发送(hex): 20
[2026/09/15 15:59:31] 发送(hex): 20
[2026/09/15 15:59:31] 发送(hex): 20
[2026/09/15 15:59:31] 发送(hex): 20
[2026/09/15 15:59:31] 发送(hex): 20
[2026/09/15 15:59:31] 发送(hex): 20
[2026/09/15 15:59:31] 发送(hex): 20
[2026/09/15 15:59:31] 发送(hex): 20
[2026/09/15 15:59:31] 发送(hex): 20
[2026/09/15 15:59:31] 发送(hex): 20
[2026/09/15 15:59:31] 发送(hex): 20
[2026/09/15 15:59:31] 发送(hex): 20
[2026/09/15 15:59:31] 发送(hex): 20
[2026/09/15 15:59:31] 发送(hex): 20
[2026/09/15 15:59:31] 发送(hex): 20
[2026/09/15 15:59:31] 发送(hex): 20
[2026/09/15 15:59:31] 发送(hex): 20
[2026/09/15 15:59:31] 发送(hex): 20
[2026/09/15 15:59:31] 发送(hex): 20
[2026/09/15 15:59:31] 发送(hex): 20
[2026/09/15 15:59:31] 发送(hex): 20
[2026/09/15 15:59:31] 发送(hex): 20
[2026/09/15 15:59:31] 发送(hex): 20
[2026/09/15 15:59:31] 发送(hex): 20
[2026/09/15 15:59:31] 发送(hex): 20
[2026/09/15 15:59:31] 发送(hex): 20
[2026/09/15 15:59:31] 发送(hex): 20
[2026/09/15 15:59:31] 发送(hex): 20
[2026/09/15 15:59:31] 发送(hex): 20
[2026/09/15 15:59:31] 发送(hex): 20
[2026/09/15 15:59:31] 发送(hex): 20
[2026/09/15 15:59:31] 发送(hex): 20
[2026/09/15 15:59:31] 发送(hex): 20
[2026/09/15 15:59:31] 发送(hex): 20
[2026/09/15 15:59:31] 发送(hex): 20
[2026/09/15 15:59:31] 发送(hex): 20
[2026/09/15 15:59:31] 发送(hex): 20
[2026/09/15 15:59:32] 发送(hex): 20
[2026/09/15 15:59:32] 发送(hex): 20
[2026/09/15 15:59:32] 发送(hex): 20
[2026/09/15 15:59:32] 发送(hex): 20
[2026/09/15 15:59:32] 发送(hex): 20
[2026/09/15 15:59:32] 发送(hex): 20
[2026/09/15 15:59:32] 发送(hex): 20
[2026/09/15 15:59:32] 发送(hex): 20
[2026/09/15 15:59:32] 发送(hex): 20
[2026/09/15 15:59:32] 发送(hex): 20
[2026/09/15 15:59:32] 发送(hex): 20
[2026/09/15 15:59:32] 发送(hex): 20
[2026/09/15 15:59:32] 发送(hex): 20
[2026/09/15 15:59:32] 发送(hex): 20
[2026/09/15 15:59:32] 发送(hex): 20
[2026/09/15 15:59:32] 发送(hex): 20
[2026/09/15 15:59:32] 发送(hex): 20
[2026/09/15 15:59:32] 发送(hex): 20
[2026/09/15 15:59:32] 发送(hex): 20
[2026/09/15 15:59:32] 发送(hex): 20
[2026/09/15 15:59:32] 发送(hex): 20
[2026/09/15 15:59:32] 发送(hex): 20
[2026/09/15 15:59:32] 发送(hex): 20
[2026/09/15 15:59:32] 发送(hex): 20
[2026/09/15 15:59:32] 发送(hex): 20
[2026/09/15 15:59:32] 发送(hex): 20
[2026/09/15 15:59:32] 发送(hex): 20
[2026/09/15 15:59:32] 发送(hex): 20
[2026/09/15 15:59:32] 发送(hex): 20
[2026/09/15 15:59:32] 发送(hex): 20
[2026/09/15 15:59:32] 发送(hex): 20
[2026/09/15 15:59:32] 发送(hex): 20
[2026/09/15 15:59:32] 发送(hex): 20
[2026/09/15 15:59:32] 发送(hex): 20
[2026/09/15 15:59:32] 发送(hex): 20
[2026/09/15 15:59:32] 发送(hex): 20
[2026/09/15 15:59:32] 发送(hex): 20
[2026/09/15 15:59:32] 发送(hex): 20
[2026/09/15 15:59:32] 发送(hex): 20
[2026/09/15 15:59:32] 发送(hex): 20
[2026/09/15 15:59:32] 发送(hex): 20
[2026/09/15 15:59:32] 发送(hex): 20
[2026/09/15 15:59:32] 发送(hex): 20
[2026/09/15 15:59:32] 发送(hex): 20
[2026/09/15 15:59:32] 发送(hex): 20
[2026/09/15 15:59:32] 发送(hex): 20
[2026/09/15 15:59:32] 发送(hex): 20
[2026/09/15 15:59:32] 发送(hex): 20
[2026/09/15 15:59:32] 发送(hex): 20
[2026/09/15 15:59:32] 发送(hex): 20
[2026/09/15 15:59:32] 发送(hex): 20
[2026/09/15 15:59:32] 发送(hex): 20
[2026/09/15 15:59:32] 发送(hex): 20
[2026/09/15 15:59:32] 发送(hex): 20
[2026/09/15 15:59:32] 发送(hex): 20
[2026/09/15 15:59:32] 发送(hex): 20
[2026/09/15 15:59:32] 发送(hex): 20
[2026/09/15 15:59:32] 发送(hex): 20
[2026/09/15 15:59:32] 发送(hex): 20
[2026/09/15 15:59:32] 发送(hex): 20
[2026/09/15 15:59:32] 发送(hex): 20
[2026/09/15 15:59:32] 发送(hex): 20
[2026/09/15 15:59:32] 发送(hex): 20
[2026/09/15 15:59:32] 发送(hex): 20
[2026/09/15 15:59:32] 发送(hex): 20
[2026/09/15 15:59:32] 发送(hex): 20
[2026/09/15 15:59:32] 发送(hex): 20
[2026/09/15 15:59:32] 发送(hex): 20
[2026/09/15 15:59:32] 发送(hex): 20
[2026/09/15 15:59:32] 发送(hex): 20
[2026/09/15 15:59:32] 发送(hex): 20
[2026/09/15 15:59:32] 发送(hex): 20
[2026/09/15 15:59:32] 发送(hex): 20
[2026/09/15 15:59:32] 发送(hex): 20
[2026/09/15 15:59:32] 发送(hex): 20
[2026/09/15 15:59:32] 发送(hex): 20
[2026/09/15 15:59:32] 发送(hex): 20
[2026/09/15 15:59:32] 发送(hex): 20
[2026/09/15 15:59:32] 发送(hex): 20
[2026/09/15 15:59:32] 发送(hex): 20
[2026/09/15 15:59:32] 发送(hex): 20
[2026/09/15 15:59:32] 发送(hex): 20
[2026/09/15 15:59:32] 发送(hex): 20
[2026/09/15 15:59:32] 发送(hex): 20
[2026/09/15 15:59:32] 发送(hex): 20
[2026/09/15 15:59:32] 发送(hex): 20
[2026/09/15 15:59:32] 发送(hex): 20
[2026/09/15 15:59:32] 发送(hex): 20
[2026/09/15 15:59:32] 发送(hex): 20
[2026/09/15 15:59:32] 发送(hex): 20
[2026/09/15 15:59:32] 发送(hex): 20
[2026/09/15 15:59:32] 发送(hex): 20
[2026/09/15 15:59:32] 发送(hex): 20
[2026/09/15 15:59:32] 发送(hex): 20
[2026/09/15 15:59:33] 发送(hex): 20
[2026/09/15 15:59:33] 发送(hex): 20
[2026/09/15 15:59:33] 发送(hex): 20
[2026/09/15 15:59:33] 发送(hex): 20
[2026/09/15 15:59:33] 发送(hex): 20
[2026/09/15 15:59:33] 发送(hex): 20
[2026/09/15 15:59:33] 发送(hex): 20
[2026/09/15 15:59:33] 发送(hex): 20
[2026/09/15 15:59:33] 发送(hex): 20
[2026/09/15 15:59:33] 发送(hex): 20
[2026/09/15 15:59:33] 发送(hex): 20
[2026/09/15 15:59:33] 发送(hex): 20
[2026/09/15 15:59:33] 发送(hex): 20
[2026/09/15 15:59:33] 发送(hex): 20
[2026/09/15 15:59:33] 发送(hex): 20
[2026/09/15 15:59:33] 发送(hex): 20
[2026/09/15 15:59:33] 发送(hex): 20
[2026/09/15 15:59:33] 发送(hex): 20
[2026/09/15 15:59:33] 发送(hex): 20
[2026/09/15 15:59:33] 发送(hex): 20
[2026/09/15 15:59:33] 发送(hex): 20
[2026/09/15 15:59:33] 发送(hex): 20
[2026/09/15 15:59:33] 发送(hex): 20
[2026/09/15 15:59:33] 发送(hex): 20
[2026/09/15 15:59:33] 发送(hex): 20
[2026/09/15 15:59:33] 发送(hex): 20
[2026/09/15 15:59:33] 发送(hex): 20
[2026/09/15 15:59:33] 发送(hex): 20
[2026/09/15 15:59:33] 发送(hex): 20
[2026/09/15 15:59:33] 发送(hex): 20
[2026/09/15 15:59:33] 发送(hex): 20
[2026/09/15 15:59:33] 发送(hex): 20
[2026/09/15 15:59:33] 发送(hex): 20
[2026/09/15 15:59:33] 发送(hex): 20
[2026/09/15 15:59:33] 发送(hex): 20
[2026/09/15 15:59:33] 发送(hex): 20
[2026/09/15 15:59:33] 发送(hex): 20
[2026/09/15 15:59:33] 发送(hex): 20
[2026/09/15 15:59:33] 发送(hex): 20
[2026/09/15 15:59:33] 发送(hex): 20
[2026/09/15 15:59:33] 发送(hex): 20
[2026/09/15 15:59:33] 发送(hex): 20
[2026/09/15 15:59:33] 发送(hex): 20
[2026/09/15 15:59:33] 发送(hex): 20
[2026/09/15 15:59:33] 发送(hex): 20
[2026/09/15 15:59:33] 发送(hex): 20
[2026/09/15 15:59:33] 发送(hex): 20
[2026/09/15 15:59:33] 发送(hex): 20
[2026/09/15 15:59:33] 发送(hex): 20
[2026/09/15 15:59:33] 发送(hex): 20
[2026/09/15 15:59:33] 发送(hex): 20
[2026/09/15 15:59:33] 发送(hex): 20
[2026/09/15 15:59:33] 发送(hex): 20
[2026/09/15 15:59:33] 发送(hex): 20
[2026/09/15 15:59:33] 发送(hex): 20
[2026/09/15 15:59:33] 发送(hex): 20
[2026/09/15 15:59:33] 发送(hex): 20
[2026/09/15 15:59:33] 发送(hex): 20
[2026/09/15 15:59:33] 发送(hex): 20
[2026/09/15 15:59:33] 发送(hex): 20
[2026/09/15 15:59:33] 发送(hex): 20
[2026/09/15 15:59:33] 发送(hex): 20
[2026/09/15 15:59:33] 发送(hex): 20
[2026/09/15 15:59:33] 发送(hex): 20
[2026/09/15 15:59:33] 发送(hex): 20
[2026/09/15 15:59:33] 发送(hex): 20
[2026/09/15 15:59:33] 发送(hex): 20
[2026/09/15 15:59:33] 发送(hex): 20
[2026/09/15 15:59:33] 发送(hex): 20
[2026/09/15 15:59:33] 发送(hex): 20
[2026/09/15 15:59:33] 发送(hex): 20
[2026/09/15 15:59:33] 发送(hex): 20
[2026/09/15 15:59:33] 发送(hex): 20
[2026/09/15 15:59:33] 发送(hex): 20
[2026/09/15 15:59:33] 发送(hex): 20
[2026/09/15 15:59:33] 发送(hex): 20
[2026/09/15 15:59:33] 发送(hex): 20
[2026/09/15 15:59:33] 发送(hex): 20
[2026/09/15 15:59:33] 发送(hex): 20
[2026/09/15 15:59:33] 发送(hex): 20
[2026/09/15 15:59:33] 发送(hex): 20
[2026/09/15 15:59:33] 发送(hex): 20
[2026/09/15 15:59:33] 发送(hex): 20
[2026/09/15 15:59:33] 发送(hex): 20
[2026/09/15 15:59:33] 发送(hex): 20
[2026/09/15 15:59:33] 发送(hex): 20
[2026/09/15 15:59:33] 发送(hex): 20
[2026/09/15 15:59:33] 发送(hex): 20
[2026/09/15 15:59:33] 发送(hex): 20
[2026/09/15 15:59:33] 发送(hex): 20
[2026/09/15 15:59:33] 发送(hex): 20
[2026/09/15 15:59:33] 发送(hex): 20
[2026/09/15 15:59:33] 发送(hex): 20
[2026/09/15 15:59:33] 发送(hex): 20
[2026/09/15 15:59:34] 发送(hex): 20
[2026/09/15 15:59:34] 发送(hex): 20
[2026/09/15 15:59:34] 发送(hex): 20
[2026/09/15 15:59:34] 发送(hex): 20
[2026/09/15 15:59:34] 发送(hex): 20
[2026/09/15 15:59:34] 发送(hex): 20
[2026/09/15 15:59:34] 发送(hex): 20
[2026/09/15 15:59:34] 发送(hex): 20
[2026/09/15 15:59:34] 发送(hex): 20
[2026/09/15 15:59:34] 发送(hex): 20
[2026/09/15 15:59:34] 发送(hex): 20
[2026/09/15 15:59:34] 发送(hex): 20
[2026/09/15 15:59:34] 发送(hex): 20
[2026/09/15 15:59:34] 发送(hex): 20
[2026/09/15 15:59:34] 发送(hex): 20
[2026/09/15 15:59:34] 发送(hex): 20
[2026/09/15 15:59:34] 发送(hex): 20
[2026/09/15 15:59:34] 发送(hex): 20
[2026/09/15 15:59:34] 发送(hex): 20
[2026/09/15 15:59:34] 发送(hex): 20
[2026/09/15 15:59:34] 发送(hex): 20
[2026/09/15 15:59:34] 发送(hex): 20
[2026/09/15 15:59:34] 发送(hex): 20
[2026/09/15 15:59:34] 发送(hex): 20
[2026/09/15 15:59:34] 发送(hex): 20
[2026/09/15 15:59:34] 发送(hex): 20
[2026/09/15 15:59:34] 发送(hex): 20
[2026/09/15 15:59:34] 发送(hex): 20
[2026/09/15 15:59:34] 发送(hex): 20
[2026/09/15 15:59:34] 发送(hex): 20
[2026/09/15 15:59:34] 发送(hex): 20
[2026/09/15 15:59:34] 发送(hex): 20
[2026/09/15 15:59:34] 发送(hex): 20
[2026/09/15 15:59:34] 发送(hex): 20
[2026/09/15 15:59:34] 发送(hex): 20
[2026/09/15 15:59:34] 发送(hex): 20
[2026/09/15 15:59:34] 发送(hex): 20
[2026/09/15 15:59:34] 发送(hex): 20
[2026/09/15 15:59:34] 发送(hex): 20
[2026/09/15 15:59:34] 发送(hex): 20
[2026/09/15 15:59:34] 发送(hex): 20
[2026/09/15 15:59:34] 发送(hex): 20
[2026/09/15 15:59:34] 发送(hex): 20
[2026/09/15 15:59:34] 发送(hex): 20
[2026/09/15 15:59:34] 发送(hex): 20
[2026/09/15 15:59:34] 发送(hex): 20
[2026/09/15 15:59:34] 发送(hex): 20
[2026/09/15 15:59:34] 发送(hex): 20
[2026/09/15 15:59:34] 发送(hex): 20
[2026/09/15 15:59:34] 发送(hex): 20
[2026/09/15 15:59:34] 发送(hex): 20
[2026/09/15 15:59:34] 发送(hex): 20
[2026/09/15 15:59:34] 发送(hex): 20
[2026/09/15 15:59:34] 发送(hex): 20
[2026/09/15 15:59:34] 发送(hex): 20
[2026/09/15 15:59:34] 发送(hex): 20
[2026/09/15 15:59:34] 发送(hex): 20
[2026/09/15 15:59:34] 发送(hex): 20
[2026/09/15 15:59:34] 发送(hex): 20
[2026/09/15 15:59:34] 发送(hex): 20
[2026/09/15 15:59:34] 发送(hex): 20
[2026/09/15 15:59:34] 发送(hex): 20
[2026/09/15 15:59:34] 发送(hex): 20
[2026/09/15 15:59:34] 发送(hex): 20
[2026/09/15 15:59:34] 发送(hex): 20
[2026/09/15 15:59:34] 发送(hex): 20
[2026/09/15 15:59:34] 发送(hex): 20
[2026/09/15 15:59:34] 发送(hex): 20
[2026/09/15 15:59:34] 发送(hex): 20
[2026/09/15 15:59:34] 发送(hex): 20
[2026/09/15 15:59:34] 发送(hex): 20
[2026/09/15 15:59:34] 发送(hex): 20
[2026/09/15 15:59:34] 发送(hex): 20
[2026/09/15 15:59:34] 发送(hex): 20
[2026/09/15 15:59:34] 发送(hex): 20
[2026/09/15 15:59:34] 发送(hex): 20
[2026/09/15 15:59:34] 发送(hex): 20
[2026/09/15 15:59:34] 发送(hex): 20
[2026/09/15 15:59:34] 发送(hex): 20
[2026/09/15 15:59:34] 发送(hex): 20
[2026/09/15 15:59:34] 发送(hex): 20
[2026/09/15 15:59:34] 发送(hex): 20
[2026/09/15 15:59:34] 发送(hex): 20
[2026/09/15 15:59:34] 发送(hex): 20
[2026/09/15 15:59:34] 发送(hex): 20
[2026/09/15 15:59:34] 发送(hex): 20
[2026/09/15 15:59:34] 发送(hex): 20
[2026/09/15 15:59:34] 发送(hex): 20
[2026/09/15 15:59:34] 发送(hex): 20
[2026/09/15 15:59:34] 发送(hex): 20
[2026/09/15 15:59:34] 发送(hex): 20
[2026/09/15 15:59:34] 发送(hex): 20
[2026/09/15 15:59:34] 发送(hex): 20
[2026/09/15 15:59:34] 发送(hex): 20
[2026/09/15 15:59:35] 发送(hex): 20
[2026/09/15 15:59:35] 发送(hex): 20
[2026/09/15 15:59:35] 发送(hex): 20
[2026/09/15 15:59:35] 发送(hex): 20
[2026/09/15 15:59:35] 发送(hex): 20
[2026/09/15 15:59:35] 发送(hex): 20
[2026/09/15 15:59:35] 发送(hex): 20
[2026/09/15 15:59:35] 发送(hex): 20
[2026/09/15 15:59:35] 发送(hex): 20
[2026/09/15 15:59:35] 发送(hex): 20
[2026/09/15 15:59:35] 发送(hex): 20
[2026/09/15 15:59:35] 发送(hex): 20
[2026/09/15 15:59:35] 发送(hex): 20
[2026/09/15 15:59:35] 发送(hex): 20
[2026/09/15 15:59:35] 发送(hex): 20
[2026/09/15 15:59:35] 发送(hex): 20
[2026/09/15 15:59:35] 发送(hex): 20
[2026/09/15 15:59:35] 发送(hex): 20
[2026/09/15 15:59:35] 发送(hex): 20
[2026/09/15 15:59:35] 发送(hex): 20
[2026/09/15 15:59:35] 发送(hex): 20
[2026/09/15 15:59:35] 发送(hex): 20
[2026/09/15 15:59:35] 发送(hex): 20
[2026/09/15 15:59:35] 发送(hex): 20
[2026/09/15 15:59:35] 发送(hex): 20
[2026/09/15 15:59:35] 发送(hex): 20
[2026/09/15 15:59:35] 发送(hex): 20
[2026/09/15 15:59:35] 发送(hex): 20
[2026/09/15 15:59:35] 发送(hex): 20
[2026/09/15 15:59:35] 发送(hex): 20
[2026/09/15 15:59:35] 发送(hex): 20
[2026/09/15 15:59:35] 发送(hex): 20
[2026/09/15 15:59:35] 发送(hex): 20
[2026/09/15 15:59:35] 发送(hex): 20
[2026/09/15 15:59:35] 发送(hex): 20
[2026/09/15 15:59:35] 发送(hex): 20
[2026/09/15 15:59:35] 发送(hex): 20
[2026/09/15 15:59:35] 发送(hex): 20
[2026/09/15 15:59:35] 发送(hex): 20
[2026/09/15 15:59:35] 发送(hex): 20
[2026/09/15 15:59:35] 发送(hex): 20
[2026/09/15 15:59:35] 发送(hex): 20
[2026/09/15 15:59:35] 发送(hex): 20
[2026/09/15 15:59:35] 发送(hex): 20
[2026/09/15 15:59:35] 发送(hex): 20
[2026/09/15 15:59:35] 发送(hex): 20
[2026/09/15 15:59:35] 发送(hex): 20
[2026/09/15 15:59:35] 发送(hex): 20
[2026/09/15 15:59:35] 发送(hex): 20
[2026/09/15 15:59:35] 发送(hex): 20
[2026/09/15 15:59:35] 发送(hex): 20
[2026/09/15 15:59:35] 发送(hex): 20
[2026/09/15 15:59:35] 发送(hex): 20
[2026/09/15 15:59:35] 发送(hex): 20
[2026/09/15 15:59:35] 发送(hex): 20
[2026/09/15 15:59:35] 发送(hex): 20
[2026/09/15 15:59:35] 发送(hex): 20
[2026/09/15 15:59:35] 发送(hex): 20
[2026/09/15 15:59:35] 发送(hex): 20
[2026/09/15 15:59:35] 发送(hex): 20
[2026/09/15 15:59:35] 发送(hex): 20
[2026/09/15 15:59:35] 发送(hex): 20
[2026/09/15 15:59:35] 发送(hex): 20
[2026/09/15 15:59:35] 发送(hex): 20
[2026/09/15 15:59:35] 发送(hex): 20
[2026/09/15 15:59:35] 发送(hex): 20
[2026/09/15 15:59:35] 发送(hex): 20
[2026/09/15 15:59:35] 发送(hex): 20
[2026/09/15 15:59:35] 发送(hex): 20
[2026/09/15 15:59:35] 发送(hex): 20
[2026/09/15 15:59:35] 发送(hex): 20
[2026/09/15 15:59:35] 发送(hex): 20
[2026/09/15 15:59:35] 发送(hex): 20
[2026/09/15 15:59:35] 发送(hex): 20
[2026/09/15 15:59:35] 发送(hex): 20
[2026/09/15 15:59:35] 发送(hex): 20
[2026/09/15 15:59:35] 发送(hex): 20
[2026/09/15 15:59:35] 发送(hex): 20
[2026/09/15 15:59:35] 发送(hex): 20
[2026/09/15 15:59:35] 发送(hex): 20
[2026/09/15 15:59:35] 发送(hex): 20
[2026/09/15 15:59:35] 发送(hex): 20
[2026/09/15 15:59:35] 发送(hex): 20
[2026/09/15 15:59:35] 发送(hex): 20
[2026/09/15 15:59:35] 发送(hex): 20
[2026/09/15 15:59:35] 发送(hex): 20
[2026/09/15 15:59:35] 发送(hex): 20
[2026/09/15 15:59:35] 发送(hex): 20
[2026/09/15 15:59:35] 发送(hex): 20
[2026/09/15 15:59:35] 发送(hex): 20
[2026/09/15 15:59:35] 发送(hex): 20
[2026/09/15 15:59:35] 发送(hex): 20
[2026/09/15 15:59:35] 发送(hex): 20
[2026/09/15 15:59:36] 发送(hex): 20
[2026/09/15 15:59:36] 发送(hex): 20
[2026/09/15 15:59:36] 发送(hex): 20
[2026/09/15 15:59:36] 发送(hex): 20
[2026/09/15 15:59:36] 发送(hex): 20
[2026/09/15 15:59:36] 发送(hex): 20
[2026/09/15 15:59:36] 发送(hex): 20
[2026/09/15 15:59:36] 发送(hex): 20
[2026/09/15 15:59:36] 发送(hex): 20
[2026/09/15 15:59:36] 发送(hex): 20
[2026/09/15 15:59:36] 发送(hex): 20
[2026/09/15 15:59:36] 发送(hex): 20
[2026/09/15 15:59:36] 发送(hex): 20
[2026/09/15 15:59:36] 发送(hex): 20
[2026/09/15 15:59:36] 发送(hex): 20
[2026/09/15 15:59:36] 发送(hex): 20
[2026/09/15 15:59:36] 发送(hex): 20
[2026/09/15 15:59:36] 发送(hex): 20
[2026/09/15 15:59:36] 发送(hex): 20
[2026/09/15 15:59:36] 发送(hex): 20
[2026/09/15 15:59:36] 发送(hex): 20
[2026/09/15 15:59:36] 发送(hex): 20
[2026/09/15 15:59:36] 发送(hex): 20
[2026/09/15 15:59:36] 发送(hex): 20
[2026/09/15 15:59:36] 发送(hex): 20
[2026/09/15 15:59:36] 发送(hex): 20
[2026/09/15 15:59:36] 发送(hex): 20
[2026/09/15 15:59:36] 发送(hex): 20
[2026/09/15 15:59:36] 发送(hex): 20
[2026/09/15 15:59:36] 发送(hex): 20
[2026/09/15 15:59:36] 发送(hex): 20
[2026/09/15 15:59:36] 发送(hex): 20
[2026/09/15 15:59:36] 发送(hex): 20
[2026/09/15 15:59:36] 发送(hex): 20
[2026/09/15 15:59:36] 发送(hex): 20
[2026/09/15 15:59:36] 发送(hex): 20
[2026/09/15 15:59:36] 发送(hex): 20
[2026/09/15 15:59:36] 发送(hex): 20
[2026/09/15 15:59:36] 发送(hex): 20
[2026/09/15 15:59:36] 发送(hex): 20
[2026/09/15 15:59:36] 发送(hex): 20
[2026/09/15 15:59:36] 发送(hex): 20
[2026/09/15 15:59:36] 发送(hex): 20
[2026/09/15 15:59:36] 发送(hex): 20
[2026/09/15 15:59:36] 发送(hex): 20
[2026/09/15 15:59:36] 发送(hex): 20
[2026/09/15 15:59:36] 发送(hex): 20
[2026/09/15 15:59:36] 发送(hex): 20
[2026/09/15 15:59:36] 发送(hex): 20
[2026/09/15 15:59:36] 发送(hex): 20
[2026/09/15 15:59:36] 发送(hex): 20
[2026/09/15 15:59:36] 发送(hex): 20
[2026/09/15 15:59:36] 发送(hex): 20
[2026/09/15 15:59:36] 发送(hex): 20
[2026/09/15 15:59:36] 发送(hex): 20
[2026/09/15 15:59:36] 发送(hex): 20
[2026/09/15 15:59:36] 发送(hex): 20
[2026/09/15 15:59:36] 发送(hex): 20
[2026/09/15 15:59:36] 发送(hex): 20
[2026/09/15 15:59:36] 发送(hex): 20
[2026/09/15 15:59:36] 发送(hex): 20
[2026/09/15 15:59:36] 发送(hex): 20
[2026/09/15 15:59:36] 发送(hex): 20
[2026/09/15 15:59:36] 发送(hex): 20
[2026/09/15 15:59:36] 发送(hex): 20
[2026/09/15 15:59:36] 发送(hex): 20
[2026/09/15 15:59:36] 发送(hex): 20
[2026/09/15 15:59:36] 发送(hex): 20
[2026/09/15 15:59:36] 发送(hex): 20
[2026/09/15 15:59:36] 发送(hex): 20
[2026/09/15 15:59:36] 发送(hex): 20
[2026/09/15 15:59:36] 发送(hex): 20
[2026/09/15 15:59:36] 发送(hex): 20
[2026/09/15 15:59:36] 发送(hex): 20
[2026/09/15 15:59:36] 发送(hex): 20
[2026/09/15 15:59:36] 发送(hex): 20
[2026/09/15 15:59:36] 发送(hex): 20
[2026/09/15 15:59:36] 发送(hex): 20
[2026/09/15 15:59:36] 发送(hex): 20
[2026/09/15 15:59:36] 发送(hex): 20
[2026/09/15 15:59:36] 发送(hex): 20
[2026/09/15 15:59:36] 发送(hex): 20
[2026/09/15 15:59:36] 发送(hex): 20
[2026/09/15 15:59:36] 发送(hex): 20
[2026/09/15 15:59:36] 发送(hex): 20
[2026/09/15 15:59:36] 发送(hex): 20
[2026/09/15 15:59:36] 发送(hex): 20
[2026/09/15 15:59:36] 发送(hex): 20
[2026/09/15 15:59:36] 发送(hex): 20
[2026/09/15 15:59:36] 发送(hex): 20
[2026/09/15 15:59:36] 发送(hex): 20
[2026/09/15 15:59:36] 发送(hex): 20
[2026/09/15 15:59:36] 发送(hex): 20
[2026/09/15 15:59:36] 发送(hex): 20
[2026/09/15 15:59:37] 发送(hex): 20
[2026/09/15 15:59:37] 发送(hex): 20
[2026/09/15 15:59:37] 发送(hex): 20
[2026/09/15 15:59:37] 发送(hex): 20
[2026/09/15 15:59:37] 发送(hex): 20
[2026/09/15 15:59:37] 发送(hex): 20
[2026/09/15 15:59:37] 发送(hex): 20
[2026/09/15 15:59:37] 发送(hex): 20
[2026/09/15 15:59:37] 发送(hex): 20
[2026/09/15 15:59:37] 发送(hex): 20
[2026/09/15 15:59:37] 发送(hex): 20
[2026/09/15 15:59:37] 发送(hex): 20
[2026/09/15 15:59:37] 发送(hex): 20
[2026/09/15 15:59:37] 发送(hex): 20
[2026/09/15 15:59:37] 发送(hex): 20
[2026/09/15 15:59:37] 发送(hex): 20
[2026/09/15 15:59:37] 发送(hex): 20
[2026/09/15 15:59:37] 发送(hex): 20
[2026/09/15 15:59:37] 发送(hex): 20
[2026/09/15 15:59:37] 发送(hex): 20
[2026/09/15 15:59:37] 发送(hex): 20
[2026/09/15 15:59:37] 发送(hex): 20
[2026/09/15 15:59:37] 发送(hex): 20
[2026/09/15 15:59:37] 发送(hex): 20
[2026/09/15 15:59:37] 发送(hex): 20
[2026/09/15 15:59:37] 发送(hex): 20
[2026/09/15 15:59:37] 发送(hex): 20
[2026/09/15 15:59:37] 发送(hex): 20
[2026/09/15 15:59:37] 发送(hex): 20
[2026/09/15 15:59:37] 发送(hex): 20
[2026/09/15 15:59:37] 发送(hex): 20
[2026/09/15 15:59:37] 发送(hex): 20
[2026/09/15 15:59:37] 发送(hex): 20
[2026/09/15 15:59:37] 发送(hex): 20
[2026/09/15 15:59:37] 发送(hex): 20
[2026/09/15 15:59:37] 发送(hex): 20
[2026/09/15 15:59:37] 发送(hex): 20
[2026/09/15 15:59:37] 发送(hex): 20
[2026/09/15 15:59:37] 发送(hex): 20
[2026/09/15 15:59:37] 发送(hex): 20
[2026/09/15 15:59:37] 发送(hex): 20
[2026/09/15 15:59:37] 发送(hex): 20
[2026/09/15 15:59:37] 发送(hex): 20
[2026/09/15 15:59:37] 发送(hex): 20
[2026/09/15 15:59:37] 发送(hex): 20
[2026/09/15 15:59:37] 发送(hex): 20
[2026/09/15 15:59:37] 发送(hex): 20
[2026/09/15 15:59:37] 发送(hex): 20
[2026/09/15 15:59:37] 发送(hex): 20
[2026/09/15 15:59:37] 发送(hex): 20
[2026/09/15 15:59:37] 发送(hex): 20
[2026/09/15 15:59:37] 发送(hex): 20
[2026/09/15 15:59:37] 发送(hex): 20
[2026/09/15 15:59:37] 发送(hex): 20
[2026/09/15 15:59:37] 发送(hex): 20
[2026/09/15 15:59:37] 发送(hex): 20
[2026/09/15 15:59:37] 发送(hex): 20
[2026/09/15 15:59:37] 发送(hex): 20
[2026/09/15 15:59:37] 发送(hex): 20
[2026/09/15 15:59:37] 发送(hex): 20
[2026/09/15 15:59:37] 发送(hex): 20
[2026/09/15 15:59:37] 发送(hex): 20
[2026/09/15 15:59:37] 发送(hex): 20
[2026/09/15 15:59:37] 发送(hex): 20
[2026/09/15 15:59:37] 发送(hex): 20
[2026/09/15 15:59:37] 发送(hex): 20
[2026/09/15 15:59:37] 发送(hex): 20
[2026/09/15 15:59:37] 发送(hex): 20
[2026/09/15 15:59:37] 发送(hex): 20
[2026/09/15 15:59:37] 发送(hex): 20
[2026/09/15 15:59:37] 发送(hex): 20
[2026/09/15 15:59:37] 发送(hex): 20
[2026/09/15 15:59:37] 发送(hex): 20
[2026/09/15 15:59:37] 发送(hex): 20
[2026/09/15 15:59:37] 发送(hex): 20
[2026/09/15 15:59:37] 发送(hex): 20
[2026/09/15 15:59:37] 发送(hex): 20
[2026/09/15 15:59:37] 发送(hex): 20
[2026/09/15 15:59:37] 发送(hex): 20
[2026/09/15 15:59:37] 发送(hex): 20
[2026/09/15 15:59:37] 发送(hex): 20
[2026/09/15 15:59:37] 发送(hex): 20
[2026/09/15 15:59:37] 发送(hex): 20
[2026/09/15 15:59:37] 发送(hex): 20
[2026/09/15 15:59:37] 发送(hex): 20
[2026/09/15 15:59:37] 发送(hex): 20
[2026/09/15 15:59:37] 发送(hex): 20
[2026/09/15 15:59:37] 发送(hex): 20
[2026/09/15 15:59:37] 发送(hex): 20
[2026/09/15 15:59:37] 发送(hex): 20
[2026/09/15 15:59:37] 发送(hex): 20
[2026/09/15 15:59:37] 发送(hex): 20
[2026/09/15 15:59:37] 发送(hex): 20
[2026/09/15 15:59:38] 发送(hex): 20
[2026/09/15 15:59:38] 发送(hex): 20
[2026/09/15 15:59:38] 发送(hex): 20
[2026/09/15 15:59:38] 发送(hex): 20
[2026/09/15 15:59:38] 发送(hex): 20
[2026/09/15 15:59:38] 发送(hex): 20
[2026/09/15 15:59:38] 发送(hex): 20
[2026/09/15 15:59:38] 发送(hex): 20
[2026/09/15 15:59:38] 发送(hex): 20
[2026/09/15 15:59:38] 发送(hex): 20
[2026/09/15 15:59:38] 发送(hex): 20
[2026/09/15 15:59:38] 发送(hex): 20
[2026/09/15 15:59:38] 发送(hex): 20
[2026/09/15 15:59:38] 发送(hex): 20
[2026/09/15 15:59:38] 发送(hex): 20
[2026/09/15 15:59:38] 发送(hex): 20
[2026/09/15 15:59:38] 发送(hex): 20
[2026/09/15 15:59:38] 发送(hex): 20
[2026/09/15 15:59:38] 发送(hex): 20
[2026/09/15 15:59:38] 发送(hex): 20
[2026/09/15 15:59:38] 发送(hex): 20
[2026/09/15 15:59:38] 发送(hex): 20
[2026/09/15 15:59:38] 发送(hex): 20
[2026/09/15 15:59:38] 发送(hex): 20
[2026/09/15 15:59:38] 发送(hex): 20
[2026/09/15 15:59:38] 发送(hex): 20
[2026/09/15 15:59:38] 发送(hex): 20
[2026/09/15 15:59:38] 发送(hex): 20
[2026/09/15 15:59:38] 发送(hex): 20
[2026/09/15 15:59:38] 发送(hex): 20
[2026/09/15 15:59:38] 发送(hex): 20
[2026/09/15 15:59:38] 发送(hex): 20
[2026/09/15 15:59:38] 发送(hex): 20
[2026/09/15 15:59:38] 发送(hex): 20
[2026/09/15 15:59:38] 发送(hex): 20
[2026/09/15 15:59:38] 发送(hex): 20
[2026/09/15 15:59:38] 发送(hex): 20
[2026/09/15 15:59:38] 发送(hex): 20
[2026/09/15 15:59:38] 发送(hex): 20
[2026/09/15 15:59:38] 发送(hex): 20
[2026/09/15 15:59:38] 发送(hex): 20
[2026/09/15 15:59:38] 发送(hex): 20
[2026/09/15 15:59:38] 发送(hex): 20
[2026/09/15 15:59:38] 发送(hex): 20
[2026/09/15 15:59:38] 发送(hex): 20
[2026/09/15 15:59:38] 发送(hex): 20
[2026/09/15 15:59:38] 发送(hex): 20
[2026/09/15 15:59:38] 发送(hex): 20
[2026/09/15 15:59:38] 发送(hex): 20
[2026/09/15 15:59:38] 发送(hex): 20
[2026/09/15 15:59:38] 发送(hex): 20
[2026/09/15 15:59:38] 发送(hex): 20
[2026/09/15 15:59:38] 发送(hex): 20
[2026/09/15 15:59:38] 发送(hex): 20
[2026/09/15 15:59:38] 发送(hex): 20
[2026/09/15 15:59:38] 发送(hex): 20
[2026/09/15 15:59:38] 发送(hex): 20
[2026/09/15 15:59:38] 发送(hex): 20
[2026/09/15 15:59:38] 发送(hex): 20
[2026/09/15 15:59:38] 发送(hex): 20
[2026/09/15 15:59:38] 发送(hex): 20
[2026/09/15 15:59:38] 发送(hex): 20
[2026/09/15 15:59:38] 发送(hex): 20
[2026/09/15 15:59:38] 发送(hex): 20
[2026/09/15 15:59:38] 发送(hex): 20
[2026/09/15 15:59:38] 发送(hex): 20
[2026/09/15 15:59:38] 发送(hex): 20
[2026/09/15 15:59:38] 发送(hex): 20
[2026/09/15 15:59:38] 发送(hex): 20
[2026/09/15 15:59:38] 发送(hex): 20
[2026/09/15 15:59:38] 发送(hex): 20
[2026/09/15 15:59:38] 发送(hex): 20
[2026/09/15 15:59:38] 发送(hex): 20
[2026/09/15 15:59:38] 发送(hex): 20
[2026/09/15 15:59:38] 发送(hex): 20
[2026/09/15 15:59:38] 发送(hex): 20
[2026/09/15 15:59:38] 发送(hex): 20
[2026/09/15 15:59:38] 发送(hex): 20
[2026/09/15 15:59:38] 发送(hex): 20
[2026/09/15 15:59:38] 发送(hex): 20
[2026/09/15 15:59:38] 发送(hex): 20
[2026/09/15 15:59:38] 发送(hex): 20
[2026/09/15 15:59:38] 发送(hex): 20
[2026/09/15 15:59:38] 发送(hex): 20
[2026/09/15 15:59:38] 发送(hex): 20
[2026/09/15 15:59:38] 发送(hex): 20
[2026/09/15 15:59:38] 发送(hex): 20
[2026/09/15 15:59:38] 发送(hex): 20
[2026/09/15 15:59:38] 发送(hex): 20
[2026/09/15 15:59:38] 发送(hex): 20
[2026/09/15 15:59:38] 发送(hex): 20
[2026/09/15 15:59:38] 发送(hex): 20
[2026/09/15 15:59:38] 发送(hex): 20
[2026/09/15 15:59:38] 发送(hex): 20
[2026/09/15 15:59:39] 发送(hex): 20
[2026/09/15 15:59:39] 发送(hex): 20
[2026/09/15 15:59:39] 发送(hex): 20
[2026/09/15 15:59:39] 发送(hex): 20
[2026/09/15 15:59:39] 发送(hex): 20
[2026/09/15 15:59:39] 发送(hex): 20
[2026/09/15 15:59:39] 发送(hex): 20
[2026/09/15 15:59:39] 发送(hex): 20
[2026/09/15 15:59:39] 发送(hex): 20
[2026/09/15 15:59:39] 发送(hex): 20
[2026/09/15 15:59:39] 发送(hex): 20
[2026/09/15 15:59:39] 发送(hex): 20
[2026/09/15 15:59:39] 发送(hex): 20
[2026/09/15 15:59:39] 发送(hex): 20
[2026/09/15 15:59:39] 发送(hex): 20
[2026/09/15 15:59:39] 发送(hex): 20
[2026/09/15 15:59:39] 发送(hex): 20
[2026/09/15 15:59:39] 发送(hex): 20
[2026/09/15 15:59:39] 发送(hex): 20
[2026/09/15 15:59:39] 发送(hex): 20
[2026/09/15 15:59:39] 发送(hex): 20
[2026/09/15 15:59:39] 发送(hex): 20
[2026/09/15 15:59:39] 发送(hex): 20
[2026/09/15 15:59:39] 发送(hex): 20
[2026/09/15 15:59:39] 发送(hex): 20
[2026/09/15 15:59:39] 发送(hex): 20
[2026/09/15 15:59:39] 发送(hex): 20
[2026/09/15 15:59:39] 发送(hex): 20
[2026/09/15 15:59:39] 发送(hex): 20
[2026/09/15 15:59:39] 发送(hex): 20
[2026/09/15 15:59:39] 发送(hex): 20
[2026/09/15 15:59:39] 发送(hex): 20
[2026/09/15 15:59:39] 发送(hex): 20
[2026/09/15 15:59:39] 发送(hex): 20
[2026/09/15 15:59:39] 发送(hex): 20
[2026/09/15 15:59:39] 发送(hex): 20
[2026/09/15 15:59:39] 发送(hex): 20
[2026/09/15 15:59:39] 发送(hex): 20
[2026/09/15 15:59:39] 发送(hex): 20
[2026/09/15 15:59:39] 发送(hex): 20
[2026/09/15 15:59:39] 发送(hex): 20
[2026/09/15 15:59:39] 发送(hex): 20
[2026/09/15 15:59:39] 发送(hex): 20
[2026/09/15 15:59:39] 发送(hex): 20
[2026/09/15 15:59:39] 发送(hex): 20
[2026/09/15 15:59:39] 发送(hex): 20
[2026/09/15 15:59:39] 发送(hex): 20
[2026/09/15 15:59:39] 发送(hex): 20
[2026/09/15 15:59:39] 发送(hex): 20
[2026/09/15 15:59:39] 发送(hex): 20
[2026/09/15 15:59:39] 发送(hex): 20
[2026/09/15 15:59:39] 发送(hex): 20
[2026/09/15 15:59:39] 发送(hex): 20
[2026/09/15 15:59:39] 发送(hex): 20
[2026/09/15 15:59:39] 发送(hex): 20
[2026/09/15 15:59:39] 发送(hex): 20
[2026/09/15 15:59:39] 发送(hex): 20
[2026/09/15 15:59:39] 发送(hex): 20
[2026/09/15 15:59:39] 发送(hex): 20
[2026/09/15 15:59:39] 发送(hex): 20
[2026/09/15 15:59:39] 发送(hex): 20
[2026/09/15 15:59:39] 发送(hex): 20
[2026/09/15 15:59:39] 发送(hex): 20
[2026/09/15 15:59:39] 发送(hex): 20
[2026/09/15 15:59:39] 发送(hex): 20
[2026/09/15 15:59:39] 发送(hex): 20
[2026/09/15 15:59:39] 发送(hex): 20
[2026/09/15 15:59:39] 发送(hex): 20
[2026/09/15 15:59:39] 发送(hex): 20
[2026/09/15 15:59:39] 发送(hex): 20
[2026/09/15 15:59:39] 发送(hex): 20
[2026/09/15 15:59:39] 发送(hex): 20
[2026/09/15 15:59:39] 发送(hex): 20
[2026/09/15 15:59:39] 发送(hex): 20
[2026/09/15 15:59:39] 发送(hex): 20
[2026/09/15 15:59:39] 发送(hex): 20
[2026/09/15 15:59:39] 发送(hex): 20
[2026/09/15 15:59:39] 发送(hex): 20
[2026/09/15 15:59:39] 发送(hex): 20
[2026/09/15 15:59:39] 发送(hex): 20
[2026/09/15 15:59:39] 发送(hex): 20
[2026/09/15 15:59:39] 发送(hex): 20
[2026/09/15 15:59:39] 发送(hex): 20
[2026/09/15 15:59:39] 发送(hex): 20
[2026/09/15 15:59:39] 发送(hex): 20
[2026/09/15 15:59:39] 发送(hex): 20
[2026/09/15 15:59:39] 发送(hex): 20
[2026/09/15 15:59:39] 发送(hex): 20
[2026/09/15 15:59:39] 发送(hex): 20
[2026/09/15 15:59:39] 发送(hex): 20
[2026/09/15 15:59:39] 发送(hex): 20
[2026/09/15 15:59:39] 发送(hex): 20
[2026/09/15 15:59:39] 发送(hex): 20
[2026/09/15 15:59:39] 发送(hex): 20
[2026/09/15 15:59:39] 发送(hex): 20
[2026/09/15 15:59:40] 发送(hex): 20
[2026/09/15 15:59:40] 发送(hex): 20
[2026/09/15 15:59:40] 发送(hex): 20
[2026/09/15 15:59:40] 发送(hex): 20
[2026/09/15 15:59:40] 发送(hex): 20
[2026/09/15 15:59:40] 发送(hex): 20
[2026/09/15 15:59:40] 发送(hex): 20
[2026/09/15 15:59:40] 发送(hex): 20
[2026/09/15 15:59:40] 发送(hex): 20
[2026/09/15 15:59:40] 发送(hex): 20
[2026/09/15 15:59:45] 发送(hex): 0d
[2026/09/15 15:59:45] 发送(hex): 0d
[2026/09/15 15:59:45] 发送(hex): 0d
[2026/09/15 15:59:45] Realtek>
[2026/09/15 15:59:45] Realtek>
[2026/09/15 15:59:45] 发送(hex): 0d
[2026/09/15 15:59:45] Realtek>
[2026/09/15 15:59:45] 发送(hex): 0d
[2026/09/15 15:59:45] Realtek>
[2026/09/15 15:59:45] Realtek>
[2026/09/15 15:59:50] 发送(hex): 706d6f646520656e61626c653b72650d
[2026/09/15 15:59:50] pmode e
[2026/09/15 15:59:50] nable;re
[2026/09/15 15:59:50] uboot command for pmode en
[2026/09/15 15:59:50] able!
[2026/09/15 15:59:50] resetting ...
[2026/09/15 15:59:50] $
[2026/09/15 15:59:50] Post romcode git ver:42df880604ac78a3 (Aug 28 2026 21:41:35)
[2026/09/15 15:59:50] $
[2026/09/15 15:59:50] Hello world, RTD2875P_CN2_TV030!
[2026/09/15 15:59:50] set_wifi_reset
[2026/09/15 15:59:50] Auxcode git ver:3a4deb9ea300359e (Aug 28 2026 21:41:29)
[2026/09/15 15:59:50] flash_type = 2, secure_type = 2
[2026/09/15 15:59:50] b8062204=20000
[2026/09/15 15:59:50] slot info 0 0x0 info 1 0x9021afbe
[2026/09/15 15:59:50] g_gpt_blk_start 0x1  g_offline_gpt 0x0 last_usable_lba 0x1cd2032 num_partition_entries 0x32
[2026/09/15 15:59:50] start 0x2e600000 clt_blk 0x1973004 ctrl size 0x20
[2026/09/15 15:59:50] choose active index 0
[2026/09/15 15:59:50] part name bootloader ative_slot _a real part name bootloader_a
[2026/09/15 15:59:50] part name hwsetting start 0x100000 size 0x33600
[2026/09/15 15:59:50] part name ext_fw start 0x133600 size 0x10400
[2026/09/15 15:59:50] part name kboot start 0x143a00 size 0x16e00
[2026/09/15 15:59:50] part name uboot start 0x15a800 size 0x120400
[2026/09/15 15:59:50] ls4 2 1 = 800040ab 8000207f 80001000
[2026/09/15 15:59:50] fNewHWsettingArch = 2
[2026/09/15 15:59:50] 1.lsadcidx = 2, brand =3, offset = 0
[2026/09/15 15:59:50] 1.lsadcidx = 2, brand =3, offset = 17800
[2026/09/15 15:59:50] hwsetting from mmc
[2026/09/15 15:59:50] AC on HW offset 0x809 start 0x800 reg 0x8090800
[2026/09/15 15:59:50] total = 2f00
[2026/09/15 15:59:50] A
[2026/09/15 15:59:50] A
[2026/09/15 15:59:50] A
[2026/09/15 15:59:50] A
[2026/09/15 15:59:50] A
[2026/09/15 15:59:50] {12 14}
[2026/09/15 15:59:50] ffeedd
[2026/09/15 15:59:50] ffeeddddr ver: 62c63180
[2026/09/15 15:59:50] ori DQS0~7 {03 04 1a 1c 00 01 00 00}
[2026/09/15 15:59:50] {01 03 19 1b 00 01 00 00} {09 08 08 09 06 05 00 00}
[2026/09/15 15:59:50] r.y.0
[2026/09/15 15:59:50] r.y.0 SCPU BISR status: Done
[2026/09/15 15:59:50] [go kb]
[2026/09/15 15:59:50] pass bootco
[2026/09/15 15:59:50] de info to kboot
[2026/09/15 15:59:50] num=1056
[2026/09/15 15:59:50] boot_magic=20230423
[2026/09/15 15:59:50] ---DEBUG kboot 21:41:14 Aug 28 2026 ---
[2026/09/15 15:59:50] [Kboot]eMMC(mid-15) MMC_HS50 (50000000Mhz)[8bit].
[2026/09/15 15:59:50] block info 0x1cd2032 0x3a3e000.
[2026/09/15 15:59:50] [MMC] 32 -----------> 16GB.
[2026/09/15 15:59:50] (2379beef) (0) bufsize=(null)
[2026/09/15 15:59:50] uboot start 0x15a800 size 0x120400
[2026/09/15 15:59:50] board_version: l
[2026/09/15 15:59:50] s1 = 0, ver: 0
[2026/09/15 15:59:50] [0;31mapp_main 325 board_version=0[0m
[2026/09/15 15:59:50] get FW_TZFW flash start 0xf100200 ddr buf start 0x180
[2026/09/15 15:59:50] 000 image size 010c2e3 ok!
[2026/09/15 15:59:50] [INFO]RPMB auth key not written !
[2026/09/15 15:59:50] [INFO]RPMB auth key not written !
[2026/09/15 15:59:50] Current board is not frist boot.
[2026/09/15 15:59:50] ALL zero, reserved_3 has removed.
[2026/09/15 15:59:50] Current board remove reserved_3 done.
[2026/09/15 15:59:51] get FW_VKERNEL fla
[2026/09/15 15:59:51] sh start 0xc100200 ddr buf start 0x1a900000 image size 05f0300 ok!
[2026/09/15 15:59:51] get FW_VKERNEL2 flash start 0xd900200 ddr buf start 0x1af00000 image size 0f4920 ok!
[2026/09/15 15:59:51] get FW_AKERNEL flash start 0xa900200 ddr buf start 0x1b200000 image size 07fbf7c ok!
[2026/09/15 15:59:51] ATFATFATF:0 1 NOTICE: kill CPU(2)...
[2026/09/15 15:59:51] ATF:0 1 NOTICE: kill (2) : PACTIVE:0
[2026/09/15 15:59:51] ATF:0 1 NOTICE:  CPU(2) kill done, pstate(0x0)
[2026/09/15 15:59:51] U
[2026/09/15 15:59:51] fixup_node_name 555. set /reserved-memory@5 to /reserved-memory
[2026/09/15 15:59:51] fixup_node_name 555. set /rtk_cma@5 to /rtk_cma
[2026/09/15 15:59:51] ### [1;31mERROR[0m ### get_movablecore 613. Can't find dtb node /reserved-memory/cma2_memory/reg
[2026/09/15 15:59:51] reinit_mem_info 1049  ddr_size 80000000
[2026/09/15 15:59:51] booting, boot_led_type: 0x00000000, led on[1]
[2026/09/15 15:59:51] set share register: 0x99100000
[2026/09/15 15:59:51] boot_power_on_mode=1
[2026/09/15 15:59:51] [get_layout:1264]!
[2026/09/15 15:59:51] boot_part value = 0 boot_tag value = 21
[2026/09/15 15:59:51] [get_oemkey] 1397: get oem.key = ATV00107525
[2026/09/15 15:59:51] Factory_RO: [EXT4] factory_ro_buffer:0a800000, factory_ro_buffer size:0x1000000!
[2026/09/15 15:59:51] Partiton factory_ro_a located at 0:6
[2026/09/15 15:59:51] factory_ro_a partition can not find /.000@bk@***!
[2026/09/15 15:59:51] Factory RO no need recovery!
[2026/09/15 15:59:51] Get tvconfigs_a partition block device index fail!
[2026/09/15 15:59:51] read customer.ini file fail!
[2026/09/15 15:59:51] parse SYS_INI path fail
[2026/09/15 15:59:51] Not support board ini mechansim!
[2026/09/15 15:59:51] Get tvconfigs_a partition block device index fail!
[2026/09/15 15:59:51] read customer.ini file fail!
[2026/09/15 15:59:51] parse SYS_INI path fail
[2026/09/15 15:59:51] load model ini file fail
[2026/09/15 15:59:51] cannot find PcbPath from ini file
[2026/09/15 15:59:51] no pcb.config in tvconfigs
[2026/09/15 15:59:51] no mnt/vendor/factorypcb.config
[2026/09/15 15:59:53] delay:342
[2026/09/15 15:59:54] Vwait V1go
[2026/09/15 15:59:54] Vwait V2go
[2026/09/15 15:59:54] DEMOD BISR check Pass and disable demod CLK!!
[2026/09/15 15:59:54] [0;31mboard_version=0 sz=18M[0m
[2026/09/15 15:59:54] ATF:0 1 NOTICE: atf enter time:1181ms, current time:3991ms
[2026/09/15 15:59:54] ATF:0 1 NOTICE: 1st boot elapsed 3997ms
[2026/09/15 15:59:57] console:/ $
[2026/09/15 16:00:05] factory auto test loop start
[2026/09/15 16:00:05]  
[2026/09/15 16:00:15] 发送(hex): aa061001a7ef
[2026/09/15 16:00:15] «
[2026/09/15 16:00:15] ßN
[2026/09/15 16:00:17] 发送(hex): aa09700000000092eb
[2026/09/15 16:00:17] «
[2026/09/15 16:00:17] ßN
[2026/09/15 16:00:27] 发送(hex): aa06840063e1
[2026/09/15 16:00:27] «
[2026/09/15 16:00:27] ßN« &d
[2026/09/15 16:00:31] $
[2026/09/15 16:00:31] Post romcode git ver:42df88
[2026/09/15 16:00:31] 0604ac78a3 (Aug 28 2026 21:41:35)
[2026/09/15 16:00:31] $
[2026/09/15 16:00:31] Hello world, RTD2875P_CN2_TV030!
[2026/09/15 16:00:31] set_wifi_reset
[2026/09/15 16:00:31] Auxcode git ver:3a4deb9ea300359e (Aug 28 2026 21:41:29)
[2026/09/15 16:00:31] flash_type = 2, secure_type = 2
[2026/09/15 16:00:31] b8062204=0
[2026/09/15 16:00:31] slot info 0 0x0 info 1 0x0
[2026/09/15 16:00:31] invalid reg slot status 0x0,get slot info from flash!
[2026/09/15 16:00:31] g_gpt_blk_start 0x1  g_offline_gpt 0x0 last_usable_lba 0x1cd2032 num_partition_entries 0x32
[2026/09/15 16:00:31] start 0x2e600000 clt_blk 0x1973004 ctrl size 0x20
[2026/09/15 16:00:31] choose active index 0
[2026/09/15 16:00:31] part name bootloader ative_slot _a real part name bootloader_a
[2026/09/15 16:00:31] part name hwsetting start 0x100000 size 0x33600
[2026/09/15 16:00:31] part name ext_fw start 0x133600 size 0x10400
[2026/09/15 16:00:31] part name kboot start 0x143a00 size 0x16e00
[2026/09/15 16:00:31] part name uboot start 0x15a800 size 0x120400
[2026/09/15 16:00:31] ls4 2 1 = 800040aa 8000207f 80001000
[2026/09/15 16:00:31] fNewHWsettingArch = 2
[2026/09/15 16:00:31] 1.lsadcidx = 2, brand =3, offset = 0
[2026/09/15 16:00:31] 1.lsadcidx = 2, brand =3, offset = 17800
[2026/09/15 16:00:31] hwsetting from mmc
[2026/09/15 16:00:31] AC on HW offset 0x809 start 0x800 reg 0x8090800
[2026/09/15 16:00:31] total = 2f00
[2026/09/15 16:00:31] A
[2026/09/15 16:00:31] A
[2026/09/15 16:00:31] A
[2026/09/15 16:00:31] A
[2026/09/15 16:00:31] A
[2026/09/15 16:00:31] {12 14}
[2026/09/15 16:00:31] ffeeddffeeddddr ver: 62c63180
[2026/09/15 16:00:31] ori DQS0~7 {03 04 1a 1c 00 01 00 00}
[2026/09/15 16:00:31] {01 03 19 1b 00 01 00 00} {08 09 06 09 06 06 00 00}
[2026/09/15 16:00:31] r.y.0
[2026/09/15 16:00:31] r.y.0 SCPU BISR status: Done
[2026/09/15 16:00:31] [go kb]
[2026/09/15 16:00:31] pass bootcode info to kboot
[2026/09/15 16:00:31] num=1100
[2026/09/15 16:00:31] boot_magic=0Í
[2026/09/15 16:00:31] ---DEBUG kboot 21:41:14 Aug 28 2026 ---
[2026/09/15 16:00:31] [Kboot]eMMC(mid-15) MMC_HS50 (50000000Mhz)[8bit].
[2026/09/15 16:00:31] block info 0x1cd2032 0x3a3e000.
[2026/09/15 16:00:31] [MMC] 32 -----------> 16GB.
[2026/09/15 16:00:31] (00000000) (0) bufsize=(null)
[2026/09/15 16:00:31] uboot start 0x15a800 size 0x120400
[2026/09/15 16:00:31] board_versi
[2026/09/15 16:00:31] on: ls1 = 0, ver: 0
[2026/09/15 16:00:31] [0;31mapp_main 325 board_version=0[0m
[2026/09/15 16:00:31] get FW_TZFW flash start 0xf100200 ddr buf start 0x180000 image size 010c2e3 ok!
[2026/09/15 16:00:31] [INFO]RPMB auth key not written !
[2026/09/15 16:00:31] [INFO]RPMB auth key not written !
[2026/09/15 16:00:31] Current board is not frist boot.
[2026/09/15 16:00:31] ALL zero, reserved_3 has removed.
[2026/09/15 16:00:31] Current board remove reserved_3 done.
[2026/09/15 16:00:31] get FW_VKERNEL flash start
[2026/09/15 16:00:31] 0xc100200 ddr buf start 0x1a900000 image size 05f0300 ok!
[2026/09/15 16:00:31] get FW_VKERNEL2 flash start 0xd900200 ddr buf start 0x1af00000 image size 0f4920 ok!
[2026/09/15 16:00:32] get FW_AKERNEL flash start 0xa900200 ddr buf start 0x1b200000 image size 07fbf7c ok!
[2026/09/15 16:00:32] ATFATFATF:0 1 NOTICE: kill CPU(2)...
[2026/09/15 16:00:32] ATF:0 1 NOTICE: kill (2) : PACTIVE:0
[2026/09/15 16:00:32] ATF:0 1 NOTICE:  CPU(2) kill done, pstate(0x0)
[2026/09/15 16:00:32] U
[2026/09/15 16:00:32] fixup_node_name 555. set /reserved-memory@5 to /reserved-memory
[2026/09/15 16:00:32] fixup_node_name 555. set /rtk_cma@5 to /rtk_cma
[2026/09/15 16:00:32] ### [1;31mERROR[0m ### get_movablecore 613. Can't find dtb node /reserved-memory/cma2_memory/reg
[2026/09/15 16:00:32] reinit_mem_info 1049  ddr_size 80000000
[2026/09/15 16:00:32] booting, boot_led_type: 0x00000000, led on[1]
[2026/09/15 16:00:32] set share register: 0x99100000
[2026/09/15 16:00:32] boot_power_on_mode=1
[2026/09/15 16:00:32] [get_layout:1264]!
[2026/09/15 16:00:32] boot_part value = 0 boot_tag value = 21
[2026/09/15 16:00:32] [get_oemkey] 1397: get oem.key = ATV00107525
[2026/09/15 16:00:32] Factory_RO: [EXT4] factory_ro_buffer:0a800000, factory_ro_buffer size:0x1000000!
[2026/09/15 16:00:32] Partiton factory_ro_a located at 0:6
[2026/09/15 16:00:32] factory_ro_a partition can not find /.000@bk@***!
[2026/09/15 16:00:32] Factory RO no need recovery!
[2026/09/15 16:00:32] Get tvconfigs_a partition block device index fail!
[2026/09/15 16:00:32] read customer.ini file fail!
[2026/09/15 16:00:32] parse SYS_INI path fail
[2026/09/15 16:00:32] Not support board ini mechansim!
[2026/09/15 16:00:32] Get tvconfigs_a partition block device index fail!
[2026/09/15 16:00:32] read customer.ini file fail!
[2026/09/15 16:00:32] parse SYS_INI path fail
[2026/09/15 16:00:32] load model ini file fail
[2026/09/15 16:00:32] cannot find PcbPath from ini file
[2026/09/15 16:00:32] no pcb.config in tvconfigs
[2026/09/15 16:00:32] no mnt/vendor/factorypcb.config
[2026/09/15 16:00:34] delay:342
[2026/09/15 16:00:35] Vwait V1go
[2026/09/15 16:00:35] Vwait V2go
[2026/09/15 16:00:35] DEMOD BISR check Pass and disable demod CLK!!
[2026/09/15 16:00:35] [0;31mboard_version=0 sz=18M[0m
[2026/09/15 16:00:35] ATF:0 1 NOTICE: atf enter time:1185ms, current time:4014ms
[2026/09/15 16:00:35] ATF:0 1 NOTICE: 1st boot elapsed 4020ms
[2026/09/15 16:00:38] console:/ $
[2026/09/15 16:00:45] factory auto test loop start
[2026/09/15 16:00:45]  
[2026/09/15 16:00:55] 发送(hex): aa061001a7ef
[2026/09/15 16:00:56] «
[2026/09/15 16:00:56] ßN
[2026/09/15 16:00:57] 发送(hex): aa06110194de
[2026/09/15 16:00:57] «
[2026/09/15 16:00:57] ßN
[2026/09/15 16:01:17] 发送(hex): aa06840063e1
[2026/09/15 16:01:17] «
[2026/09/15 16:01:17] ßN«! cÇ
[2026/09/15 16:01:21] $
[2026/09/15 16:01:21] Post romcode git v
[2026/09/15 16:01:21] er:42df880604ac78a3 (Aug 28 2026 21:41:35)
[2026/09/15 16:01:21] $
[2026/09/15 16:01:21] Hello world, RTD2875P_CN2_TV030!
[2026/09/15 16:01:21] set_wifi_reset
[2026/09/15 16:01:21] Auxcode git ver:3a4deb9ea300359e (Aug 28 2026 21:41:29)
[2026/09/15 16:01:21] flash_type = 2, secure_type = 2
[2026/09/15 16:01:21] b8062204=0
[2026/09/15 16:01:21] slot info 0 0x0 info 1 0x0
[2026/09/15 16:01:21] invalid reg slot status 0x0,get slot info from flash!
[2026/09/15 16:01:21] g_gpt_blk_start 0x1  g_offline_gpt 0x0 last_usable_lba 0x1cd2032 num_partition_entries 0x32
[2026/09/15 16:01:21] start 0x2e600000 clt_blk 0x1973004 ctrl size 0x20
[2026/09/15 16:01:21] choose active index 0
[2026/09/15 16:01:21] part name bootloader ative_slot _a real part name bootloader_a
[2026/09/15 16:01:21] part name hwsetting start 0x100000 size 0x33600
[2026/09/15 16:01:21] part name ext_fw start 0x133600 size 0x10400
[2026/09/15 16:01:21] part name kboot start 0x143a00 size 0x16e00
[2026/09/15 16:01:21] part name uboot start 0x15a800 size 0x120400
[2026/09/15 16:01:21] ls4 2 1 = 800040aa 8000207f 80001000
[2026/09/15 16:01:21] fNewHWsettingArch = 2
[2026/09/15 16:01:21] 1.lsadcidx = 2, brand =3, offset = 0
[2026/09/15 16:01:21] 1.lsadcidx = 2, brand =3, offset = 17800
[2026/09/15 16:01:21] hwsetting from mmc
[2026/09/15 16:01:21] AC on HW offset 0x809 start 0x800 reg 0x8090800
[2026/09/15 16:01:21] total = 2f00
[2026/09/15 16:01:21] A
[2026/09/15 16:01:21] A
[2026/09/15 16:01:21] A
[2026/09/15 16:01:21] A
[2026/09/15 16:01:21] A
[2026/09/15 16:01:21] {12 14}
[2026/09/15 16:01:21] ffeeddffeeddddr ver: 62c63180
[2026/09/15 16:01:21] ori DQS0~7 {03 04 1a 1c 00 01 00 00}
[2026/09/15 16:01:21] {01 03 19 1b 00 01 00 00} {0a 09 06 09 06 05 00 00}
[2026/09/15 16:01:21] r.y.0
[2026/09/15 16:01:21] r.y.0 SCPU BISR status: Done
[2026/09/15 16:01:21] [g
[2026/09/15 16:01:21] o kb]
[2026/09/15 16:01:21] pass bootcode info to kboot
[2026/09/15 16:01:21] num=1100
[2026/09/15 16:01:21] boot_magic=0Í
[2026/09/15 16:01:21] ---DEBUG kboot 21:41:14 Aug 28 2026 ---
[2026/09/15 16:01:21] [Kboot]eMMC(mid-15) MMC_HS50 (50000000Mhz)[8bit].
[2026/09/15 16:01:21] block info 0x1cd2032 0x3a3e000.
[2026/09/15 16:01:21] [MMC] 32 -----------> 16GB.
[2026/09/15 16:01:21] (00000000) (0) bufsize=(null)
[2026/09/15 16:01:21] uboot start 0x15a800 size 0x1
[2026/09/15 16:01:22] 20400
[2026/09/15 16:01:22] boar
[2026/09/15 16:01:22] d_version: ls1 = 0, ver: 0
[2026/09/15 16:01:22] [0;31mapp_main 325 board_version=0[0m
[2026/09/15 16:01:22] get FW_TZFW flash start 0xf100200 ddr buf start 0x180000 image size 010c2e3 ok!
[2026/09/15 16:01:22] [INFO]RPMB auth key not written !
[2026/09/15 16:01:22] [INFO]RPMB auth key not written !
[2026/09/15 16:01:22] Current board is not frist boot.
[2026/09/15 16:01:22] ALL zero, reserved_3 has removed.
[2026/09/15 16:01:22] Current board remove reserved_3 done.
[2026/09/15 16:01:22] get FW_VKERNEL flash st
[2026/09/15 16:01:22] art 0xc100200 ddr buf start 0x1a900000 image size 05f0300 ok!
[2026/09/15 16:01:22] get FW_VKERNEL2 flash start 0xd900200 ddr buf start 0x1af00000 image size 0f4920 ok!
[2026/09/15 16:01:22] get FW_AKERNEL flash start 0xa900200 ddr buf start 0x1b200000 image size 07fbf7c ok!
[2026/09/15 16:01:22] ATFATFATF:0 1 NOTICE: kill CPU(2)...
[2026/09/15 16:01:22] ATF:0 1 NOTICE: kill (2) : PACTIVE:0
[2026/09/15 16:01:22] ATF:0 1 NOTICE:  CPU(2) kill done, pstate(0x0)
[2026/09/15 16:01:22] U
[2026/09/15 16:01:22] fixup_node_name 555. set /reserved-memory@5 to /reserved-memory
[2026/09/15 16:01:22] fixup_node_name 555. set /rtk_cma@5 to /rtk_cma
[2026/09/15 16:01:22] ### [1;31mERROR[0m ### get_movablecore 613. Can't find dtb node /reserved-memory/cma2_memory/reg
[2026/09/15 16:01:22] reinit_mem_info 1049  ddr_size 80000000
[2026/09/15 16:01:22] booting, boot_led_type: 0x00000000, led on[1]
[2026/09/15 16:01:22] set share register: 0x99100000
[2026/09/15 16:01:22] boot_power_on_mode=1
[2026/09/15 16:01:22] [get_layout:1264]!
[2026/09/15 16:01:23] boot_part value = 0 boot_tag value = 21
[2026/09/15 16:01:23] [get_oemkey] 1397: get oem.key = ATV00107525
[2026/09/15 16:01:23] Factory_RO: [EXT4] factory_ro_buffer:0a800000, factory_ro_buffer size:0x1000000!
[2026/09/15 16:01:23] Partiton factory_ro_a located at 0:6
[2026/09/15 16:01:23] factory_ro_a partition can not find /.000@bk@***!
[2026/09/15 16:01:23] Factory RO no need recovery!
[2026/09/15 16:01:23] Get tvconfigs_a partition block device index fail!
[2026/09/15 16:01:23] read customer.ini file fail!
[2026/09/15 16:01:23] parse SYS_INI path fail
[2026/09/15 16:01:23] Not support board ini mechansim!
[2026/09/15 16:01:23] Get tvconfigs_a partition block device index fail!
[2026/09/15 16:01:23] read customer.ini file fail!
[2026/09/15 16:01:23] parse SYS_INI path fail
[2026/09/15 16:01:23] load model ini file fail
[2026/09/15 16:01:23] cannot find PcbPath from ini file
[2026/09/15 16:01:23] no pcb.config in tvconfigs
[2026/09/15 16:01:23] no mnt/vendor/factorypcb.config
[2026/09/15 16:01:24] delay:342
[2026/09/15 16:01:25] Vwait V1go
[2026/09/15 16:01:25] Vwait V2go
[2026/09/15 16:01:25] DEMOD BISR check Pass and disable demod CLK!!
[2026/09/15 16:01:25] [0;31mboa
[2026/09/15 16:01:25] rd_version=0 sz=18M[0m
[2026/09/15 16:01:25] ATF:0 1 NOTICE: atf enter time:1186ms, current time:4016ms
[2026/09/15 16:01:25] ATF:0 1 NOTICE: 1st boot elapsed 4022ms
[2026/09/15 16:01:28] console:/ $
[2026/09/15 16:01:36] factory auto test loop start
[2026/09/15 16:01:36]  
[2026/09/15 16:02:17] 发送(hex): aa061001a7ef
[2026/09/15 16:02:17] «
[2026/09/15 16:02:17] ßN
[2026/09/15 16:02:19] 发送(hex): aa06110194de
[2026/09/15 16:02:19] «
[2026/09/15 16:02:19] ßN
[2026/09/15 16:02:38] 发送(hex): aa06840063e1
[2026/09/15 16:02:38] «
[2026/09/15 16:02:38] ßN«B =¾
[2026/09/15 16:02:42] $
[2026/09/15 16:02:42] Post romcode git ver:42df880604ac78a3 (Aug 2
[2026/09/15 16:02:42] 8 2026 21:41:35)
[2026/09/15 16:02:42] $
[2026/09/15 16:02:42] Hello world, RTD2875P_CN2_TV030!
[2026/09/15 16:02:42] set_wifi_reset
[2026/09/15 16:02:42] Auxcode git ver:3a4deb9ea300359e (Aug 28 2026 21:41:29)
[2026/09/15 16:02:42] flash_type = 2, secure_type = 2
[2026/09/15 16:02:42] b8062204=0
[2026/09/15 16:02:42] slot info 0 0x0 info 1 0x0
[2026/09/15 16:02:42] invalid re
[2026/09/15 16:02:42] g slot status 0x0,get slot info from flash!
[2026/09/15 16:02:42] g_gpt_blk_start 0x1  g_offline_gpt 0x0 last_usable_lba 0x1cd2032 num_partition_entries 0x32
[2026/09/15 16:02:42] start 0x2e600000 clt_blk 0x1973004 ctrl size 0x20
[2026/09/15 16:02:42] choose active index 0
[2026/09/15 16:02:42] part name bootloader ative_slot _a real part name bootloader_a
[2026/09/15 16:02:42] part name hwsetting start 0x100000 size 0x33600
[2026/09/15 16:02:42] part name ext_fw start 0x133600 size 0x10400
[2026/09/15 16:02:42] part name kboot start 0x143a00 size 0x16e00
[2026/09/15 16:02:42] part name uboot start 0x15a800 size 0x120400
[2026/09/15 16:02:42] ls4 2 1 = 800040aa 8000207f 80001000
[2026/09/15 16:02:42] fNewHWsettingArch = 2
[2026/09/15 16:02:42] 1.lsadcidx = 2, brand =3, offset = 0
[2026/09/15 16:02:42] 1.lsadcidx = 2, brand =3, offset = 17800
[2026/09/15 16:02:42] hwsetting from mmc
[2026/09/15 16:02:42] AC on HW offset 0x809 start 0x800 reg 0x8090800
[2026/09/15 16:02:42] total = 2f00
[2026/09/15 16:02:42] A
[2026/09/15 16:02:42] A
[2026/09/15 16:02:42] A
[2026/09/15 16:02:42] A
[2026/09/15 16:02:42] A
[2026/09/15 16:02:42] {12 14}
[2026/09/15 16:02:42] ffeeddffeeddddr ver: 62c
[2026/09/15 16:02:42] 63180
[2026/09/15 16:02:42] ori DQS0~7 {03 04 1a 1c 00 01 00 00}
[2026/09/15 16:02:42] {01 03 19 1b 00 01 00 00} {09 09 06 09 06 05 00 00}
[2026/09/15 16:02:42] r.y.0 r.y.0 SCPU BISR status: Done
[2026/09/15 16:02:42] [go kb]
[2026/09/15 16:02:42] pass bootcode info to kboot
[2026/09/15 16:02:42] num=1100
[2026/09/15 16:02:42] boot_magic=0Í
[2026/09/15 16:02:42] ---DEBUG kboot 21:41:14 Aug 28 2026 ---
[2026/09/15 16:02:42] [Kboot]eMMC(mid-15) MMC_HS50 (50000000Mhz)[8bit].
[2026/09/15 16:02:42] block info 0x1cd2032 0x3a3e000.
[2026/09/15 16:02:42] [MMC] 32 -----------> 16GB.
[2026/09/15 16:02:42] (00000000) (0) bufsize=(null)
[2026/09/15 16:02:42] uboot start 0x15a800
[2026/09/15 16:02:42] size 0x120400
[2026/09/15 16:02:42] board_version: ls1 = 0, ver: 0
[2026/09/15 16:02:42] [0;31mapp_main 325 board_version=0[0m
[2026/09/15 16:02:42] get FW_TZFW flash start 0xf100200 ddr buf start 0x180000 image size 010c2e3 ok!
[2026/09/15 16:02:42] [INFO]RPMB auth key not written !
[2026/09/15 16:02:42] [INFO]RPMB auth key not written !
[2026/09/15 16:02:42] Current board is not frist boot.
[2026/09/15 16:02:42] ALL zero, reserved_3 has removed.
[2026/09/15 16:02:42] Current board remove reserved_3 done.
[2026/09/15 16:02:43] get FW_VKERNEL flash s
[2026/09/15 16:02:43] tart 0xc100200 ddr buf start 0x1a900000 image size 05f0300 ok!
[2026/09/15 16:02:43] get FW_VKERNEL2 flash start 0xd900200 ddr buf start 0x1af00000 image size 0f4920 ok!
[2026/09/15 16:02:43] get FW_AKERNEL flash start 0xa900200 ddr buf start 0x1b200000 image size 07fbf7c ok!
[2026/09/15 16:02:43] ATFATFATF:0 1 NOTICE: kill CPU(2)...
[2026/09/15 16:02:43] ATF:0 1 NOTICE: kill (2) : PACTIVE:0
[2026/09/15 16:02:43] ATF:0 1 NOTICE:  CPU(2) kill done, pstate(0x0)
[2026/09/15 16:02:43] U
[2026/09/15 16:02:43] fixup_node_name 555. set /reserved-memory@5 to /reserved-memory
[2026/09/15 16:02:43] fixup_node_name 555. set /rtk_cma@5 to /rtk_cma
[2026/09/15 16:02:43] ### [1;31mERROR[0m ### get_movablecore 613. Can't find dtb node /reserved-memory/cma2_memory/reg
[2026/09/15 16:02:43] reinit_mem_info 1049  ddr_size 80000000
[2026/09/15 16:02:43] booting, boot_led_type: 0x00000000, led on[1]
[2026/09/15 16:02:43] set share register: 0x99100000
[2026/09/15 16:02:43] boot_power_on_mode=1
[2026/09/15 16:02:43] [get_layout:1264]!
[2026/09/15 16:02:43] boot_part value = 0 boot_tag value = 21
[2026/09/15 16:02:43] [get_oemkey] 1397: get oem.key = ATV00107525
[2026/09/15 16:02:43] Factory_RO: [EXT4] factory_ro_buffer:0a800000, factory_ro_buffer size:0x1000000!
[2026/09/15 16:02:43] Partiton factory_ro_a located at 0:6
[2026/09/15 16:02:43] factory_ro_a partition can not find /.000@bk@***!
[2026/09/15 16:02:43] Factory RO no need recovery!
[2026/09/15 16:02:43] Get tvconfigs_a partition block device index fail!
[2026/09/15 16:02:43] read customer.ini file fail!
[2026/09/15 16:02:43] parse SYS_INI path fail
[2026/09/15 16:02:43] Not support board ini mechansim!
[2026/09/15 16:02:43] Get tvconfigs_a partition block device index fail!
[2026/09/15 16:02:43] read customer.ini file fail!
[2026/09/15 16:02:43] parse SYS_INI path fail
[2026/09/15 16:02:43] load model ini file fail
[2026/09/15 16:02:43] cannot find PcbPath from ini file
[2026/09/15 16:02:43] no pcb.config in tvconfigs
[2026/09/15 16:02:43] no mnt/vendor/factorypcb.config
[2026/09/15 16:02:45] delay:342
[2026/09/15 16:02:46] Vwait V1go
[2026/09/15 16:02:46] Vwait V2go
[2026/09/15 16:02:46] DEMOD BISR check Pass and disable demod CLK!!
[2026/09/15 16:02:46] [0
[2026/09/15 16:02:46] ;31mboard_version=0 sz=18M[0m
[2026/09/15 16:02:46] ATF:0 1 NOTICE: atf enter time:1184ms, current time:4014ms
[2026/09/15 16:02:46] ATF:0 1 NOTICE: 1st boot elapsed 4020ms
[2026/09/15 16:02:49] console:/ $
[2026/09/15 16:02:57] factory auto test loop start
[2026/09/15 16:02:57]  

[END] 2026/09/15 16:03:38
